Java HotSpot(TM) 64-Bit Server VM (25.65-b01) for bsd-amd64 JRE (1.8.0_65-b17), built on Oct  6 2015 15:36:46 by "java_re" with gcc 4.2.1 (Based on Apple Inc. build 5658) (LLVM build 2336.11.00)
Memory: 4k page, physical 4194304k(214292k free)

/proc/meminfo:

CommandLine flags: -XX:CMSInitiatingOccupancyFraction=50 -XX:CMSMaxAbortablePrecleanTime=6000 -XX:+CMSParallelRemarkEnabled -XX:+CMSScavengeBeforeRemark -XX:ConcGCThreads=4 -XX:InitialHeapSize=536870912 -XX:MaxHeapSize=536870912 -XX:MaxTenuringThreshold=8 -XX:NewRatio=3 -XX:OldPLABSize=16 -XX:OnOutOfMemoryError=/Users/renzo.verastegui/Desktop/solr-6.0.0/bin/oom_solr.sh 8983 /Users/renzo.verastegui/Desktop/solr-6.0.0/server/logs -XX:ParallelGCThreads=4 -XX:+ParallelRefProcEnabled -XX:PretenureSizeThreshold=67108864 -XX:+PrintGC -XX:+PrintGCApplicationStoppedTime -XX:+PrintGCDateStamps -XX:+PrintGCDetails -XX:+PrintGCTimeStamps -XX:+PrintHeapAtGC -XX:+PrintTenuringDistribution -XX:SurvivorRatio=4 -XX:TargetSurvivorRatio=90 -XX:ThreadStackSize=256 -XX:+UseCMSInitiatingOccupancyOnly -XX:+UseCompressedClassPointers -XX:+UseCompressedOops -XX:+UseConcMarkSweepGC -XX:+UseParNewGC 
2016-04-18T00:06:10.451-0100: 0.317: Total time for which application threads were stopped: 0.0001411 seconds, Stopping threads took: 0.0000256 seconds
2016-04-18T00:06:10.758-0100: 0.623: Total time for which application threads were stopped: 0.0002234 seconds, Stopping threads took: 0.0000470 seconds
2016-04-18T00:06:11.642-0100: 1.508: Total time for which application threads were stopped: 0.0002298 seconds, Stopping threads took: 0.0000219 seconds
2016-04-18T00:06:12.644-0100: 2.510: Total time for which application threads were stopped: 0.0001321 seconds, Stopping threads took: 0.0000333 seconds
2016-04-18T00:06:13.183-0100: 3.049: Total time for which application threads were stopped: 0.0002525 seconds, Stopping threads took: 0.0000444 seconds
2016-04-18T00:06:13.478-0100: 3.343: Total time for which application threads were stopped: 0.0006107 seconds, Stopping threads took: 0.0000471 seconds
2016-04-18T00:06:13.614-0100: 3.480: Total time for which application threads were stopped: 0.0002747 seconds, Stopping threads took: 0.0000448 seconds
2016-04-18T00:06:14.339-0100: 4.204: Total time for which application threads were stopped: 0.0005911 seconds, Stopping threads took: 0.0000533 seconds
2016-04-18T00:06:14.628-0100: 4.494: Total time for which application threads were stopped: 0.0003136 seconds, Stopping threads took: 0.0000447 seconds
2016-04-18T00:06:15.633-0100: 5.499: Total time for which application threads were stopped: 0.0001427 seconds, Stopping threads took: 0.0000335 seconds
2016-04-18T00:06:16.401-0100: 6.267: Total time for which application threads were stopped: 0.0003896 seconds, Stopping threads took: 0.0000246 seconds
2016-04-18T00:06:16.403-0100: 6.269: Total time for which application threads were stopped: 0.0003263 seconds, Stopping threads took: 0.0000223 seconds
2016-04-18T00:06:16.408-0100: 6.273: Total time for which application threads were stopped: 0.0003379 seconds, Stopping threads took: 0.0000275 seconds
2016-04-18T00:06:16.422-0100: 6.288: Total time for which application threads were stopped: 0.0005629 seconds, Stopping threads took: 0.0000277 seconds
2016-04-18T00:06:17.427-0100: 7.293: Total time for which application threads were stopped: 0.0002232 seconds, Stopping threads took: 0.0000457 seconds
2016-04-18T00:06:17.955-0100: 7.821: Total time for which application threads were stopped: 0.0002195 seconds, Stopping threads took: 0.0000535 seconds
2016-04-18T00:06:17.956-0100: 7.822: Total time for which application threads were stopped: 0.0006775 seconds, Stopping threads took: 0.0005894 seconds
2016-04-18T00:06:17.956-0100: 7.822: Total time for which application threads were stopped: 0.0000857 seconds, Stopping threads took: 0.0000313 seconds
2016-04-18T00:06:17.956-0100: 7.822: Total time for which application threads were stopped: 0.0000702 seconds, Stopping threads took: 0.0000097 seconds
2016-04-18T00:06:17.957-0100: 7.822: Total time for which application threads were stopped: 0.0000920 seconds, Stopping threads took: 0.0000378 seconds
2016-04-18T00:06:17.957-0100: 7.823: Total time for which application threads were stopped: 0.0000839 seconds, Stopping threads took: 0.0000294 seconds
2016-04-18T00:06:17.957-0100: 7.823: Total time for which application threads were stopped: 0.0000562 seconds, Stopping threads took: 0.0000072 seconds
2016-04-18T00:06:17.958-0100: 7.824: Total time for which application threads were stopped: 0.0007776 seconds, Stopping threads took: 0.0006907 seconds
2016-04-18T00:06:17.958-0100: 7.824: Total time for which application threads were stopped: 0.0000630 seconds, Stopping threads took: 0.0000112 seconds
2016-04-18T00:06:17.958-0100: 7.824: Total time for which application threads were stopped: 0.0000554 seconds, Stopping threads took: 0.0000072 seconds
2016-04-18T00:06:17.958-0100: 7.824: Total time for which application threads were stopped: 0.0000548 seconds, Stopping threads took: 0.0000069 seconds
2016-04-18T00:06:17.958-0100: 7.824: Total time for which application threads were stopped: 0.0000853 seconds, Stopping threads took: 0.0000319 seconds
2016-04-18T00:06:17.958-0100: 7.824: Total time for which application threads were stopped: 0.0000604 seconds, Stopping threads took: 0.0000081 seconds
2016-04-18T00:06:17.959-0100: 7.825: Total time for which application threads were stopped: 0.0007539 seconds, Stopping threads took: 0.0006562 seconds
2016-04-18T00:06:17.959-0100: 7.825: Total time for which application threads were stopped: 0.0000814 seconds, Stopping threads took: 0.0000106 seconds
2016-04-18T00:06:17.959-0100: 7.825: Total time for which application threads were stopped: 0.0000800 seconds, Stopping threads took: 0.0000080 seconds
2016-04-18T00:06:17.959-0100: 7.825: Total time for which application threads were stopped: 0.0000767 seconds, Stopping threads took: 0.0000070 seconds
2016-04-18T00:06:17.960-0100: 7.826: Total time for which application threads were stopped: 0.0000779 seconds, Stopping threads took: 0.0000071 seconds
2016-04-18T00:06:17.960-0100: 7.826: Total time for which application threads were stopped: 0.0000763 seconds, Stopping threads took: 0.0000074 seconds
2016-04-18T00:06:17.960-0100: 7.826: Total time for which application threads were stopped: 0.0000758 seconds, Stopping threads took: 0.0000068 seconds
2016-04-18T00:06:17.960-0100: 7.826: Total time for which application threads were stopped: 0.0001701 seconds, Stopping threads took: 0.0000071 seconds
2016-04-18T00:06:17.960-0100: 7.826: Total time for which application threads were stopped: 0.0001165 seconds, Stopping threads took: 0.0000365 seconds
2016-04-18T00:06:17.961-0100: 7.827: Total time for which application threads were stopped: 0.0006090 seconds, Stopping threads took: 0.0005324 seconds
2016-04-18T00:06:17.961-0100: 7.827: Total time for which application threads were stopped: 0.0000676 seconds, Stopping threads took: 0.0000095 seconds
2016-04-18T00:06:17.961-0100: 7.827: Total time for which application threads were stopped: 0.0001030 seconds, Stopping threads took: 0.0000410 seconds
2016-04-18T00:06:17.962-0100: 7.828: Total time for which application threads were stopped: 0.0001268 seconds, Stopping threads took: 0.0000669 seconds
2016-04-18T00:06:17.963-0100: 7.829: Total time for which application threads were stopped: 0.0007074 seconds, Stopping threads took: 0.0005002 seconds
2016-04-18T00:06:17.964-0100: 7.830: Total time for which application threads were stopped: 0.0001804 seconds, Stopping threads took: 0.0000343 seconds
2016-04-18T00:06:17.965-0100: 7.831: Total time for which application threads were stopped: 0.0001689 seconds, Stopping threads took: 0.0000172 seconds
2016-04-18T00:06:17.965-0100: 7.831: Total time for which application threads were stopped: 0.0000631 seconds, Stopping threads took: 0.0000076 seconds
2016-04-18T00:06:17.965-0100: 7.831: Total time for which application threads were stopped: 0.0000596 seconds, Stopping threads took: 0.0000073 seconds
2016-04-18T00:06:17.967-0100: 7.833: Total time for which application threads were stopped: 0.0013184 seconds, Stopping threads took: 0.0011597 seconds
2016-04-18T00:06:17.967-0100: 7.833: Total time for which application threads were stopped: 0.0000816 seconds, Stopping threads took: 0.0000134 seconds
2016-04-18T00:06:17.968-0100: 7.834: Total time for which application threads were stopped: 0.0001076 seconds, Stopping threads took: 0.0000377 seconds
2016-04-18T00:06:17.968-0100: 7.834: Total time for which application threads were stopped: 0.0001058 seconds, Stopping threads took: 0.0000321 seconds
2016-04-18T00:06:17.968-0100: 7.834: Total time for which application threads were stopped: 0.0000763 seconds, Stopping threads took: 0.0000077 seconds
2016-04-18T00:06:17.968-0100: 7.834: Total time for which application threads were stopped: 0.0001035 seconds, Stopping threads took: 0.0000466 seconds
2016-04-18T00:06:17.968-0100: 7.834: Total time for which application threads were stopped: 0.0000812 seconds, Stopping threads took: 0.0000266 seconds
2016-04-18T00:06:17.968-0100: 7.834: Total time for which application threads were stopped: 0.0000592 seconds, Stopping threads took: 0.0000078 seconds
2016-04-18T00:06:17.969-0100: 7.835: Total time for which application threads were stopped: 0.0000616 seconds, Stopping threads took: 0.0000082 seconds
2016-04-18T00:06:17.969-0100: 7.835: Total time for which application threads were stopped: 0.0000587 seconds, Stopping threads took: 0.0000077 seconds
2016-04-18T00:06:17.969-0100: 7.835: Total time for which application threads were stopped: 0.0000579 seconds, Stopping threads took: 0.0000076 seconds
2016-04-18T00:06:17.969-0100: 7.835: Total time for which application threads were stopped: 0.0000580 seconds, Stopping threads took: 0.0000076 seconds
2016-04-18T00:06:17.969-0100: 7.835: Total time for which application threads were stopped: 0.0000576 seconds, Stopping threads took: 0.0000074 seconds
2016-04-18T00:06:17.969-0100: 7.835: Total time for which application threads were stopped: 0.0000593 seconds, Stopping threads took: 0.0000077 seconds
2016-04-18T00:06:17.969-0100: 7.835: Total time for which application threads were stopped: 0.0000580 seconds, Stopping threads took: 0.0000077 seconds
2016-04-18T00:06:17.969-0100: 7.835: Total time for which application threads were stopped: 0.0000590 seconds, Stopping threads took: 0.0000077 seconds
2016-04-18T00:06:17.969-0100: 7.835: Total time for which application threads were stopped: 0.0000584 seconds, Stopping threads took: 0.0000076 seconds
2016-04-18T00:06:17.969-0100: 7.835: Total time for which application threads were stopped: 0.0000580 seconds, Stopping threads took: 0.0000076 seconds
2016-04-18T00:06:17.970-0100: 7.836: Total time for which application threads were stopped: 0.0000581 seconds, Stopping threads took: 0.0000076 seconds
2016-04-18T00:06:17.970-0100: 7.836: Total time for which application threads were stopped: 0.0000580 seconds, Stopping threads took: 0.0000076 seconds
2016-04-18T00:06:17.970-0100: 7.836: Total time for which application threads were stopped: 0.0000580 seconds, Stopping threads took: 0.0000076 seconds
2016-04-18T00:06:17.970-0100: 7.836: Total time for which application threads were stopped: 0.0000579 seconds, Stopping threads took: 0.0000076 seconds
2016-04-18T00:06:17.970-0100: 7.836: Total time for which application threads were stopped: 0.0002115 seconds, Stopping threads took: 0.0000261 seconds
2016-04-18T00:06:17.971-0100: 7.837: Total time for which application threads were stopped: 0.0001394 seconds, Stopping threads took: 0.0000404 seconds
2016-04-18T00:06:18.000-0100: 7.866: Total time for which application threads were stopped: 0.0002167 seconds, Stopping threads took: 0.0000369 seconds
2016-04-18T00:06:18.001-0100: 7.867: Total time for which application threads were stopped: 0.0001527 seconds, Stopping threads took: 0.0000271 seconds
2016-04-18T00:06:18.002-0100: 7.868: Total time for which application threads were stopped: 0.0001035 seconds, Stopping threads took: 0.0000118 seconds
2016-04-18T00:06:18.002-0100: 7.868: Total time for which application threads were stopped: 0.0001197 seconds, Stopping threads took: 0.0000430 seconds
2016-04-18T00:06:18.002-0100: 7.868: Total time for which application threads were stopped: 0.0000996 seconds, Stopping threads took: 0.0000258 seconds
2016-04-18T00:06:18.002-0100: 7.868: Total time for which application threads were stopped: 0.0000774 seconds, Stopping threads took: 0.0000084 seconds
2016-04-18T00:06:18.002-0100: 7.868: Total time for which application threads were stopped: 0.0000935 seconds, Stopping threads took: 0.0000244 seconds
2016-04-18T00:06:18.005-0100: 7.871: Total time for which application threads were stopped: 0.0001987 seconds, Stopping threads took: 0.0000709 seconds
2016-04-18T00:06:18.011-0100: 7.877: Total time for which application threads were stopped: 0.0002153 seconds, Stopping threads took: 0.0000336 seconds
2016-04-18T00:06:18.013-0100: 7.879: Total time for which application threads were stopped: 0.0001687 seconds, Stopping threads took: 0.0000352 seconds
2016-04-18T00:06:18.013-0100: 7.879: Total time for which application threads were stopped: 0.0003211 seconds, Stopping threads took: 0.0000212 seconds
2016-04-18T00:06:18.103-0100: 7.969: Total time for which application threads were stopped: 0.0001244 seconds, Stopping threads took: 0.0000265 seconds
2016-04-18T00:06:18.128-0100: 7.994: Total time for which application threads were stopped: 0.0007076 seconds, Stopping threads took: 0.0003478 seconds
2016-04-18T00:06:18.243-0100: 8.109: Total time for which application threads were stopped: 0.0002376 seconds, Stopping threads took: 0.0000471 seconds
2016-04-18T00:06:18.267-0100: 8.133: Total time for which application threads were stopped: 0.0003235 seconds, Stopping threads took: 0.0001964 seconds
2016-04-18T00:06:18.267-0100: 8.133: Total time for which application threads were stopped: 0.0000822 seconds, Stopping threads took: 0.0000103 seconds
2016-04-18T00:06:18.267-0100: 8.133: Total time for which application threads were stopped: 0.0000792 seconds, Stopping threads took: 0.0000078 seconds
2016-04-18T00:06:18.405-0100: 8.271: Total time for which application threads were stopped: 0.0040448 seconds, Stopping threads took: 0.0038727 seconds
2016-04-18T00:06:18.421-0100: 8.287: Total time for which application threads were stopped: 0.0107546 seconds, Stopping threads took: 0.0106276 seconds
2016-04-18T00:06:18.436-0100: 8.302: Total time for which application threads were stopped: 0.0107566 seconds, Stopping threads took: 0.0106102 seconds
2016-04-18T00:06:18.437-0100: 8.303: Total time for which application threads were stopped: 0.0001073 seconds, Stopping threads took: 0.0000371 seconds
2016-04-18T00:06:18.452-0100: 8.318: Total time for which application threads were stopped: 0.0001936 seconds, Stopping threads took: 0.0000499 seconds
2016-04-18T00:06:18.454-0100: 8.320: Total time for which application threads were stopped: 0.0002036 seconds, Stopping threads took: 0.0000358 seconds
2016-04-18T00:06:18.454-0100: 8.320: Total time for which application threads were stopped: 0.0001007 seconds, Stopping threads took: 0.0000287 seconds
2016-04-18T00:06:18.454-0100: 8.320: Total time for which application threads were stopped: 0.0001409 seconds, Stopping threads took: 0.0000260 seconds
2016-04-18T00:06:18.479-0100: 8.345: Total time for which application threads were stopped: 0.0001853 seconds, Stopping threads took: 0.0000517 seconds
2016-04-18T00:06:18.485-0100: 8.351: Total time for which application threads were stopped: 0.0001882 seconds, Stopping threads took: 0.0000781 seconds
2016-04-18T00:06:18.492-0100: 8.358: Total time for which application threads were stopped: 0.0001980 seconds, Stopping threads took: 0.0000595 seconds
2016-04-18T00:06:18.508-0100: 8.374: Total time for which application threads were stopped: 0.0001743 seconds, Stopping threads took: 0.0000510 seconds
2016-04-18T00:06:18.508-0100: 8.374: Total time for which application threads were stopped: 0.0000780 seconds, Stopping threads took: 0.0000095 seconds
2016-04-18T00:06:18.547-0100: 8.413: Total time for which application threads were stopped: 0.0003436 seconds, Stopping threads took: 0.0000315 seconds
2016-04-18T00:06:18.547-0100: 8.413: Total time for which application threads were stopped: 0.0000902 seconds, Stopping threads took: 0.0000156 seconds
2016-04-18T00:06:18.548-0100: 8.414: Total time for which application threads were stopped: 0.0008439 seconds, Stopping threads took: 0.0007774 seconds
2016-04-18T00:06:18.549-0100: 8.415: Total time for which application threads were stopped: 0.0000949 seconds, Stopping threads took: 0.0000273 seconds
2016-04-18T00:06:18.549-0100: 8.415: Total time for which application threads were stopped: 0.0000569 seconds, Stopping threads took: 0.0000078 seconds
2016-04-18T00:06:18.553-0100: 8.419: Total time for which application threads were stopped: 0.0003543 seconds, Stopping threads took: 0.0002237 seconds
2016-04-18T00:06:18.553-0100: 8.419: Total time for which application threads were stopped: 0.0001051 seconds, Stopping threads took: 0.0000456 seconds
2016-04-18T00:06:18.570-0100: 8.436: Total time for which application threads were stopped: 0.0002110 seconds, Stopping threads took: 0.0001139 seconds
2016-04-18T00:06:18.572-0100: 8.438: Total time for which application threads were stopped: 0.0006864 seconds, Stopping threads took: 0.0005548 seconds
2016-04-18T00:06:18.589-0100: 8.455: Total time for which application threads were stopped: 0.0005057 seconds, Stopping threads took: 0.0003975 seconds
2016-04-18T00:06:18.590-0100: 8.456: Total time for which application threads were stopped: 0.0000590 seconds, Stopping threads took: 0.0000098 seconds
2016-04-18T00:06:18.602-0100: 8.468: Total time for which application threads were stopped: 0.0000939 seconds, Stopping threads took: 0.0000249 seconds
2016-04-18T00:06:18.608-0100: 8.474: Total time for which application threads were stopped: 0.0001558 seconds, Stopping threads took: 0.0000289 seconds
2016-04-18T00:06:18.638-0100: 8.504: Total time for which application threads were stopped: 0.0001536 seconds, Stopping threads took: 0.0000468 seconds
2016-04-18T00:06:18.638-0100: 8.504: Total time for which application threads were stopped: 0.0000655 seconds, Stopping threads took: 0.0000092 seconds
2016-04-18T00:06:18.639-0100: 8.505: Total time for which application threads were stopped: 0.0001133 seconds, Stopping threads took: 0.0000416 seconds
2016-04-18T00:06:18.639-0100: 8.505: Total time for which application threads were stopped: 0.0001148 seconds, Stopping threads took: 0.0000289 seconds
2016-04-18T00:06:18.640-0100: 8.505: Total time for which application threads were stopped: 0.0001067 seconds, Stopping threads took: 0.0000333 seconds
2016-04-18T00:06:18.640-0100: 8.506: Total time for which application threads were stopped: 0.0001064 seconds, Stopping threads took: 0.0000275 seconds
2016-04-18T00:06:18.642-0100: 8.507: Total time for which application threads were stopped: 0.0001091 seconds, Stopping threads took: 0.0000288 seconds
2016-04-18T00:06:18.649-0100: 8.515: Total time for which application threads were stopped: 0.0001097 seconds, Stopping threads took: 0.0000295 seconds
2016-04-18T00:06:18.649-0100: 8.515: Total time for which application threads were stopped: 0.0000501 seconds, Stopping threads took: 0.0000085 seconds
2016-04-18T00:06:18.652-0100: 8.518: Total time for which application threads were stopped: 0.0001586 seconds, Stopping threads took: 0.0000692 seconds
2016-04-18T00:06:18.666-0100: 8.532: Total time for which application threads were stopped: 0.0001406 seconds, Stopping threads took: 0.0000588 seconds
2016-04-18T00:06:18.667-0100: 8.533: Total time for which application threads were stopped: 0.0002363 seconds, Stopping threads took: 0.0000334 seconds
2016-04-18T00:06:18.673-0100: 8.539: Total time for which application threads were stopped: 0.0016922 seconds, Stopping threads took: 0.0015768 seconds
2016-04-18T00:06:18.674-0100: 8.539: Total time for which application threads were stopped: 0.0001124 seconds, Stopping threads took: 0.0000469 seconds
2016-04-18T00:06:18.711-0100: 8.577: Total time for which application threads were stopped: 0.0002035 seconds, Stopping threads took: 0.0000478 seconds
2016-04-18T00:06:18.711-0100: 8.577: Total time for which application threads were stopped: 0.0000803 seconds, Stopping threads took: 0.0000413 seconds
2016-04-18T00:06:18.711-0100: 8.577: Total time for which application threads were stopped: 0.0000459 seconds, Stopping threads took: 0.0000093 seconds
2016-04-18T00:06:18.720-0100: 8.586: Total time for which application threads were stopped: 0.0001607 seconds, Stopping threads took: 0.0000309 seconds
2016-04-18T00:06:18.720-0100: 8.586: Total time for which application threads were stopped: 0.0000856 seconds, Stopping threads took: 0.0000246 seconds
2016-04-18T00:06:18.736-0100: 8.602: Total time for which application threads were stopped: 0.0001528 seconds, Stopping threads took: 0.0000583 seconds
2016-04-18T00:06:18.770-0100: 8.636: Total time for which application threads were stopped: 0.0001635 seconds, Stopping threads took: 0.0000487 seconds
2016-04-18T00:06:18.770-0100: 8.636: Total time for which application threads were stopped: 0.0000813 seconds, Stopping threads took: 0.0000264 seconds
2016-04-18T00:06:18.799-0100: 8.665: Total time for which application threads were stopped: 0.0001149 seconds, Stopping threads took: 0.0000326 seconds
2016-04-18T00:06:18.800-0100: 8.665: Total time for which application threads were stopped: 0.0000459 seconds, Stopping threads took: 0.0000088 seconds
2016-04-18T00:06:18.800-0100: 8.666: Total time for which application threads were stopped: 0.0000416 seconds, Stopping threads took: 0.0000078 seconds
2016-04-18T00:06:18.813-0100: 8.679: Total time for which application threads were stopped: 0.0001175 seconds, Stopping threads took: 0.0000333 seconds
2016-04-18T00:06:18.902-0100: 8.768: Total time for which application threads were stopped: 0.0001704 seconds, Stopping threads took: 0.0000831 seconds
2016-04-18T00:06:18.902-0100: 8.768: Total time for which application threads were stopped: 0.0000430 seconds, Stopping threads took: 0.0000082 seconds
2016-04-18T00:06:18.902-0100: 8.768: Total time for which application threads were stopped: 0.0000412 seconds, Stopping threads took: 0.0000075 seconds
2016-04-18T00:06:18.903-0100: 8.769: Total time for which application threads were stopped: 0.0000698 seconds, Stopping threads took: 0.0000155 seconds
2016-04-18T00:06:18.915-0100: 8.781: Total time for which application threads were stopped: 0.0001130 seconds, Stopping threads took: 0.0000307 seconds
2016-04-18T00:06:18.915-0100: 8.781: Total time for which application threads were stopped: 0.0000458 seconds, Stopping threads took: 0.0000092 seconds
2016-04-18T00:06:18.915-0100: 8.781: Total time for which application threads were stopped: 0.0000429 seconds, Stopping threads took: 0.0000081 seconds
2016-04-18T00:06:18.920-0100: 8.786: Total time for which application threads were stopped: 0.0001280 seconds, Stopping threads took: 0.0000394 seconds
2016-04-18T00:06:18.952-0100: 8.818: Total time for which application threads were stopped: 0.0003576 seconds, Stopping threads took: 0.0001254 seconds
2016-04-18T00:06:18.953-0100: 8.819: Total time for which application threads were stopped: 0.0001200 seconds, Stopping threads took: 0.0000241 seconds
2016-04-18T00:06:18.955-0100: 8.821: Total time for which application threads were stopped: 0.0006841 seconds, Stopping threads took: 0.0005662 seconds
2016-04-18T00:06:18.955-0100: 8.821: Total time for which application threads were stopped: 0.0000695 seconds, Stopping threads took: 0.0000235 seconds
2016-04-18T00:06:18.955-0100: 8.821: Total time for which application threads were stopped: 0.0002407 seconds, Stopping threads took: 0.0000509 seconds
2016-04-18T00:06:18.955-0100: 8.821: Total time for which application threads were stopped: 0.0000818 seconds, Stopping threads took: 0.0000244 seconds
2016-04-18T00:06:18.956-0100: 8.822: Total time for which application threads were stopped: 0.0003069 seconds, Stopping threads took: 0.0000480 seconds
2016-04-18T00:06:18.956-0100: 8.822: Total time for which application threads were stopped: 0.0001266 seconds, Stopping threads took: 0.0000096 seconds
2016-04-18T00:06:18.956-0100: 8.822: Total time for which application threads were stopped: 0.0000877 seconds, Stopping threads took: 0.0000118 seconds
2016-04-18T00:06:18.956-0100: 8.822: Total time for which application threads were stopped: 0.0000694 seconds, Stopping threads took: 0.0000075 seconds
2016-04-18T00:06:18.957-0100: 8.823: Total time for which application threads were stopped: 0.0000673 seconds, Stopping threads took: 0.0000086 seconds
2016-04-18T00:06:18.957-0100: 8.823: Total time for which application threads were stopped: 0.0001055 seconds, Stopping threads took: 0.0000304 seconds
2016-04-18T00:06:18.969-0100: 8.835: Total time for which application threads were stopped: 0.0118241 seconds, Stopping threads took: 0.0116803 seconds
2016-04-18T00:06:18.970-0100: 8.836: Total time for which application threads were stopped: 0.0002661 seconds, Stopping threads took: 0.0001401 seconds
2016-04-18T00:06:18.971-0100: 8.837: Total time for which application threads were stopped: 0.0005612 seconds, Stopping threads took: 0.0000292 seconds
2016-04-18T00:06:18.971-0100: 8.837: Total time for which application threads were stopped: 0.0000673 seconds, Stopping threads took: 0.0000092 seconds
2016-04-18T00:06:18.971-0100: 8.837: Total time for which application threads were stopped: 0.0000546 seconds, Stopping threads took: 0.0000073 seconds
2016-04-18T00:06:18.971-0100: 8.837: Total time for which application threads were stopped: 0.0000558 seconds, Stopping threads took: 0.0000077 seconds
2016-04-18T00:06:18.971-0100: 8.838: Total time for which application threads were stopped: 0.0000572 seconds, Stopping threads took: 0.0000074 seconds
2016-04-18T00:06:18.972-0100: 8.838: Total time for which application threads were stopped: 0.0000568 seconds, Stopping threads took: 0.0000075 seconds
2016-04-18T00:06:18.972-0100: 8.838: Total time for which application threads were stopped: 0.0000547 seconds, Stopping threads took: 0.0000075 seconds
2016-04-18T00:06:18.972-0100: 8.838: Total time for which application threads were stopped: 0.0000540 seconds, Stopping threads took: 0.0000077 seconds
2016-04-18T00:06:18.973-0100: 8.839: Total time for which application threads were stopped: 0.0000879 seconds, Stopping threads took: 0.0000141 seconds
2016-04-18T00:06:18.973-0100: 8.839: Total time for which application threads were stopped: 0.0000576 seconds, Stopping threads took: 0.0000075 seconds
2016-04-18T00:06:18.973-0100: 8.839: Total time for which application threads were stopped: 0.0000537 seconds, Stopping threads took: 0.0000073 seconds
2016-04-18T00:06:18.973-0100: 8.839: Total time for which application threads were stopped: 0.0000611 seconds, Stopping threads took: 0.0000071 seconds
2016-04-18T00:06:18.973-0100: 8.839: Total time for which application threads were stopped: 0.0000852 seconds, Stopping threads took: 0.0000138 seconds
2016-04-18T00:06:18.974-0100: 8.840: Total time for which application threads were stopped: 0.0000749 seconds, Stopping threads took: 0.0000114 seconds
2016-04-18T00:06:18.985-0100: 8.851: Total time for which application threads were stopped: 0.0107237 seconds, Stopping threads took: 0.0105795 seconds
2016-04-18T00:06:18.985-0100: 8.851: Total time for which application threads were stopped: 0.0000763 seconds, Stopping threads took: 0.0000128 seconds
2016-04-18T00:06:18.985-0100: 8.851: Total time for which application threads were stopped: 0.0000652 seconds, Stopping threads took: 0.0000077 seconds
2016-04-18T00:06:18.986-0100: 8.852: Total time for which application threads were stopped: 0.0001090 seconds, Stopping threads took: 0.0000168 seconds
2016-04-18T00:06:18.986-0100: 8.852: Total time for which application threads were stopped: 0.0002215 seconds, Stopping threads took: 0.0000077 seconds
2016-04-18T00:06:18.986-0100: 8.853: Total time for which application threads were stopped: 0.0002265 seconds, Stopping threads took: 0.0000086 seconds
{Heap before GC invocations=0 (full 0):
 par new generation   total 109248K, used 87424K [0x00000007a0000000, 0x00000007a8000000, 0x00000007a8000000)
  eden space 87424K, 100% used [0x00000007a0000000, 0x00000007a5560000, 0x00000007a5560000)
  from space 21824K,   0% used [0x00000007a5560000, 0x00000007a5560000, 0x00000007a6ab0000)
  to   space 21824K,   0% used [0x00000007a6ab0000, 0x00000007a6ab0000, 0x00000007a8000000)
 concurrent mark-sweep generation total 393216K, used 0K [0x00000007a8000000, 0x00000007c0000000, 0x00000007c0000000)
 Metaspace       used 18286K, capacity 18552K, committed 18944K, reserved 1067008K
  class space    used 2118K, capacity 2197K, committed 2304K, reserved 1048576K
2016-04-18T00:06:19.061-0100: 8.927: [GC (Allocation Failure) 2016-04-18T00:06:19.061-0100: 8.927: [ParNew
Desired survivor size 20112992 bytes, new threshold 8 (max 8)
- age   1:   13063880 bytes,   13063880 total
: 87424K->12863K(109248K), 0.0689749 secs] 87424K->12863K(502464K), 0.0691059 secs] [Times: user=0.05 sys=0.01, real=0.07 secs] 
Heap after GC invocations=1 (full 0):
 par new generation   total 109248K, used 12863K [0x00000007a0000000, 0x00000007a8000000, 0x00000007a8000000)
  eden space 87424K,   0% used [0x00000007a0000000, 0x00000007a0000000, 0x00000007a5560000)
  from space 21824K,  58% used [0x00000007a6ab0000, 0x00000007a773ffe0, 0x00000007a8000000)
  to   space 21824K,   0% used [0x00000007a5560000, 0x00000007a5560000, 0x00000007a6ab0000)
 concurrent mark-sweep generation total 393216K, used 0K [0x00000007a8000000, 0x00000007c0000000, 0x00000007c0000000)
 Metaspace       used 18286K, capacity 18552K, committed 18944K, reserved 1067008K
  class space    used 2118K, capacity 2197K, committed 2304K, reserved 1048576K
}
2016-04-18T00:06:19.130-0100: 8.996: Total time for which application threads were stopped: 0.0695276 seconds, Stopping threads took: 0.0000340 seconds
2016-04-18T00:06:19.147-0100: 9.013: Total time for which application threads were stopped: 0.0007326 seconds, Stopping threads took: 0.0002087 seconds
2016-04-18T00:06:19.147-0100: 9.013: Total time for which application threads were stopped: 0.0000614 seconds, Stopping threads took: 0.0000140 seconds
2016-04-18T00:06:19.147-0100: 9.013: Total time for which application threads were stopped: 0.0000472 seconds, Stopping threads took: 0.0000080 seconds
2016-04-18T00:06:19.148-0100: 9.014: Total time for which application threads were stopped: 0.0000466 seconds, Stopping threads took: 0.0000076 seconds
2016-04-18T00:06:19.148-0100: 9.014: Total time for which application threads were stopped: 0.0000479 seconds, Stopping threads took: 0.0000079 seconds
2016-04-18T00:06:19.148-0100: 9.014: Total time for which application threads were stopped: 0.0000465 seconds, Stopping threads took: 0.0000080 seconds
2016-04-18T00:06:19.148-0100: 9.014: Total time for which application threads were stopped: 0.0000483 seconds, Stopping threads took: 0.0000081 seconds
2016-04-18T00:06:19.148-0100: 9.014: Total time for which application threads were stopped: 0.0000486 seconds, Stopping threads took: 0.0000084 seconds
2016-04-18T00:06:19.148-0100: 9.014: Total time for which application threads were stopped: 0.0000486 seconds, Stopping threads took: 0.0000089 seconds
2016-04-18T00:06:19.148-0100: 9.014: Total time for which application threads were stopped: 0.0000476 seconds, Stopping threads took: 0.0000081 seconds
2016-04-18T00:06:19.148-0100: 9.014: Total time for which application threads were stopped: 0.0000478 seconds, Stopping threads took: 0.0000081 seconds
2016-04-18T00:06:19.148-0100: 9.014: Total time for which application threads were stopped: 0.0000480 seconds, Stopping threads took: 0.0000092 seconds
2016-04-18T00:06:19.149-0100: 9.015: Total time for which application threads were stopped: 0.0000478 seconds, Stopping threads took: 0.0000079 seconds
2016-04-18T00:06:19.149-0100: 9.015: Total time for which application threads were stopped: 0.0000479 seconds, Stopping threads took: 0.0000081 seconds
2016-04-18T00:06:19.149-0100: 9.015: Total time for which application threads were stopped: 0.0000470 seconds, Stopping threads took: 0.0000078 seconds
2016-04-18T00:06:19.149-0100: 9.015: Total time for which application threads were stopped: 0.0000473 seconds, Stopping threads took: 0.0000081 seconds
2016-04-18T00:06:19.149-0100: 9.015: Total time for which application threads were stopped: 0.0000455 seconds, Stopping threads took: 0.0000074 seconds
2016-04-18T00:06:19.149-0100: 9.015: Total time for which application threads were stopped: 0.0000473 seconds, Stopping threads took: 0.0000078 seconds
2016-04-18T00:06:19.149-0100: 9.015: Total time for which application threads were stopped: 0.0000470 seconds, Stopping threads took: 0.0000079 seconds
2016-04-18T00:06:19.150-0100: 9.016: Total time for which application threads were stopped: 0.0004268 seconds, Stopping threads took: 0.0000073 seconds
2016-04-18T00:06:19.152-0100: 9.018: Total time for which application threads were stopped: 0.0001689 seconds, Stopping threads took: 0.0000312 seconds
2016-04-18T00:06:19.164-0100: 9.030: Total time for which application threads were stopped: 0.0002459 seconds, Stopping threads took: 0.0001129 seconds
2016-04-18T00:06:19.737-0100: 9.603: Total time for which application threads were stopped: 0.0013805 seconds, Stopping threads took: 0.0005813 seconds
2016-04-18T00:06:19.747-0100: 9.613: Total time for which application threads were stopped: 0.0001126 seconds, Stopping threads took: 0.0000296 seconds
2016-04-18T00:06:19.747-0100: 9.613: Total time for which application threads were stopped: 0.0000608 seconds, Stopping threads took: 0.0000244 seconds
2016-04-18T00:06:19.747-0100: 9.613: Total time for which application threads were stopped: 0.0000413 seconds, Stopping threads took: 0.0000079 seconds
2016-04-18T00:06:19.755-0100: 9.621: Total time for which application threads were stopped: 0.0001046 seconds, Stopping threads took: 0.0000287 seconds
2016-04-18T00:06:19.874-0100: 9.741: Total time for which application threads were stopped: 0.0005797 seconds, Stopping threads took: 0.0000313 seconds
2016-04-18T00:06:19.930-0100: 9.796: Total time for which application threads were stopped: 0.0001189 seconds, Stopping threads took: 0.0000319 seconds
2016-04-18T00:06:19.931-0100: 9.797: Total time for which application threads were stopped: 0.0000518 seconds, Stopping threads took: 0.0000130 seconds
2016-04-18T00:06:19.931-0100: 9.797: Total time for which application threads were stopped: 0.0000719 seconds, Stopping threads took: 0.0000174 seconds
2016-04-18T00:06:19.950-0100: 9.816: Total time for which application threads were stopped: 0.0001102 seconds, Stopping threads took: 0.0000315 seconds
2016-04-18T00:06:19.985-0100: 9.851: Total time for which application threads were stopped: 0.0001071 seconds, Stopping threads took: 0.0000267 seconds
2016-04-18T00:06:19.986-0100: 9.852: Total time for which application threads were stopped: 0.0000421 seconds, Stopping threads took: 0.0000080 seconds
2016-04-18T00:06:19.986-0100: 9.852: Total time for which application threads were stopped: 0.0000444 seconds, Stopping threads took: 0.0000087 seconds
2016-04-18T00:06:19.993-0100: 9.859: Total time for which application threads were stopped: 0.0001139 seconds, Stopping threads took: 0.0000325 seconds
2016-04-18T00:06:19.995-0100: 9.861: Total time for which application threads were stopped: 0.0001884 seconds, Stopping threads took: 0.0000529 seconds
2016-04-18T00:06:20.015-0100: 9.881: Total time for which application threads were stopped: 0.0002024 seconds, Stopping threads took: 0.0000491 seconds
2016-04-18T00:06:20.020-0100: 9.886: Total time for which application threads were stopped: 0.0003643 seconds, Stopping threads took: 0.0000509 seconds
2016-04-18T00:06:20.029-0100: 9.895: Total time for which application threads were stopped: 0.0001369 seconds, Stopping threads took: 0.0000293 seconds
2016-04-18T00:06:20.052-0100: 9.918: Total time for which application threads were stopped: 0.0001205 seconds, Stopping threads took: 0.0000360 seconds
2016-04-18T00:06:20.052-0100: 9.919: Total time for which application threads were stopped: 0.0000737 seconds, Stopping threads took: 0.0000282 seconds
2016-04-18T00:06:20.065-0100: 9.931: Total time for which application threads were stopped: 0.0001353 seconds, Stopping threads took: 0.0000397 seconds
2016-04-18T00:06:20.076-0100: 9.942: Total time for which application threads were stopped: 0.0001387 seconds, Stopping threads took: 0.0000482 seconds
2016-04-18T00:06:20.092-0100: 9.958: Total time for which application threads were stopped: 0.0002454 seconds, Stopping threads took: 0.0000489 seconds
2016-04-18T00:06:20.095-0100: 9.961: Total time for which application threads were stopped: 0.0001404 seconds, Stopping threads took: 0.0000509 seconds
2016-04-18T00:06:20.528-0100: 10.394: Total time for which application threads were stopped: 0.0408903 seconds, Stopping threads took: 0.0407277 seconds
2016-04-18T00:06:20.719-0100: 10.585: Total time for which application threads were stopped: 0.0001353 seconds, Stopping threads took: 0.0000520 seconds
2016-04-18T00:06:20.719-0100: 10.586: Total time for which application threads were stopped: 0.0001121 seconds, Stopping threads took: 0.0000155 seconds
2016-04-18T00:06:20.722-0100: 10.588: Total time for which application threads were stopped: 0.0004626 seconds, Stopping threads took: 0.0000478 seconds
2016-04-18T00:06:20.975-0100: 10.841: Total time for which application threads were stopped: 0.0207632 seconds, Stopping threads took: 0.0205819 seconds
2016-04-18T00:06:21.032-0100: 10.898: Total time for which application threads were stopped: 0.0115736 seconds, Stopping threads took: 0.0106491 seconds
{Heap before GC invocations=1 (full 0):
 par new generation   total 109248K, used 100287K [0x00000007a0000000, 0x00000007a8000000, 0x00000007a8000000)
  eden space 87424K, 100% used [0x00000007a0000000, 0x00000007a5560000, 0x00000007a5560000)
  from space 21824K,  58% used [0x00000007a6ab0000, 0x00000007a773ffe0, 0x00000007a8000000)
  to   space 21824K,   0% used [0x00000007a5560000, 0x00000007a5560000, 0x00000007a6ab0000)
 concurrent mark-sweep generation total 393216K, used 0K [0x00000007a8000000, 0x00000007c0000000, 0x00000007c0000000)
 Metaspace       used 19928K, capacity 20194K, committed 20352K, reserved 1067008K
  class space    used 2336K, capacity 2426K, committed 2432K, reserved 1048576K
2016-04-18T00:06:21.086-0100: 10.952: [GC (Allocation Failure) 2016-04-18T00:06:21.086-0100: 10.952: [ParNew
Desired survivor size 20112992 bytes, new threshold 8 (max 8)
- age   1:    3158912 bytes,    3158912 total
- age   2:    6450072 bytes,    9608984 total
: 100287K->13981K(109248K), 0.0781788 secs] 100287K->13981K(502464K), 0.0782840 secs] [Times: user=0.07 sys=0.02, real=0.08 secs] 
Heap after GC invocations=2 (full 0):
 par new generation   total 109248K, used 13981K [0x00000007a0000000, 0x00000007a8000000, 0x00000007a8000000)
  eden space 87424K,   0% used [0x00000007a0000000, 0x00000007a0000000, 0x00000007a5560000)
  from space 21824K,  64% used [0x00000007a5560000, 0x00000007a6307760, 0x00000007a6ab0000)
  to   space 21824K,   0% used [0x00000007a6ab0000, 0x00000007a6ab0000, 0x00000007a8000000)
 concurrent mark-sweep generation total 393216K, used 0K [0x00000007a8000000, 0x00000007c0000000, 0x00000007c0000000)
 Metaspace       used 19928K, capacity 20194K, committed 20352K, reserved 1067008K
  class space    used 2336K, capacity 2426K, committed 2432K, reserved 1048576K
}
2016-04-18T00:06:21.165-0100: 11.031: Total time for which application threads were stopped: 0.0892593 seconds, Stopping threads took: 0.0106663 seconds
2016-04-18T00:06:21.170-0100: 11.036: Total time for which application threads were stopped: 0.0002361 seconds, Stopping threads took: 0.0001382 seconds
2016-04-18T00:06:21.170-0100: 11.036: Total time for which application threads were stopped: 0.0000971 seconds, Stopping threads took: 0.0000252 seconds
2016-04-18T00:06:21.170-0100: 11.036: Total time for which application threads were stopped: 0.0000953 seconds, Stopping threads took: 0.0000429 seconds
2016-04-18T00:06:21.265-0100: 11.131: Total time for which application threads were stopped: 0.0005360 seconds, Stopping threads took: 0.0000780 seconds
2016-04-18T00:06:21.288-0100: 11.154: Total time for which application threads were stopped: 0.0001296 seconds, Stopping threads took: 0.0000502 seconds
2016-04-18T00:06:21.288-0100: 11.154: Total time for which application threads were stopped: 0.0002316 seconds, Stopping threads took: 0.0000288 seconds
2016-04-18T00:06:21.307-0100: 11.173: Total time for which application threads were stopped: 0.0001252 seconds, Stopping threads took: 0.0000338 seconds
2016-04-18T00:06:21.340-0100: 11.206: Total time for which application threads were stopped: 0.0001312 seconds, Stopping threads took: 0.0000330 seconds
2016-04-18T00:06:21.349-0100: 11.215: Total time for which application threads were stopped: 0.0001265 seconds, Stopping threads took: 0.0000361 seconds
2016-04-18T00:06:21.357-0100: 11.223: Total time for which application threads were stopped: 0.0001517 seconds, Stopping threads took: 0.0000576 seconds
2016-04-18T00:06:21.357-0100: 11.223: Total time for which application threads were stopped: 0.0000676 seconds, Stopping threads took: 0.0000264 seconds
2016-04-18T00:06:21.369-0100: 11.235: Total time for which application threads were stopped: 0.0001284 seconds, Stopping threads took: 0.0000499 seconds
2016-04-18T00:06:21.521-0100: 11.387: Total time for which application threads were stopped: 0.0108865 seconds, Stopping threads took: 0.0106847 seconds
2016-04-18T00:06:21.593-0100: 11.459: Total time for which application threads were stopped: 0.0002303 seconds, Stopping threads took: 0.0000535 seconds
2016-04-18T00:06:21.633-0100: 11.499: Total time for which application threads were stopped: 0.0001237 seconds, Stopping threads took: 0.0000517 seconds
2016-04-18T00:06:21.633-0100: 11.500: Total time for which application threads were stopped: 0.0000701 seconds, Stopping threads took: 0.0000294 seconds
2016-04-18T00:06:21.718-0100: 11.584: Total time for which application threads were stopped: 0.0001372 seconds, Stopping threads took: 0.0000319 seconds
2016-04-18T00:06:21.732-0100: 11.598: Total time for which application threads were stopped: 0.0001611 seconds, Stopping threads took: 0.0000588 seconds
2016-04-18T00:06:21.912-0100: 11.778: Total time for which application threads were stopped: 0.0002311 seconds, Stopping threads took: 0.0000715 seconds
2016-04-18T00:06:21.912-0100: 11.778: Total time for which application threads were stopped: 0.0000902 seconds, Stopping threads took: 0.0000329 seconds
{Heap before GC invocations=2 (full 0):
 par new generation   total 109248K, used 101405K [0x00000007a0000000, 0x00000007a8000000, 0x00000007a8000000)
  eden space 87424K, 100% used [0x00000007a0000000, 0x00000007a5560000, 0x00000007a5560000)
  from space 21824K,  64% used [0x00000007a5560000, 0x00000007a6307760, 0x00000007a6ab0000)
  to   space 21824K,   0% used [0x00000007a6ab0000, 0x00000007a6ab0000, 0x00000007a8000000)
 concurrent mark-sweep generation total 393216K, used 0K [0x00000007a8000000, 0x00000007c0000000, 0x00000007c0000000)
 Metaspace       used 20724K, capacity 20948K, committed 21248K, reserved 1069056K
  class space    used 2434K, capacity 2525K, committed 2560K, reserved 1048576K
2016-04-18T00:06:22.010-0100: 11.876: [GC (Allocation Failure) 2016-04-18T00:06:22.010-0100: 11.876: [ParNew
Desired survivor size 20112992 bytes, new threshold 8 (max 8)
- age   1:    2724096 bytes,    2724096 total
- age   2:     789608 bytes,    3513704 total
- age   3:    6436464 bytes,    9950168 total
: 101405K->12411K(109248K), 0.0381097 secs] 101405K->12411K(502464K), 0.0381978 secs] [Times: user=0.05 sys=0.00, real=0.03 secs] 
Heap after GC invocations=3 (full 0):
 par new generation   total 109248K, used 12411K [0x00000007a0000000, 0x00000007a8000000, 0x00000007a8000000)
  eden space 87424K,   0% used [0x00000007a0000000, 0x00000007a0000000, 0x00000007a5560000)
  from space 21824K,  56% used [0x00000007a6ab0000, 0x00000007a76ceed0, 0x00000007a8000000)
  to   space 21824K,   0% used [0x00000007a5560000, 0x00000007a5560000, 0x00000007a6ab0000)
 concurrent mark-sweep generation total 393216K, used 0K [0x00000007a8000000, 0x00000007c0000000, 0x00000007c0000000)
 Metaspace       used 20724K, capacity 20948K, committed 21248K, reserved 1069056K
  class space    used 2434K, capacity 2525K, committed 2560K, reserved 1048576K
}
2016-04-18T00:06:22.048-0100: 11.914: Total time for which application threads were stopped: 0.0386144 seconds, Stopping threads took: 0.0000590 seconds
2016-04-18T00:06:22.054-0100: 11.920: Total time for which application threads were stopped: 0.0001789 seconds, Stopping threads took: 0.0000670 seconds
2016-04-18T00:06:22.063-0100: 11.929: Total time for which application threads were stopped: 0.0001652 seconds, Stopping threads took: 0.0000551 seconds
2016-04-18T00:06:22.063-0100: 11.929: Total time for which application threads were stopped: 0.0000733 seconds, Stopping threads took: 0.0000286 seconds
2016-04-18T00:06:22.063-0100: 11.929: Total time for which application threads were stopped: 0.0001574 seconds, Stopping threads took: 0.0000852 seconds
2016-04-18T00:06:22.118-0100: 11.984: Total time for which application threads were stopped: 0.0001615 seconds, Stopping threads took: 0.0000521 seconds
2016-04-18T00:06:22.118-0100: 11.984: Total time for which application threads were stopped: 0.0000748 seconds, Stopping threads took: 0.0000280 seconds
2016-04-18T00:06:22.119-0100: 11.985: Total time for which application threads were stopped: 0.0000831 seconds, Stopping threads took: 0.0000176 seconds
2016-04-18T00:06:22.119-0100: 11.985: Total time for which application threads were stopped: 0.0000511 seconds, Stopping threads took: 0.0000083 seconds
2016-04-18T00:06:22.120-0100: 11.986: Total time for which application threads were stopped: 0.0000735 seconds, Stopping threads took: 0.0000280 seconds
2016-04-18T00:06:22.120-0100: 11.986: Total time for which application threads were stopped: 0.0000732 seconds, Stopping threads took: 0.0000257 seconds
2016-04-18T00:06:22.126-0100: 11.992: Total time for which application threads were stopped: 0.0001697 seconds, Stopping threads took: 0.0000518 seconds
2016-04-18T00:06:22.126-0100: 11.992: Total time for which application threads were stopped: 0.0000838 seconds, Stopping threads took: 0.0000332 seconds
2016-04-18T00:06:22.135-0100: 12.001: Total time for which application threads were stopped: 0.0001551 seconds, Stopping threads took: 0.0000507 seconds
2016-04-18T00:06:22.135-0100: 12.001: Total time for which application threads were stopped: 0.0000737 seconds, Stopping threads took: 0.0000154 seconds
2016-04-18T00:06:22.136-0100: 12.002: Total time for which application threads were stopped: 0.0000736 seconds, Stopping threads took: 0.0000148 seconds
2016-04-18T00:06:22.138-0100: 12.004: Total time for which application threads were stopped: 0.0001994 seconds, Stopping threads took: 0.0000588 seconds
2016-04-18T00:06:22.197-0100: 12.063: Total time for which application threads were stopped: 0.0002036 seconds, Stopping threads took: 0.0000334 seconds
2016-04-18T00:06:22.363-0100: 12.229: Total time for which application threads were stopped: 0.0002627 seconds, Stopping threads took: 0.0000552 seconds
2016-04-18T00:06:22.450-0100: 12.316: Total time for which application threads were stopped: 0.0002287 seconds, Stopping threads took: 0.0000543 seconds
2016-04-18T00:06:22.502-0100: 12.368: Total time for which application threads were stopped: 0.0002571 seconds, Stopping threads took: 0.0001308 seconds
{Heap before GC invocations=3 (full 0):
 par new generation   total 109248K, used 99835K [0x00000007a0000000, 0x00000007a8000000, 0x00000007a8000000)
  eden space 87424K, 100% used [0x00000007a0000000, 0x00000007a5560000, 0x00000007a5560000)
  from space 21824K,  56% used [0x00000007a6ab0000, 0x00000007a76ceed0, 0x00000007a8000000)
  to   space 21824K,   0% used [0x00000007a5560000, 0x00000007a5560000, 0x00000007a6ab0000)
 concurrent mark-sweep generation total 393216K, used 0K [0x00000007a8000000, 0x00000007c0000000, 0x00000007c0000000)
 Metaspace       used 21433K, capacity 21696K, committed 21960K, reserved 1069056K
  class space    used 2527K, capacity 2623K, committed 2684K, reserved 1048576K
2016-04-18T00:06:22.625-0100: 12.491: [GC (Allocation Failure) 2016-04-18T00:06:22.625-0100: 12.491: [ParNew
Desired survivor size 20112992 bytes, new threshold 8 (max 8)
- age   1:     822248 bytes,     822248 total
- age   2:    2113424 bytes,    2935672 total
- age   3:     777800 bytes,    3713472 total
- age   4:    6435352 bytes,   10148824 total
: 99835K->15166K(109248K), 0.0349799 secs] 99835K->15166K(502464K), 0.0350765 secs] [Times: user=0.04 sys=0.01, real=0.04 secs] 
Heap after GC invocations=4 (full 0):
 par new generation   total 109248K, used 15166K [0x00000007a0000000, 0x00000007a8000000, 0x00000007a8000000)
  eden space 87424K,   0% used [0x00000007a0000000, 0x00000007a0000000, 0x00000007a5560000)
  from space 21824K,  69% used [0x00000007a5560000, 0x00000007a642fbb0, 0x00000007a6ab0000)
  to   space 21824K,   0% used [0x00000007a6ab0000, 0x00000007a6ab0000, 0x00000007a8000000)
 concurrent mark-sweep generation total 393216K, used 0K [0x00000007a8000000, 0x00000007c0000000, 0x00000007c0000000)
 Metaspace       used 21433K, capacity 21696K, committed 21960K, reserved 1069056K
  class space    used 2527K, capacity 2623K, committed 2684K, reserved 1048576K
}
2016-04-18T00:06:22.660-0100: 12.526: Total time for which application threads were stopped: 0.0354772 seconds, Stopping threads took: 0.0000646 seconds
2016-04-18T00:06:22.679-0100: 12.545: [GC (CMS Initial Mark) [1 CMS-initial-mark: 0K(393216K)] 27500K(502464K), 0.0502037 secs] [Times: user=0.02 sys=0.00, real=0.05 secs] 
2016-04-18T00:06:22.729-0100: 12.595: Total time for which application threads were stopped: 0.0508267 seconds, Stopping threads took: 0.0004228 seconds
2016-04-18T00:06:22.729-0100: 12.595: [CMS-concurrent-mark-start]
2016-04-18T00:06:22.740-0100: 12.606: [CMS-concurrent-mark: 0.011/0.011 secs] [Times: user=0.02 sys=0.00, real=0.02 secs] 
2016-04-18T00:06:22.740-0100: 12.606: [CMS-concurrent-preclean-start]
2016-04-18T00:06:22.741-0100: 12.607: [CMS-concurrent-preclean: 0.001/0.001 secs] [Times: user=0.00 sys=0.00, real=0.00 secs] 
2016-04-18T00:06:22.741-0100: 12.607: [CMS-concurrent-abortable-preclean-start]
{Heap before GC invocations=4 (full 1):
 par new generation   total 109248K, used 102590K [0x00000007a0000000, 0x00000007a8000000, 0x00000007a8000000)
  eden space 87424K, 100% used [0x00000007a0000000, 0x00000007a5560000, 0x00000007a5560000)
  from space 21824K,  69% used [0x00000007a5560000, 0x00000007a642fbb0, 0x00000007a6ab0000)
  to   space 21824K,   0% used [0x00000007a6ab0000, 0x00000007a6ab0000, 0x00000007a8000000)
 concurrent mark-sweep generation total 393216K, used 0K [0x00000007a8000000, 0x00000007c0000000, 0x00000007c0000000)
 Metaspace       used 21528K, capacity 21778K, committed 21960K, reserved 1069056K
  class space    used 2539K, capacity 2626K, committed 2684K, reserved 1048576K
2016-04-18T00:06:22.968-0100: 12.834: [GC (Allocation Failure) 2016-04-18T00:06:22.968-0100: 12.834: [ParNew
Desired survivor size 20112992 bytes, new threshold 8 (max 8)
- age   1:     852080 bytes,     852080 total
- age   2:     278680 bytes,    1130760 total
- age   3:    2093576 bytes,    3224336 total
- age   4:     777544 bytes,    4001880 total
- age   5:    6435320 bytes,   10437200 total
: 102590K->12772K(109248K), 0.0412002 secs] 102590K->12772K(502464K), 0.0413018 secs] [Times: user=0.05 sys=0.00, real=0.04 secs] 
Heap after GC invocations=5 (full 1):
 par new generation   total 109248K, used 12772K [0x00000007a0000000, 0x00000007a8000000, 0x00000007a8000000)
  eden space 87424K,   0% used [0x00000007a0000000, 0x00000007a0000000, 0x00000007a5560000)
  from space 21824K,  58% used [0x00000007a6ab0000, 0x00000007a77290d0, 0x00000007a8000000)
  to   space 21824K,   0% used [0x00000007a5560000, 0x00000007a5560000, 0x00000007a6ab0000)
 concurrent mark-sweep generation total 393216K, used 0K [0x00000007a8000000, 0x00000007c0000000, 0x00000007c0000000)
 Metaspace       used 21528K, capacity 21778K, committed 21960K, reserved 1069056K
  class space    used 2539K, capacity 2626K, committed 2684K, reserved 1048576K
}
2016-04-18T00:06:23.009-0100: 12.876: Total time for which application threads were stopped: 0.0417246 seconds, Stopping threads took: 0.0001671 seconds
2016-04-18T00:06:23.102-0100: 12.969: Total time for which application threads were stopped: 0.0015796 seconds, Stopping threads took: 0.0014317 seconds
{Heap before GC invocations=5 (full 1):
 par new generation   total 109248K, used 100196K [0x00000007a0000000, 0x00000007a8000000, 0x00000007a8000000)
  eden space 87424K, 100% used [0x00000007a0000000, 0x00000007a5560000, 0x00000007a5560000)
  from space 21824K,  58% used [0x00000007a6ab0000, 0x00000007a77290d0, 0x00000007a8000000)
  to   space 21824K,   0% used [0x00000007a5560000, 0x00000007a5560000, 0x00000007a6ab0000)
 concurrent mark-sweep generation total 393216K, used 0K [0x00000007a8000000, 0x00000007c0000000, 0x00000007c0000000)
 Metaspace       used 21681K, capacity 21946K, committed 22216K, reserved 1069056K
  class space    used 2560K, capacity 2660K, committed 2684K, reserved 1048576K
2016-04-18T00:06:23.281-0100: 13.148: [GC (Allocation Failure) 2016-04-18T00:06:23.281-0100: 13.148: [ParNew
Desired survivor size 20112992 bytes, new threshold 8 (max 8)
- age   1:    1026472 bytes,    1026472 total
- age   2:     118224 bytes,    1144696 total
- age   3:     278136 bytes,    1422832 total
- age   4:    2093528 bytes,    3516360 total
- age   5:     777224 bytes,    4293584 total
- age   6:    6434840 bytes,   10728424 total
: 100196K->15409K(109248K), 0.0383945 secs] 100196K->15409K(502464K), 0.0385303 secs] [Times: user=0.05 sys=0.00, real=0.04 secs] 
Heap after GC invocations=6 (full 1):
 par new generation   total 109248K, used 15409K [0x00000007a0000000, 0x00000007a8000000, 0x00000007a8000000)
  eden space 87424K,   0% used [0x00000007a0000000, 0x00000007a0000000, 0x00000007a5560000)
  from space 21824K,  70% used [0x00000007a5560000, 0x00000007a646c6f0, 0x00000007a6ab0000)
  to   space 21824K,   0% used [0x00000007a6ab0000, 0x00000007a6ab0000, 0x00000007a8000000)
 concurrent mark-sweep generation total 393216K, used 0K [0x00000007a8000000, 0x00000007c0000000, 0x00000007c0000000)
 Metaspace       used 21681K, capacity 21946K, committed 22216K, reserved 1069056K
  class space    used 2560K, capacity 2660K, committed 2684K, reserved 1048576K
}
2016-04-18T00:06:23.320-0100: 13.186: Total time for which application threads were stopped: 0.0407806 seconds, Stopping threads took: 0.0020140 seconds
2016-04-18T00:06:23.425-0100: 13.291: [CMS-concurrent-abortable-preclean: 0.304/0.683 secs] [Times: user=0.82 sys=0.02, real=0.68 secs] 
2016-04-18T00:06:23.425-0100: 13.291: [GC (CMS Final Remark) [YG occupancy: 46808 K (109248 K)]{Heap before GC invocations=6 (full 1):
 par new generation   total 109248K, used 46808K [0x00000007a0000000, 0x00000007a8000000, 0x00000007a8000000)
  eden space 87424K,  35% used [0x00000007a0000000, 0x00000007a1ea9c78, 0x00000007a5560000)
  from space 21824K,  70% used [0x00000007a5560000, 0x00000007a646c6f0, 0x00000007a6ab0000)
  to   space 21824K,   0% used [0x00000007a6ab0000, 0x00000007a6ab0000, 0x00000007a8000000)
 concurrent mark-sweep generation total 393216K, used 0K [0x00000007a8000000, 0x00000007c0000000, 0x00000007c0000000)
 Metaspace       used 21696K, capacity 21946K, committed 22216K, reserved 1069056K
  class space    used 2561K, capacity 2660K, committed 2684K, reserved 1048576K
2016-04-18T00:06:23.425-0100: 13.291: [GC (CMS Final Remark) 2016-04-18T00:06:23.425-0100: 13.291: [ParNew
Desired survivor size 20112992 bytes, new threshold 8 (max 8)
- age   1:     447656 bytes,     447656 total
- age   2:     121264 bytes,     568920 total
- age   3:     118224 bytes,     687144 total
- age   4:     278136 bytes,     965280 total
- age   5:    2093528 bytes,    3058808 total
- age   6:     777192 bytes,    3836000 total
- age   7:    6434840 bytes,   10270840 total
: 46808K->12260K(109248K), 0.0436176 secs] 46808K->12260K(502464K), 0.0436941 secs] [Times: user=0.05 sys=0.01, real=0.04 secs] 
Heap after GC invocations=7 (full 1):
 par new generation   total 109248K, used 12260K [0x00000007a0000000, 0x00000007a8000000, 0x00000007a8000000)
  eden space 87424K,   0% used [0x00000007a0000000, 0x00000007a0000000, 0x00000007a5560000)
  from space 21824K,  56% used [0x00000007a6ab0000, 0x00000007a76a9200, 0x00000007a8000000)
  to   space 21824K,   0% used [0x00000007a5560000, 0x00000007a5560000, 0x00000007a6ab0000)
 concurrent mark-sweep generation total 393216K, used 0K [0x00000007a8000000, 0x00000007c0000000, 0x00000007c0000000)
 Metaspace       used 21696K, capacity 21946K, committed 22216K, reserved 1069056K
  class space    used 2561K, capacity 2660K, committed 2684K, reserved 1048576K
}
2016-04-18T00:06:23.469-0100: 13.335: [Rescan (parallel) , 0.0186751 secs]2016-04-18T00:06:23.487-0100: 13.354: [weak refs processing, 0.0046217 secs]2016-04-18T00:06:23.492-0100: 13.358: [class unloading, 0.0086041 secs]2016-04-18T00:06:23.501-0100: 13.367: [scrub symbol table, 0.0104061 secs]2016-04-18T00:06:23.511-0100: 13.377: [scrub string table, 0.0005185 secs][1 CMS-remark: 0K(393216K)] 12260K(502464K), 0.0895661 secs] [Times: user=0.09 sys=0.01, real=0.09 secs] 
2016-04-18T00:06:23.515-0100: 13.381: Total time for which application threads were stopped: 0.0898196 seconds, Stopping threads took: 0.0000804 seconds
2016-04-18T00:06:23.515-0100: 13.381: [CMS-concurrent-sweep-start]
2016-04-18T00:06:23.529-0100: 13.395: [CMS-concurrent-sweep: 0.014/0.014 secs] [Times: user=0.01 sys=0.00, real=0.01 secs] 
2016-04-18T00:06:23.529-0100: 13.395: [CMS-concurrent-reset-start]
2016-04-18T00:06:23.536-0100: 13.402: [CMS-concurrent-reset: 0.006/0.006 secs] [Times: user=0.00 sys=0.00, real=0.01 secs] 
2016-04-18T00:06:23.691-0100: 13.557: Total time for which application threads were stopped: 0.0010428 seconds, Stopping threads took: 0.0000298 seconds
2016-04-18T00:06:23.691-0100: 13.557: Total time for which application threads were stopped: 0.0001017 seconds, Stopping threads took: 0.0000127 seconds
2016-04-18T00:06:23.691-0100: 13.557: Total time for which application threads were stopped: 0.0000686 seconds, Stopping threads took: 0.0000089 seconds
2016-04-18T00:06:23.692-0100: 13.558: Total time for which application threads were stopped: 0.0001141 seconds, Stopping threads took: 0.0000339 seconds
2016-04-18T00:06:23.759-0100: 13.625: Total time for which application threads were stopped: 0.0001806 seconds, Stopping threads took: 0.0000526 seconds
2016-04-18T00:06:23.759-0100: 13.625: Total time for which application threads were stopped: 0.0000604 seconds, Stopping threads took: 0.0000083 seconds
2016-04-18T00:06:24.118-0100: 13.984: Total time for which application threads were stopped: 0.0006101 seconds, Stopping threads took: 0.0000353 seconds
2016-04-18T00:06:24.173-0100: 14.039: Total time for which application threads were stopped: 0.0001191 seconds, Stopping threads took: 0.0000302 seconds
2016-04-18T00:06:24.186-0100: 14.052: Total time for which application threads were stopped: 0.0001300 seconds, Stopping threads took: 0.0000333 seconds
2016-04-18T00:06:24.197-0100: 14.063: Total time for which application threads were stopped: 0.0001296 seconds, Stopping threads took: 0.0000493 seconds
2016-04-18T00:06:24.422-0100: 14.288: Total time for which application threads were stopped: 0.0010991 seconds, Stopping threads took: 0.0000843 seconds
{Heap before GC invocations=7 (full 1):
 par new generation   total 109248K, used 99684K [0x00000007a0000000, 0x00000007a8000000, 0x00000007a8000000)
  eden space 87424K, 100% used [0x00000007a0000000, 0x00000007a5560000, 0x00000007a5560000)
  from space 21824K,  56% used [0x00000007a6ab0000, 0x00000007a76a9200, 0x00000007a8000000)
  to   space 21824K,   0% used [0x00000007a5560000, 0x00000007a5560000, 0x00000007a6ab0000)
 concurrent mark-sweep generation total 393216K, used 0K [0x00000007a8000000, 0x00000007c0000000, 0x00000007c0000000)
 Metaspace       used 23107K, capacity 23402K, committed 23932K, reserved 1071104K
  class space    used 2717K, capacity 2826K, committed 2940K, reserved 1048576K
2016-04-18T00:06:24.805-0100: 14.671: [GC (Allocation Failure) 2016-04-18T00:06:24.805-0100: 14.671: [ParNew
Desired survivor size 20112992 bytes, new threshold 8 (max 8)
- age   1:    2840728 bytes,    2840728 total
- age   2:      33824 bytes,    2874552 total
- age   3:     119616 bytes,    2994168 total
- age   4:     116944 bytes,    3111112 total
- age   5:     269592 bytes,    3380704 total
- age   6:    2089984 bytes,    5470688 total
- age   7:     758936 bytes,    6229624 total
- age   8:    6431792 bytes,   12661416 total
: 99684K->18110K(109248K), 0.0506182 secs] 99684K->18110K(502464K), 0.0507547 secs] [Times: user=0.07 sys=0.00, real=0.05 secs] 
Heap after GC invocations=8 (full 1):
 par new generation   total 109248K, used 18110K [0x00000007a0000000, 0x00000007a8000000, 0x00000007a8000000)
  eden space 87424K,   0% used [0x00000007a0000000, 0x00000007a0000000, 0x00000007a5560000)
  from space 21824K,  82% used [0x00000007a5560000, 0x00000007a670f940, 0x00000007a6ab0000)
  to   space 21824K,   0% used [0x00000007a6ab0000, 0x00000007a6ab0000, 0x00000007a8000000)
 concurrent mark-sweep generation total 393216K, used 0K [0x00000007a8000000, 0x00000007c0000000, 0x00000007c0000000)
 Metaspace       used 23107K, capacity 23402K, committed 23932K, reserved 1071104K
  class space    used 2717K, capacity 2826K, committed 2940K, reserved 1048576K
}
2016-04-18T00:06:24.856-0100: 14.722: Total time for which application threads were stopped: 0.0515181 seconds, Stopping threads took: 0.0004745 seconds
2016-04-18T00:06:24.866-0100: 14.733: Total time for which application threads were stopped: 0.0001916 seconds, Stopping threads took: 0.0000567 seconds
2016-04-18T00:06:24.941-0100: 14.808: Total time for which application threads were stopped: 0.0002041 seconds, Stopping threads took: 0.0000994 seconds
2016-04-18T00:06:24.965-0100: 14.832: Total time for which application threads were stopped: 0.0004925 seconds, Stopping threads took: 0.0003680 seconds
2016-04-18T00:06:25.066-0100: 14.933: Total time for which application threads were stopped: 0.0001261 seconds, Stopping threads took: 0.0000346 seconds
2016-04-18T00:06:25.097-0100: 14.963: Total time for which application threads were stopped: 0.0001678 seconds, Stopping threads took: 0.0000621 seconds
2016-04-18T00:06:25.149-0100: 15.015: Total time for which application threads were stopped: 0.0005883 seconds, Stopping threads took: 0.0000286 seconds
2016-04-18T00:06:25.172-0100: 15.038: Total time for which application threads were stopped: 0.0001980 seconds, Stopping threads took: 0.0000848 seconds
2016-04-18T00:06:25.172-0100: 15.038: Total time for which application threads were stopped: 0.0000796 seconds, Stopping threads took: 0.0000281 seconds
2016-04-18T00:06:25.173-0100: 15.039: Total time for which application threads were stopped: 0.0001039 seconds, Stopping threads took: 0.0000338 seconds
2016-04-18T00:06:25.187-0100: 15.053: Total time for which application threads were stopped: 0.0001801 seconds, Stopping threads took: 0.0000715 seconds
2016-04-18T00:06:25.216-0100: 15.082: Total time for which application threads were stopped: 0.0006188 seconds, Stopping threads took: 0.0000323 seconds
2016-04-18T00:06:25.243-0100: 15.109: Total time for which application threads were stopped: 0.0001331 seconds, Stopping threads took: 0.0000570 seconds
2016-04-18T00:06:25.248-0100: 15.114: Total time for which application threads were stopped: 0.0001785 seconds, Stopping threads took: 0.0000618 seconds
2016-04-18T00:06:25.257-0100: 15.123: Total time for which application threads were stopped: 0.0001204 seconds, Stopping threads took: 0.0000480 seconds
2016-04-18T00:06:25.260-0100: 15.127: Total time for which application threads were stopped: 0.0001314 seconds, Stopping threads took: 0.0000590 seconds
2016-04-18T00:06:25.266-0100: 15.133: Total time for which application threads were stopped: 0.0001714 seconds, Stopping threads took: 0.0000579 seconds
2016-04-18T00:06:25.339-0100: 15.206: Total time for which application threads were stopped: 0.0001142 seconds, Stopping threads took: 0.0000248 seconds
2016-04-18T00:06:25.365-0100: 15.231: Total time for which application threads were stopped: 0.0001880 seconds, Stopping threads took: 0.0000648 seconds
2016-04-18T00:06:25.366-0100: 15.232: Total time for which application threads were stopped: 0.0001000 seconds, Stopping threads took: 0.0000167 seconds
2016-04-18T00:06:25.367-0100: 15.234: Total time for which application threads were stopped: 0.0001337 seconds, Stopping threads took: 0.0000474 seconds
2016-04-18T00:06:25.370-0100: 15.236: Total time for which application threads were stopped: 0.0001712 seconds, Stopping threads took: 0.0000497 seconds
2016-04-18T00:06:25.417-0100: 15.283: Total time for which application threads were stopped: 0.0001896 seconds, Stopping threads took: 0.0000271 seconds
2016-04-18T00:06:25.418-0100: 15.284: Total time for which application threads were stopped: 0.0001127 seconds, Stopping threads took: 0.0000472 seconds
2016-04-18T00:06:25.565-0100: 15.432: Total time for which application threads were stopped: 0.0001746 seconds, Stopping threads took: 0.0000676 seconds
2016-04-18T00:06:25.567-0100: 15.434: Total time for which application threads were stopped: 0.0000922 seconds, Stopping threads took: 0.0000230 seconds
2016-04-18T00:06:25.615-0100: 15.481: Total time for which application threads were stopped: 0.0001379 seconds, Stopping threads took: 0.0000510 seconds
2016-04-18T00:06:25.615-0100: 15.482: Total time for which application threads were stopped: 0.0000690 seconds, Stopping threads took: 0.0000291 seconds
2016-04-18T00:06:25.734-0100: 15.600: Total time for which application threads were stopped: 0.0002063 seconds, Stopping threads took: 0.0000617 seconds
2016-04-18T00:06:25.807-0100: 15.673: Total time for which application threads were stopped: 0.0001772 seconds, Stopping threads took: 0.0000309 seconds
2016-04-18T00:06:25.818-0100: 15.684: Total time for which application threads were stopped: 0.0004024 seconds, Stopping threads took: 0.0001431 seconds
2016-04-18T00:06:25.838-0100: 15.704: Total time for which application threads were stopped: 0.0002627 seconds, Stopping threads took: 0.0000365 seconds
2016-04-18T00:06:25.887-0100: 15.753: Total time for which application threads were stopped: 0.0001976 seconds, Stopping threads took: 0.0000314 seconds
2016-04-18T00:06:26.007-0100: 15.873: Total time for which application threads were stopped: 0.0001923 seconds, Stopping threads took: 0.0000478 seconds
2016-04-18T00:06:26.026-0100: 15.892: Total time for which application threads were stopped: 0.0002001 seconds, Stopping threads took: 0.0000535 seconds
2016-04-18T00:06:26.026-0100: 15.892: Total time for which application threads were stopped: 0.0000991 seconds, Stopping threads took: 0.0000249 seconds
2016-04-18T00:06:26.026-0100: 15.893: Total time for which application threads were stopped: 0.0000789 seconds, Stopping threads took: 0.0000082 seconds
2016-04-18T00:06:26.032-0100: 15.898: Total time for which application threads were stopped: 0.0003865 seconds, Stopping threads took: 0.0000597 seconds
2016-04-18T00:06:26.074-0100: 15.941: Total time for which application threads were stopped: 0.0001585 seconds, Stopping threads took: 0.0000560 seconds
2016-04-18T00:06:26.090-0100: 15.956: Total time for which application threads were stopped: 0.0003207 seconds, Stopping threads took: 0.0001969 seconds
2016-04-18T00:06:26.191-0100: 16.057: Total time for which application threads were stopped: 0.0001829 seconds, Stopping threads took: 0.0000337 seconds
2016-04-18T00:06:26.201-0100: 16.067: Total time for which application threads were stopped: 0.0001511 seconds, Stopping threads took: 0.0000491 seconds
{Heap before GC invocations=8 (full 1):
 par new generation   total 109248K, used 105534K [0x00000007a0000000, 0x00000007a8000000, 0x00000007a8000000)
  eden space 87424K, 100% used [0x00000007a0000000, 0x00000007a5560000, 0x00000007a5560000)
  from space 21824K,  82% used [0x00000007a5560000, 0x00000007a670f940, 0x00000007a6ab0000)
  to   space 21824K,   0% used [0x00000007a6ab0000, 0x00000007a6ab0000, 0x00000007a8000000)
 concurrent mark-sweep generation total 393216K, used 0K [0x00000007a8000000, 0x00000007c0000000, 0x00000007c0000000)
 Metaspace       used 25849K, capacity 26204K, committed 26492K, reserved 1073152K
  class space    used 3059K, capacity 3163K, committed 3196K, reserved 1048576K
2016-04-18T00:06:26.223-0100: 16.089: [GC (Allocation Failure) 2016-04-18T00:06:26.223-0100: 16.089: [ParNew
Desired survivor size 20112992 bytes, new threshold 8 (max 8)
- age   1:    4570096 bytes,    4570096 total
- age   2:     583536 bytes,    5153632 total
- age   3:      33824 bytes,    5187456 total
- age   4:     119584 bytes,    5307040 total
- age   5:     116224 bytes,    5423264 total
- age   6:     267024 bytes,    5690288 total
- age   7:     315264 bytes,    6005552 total
- age   8:     749112 bytes,    6754664 total
: 105534K->10350K(109248K), 0.1118960 secs] 105534K->17268K(502464K), 0.1120482 secs] [Times: user=0.14 sys=0.02, real=0.11 secs] 
Heap after GC invocations=9 (full 1):
 par new generation   total 109248K, used 10350K [0x00000007a0000000, 0x00000007a8000000, 0x00000007a8000000)
  eden space 87424K,   0% used [0x00000007a0000000, 0x00000007a0000000, 0x00000007a5560000)
  from space 21824K,  47% used [0x00000007a6ab0000, 0x00000007a74cbb30, 0x00000007a8000000)
  to   space 21824K,   0% used [0x00000007a5560000, 0x00000007a5560000, 0x00000007a6ab0000)
 concurrent mark-sweep generation total 393216K, used 6917K [0x00000007a8000000, 0x00000007c0000000, 0x00000007c0000000)
 Metaspace       used 25849K, capacity 26204K, committed 26492K, reserved 1073152K
  class space    used 3059K, capacity 3163K, committed 3196K, reserved 1048576K
}
2016-04-18T00:06:26.335-0100: 16.201: Total time for which application threads were stopped: 0.1123479 seconds, Stopping threads took: 0.0000366 seconds
2016-04-18T00:06:26.417-0100: 16.283: Total time for which application threads were stopped: 0.0006928 seconds, Stopping threads took: 0.0006008 seconds
2016-04-18T00:06:26.417-0100: 16.283: Total time for which application threads were stopped: 0.0000517 seconds, Stopping threads took: 0.0000099 seconds
2016-04-18T00:06:26.440-0100: 16.307: Total time for which application threads were stopped: 0.0001385 seconds, Stopping threads took: 0.0000291 seconds
2016-04-18T00:06:26.444-0100: 16.311: Total time for which application threads were stopped: 0.0001443 seconds, Stopping threads took: 0.0000549 seconds
2016-04-18T00:06:26.444-0100: 16.311: Total time for which application threads were stopped: 0.0000504 seconds, Stopping threads took: 0.0000093 seconds
2016-04-18T00:06:26.445-0100: 16.311: Total time for which application threads were stopped: 0.0001043 seconds, Stopping threads took: 0.0000307 seconds
2016-04-18T00:06:26.469-0100: 16.335: Total time for which application threads were stopped: 0.0001812 seconds, Stopping threads took: 0.0000492 seconds
2016-04-18T00:06:26.469-0100: 16.336: Total time for which application threads were stopped: 0.0002489 seconds, Stopping threads took: 0.0000236 seconds
2016-04-18T00:06:26.471-0100: 16.337: Total time for which application threads were stopped: 0.0004816 seconds, Stopping threads took: 0.0003596 seconds
2016-04-18T00:06:26.475-0100: 16.341: Total time for which application threads were stopped: 0.0007537 seconds, Stopping threads took: 0.0001059 seconds
2016-04-18T00:06:26.620-0100: 16.487: Total time for which application threads were stopped: 0.0001618 seconds, Stopping threads took: 0.0000298 seconds
2016-04-18T00:06:26.637-0100: 16.503: Total time for which application threads were stopped: 0.0001814 seconds, Stopping threads took: 0.0000516 seconds
2016-04-18T00:06:26.744-0100: 16.610: Total time for which application threads were stopped: 0.0008102 seconds, Stopping threads took: 0.0001551 seconds
2016-04-18T00:06:26.819-0100: 16.685: Total time for which application threads were stopped: 0.0002991 seconds, Stopping threads took: 0.0001811 seconds
2016-04-18T00:06:26.905-0100: 16.772: Total time for which application threads were stopped: 0.0064560 seconds, Stopping threads took: 0.0063091 seconds
2016-04-18T00:06:27.115-0100: 16.981: Total time for which application threads were stopped: 0.0006069 seconds, Stopping threads took: 0.0000319 seconds
2016-04-18T00:06:27.248-0100: 17.114: Total time for which application threads were stopped: 0.0073313 seconds, Stopping threads took: 0.0070758 seconds
2016-04-18T00:06:27.250-0100: 17.116: Total time for which application threads were stopped: 0.0004165 seconds, Stopping threads took: 0.0002190 seconds
2016-04-18T00:06:27.251-0100: 17.117: Total time for which application threads were stopped: 0.0003240 seconds, Stopping threads took: 0.0001694 seconds
2016-04-18T00:06:27.252-0100: 17.118: Total time for which application threads were stopped: 0.0002080 seconds, Stopping threads took: 0.0000668 seconds
2016-04-18T00:06:27.265-0100: 17.131: Total time for which application threads were stopped: 0.0076801 seconds, Stopping threads took: 0.0075006 seconds
2016-04-18T00:06:27.268-0100: 17.134: Total time for which application threads were stopped: 0.0002148 seconds, Stopping threads took: 0.0000302 seconds
2016-04-18T00:06:27.273-0100: 17.139: Total time for which application threads were stopped: 0.0002602 seconds, Stopping threads took: 0.0000666 seconds
2016-04-18T00:06:27.350-0100: 17.217: Total time for which application threads were stopped: 0.0104698 seconds, Stopping threads took: 0.0103062 seconds
2016-04-18T00:06:27.354-0100: 17.220: Total time for which application threads were stopped: 0.0028088 seconds, Stopping threads took: 0.0026787 seconds
2016-04-18T00:06:27.362-0100: 17.228: Total time for which application threads were stopped: 0.0079116 seconds, Stopping threads took: 0.0077736 seconds
2016-04-18T00:06:27.363-0100: 17.229: Total time for which application threads were stopped: 0.0002668 seconds, Stopping threads took: 0.0001793 seconds
2016-04-18T00:06:27.379-0100: 17.245: Total time for which application threads were stopped: 0.0103515 seconds, Stopping threads took: 0.0101680 seconds
2016-04-18T00:06:27.445-0100: 17.311: Total time for which application threads were stopped: 0.0026161 seconds, Stopping threads took: 0.0024457 seconds
2016-04-18T00:06:27.462-0100: 17.329: Total time for which application threads were stopped: 0.0001779 seconds, Stopping threads took: 0.0000319 seconds
2016-04-18T00:06:27.647-0100: 17.513: Total time for which application threads were stopped: 0.0002252 seconds, Stopping threads took: 0.0000329 seconds
2016-04-18T00:06:27.685-0100: 17.552: Total time for which application threads were stopped: 0.0001490 seconds, Stopping threads took: 0.0000550 seconds
2016-04-18T00:06:27.689-0100: 17.555: Total time for which application threads were stopped: 0.0002170 seconds, Stopping threads took: 0.0001144 seconds
2016-04-18T00:06:27.747-0100: 17.613: Total time for which application threads were stopped: 0.0001184 seconds, Stopping threads took: 0.0000399 seconds
2016-04-18T00:08:38.492-0100: 148.363: Total time for which application threads were stopped: 0.0002495 seconds, Stopping threads took: 0.0000627 seconds
2016-04-18T00:08:38.492-0100: 148.363: Total time for which application threads were stopped: 0.0000862 seconds, Stopping threads took: 0.0000264 seconds
2016-04-18T00:08:38.492-0100: 148.363: Total time for which application threads were stopped: 0.0000796 seconds, Stopping threads took: 0.0000258 seconds
2016-04-18T00:08:38.492-0100: 148.363: Total time for which application threads were stopped: 0.0000600 seconds, Stopping threads took: 0.0000076 seconds
2016-04-18T00:08:38.492-0100: 148.363: Total time for which application threads were stopped: 0.0000675 seconds, Stopping threads took: 0.0000096 seconds
2016-04-18T00:08:38.582-0100: 148.452: Total time for which application threads were stopped: 0.0029378 seconds, Stopping threads took: 0.0000274 seconds
2016-04-18T00:08:38.639-0100: 148.509: Total time for which application threads were stopped: 0.0001169 seconds, Stopping threads took: 0.0000294 seconds
2016-04-18T00:08:38.796-0100: 148.667: Total time for which application threads were stopped: 0.0006404 seconds, Stopping threads took: 0.0000266 seconds
2016-04-18T00:08:38.798-0100: 148.669: Total time for which application threads were stopped: 0.0003119 seconds, Stopping threads took: 0.0000271 seconds
2016-04-18T00:08:38.799-0100: 148.669: Total time for which application threads were stopped: 0.0000656 seconds, Stopping threads took: 0.0000084 seconds
2016-04-18T00:08:38.829-0100: 148.700: Total time for which application threads were stopped: 0.0001809 seconds, Stopping threads took: 0.0000692 seconds
2016-04-18T00:08:38.829-0100: 148.700: Total time for which application threads were stopped: 0.0001072 seconds, Stopping threads took: 0.0000326 seconds
2016-04-18T00:08:38.959-0100: 148.830: Total time for which application threads were stopped: 0.0001468 seconds, Stopping threads took: 0.0000598 seconds
2016-04-18T00:08:38.973-0100: 148.844: Total time for which application threads were stopped: 0.0001047 seconds, Stopping threads took: 0.0000262 seconds
2016-04-18T00:08:38.992-0100: 148.862: Total time for which application threads were stopped: 0.0001022 seconds, Stopping threads took: 0.0000273 seconds
2016-04-18T00:08:39.148-0100: 149.019: Total time for which application threads were stopped: 0.0001350 seconds, Stopping threads took: 0.0000271 seconds
2016-04-18T00:08:39.149-0100: 149.020: Total time for which application threads were stopped: 0.0000799 seconds, Stopping threads took: 0.0000182 seconds
2016-04-18T00:08:39.149-0100: 149.020: Total time for which application threads were stopped: 0.0000642 seconds, Stopping threads took: 0.0000246 seconds
2016-04-18T00:08:39.149-0100: 149.020: Total time for which application threads were stopped: 0.0000476 seconds, Stopping threads took: 0.0000081 seconds
2016-04-18T00:08:39.149-0100: 149.020: Total time for which application threads were stopped: 0.0000459 seconds, Stopping threads took: 0.0000081 seconds
2016-04-18T00:08:39.150-0100: 149.020: Total time for which application threads were stopped: 0.0000465 seconds, Stopping threads took: 0.0000093 seconds
2016-04-18T00:08:39.150-0100: 149.021: Total time for which application threads were stopped: 0.0000886 seconds, Stopping threads took: 0.0000339 seconds
2016-04-18T00:08:39.150-0100: 149.021: Total time for which application threads were stopped: 0.0000457 seconds, Stopping threads took: 0.0000080 seconds
2016-04-18T00:08:39.151-0100: 149.021: Total time for which application threads were stopped: 0.0000621 seconds, Stopping threads took: 0.0000236 seconds
2016-04-18T00:08:39.151-0100: 149.021: Total time for which application threads were stopped: 0.0000730 seconds, Stopping threads took: 0.0000311 seconds
2016-04-18T00:08:39.151-0100: 149.022: Total time for which application threads were stopped: 0.0000457 seconds, Stopping threads took: 0.0000084 seconds
2016-04-18T00:08:39.151-0100: 149.022: Total time for which application threads were stopped: 0.0001363 seconds, Stopping threads took: 0.0000931 seconds
2016-04-18T00:08:39.151-0100: 149.022: Total time for which application threads were stopped: 0.0000464 seconds, Stopping threads took: 0.0000085 seconds
2016-04-18T00:08:39.151-0100: 149.022: Total time for which application threads were stopped: 0.0000492 seconds, Stopping threads took: 0.0000084 seconds
2016-04-18T00:08:39.152-0100: 149.023: Total time for which application threads were stopped: 0.0000689 seconds, Stopping threads took: 0.0000148 seconds
2016-04-18T00:08:39.152-0100: 149.023: Total time for which application threads were stopped: 0.0000620 seconds, Stopping threads took: 0.0000236 seconds
2016-04-18T00:08:39.159-0100: 149.030: Total time for which application threads were stopped: 0.0001266 seconds, Stopping threads took: 0.0000283 seconds
2016-04-18T00:08:39.159-0100: 149.030: Total time for which application threads were stopped: 0.0000817 seconds, Stopping threads took: 0.0000261 seconds
2016-04-18T00:08:39.169-0100: 149.039: Total time for which application threads were stopped: 0.0001413 seconds, Stopping threads took: 0.0000480 seconds
2016-04-18T00:08:39.169-0100: 149.039: Total time for which application threads were stopped: 0.0000953 seconds, Stopping threads took: 0.0000252 seconds
2016-04-18T00:08:39.169-0100: 149.040: Total time for which application threads were stopped: 0.0000696 seconds, Stopping threads took: 0.0000259 seconds
2016-04-18T00:08:39.203-0100: 149.074: Total time for which application threads were stopped: 0.0001332 seconds, Stopping threads took: 0.0000333 seconds
2016-04-18T00:08:39.205-0100: 149.075: Total time for which application threads were stopped: 0.0000797 seconds, Stopping threads took: 0.0000204 seconds
2016-04-18T00:08:40.208-0100: 150.079: Total time for which application threads were stopped: 0.0001501 seconds, Stopping threads took: 0.0000416 seconds
2016-04-18T00:08:44.224-0100: 154.095: Total time for which application threads were stopped: 0.0002996 seconds, Stopping threads took: 0.0000491 seconds
2016-04-18T00:08:52.834-0100: 162.706: Total time for which application threads were stopped: 0.0001414 seconds, Stopping threads took: 0.0000311 seconds
2016-04-18T00:08:52.834-0100: 162.706: Total time for which application threads were stopped: 0.0000654 seconds, Stopping threads took: 0.0000069 seconds
2016-04-18T00:08:52.843-0100: 162.715: Total time for which application threads were stopped: 0.0001510 seconds, Stopping threads took: 0.0000465 seconds
2016-04-18T00:08:52.844-0100: 162.715: Total time for which application threads were stopped: 0.0000920 seconds, Stopping threads took: 0.0000261 seconds
2016-04-18T00:08:52.844-0100: 162.715: Total time for which application threads were stopped: 0.0001003 seconds, Stopping threads took: 0.0000300 seconds
2016-04-18T00:08:52.844-0100: 162.715: Total time for which application threads were stopped: 0.0000799 seconds, Stopping threads took: 0.0000256 seconds
2016-04-18T00:08:52.898-0100: 162.769: Total time for which application threads were stopped: 0.0001341 seconds, Stopping threads took: 0.0000280 seconds
2016-04-18T00:08:52.898-0100: 162.769: Total time for which application threads were stopped: 0.0000784 seconds, Stopping threads took: 0.0000122 seconds
2016-04-18T00:08:52.907-0100: 162.778: Total time for which application threads were stopped: 0.0001271 seconds, Stopping threads took: 0.0000278 seconds
2016-04-18T00:08:52.907-0100: 162.778: Total time for which application threads were stopped: 0.0000801 seconds, Stopping threads took: 0.0000257 seconds
{Heap before GC invocations=9 (full 1):
 par new generation   total 109248K, used 97774K [0x00000007a0000000, 0x00000007a8000000, 0x00000007a8000000)
  eden space 87424K, 100% used [0x00000007a0000000, 0x00000007a5560000, 0x00000007a5560000)
  from space 21824K,  47% used [0x00000007a6ab0000, 0x00000007a74cbb30, 0x00000007a8000000)
  to   space 21824K,   0% used [0x00000007a5560000, 0x00000007a5560000, 0x00000007a6ab0000)
 concurrent mark-sweep generation total 393216K, used 6917K [0x00000007a8000000, 0x00000007c0000000, 0x00000007c0000000)
 Metaspace       used 29702K, capacity 30044K, committed 30588K, reserved 1077248K
  class space    used 3495K, capacity 3605K, committed 3708K, reserved 1048576K
2016-04-18T00:08:53.320-0100: 163.192: [GC (Allocation Failure) 2016-04-18T00:08:53.320-0100: 163.192: [ParNew
Desired survivor size 20112992 bytes, new threshold 8 (max 8)
- age   1:   10884152 bytes,   10884152 total
- age   2:    2180920 bytes,   13065072 total
- age   3:     583248 bytes,   13648320 total
- age   4:      33824 bytes,   13682144 total
- age   5:     119232 bytes,   13801376 total
- age   6:     116224 bytes,   13917600 total
- age   7:     266432 bytes,   14184032 total
- age   8:     313744 bytes,   14497776 total
: 97774K->15568K(109248K), 0.0728338 secs] 104692K->23218K(502464K), 0.0729510 secs] [Times: user=0.08 sys=0.05, real=0.07 secs] 
Heap after GC invocations=10 (full 1):
 par new generation   total 109248K, used 15568K [0x00000007a0000000, 0x00000007a8000000, 0x00000007a8000000)
  eden space 87424K,   0% used [0x00000007a0000000, 0x00000007a0000000, 0x00000007a5560000)
  from space 21824K,  71% used [0x00000007a5560000, 0x00000007a6494010, 0x00000007a6ab0000)
  to   space 21824K,   0% used [0x00000007a6ab0000, 0x00000007a6ab0000, 0x00000007a8000000)
 concurrent mark-sweep generation total 393216K, used 7650K [0x00000007a8000000, 0x00000007c0000000, 0x00000007c0000000)
 Metaspace       used 29702K, capacity 30044K, committed 30588K, reserved 1077248K
  class space    used 3495K, capacity 3605K, committed 3708K, reserved 1048576K
}
2016-04-18T00:08:53.393-0100: 163.265: Total time for which application threads were stopped: 0.0733632 seconds, Stopping threads took: 0.0000799 seconds
2016-04-18T00:08:53.397-0100: 163.268: Total time for which application threads were stopped: 0.0002390 seconds, Stopping threads took: 0.0000790 seconds
2016-04-18T00:08:53.397-0100: 163.268: Total time for which application threads were stopped: 0.0000975 seconds, Stopping threads took: 0.0000509 seconds
2016-04-18T00:08:53.397-0100: 163.269: Total time for which application threads were stopped: 0.0001467 seconds, Stopping threads took: 0.0000718 seconds
2016-04-18T00:08:53.398-0100: 163.269: Total time for which application threads were stopped: 0.0000517 seconds, Stopping threads took: 0.0000097 seconds
2016-04-18T00:08:53.398-0100: 163.270: Total time for which application threads were stopped: 0.0002003 seconds, Stopping threads took: 0.0000666 seconds
{Heap before GC invocations=10 (full 1):
 par new generation   total 109248K, used 102992K [0x00000007a0000000, 0x00000007a8000000, 0x00000007a8000000)
  eden space 87424K, 100% used [0x00000007a0000000, 0x00000007a5560000, 0x00000007a5560000)
  from space 21824K,  71% used [0x00000007a5560000, 0x00000007a6494010, 0x00000007a6ab0000)
  to   space 21824K,   0% used [0x00000007a6ab0000, 0x00000007a6ab0000, 0x00000007a8000000)
 concurrent mark-sweep generation total 393216K, used 7650K [0x00000007a8000000, 0x00000007c0000000, 0x00000007c0000000)
 Metaspace       used 29752K, capacity 30092K, committed 30588K, reserved 1077248K
  class space    used 3499K, capacity 3613K, committed 3708K, reserved 1048576K
2016-04-18T00:08:53.582-0100: 163.453: [GC (Allocation Failure) 2016-04-18T00:08:53.582-0100: 163.453: [ParNew
Desired survivor size 20112992 bytes, new threshold 8 (max 8)
- age   1:     826752 bytes,     826752 total
- age   2:    8239680 bytes,    9066432 total
- age   3:    2178544 bytes,   11244976 total
- age   4:     583248 bytes,   11828224 total
- age   5:      33824 bytes,   11862048 total
- age   6:     119232 bytes,   11981280 total
- age   7:     116224 bytes,   12097504 total
- age   8:     266016 bytes,   12363520 total
: 102992K->19554K(109248K), 0.0585878 secs] 110642K->27517K(502464K), 0.0587427 secs] [Times: user=0.09 sys=0.00, real=0.06 secs] 
Heap after GC invocations=11 (full 1):
 par new generation   total 109248K, used 19554K [0x00000007a0000000, 0x00000007a8000000, 0x00000007a8000000)
  eden space 87424K,   0% used [0x00000007a0000000, 0x00000007a0000000, 0x00000007a5560000)
  from space 21824K,  89% used [0x00000007a6ab0000, 0x00000007a7dc8a38, 0x00000007a8000000)
  to   space 21824K,   0% used [0x00000007a5560000, 0x00000007a5560000, 0x00000007a6ab0000)
 concurrent mark-sweep generation total 393216K, used 7962K [0x00000007a8000000, 0x00000007c0000000, 0x00000007c0000000)
 Metaspace       used 29752K, capacity 30092K, committed 30588K, reserved 1077248K
  class space    used 3499K, capacity 3613K, committed 3708K, reserved 1048576K
}
2016-04-18T00:08:53.640-0100: 163.512: Total time for which application threads were stopped: 0.0592741 seconds, Stopping threads took: 0.0000603 seconds
2016-04-18T00:08:53.641-0100: 163.512: Total time for which application threads were stopped: 0.0001735 seconds, Stopping threads took: 0.0000366 seconds
2016-04-18T00:08:53.948-0100: 163.819: Total time for which application threads were stopped: 0.0002389 seconds, Stopping threads took: 0.0000470 seconds
2016-04-18T00:08:54.265-0100: 164.136: Total time for which application threads were stopped: 0.0001787 seconds, Stopping threads took: 0.0000496 seconds
2016-04-18T00:08:55.266-0100: 165.137: Total time for which application threads were stopped: 0.0002182 seconds, Stopping threads took: 0.0000486 seconds
2016-04-18T00:09:05.290-0100: 175.162: Total time for which application threads were stopped: 0.0002836 seconds, Stopping threads took: 0.0000945 seconds
2016-04-18T00:09:06.172-0100: 176.044: Total time for which application threads were stopped: 0.0002351 seconds, Stopping threads took: 0.0000769 seconds
2016-04-18T00:09:06.174-0100: 176.046: Total time for which application threads were stopped: 0.0001328 seconds, Stopping threads took: 0.0000247 seconds
2016-04-18T00:09:06.174-0100: 176.046: Total time for which application threads were stopped: 0.0001968 seconds, Stopping threads took: 0.0000086 seconds
2016-04-18T00:09:06.177-0100: 176.049: Total time for which application threads were stopped: 0.0001632 seconds, Stopping threads took: 0.0000559 seconds
2016-04-18T00:09:06.178-0100: 176.050: Total time for which application threads were stopped: 0.0000867 seconds, Stopping threads took: 0.0000132 seconds
2016-04-18T00:09:06.181-0100: 176.053: Total time for which application threads were stopped: 0.0001613 seconds, Stopping threads took: 0.0000465 seconds
2016-04-18T00:09:06.182-0100: 176.053: Total time for which application threads were stopped: 0.0000885 seconds, Stopping threads took: 0.0000147 seconds
2016-04-18T00:09:06.182-0100: 176.053: Total time for which application threads were stopped: 0.0000638 seconds, Stopping threads took: 0.0000078 seconds
2016-04-18T00:09:06.182-0100: 176.053: Total time for which application threads were stopped: 0.0000604 seconds, Stopping threads took: 0.0000075 seconds
2016-04-18T00:09:06.182-0100: 176.054: Total time for which application threads were stopped: 0.0000592 seconds, Stopping threads took: 0.0000073 seconds
2016-04-18T00:09:06.182-0100: 176.054: Total time for which application threads were stopped: 0.0000626 seconds, Stopping threads took: 0.0000076 seconds
2016-04-18T00:09:06.182-0100: 176.054: Total time for which application threads were stopped: 0.0000617 seconds, Stopping threads took: 0.0000075 seconds
2016-04-18T00:09:06.182-0100: 176.054: Total time for which application threads were stopped: 0.0000631 seconds, Stopping threads took: 0.0000078 seconds
2016-04-18T00:09:06.184-0100: 176.055: Total time for which application threads were stopped: 0.0001379 seconds, Stopping threads took: 0.0000246 seconds
2016-04-18T00:09:06.190-0100: 176.062: Total time for which application threads were stopped: 0.0001645 seconds, Stopping threads took: 0.0000483 seconds
2016-04-18T00:09:06.191-0100: 176.063: Total time for which application threads were stopped: 0.0001301 seconds, Stopping threads took: 0.0000405 seconds
2016-04-18T00:09:06.191-0100: 176.063: Total time for which application threads were stopped: 0.0000926 seconds, Stopping threads took: 0.0000246 seconds
2016-04-18T00:09:06.199-0100: 176.071: Total time for which application threads were stopped: 0.0001774 seconds, Stopping threads took: 0.0000279 seconds
2016-04-18T00:09:06.199-0100: 176.071: Total time for which application threads were stopped: 0.0000702 seconds, Stopping threads took: 0.0000072 seconds
2016-04-18T00:09:06.203-0100: 176.074: Total time for which application threads were stopped: 0.0001569 seconds, Stopping threads took: 0.0000430 seconds
2016-04-18T00:09:06.208-0100: 176.080: Total time for which application threads were stopped: 0.0002163 seconds, Stopping threads took: 0.0000490 seconds
2016-04-18T00:09:06.214-0100: 176.085: Total time for which application threads were stopped: 0.0001504 seconds, Stopping threads took: 0.0000513 seconds
2016-04-18T00:09:06.215-0100: 176.087: Total time for which application threads were stopped: 0.0001195 seconds, Stopping threads took: 0.0000285 seconds
2016-04-18T00:09:14.805-0100: 184.677: Total time for which application threads were stopped: 0.0001417 seconds, Stopping threads took: 0.0000355 seconds
2016-04-18T00:09:14.826-0100: 184.698: Total time for which application threads were stopped: 0.0002042 seconds, Stopping threads took: 0.0000276 seconds
2016-04-18T00:09:14.831-0100: 184.703: Total time for which application threads were stopped: 0.0001647 seconds, Stopping threads took: 0.0000304 seconds
2016-04-18T00:09:14.890-0100: 184.762: Total time for which application threads were stopped: 0.0001789 seconds, Stopping threads took: 0.0000380 seconds
2016-04-18T00:09:14.890-0100: 184.762: Total time for which application threads were stopped: 0.0000612 seconds, Stopping threads took: 0.0000069 seconds
2016-04-18T00:09:14.902-0100: 184.774: Total time for which application threads were stopped: 0.0001742 seconds, Stopping threads took: 0.0000297 seconds
2016-04-18T00:09:14.904-0100: 184.776: Total time for which application threads were stopped: 0.0001624 seconds, Stopping threads took: 0.0000282 seconds
2016-04-18T00:09:14.904-0100: 184.776: Total time for which application threads were stopped: 0.0000820 seconds, Stopping threads took: 0.0000096 seconds
2016-04-18T00:09:14.904-0100: 184.776: Total time for which application threads were stopped: 0.0001043 seconds, Stopping threads took: 0.0000234 seconds
2016-04-18T00:09:14.904-0100: 184.776: Total time for which application threads were stopped: 0.0000868 seconds, Stopping threads took: 0.0000080 seconds
2016-04-18T00:09:14.904-0100: 184.777: Total time for which application threads were stopped: 0.0000700 seconds, Stopping threads took: 0.0000088 seconds
2016-04-18T00:09:14.905-0100: 184.777: Total time for which application threads were stopped: 0.0000829 seconds, Stopping threads took: 0.0000278 seconds
2016-04-18T00:09:14.905-0100: 184.777: Total time for which application threads were stopped: 0.0001258 seconds, Stopping threads took: 0.0000406 seconds
2016-04-18T00:09:24.451-0100: 194.323: Total time for which application threads were stopped: 0.0001689 seconds, Stopping threads took: 0.0000331 seconds
2016-04-18T00:09:24.451-0100: 194.323: Total time for which application threads were stopped: 0.0000715 seconds, Stopping threads took: 0.0000077 seconds
2016-04-18T00:09:24.462-0100: 194.334: Total time for which application threads were stopped: 0.0001464 seconds, Stopping threads took: 0.0000302 seconds
2016-04-18T00:09:24.463-0100: 194.335: Total time for which application threads were stopped: 0.0001230 seconds, Stopping threads took: 0.0000202 seconds
2016-04-18T00:09:25.465-0100: 195.337: Total time for which application threads were stopped: 0.0001627 seconds, Stopping threads took: 0.0000431 seconds
2016-04-18T00:09:27.657-0100: 197.529: Total time for which application threads were stopped: 0.0001561 seconds, Stopping threads took: 0.0000334 seconds
2016-04-18T00:09:27.657-0100: 197.530: Total time for which application threads were stopped: 0.0000653 seconds, Stopping threads took: 0.0000064 seconds
2016-04-18T00:09:27.666-0100: 197.538: Total time for which application threads were stopped: 0.0002579 seconds, Stopping threads took: 0.0000312 seconds
2016-04-18T00:09:27.666-0100: 197.539: Total time for which application threads were stopped: 0.0001479 seconds, Stopping threads took: 0.0000244 seconds
2016-04-18T00:09:27.666-0100: 197.539: Total time for which application threads were stopped: 0.0001446 seconds, Stopping threads took: 0.0000244 seconds
{Heap before GC invocations=11 (full 1):
 par new generation   total 109248K, used 106978K [0x00000007a0000000, 0x00000007a8000000, 0x00000007a8000000)
  eden space 87424K, 100% used [0x00000007a0000000, 0x00000007a5560000, 0x00000007a5560000)
  from space 21824K,  89% used [0x00000007a6ab0000, 0x00000007a7dc8a38, 0x00000007a8000000)
  to   space 21824K,   0% used [0x00000007a5560000, 0x00000007a5560000, 0x00000007a6ab0000)
 concurrent mark-sweep generation total 393216K, used 7962K [0x00000007a8000000, 0x00000007c0000000, 0x00000007c0000000)
 Metaspace       used 30197K, capacity 30602K, committed 31100K, reserved 1077248K
  class space    used 3535K, capacity 3650K, committed 3708K, reserved 1048576K
2016-04-18T00:09:29.710-0100: 199.583: [GC (Allocation Failure) 2016-04-18T00:09:29.710-0100: 199.583: [ParNew
Desired survivor size 20112992 bytes, new threshold 8 (max 8)
- age   1:    2882720 bytes,    2882720 total
- age   2:     134840 bytes,    3017560 total
- age   3:    8194448 bytes,   11212008 total
- age   4:    2175296 bytes,   13387304 total
- age   5:     563304 bytes,   13950608 total
- age   6:      33824 bytes,   13984432 total
- age   7:     119072 bytes,   14103504 total
- age   8:     115992 bytes,   14219496 total
: 106978K->16238K(109248K), 0.0437490 secs] 114941K->24466K(502464K), 0.0438749 secs] [Times: user=0.08 sys=0.01, real=0.04 secs] 
Heap after GC invocations=12 (full 1):
 par new generation   total 109248K, used 16238K [0x00000007a0000000, 0x00000007a8000000, 0x00000007a8000000)
  eden space 87424K,   0% used [0x00000007a0000000, 0x00000007a0000000, 0x00000007a5560000)
  from space 21824K,  74% used [0x00000007a5560000, 0x00000007a653bb60, 0x00000007a6ab0000)
  to   space 21824K,   0% used [0x00000007a6ab0000, 0x00000007a6ab0000, 0x00000007a8000000)
 concurrent mark-sweep generation total 393216K, used 8227K [0x00000007a8000000, 0x00000007c0000000, 0x00000007c0000000)
 Metaspace       used 30197K, capacity 30602K, committed 31100K, reserved 1077248K
  class space    used 3535K, capacity 3650K, committed 3708K, reserved 1048576K
}
2016-04-18T00:09:29.754-0100: 199.627: Total time for which application threads were stopped: 0.0441455 seconds, Stopping threads took: 0.0000296 seconds
2016-04-18T00:09:29.754-0100: 199.627: Total time for which application threads were stopped: 0.0001224 seconds, Stopping threads took: 0.0000330 seconds
2016-04-18T00:09:30.760-0100: 200.632: Total time for which application threads were stopped: 0.0002406 seconds, Stopping threads took: 0.0000438 seconds
2016-04-18T00:09:40.500-0100: 210.373: Total time for which application threads were stopped: 0.0001531 seconds, Stopping threads took: 0.0000317 seconds
2016-04-18T00:09:40.500-0100: 210.373: Total time for which application threads were stopped: 0.0000707 seconds, Stopping threads took: 0.0000080 seconds
2016-04-18T00:09:40.511-0100: 210.384: Total time for which application threads were stopped: 0.0001460 seconds, Stopping threads took: 0.0000299 seconds
2016-04-18T00:09:40.511-0100: 210.384: Total time for which application threads were stopped: 0.0000782 seconds, Stopping threads took: 0.0000265 seconds
2016-04-18T00:09:40.516-0100: 210.389: Total time for which application threads were stopped: 0.0001460 seconds, Stopping threads took: 0.0000340 seconds
2016-04-18T00:09:40.516-0100: 210.389: Total time for which application threads were stopped: 0.0001057 seconds, Stopping threads took: 0.0000451 seconds
2016-04-18T00:09:40.601-0100: 210.474: Total time for which application threads were stopped: 0.0001389 seconds, Stopping threads took: 0.0000362 seconds
2016-04-18T00:09:40.601-0100: 210.474: Total time for which application threads were stopped: 0.0000526 seconds, Stopping threads took: 0.0000083 seconds
2016-04-18T00:09:40.601-0100: 210.474: Total time for which application threads were stopped: 0.0000531 seconds, Stopping threads took: 0.0000086 seconds
2016-04-18T00:09:40.601-0100: 210.474: Total time for which application threads were stopped: 0.0000515 seconds, Stopping threads took: 0.0000080 seconds
2016-04-18T00:09:40.601-0100: 210.474: Total time for which application threads were stopped: 0.0000508 seconds, Stopping threads took: 0.0000080 seconds
2016-04-18T00:09:40.602-0100: 210.475: Total time for which application threads were stopped: 0.0001371 seconds, Stopping threads took: 0.0000455 seconds
2016-04-18T00:09:40.602-0100: 210.475: Total time for which application threads were stopped: 0.0000573 seconds, Stopping threads took: 0.0000094 seconds
2016-04-18T00:09:40.602-0100: 210.475: Total time for which application threads were stopped: 0.0000508 seconds, Stopping threads took: 0.0000082 seconds
2016-04-18T00:09:40.603-0100: 210.475: Total time for which application threads were stopped: 0.0000518 seconds, Stopping threads took: 0.0000085 seconds
2016-04-18T00:09:40.603-0100: 210.476: Total time for which application threads were stopped: 0.0000651 seconds, Stopping threads took: 0.0000181 seconds
2016-04-18T00:09:40.603-0100: 210.476: Total time for which application threads were stopped: 0.0000732 seconds, Stopping threads took: 0.0000264 seconds
2016-04-18T00:09:40.603-0100: 210.476: Total time for which application threads were stopped: 0.0000654 seconds, Stopping threads took: 0.0000222 seconds
2016-04-18T00:09:40.603-0100: 210.476: Total time for which application threads were stopped: 0.0000677 seconds, Stopping threads took: 0.0000234 seconds
2016-04-18T00:09:40.604-0100: 210.477: Total time for which application threads were stopped: 0.0001178 seconds, Stopping threads took: 0.0000384 seconds
2016-04-18T00:09:40.604-0100: 210.477: Total time for which application threads were stopped: 0.0000511 seconds, Stopping threads took: 0.0000081 seconds
2016-04-18T00:09:40.613-0100: 210.486: Total time for which application threads were stopped: 0.0001396 seconds, Stopping threads took: 0.0000292 seconds
2016-04-18T00:09:40.613-0100: 210.486: Total time for which application threads were stopped: 0.0000540 seconds, Stopping threads took: 0.0000063 seconds
2016-04-18T00:09:40.624-0100: 210.497: Total time for which application threads were stopped: 0.0001606 seconds, Stopping threads took: 0.0000504 seconds
2016-04-18T00:09:40.624-0100: 210.497: Total time for which application threads were stopped: 0.0001080 seconds, Stopping threads took: 0.0000259 seconds
2016-04-18T00:09:41.625-0100: 211.498: Total time for which application threads were stopped: 0.0001865 seconds, Stopping threads took: 0.0000452 seconds
2016-04-18T00:09:42.018-0100: 211.891: Total time for which application threads were stopped: 0.0001859 seconds, Stopping threads took: 0.0000338 seconds
2016-04-18T00:09:42.018-0100: 211.891: Total time for which application threads were stopped: 0.0000696 seconds, Stopping threads took: 0.0000080 seconds
2016-04-18T00:09:42.040-0100: 211.913: Total time for which application threads were stopped: 0.0002244 seconds, Stopping threads took: 0.0000893 seconds
2016-04-18T00:09:42.040-0100: 211.913: Total time for which application threads were stopped: 0.0001235 seconds, Stopping threads took: 0.0000501 seconds
2016-04-18T00:09:43.043-0100: 212.916: Total time for which application threads were stopped: 0.0003940 seconds, Stopping threads took: 0.0000997 seconds
2016-04-18T00:09:44.048-0100: 213.921: Total time for which application threads were stopped: 0.0002136 seconds, Stopping threads took: 0.0000488 seconds
2016-04-18T00:09:46.116-0100: 215.989: Total time for which application threads were stopped: 0.0001336 seconds, Stopping threads took: 0.0000308 seconds
2016-04-18T00:09:47.831-0100: 217.704: Total time for which application threads were stopped: 0.0001721 seconds, Stopping threads took: 0.0000351 seconds
2016-04-18T00:09:47.831-0100: 217.704: Total time for which application threads were stopped: 0.0000657 seconds, Stopping threads took: 0.0000065 seconds
2016-04-18T00:09:47.842-0100: 217.715: Total time for which application threads were stopped: 0.0001667 seconds, Stopping threads took: 0.0000532 seconds
2016-04-18T00:09:47.844-0100: 217.717: Total time for which application threads were stopped: 0.0001386 seconds, Stopping threads took: 0.0000477 seconds
2016-04-18T00:09:47.855-0100: 217.728: Total time for which application threads were stopped: 0.0007312 seconds, Stopping threads took: 0.0000361 seconds
2016-04-18T00:09:48.004-0100: 217.877: Total time for which application threads were stopped: 0.0002060 seconds, Stopping threads took: 0.0000535 seconds
2016-04-18T00:09:48.004-0100: 217.877: Total time for which application threads were stopped: 0.0000910 seconds, Stopping threads took: 0.0000148 seconds
2016-04-18T00:09:48.019-0100: 217.892: Total time for which application threads were stopped: 0.0001498 seconds, Stopping threads took: 0.0000485 seconds
2016-04-18T00:09:48.019-0100: 217.892: Total time for which application threads were stopped: 0.0000499 seconds, Stopping threads took: 0.0000088 seconds
2016-04-18T00:09:50.009-0100: 219.883: Total time for which application threads were stopped: 0.0002049 seconds, Stopping threads took: 0.0000318 seconds
2016-04-18T00:09:50.010-0100: 219.883: Total time for which application threads were stopped: 0.0000837 seconds, Stopping threads took: 0.0000104 seconds
2016-04-18T00:09:50.010-0100: 219.883: Total time for which application threads were stopped: 0.0000909 seconds, Stopping threads took: 0.0000272 seconds
2016-04-18T00:09:50.010-0100: 219.883: Total time for which application threads were stopped: 0.0000869 seconds, Stopping threads took: 0.0000261 seconds
2016-04-18T00:09:50.010-0100: 219.883: Total time for which application threads were stopped: 0.0000629 seconds, Stopping threads took: 0.0000092 seconds
2016-04-18T00:09:50.022-0100: 219.896: Total time for which application threads were stopped: 0.0001778 seconds, Stopping threads took: 0.0000328 seconds
2016-04-18T00:09:50.023-0100: 219.896: Total time for which application threads were stopped: 0.0000756 seconds, Stopping threads took: 0.0000096 seconds
2016-04-18T00:09:50.023-0100: 219.896: Total time for which application threads were stopped: 0.0000903 seconds, Stopping threads took: 0.0000264 seconds
2016-04-18T00:09:50.023-0100: 219.896: Total time for which application threads were stopped: 0.0000812 seconds, Stopping threads took: 0.0000240 seconds
2016-04-18T00:09:50.023-0100: 219.896: Total time for which application threads were stopped: 0.0000813 seconds, Stopping threads took: 0.0000330 seconds
2016-04-18T00:09:50.032-0100: 219.905: Total time for which application threads were stopped: 0.0007345 seconds, Stopping threads took: 0.0000324 seconds
2016-04-18T00:09:51.036-0100: 220.909: Total time for which application threads were stopped: 0.0002234 seconds, Stopping threads took: 0.0000518 seconds
2016-04-18T00:09:51.449-0100: 221.322: Total time for which application threads were stopped: 0.0001905 seconds, Stopping threads took: 0.0000528 seconds
2016-04-18T00:09:51.449-0100: 221.322: Total time for which application threads were stopped: 0.0000703 seconds, Stopping threads took: 0.0000111 seconds
2016-04-18T00:09:51.469-0100: 221.342: Total time for which application threads were stopped: 0.0001388 seconds, Stopping threads took: 0.0000309 seconds
2016-04-18T00:09:51.471-0100: 221.345: Total time for which application threads were stopped: 0.0001439 seconds, Stopping threads took: 0.0000333 seconds
2016-04-18T00:10:12.371-0100: 242.245: Total time for which application threads were stopped: 0.0001476 seconds, Stopping threads took: 0.0000448 seconds
2016-04-18T00:10:12.371-0100: 242.245: Total time for which application threads were stopped: 0.0000759 seconds, Stopping threads took: 0.0000325 seconds
2016-04-18T00:10:12.418-0100: 242.292: Total time for which application threads were stopped: 0.0006601 seconds, Stopping threads took: 0.0000314 seconds
2016-04-18T00:10:12.454-0100: 242.328: Total time for which application threads were stopped: 0.0002912 seconds, Stopping threads took: 0.0001570 seconds
2016-04-18T00:10:12.456-0100: 242.330: Total time for which application threads were stopped: 0.0001206 seconds, Stopping threads took: 0.0000300 seconds
2016-04-18T00:10:12.456-0100: 242.330: Total time for which application threads were stopped: 0.0000556 seconds, Stopping threads took: 0.0000086 seconds
2016-04-18T00:10:12.456-0100: 242.330: Total time for which application threads were stopped: 0.0000549 seconds, Stopping threads took: 0.0000089 seconds
2016-04-18T00:10:12.486-0100: 242.360: Total time for which application threads were stopped: 0.0001158 seconds, Stopping threads took: 0.0000279 seconds
2016-04-18T00:10:12.596-0100: 242.470: Total time for which application threads were stopped: 0.0007962 seconds, Stopping threads took: 0.0000567 seconds
2016-04-18T00:10:12.605-0100: 242.479: Total time for which application threads were stopped: 0.0001362 seconds, Stopping threads took: 0.0000285 seconds
2016-04-18T00:10:12.605-0100: 242.479: Total time for which application threads were stopped: 0.0000607 seconds, Stopping threads took: 0.0000095 seconds
2016-04-18T00:10:12.667-0100: 242.541: Total time for which application threads were stopped: 0.0001304 seconds, Stopping threads took: 0.0000284 seconds
2016-04-18T00:10:12.667-0100: 242.541: Total time for which application threads were stopped: 0.0000547 seconds, Stopping threads took: 0.0000087 seconds
2016-04-18T00:10:12.722-0100: 242.596: Total time for which application threads were stopped: 0.0002425 seconds, Stopping threads took: 0.0000969 seconds
2016-04-18T00:10:12.780-0100: 242.654: Total time for which application threads were stopped: 0.0007654 seconds, Stopping threads took: 0.0000308 seconds
2016-04-18T00:10:12.782-0100: 242.656: Total time for which application threads were stopped: 0.0006408 seconds, Stopping threads took: 0.0000238 seconds
2016-04-18T00:10:13.783-0100: 243.657: Total time for which application threads were stopped: 0.0001838 seconds, Stopping threads took: 0.0000412 seconds
2016-04-18T00:10:13.809-0100: 243.684: Total time for which application threads were stopped: 0.0001306 seconds, Stopping threads took: 0.0000312 seconds
2016-04-18T00:10:13.811-0100: 243.685: Total time for which application threads were stopped: 0.0001142 seconds, Stopping threads took: 0.0000265 seconds
2016-04-18T00:10:13.811-0100: 243.685: Total time for which application threads were stopped: 0.0000737 seconds, Stopping threads took: 0.0000150 seconds
2016-04-18T00:10:13.811-0100: 243.685: Total time for which application threads were stopped: 0.0000571 seconds, Stopping threads took: 0.0000093 seconds
2016-04-18T00:10:13.817-0100: 243.691: Total time for which application threads were stopped: 0.0001304 seconds, Stopping threads took: 0.0000322 seconds
2016-04-18T00:10:13.882-0100: 243.756: Total time for which application threads were stopped: 0.0001495 seconds, Stopping threads took: 0.0000383 seconds
2016-04-18T00:10:13.882-0100: 243.756: Total time for which application threads were stopped: 0.0000535 seconds, Stopping threads took: 0.0000087 seconds
2016-04-18T00:10:13.944-0100: 243.818: Total time for which application threads were stopped: 0.0001844 seconds, Stopping threads took: 0.0000354 seconds
2016-04-18T00:10:14.908-0100: 244.782: Total time for which application threads were stopped: 0.0001794 seconds, Stopping threads took: 0.0000360 seconds
2016-04-18T00:10:27.805-0100: 257.679: Total time for which application threads were stopped: 0.0001755 seconds, Stopping threads took: 0.0000366 seconds
2016-04-18T00:10:27.805-0100: 257.679: Total time for which application threads were stopped: 0.0000566 seconds, Stopping threads took: 0.0000099 seconds
2016-04-18T00:10:27.806-0100: 257.680: Total time for which application threads were stopped: 0.0000732 seconds, Stopping threads took: 0.0000153 seconds
2016-04-18T00:10:27.806-0100: 257.680: Total time for which application threads were stopped: 0.0000494 seconds, Stopping threads took: 0.0000083 seconds
2016-04-18T00:10:27.827-0100: 257.701: Total time for which application threads were stopped: 0.0001321 seconds, Stopping threads took: 0.0000337 seconds
2016-04-18T00:10:27.827-0100: 257.702: Total time for which application threads were stopped: 0.0001110 seconds, Stopping threads took: 0.0000234 seconds
2016-04-18T00:10:27.828-0100: 257.703: Total time for which application threads were stopped: 0.0001136 seconds, Stopping threads took: 0.0000299 seconds
2016-04-18T00:10:27.829-0100: 257.704: Total time for which application threads were stopped: 0.0000910 seconds, Stopping threads took: 0.0000190 seconds
2016-04-18T00:10:27.830-0100: 257.704: Total time for which application threads were stopped: 0.0001079 seconds, Stopping threads took: 0.0000140 seconds
2016-04-18T00:10:27.831-0100: 257.705: Total time for which application threads were stopped: 0.0001086 seconds, Stopping threads took: 0.0000220 seconds
2016-04-18T00:10:27.832-0100: 257.706: Total time for which application threads were stopped: 0.0001096 seconds, Stopping threads took: 0.0000252 seconds
2016-04-18T00:10:27.834-0100: 257.709: Total time for which application threads were stopped: 0.0001346 seconds, Stopping threads took: 0.0000341 seconds
2016-04-18T00:10:27.836-0100: 257.711: Total time for which application threads were stopped: 0.0001387 seconds, Stopping threads took: 0.0000352 seconds
2016-04-18T00:10:27.837-0100: 257.712: Total time for which application threads were stopped: 0.0001211 seconds, Stopping threads took: 0.0000249 seconds
2016-04-18T00:10:27.839-0100: 257.714: Total time for which application threads were stopped: 0.0001425 seconds, Stopping threads took: 0.0000454 seconds
2016-04-18T00:10:27.844-0100: 257.719: Total time for which application threads were stopped: 0.0001392 seconds, Stopping threads took: 0.0000367 seconds
2016-04-18T00:10:27.846-0100: 257.720: Total time for which application threads were stopped: 0.0005748 seconds, Stopping threads took: 0.0004578 seconds
2016-04-18T00:10:27.848-0100: 257.722: Total time for which application threads were stopped: 0.0001183 seconds, Stopping threads took: 0.0000310 seconds
2016-04-18T00:10:27.848-0100: 257.722: Total time for which application threads were stopped: 0.0000500 seconds, Stopping threads took: 0.0000082 seconds
2016-04-18T00:10:27.848-0100: 257.723: Total time for which application threads were stopped: 0.0000507 seconds, Stopping threads took: 0.0000076 seconds
2016-04-18T00:10:31.193-0100: 261.068: Total time for which application threads were stopped: 0.0001569 seconds, Stopping threads took: 0.0000306 seconds
2016-04-18T00:10:31.193-0100: 261.068: Total time for which application threads were stopped: 0.0000685 seconds, Stopping threads took: 0.0000078 seconds
2016-04-18T00:10:31.203-0100: 261.077: Total time for which application threads were stopped: 0.0001587 seconds, Stopping threads took: 0.0000506 seconds
2016-04-18T00:10:31.203-0100: 261.077: Total time for which application threads were stopped: 0.0000820 seconds, Stopping threads took: 0.0000253 seconds
2016-04-18T00:10:33.208-0100: 263.083: Total time for which application threads were stopped: 0.0002159 seconds, Stopping threads took: 0.0000435 seconds
2016-04-18T00:11:07.010-0100: 296.886: Total time for which application threads were stopped: 0.0001949 seconds, Stopping threads took: 0.0000348 seconds
2016-04-18T00:11:07.021-0100: 296.897: Total time for which application threads were stopped: 0.0022899 seconds, Stopping threads took: 0.0020846 seconds
2016-04-18T00:11:07.031-0100: 296.907: Total time for which application threads were stopped: 0.0082145 seconds, Stopping threads took: 0.0078310 seconds
2016-04-18T00:11:07.031-0100: 296.907: Total time for which application threads were stopped: 0.0001346 seconds, Stopping threads took: 0.0000524 seconds
2016-04-18T00:11:07.048-0100: 296.924: Total time for which application threads were stopped: 0.0001591 seconds, Stopping threads took: 0.0000304 seconds
2016-04-18T00:11:07.048-0100: 296.924: Total time for which application threads were stopped: 0.0000784 seconds, Stopping threads took: 0.0000090 seconds
2016-04-18T00:11:07.049-0100: 296.924: Total time for which application threads were stopped: 0.0000871 seconds, Stopping threads took: 0.0000262 seconds
2016-04-18T00:11:07.049-0100: 296.924: Total time for which application threads were stopped: 0.0000711 seconds, Stopping threads took: 0.0000082 seconds
2016-04-18T00:11:07.051-0100: 296.927: Total time for which application threads were stopped: 0.0014809 seconds, Stopping threads took: 0.0013616 seconds
2016-04-18T00:11:08.056-0100: 297.932: Total time for which application threads were stopped: 0.0001644 seconds, Stopping threads took: 0.0000390 seconds
2016-04-18T00:11:08.406-0100: 298.282: Total time for which application threads were stopped: 0.0002625 seconds, Stopping threads took: 0.0000313 seconds
2016-04-18T00:11:08.407-0100: 298.283: Total time for which application threads were stopped: 0.0001432 seconds, Stopping threads took: 0.0000279 seconds
2016-04-18T00:11:08.427-0100: 298.303: Total time for which application threads were stopped: 0.0001684 seconds, Stopping threads took: 0.0000341 seconds
2016-04-18T00:11:08.427-0100: 298.303: Total time for which application threads were stopped: 0.0000748 seconds, Stopping threads took: 0.0000088 seconds
2016-04-18T00:11:08.427-0100: 298.303: Total time for which application threads were stopped: 0.0001035 seconds, Stopping threads took: 0.0000398 seconds
2016-04-18T00:11:08.438-0100: 298.314: Total time for which application threads were stopped: 0.0110829 seconds, Stopping threads took: 0.0109185 seconds
2016-04-18T00:11:08.438-0100: 298.314: Total time for which application threads were stopped: 0.0000978 seconds, Stopping threads took: 0.0000390 seconds
2016-04-18T00:11:08.527-0100: 298.402: Total time for which application threads were stopped: 0.0001496 seconds, Stopping threads took: 0.0000304 seconds
2016-04-18T00:11:08.527-0100: 298.403: Total time for which application threads were stopped: 0.0000889 seconds, Stopping threads took: 0.0000283 seconds
2016-04-18T00:11:08.537-0100: 298.413: Total time for which application threads were stopped: 0.0002551 seconds, Stopping threads took: 0.0001014 seconds
2016-04-18T00:11:08.538-0100: 298.414: Total time for which application threads were stopped: 0.0001282 seconds, Stopping threads took: 0.0000333 seconds
2016-04-18T00:11:09.442-0100: 299.318: Total time for which application threads were stopped: 0.0002401 seconds, Stopping threads took: 0.0000470 seconds
2016-04-18T00:11:09.442-0100: 299.318: Total time for which application threads were stopped: 0.0000791 seconds, Stopping threads took: 0.0000093 seconds
2016-04-18T00:11:09.442-0100: 299.318: Total time for which application threads were stopped: 0.0000873 seconds, Stopping threads took: 0.0000272 seconds
2016-04-18T00:11:09.443-0100: 299.319: Total time for which application threads were stopped: 0.0000836 seconds, Stopping threads took: 0.0000263 seconds
2016-04-18T00:11:09.454-0100: 299.330: Total time for which application threads were stopped: 0.0002509 seconds, Stopping threads took: 0.0001298 seconds
2016-04-18T00:11:09.454-0100: 299.330: Total time for which application threads were stopped: 0.0000643 seconds, Stopping threads took: 0.0000088 seconds
2016-04-18T00:11:09.454-0100: 299.330: Total time for which application threads were stopped: 0.0000591 seconds, Stopping threads took: 0.0000075 seconds
2016-04-18T00:11:09.454-0100: 299.330: Total time for which application threads were stopped: 0.0000555 seconds, Stopping threads took: 0.0000064 seconds
2016-04-18T00:11:09.461-0100: 299.337: Total time for which application threads were stopped: 0.0001947 seconds, Stopping threads took: 0.0000835 seconds
2016-04-18T00:11:10.466-0100: 300.342: Total time for which application threads were stopped: 0.0001432 seconds, Stopping threads took: 0.0000385 seconds
2016-04-18T00:11:17.485-0100: 307.361: Total time for which application threads were stopped: 0.0001419 seconds, Stopping threads took: 0.0000327 seconds
2016-04-18T00:11:17.489-0100: 307.365: Total time for which application threads were stopped: 0.0001303 seconds, Stopping threads took: 0.0000283 seconds
2016-04-18T00:11:17.490-0100: 307.366: Total time for which application threads were stopped: 0.0000820 seconds, Stopping threads took: 0.0000175 seconds
2016-04-18T00:11:17.491-0100: 307.367: Total time for which application threads were stopped: 0.0002643 seconds, Stopping threads took: 0.0000826 seconds
2016-04-18T00:11:17.499-0100: 307.375: Total time for which application threads were stopped: 0.0001762 seconds, Stopping threads took: 0.0000495 seconds
2016-04-18T00:11:18.503-0100: 308.379: Total time for which application threads were stopped: 0.0002346 seconds, Stopping threads took: 0.0000489 seconds
2016-04-18T00:11:18.506-0100: 308.382: Total time for which application threads were stopped: 0.0001329 seconds, Stopping threads took: 0.0000374 seconds
2016-04-18T00:11:18.508-0100: 308.384: Total time for which application threads were stopped: 0.0001148 seconds, Stopping threads took: 0.0000262 seconds
2016-04-18T00:11:18.508-0100: 308.385: Total time for which application threads were stopped: 0.0000643 seconds, Stopping threads took: 0.0000101 seconds
2016-04-18T00:11:19.512-0100: 309.388: Total time for which application threads were stopped: 0.0003450 seconds, Stopping threads took: 0.0000964 seconds
2016-04-18T00:11:20.584-0100: 310.460: Total time for which application threads were stopped: 0.0001869 seconds, Stopping threads took: 0.0000612 seconds
2016-04-18T00:11:20.584-0100: 310.461: Total time for which application threads were stopped: 0.0000933 seconds, Stopping threads took: 0.0000088 seconds
2016-04-18T00:11:20.584-0100: 310.461: Total time for which application threads were stopped: 0.0001277 seconds, Stopping threads took: 0.0000314 seconds
2016-04-18T00:11:20.585-0100: 310.461: Total time for which application threads were stopped: 0.0000799 seconds, Stopping threads took: 0.0000274 seconds
2016-04-18T00:11:20.595-0100: 310.472: Total time for which application threads were stopped: 0.0001574 seconds, Stopping threads took: 0.0000326 seconds
2016-04-18T00:11:20.595-0100: 310.472: Total time for which application threads were stopped: 0.0001048 seconds, Stopping threads took: 0.0000400 seconds
2016-04-18T00:11:20.596-0100: 310.472: Total time for which application threads were stopped: 0.0000692 seconds, Stopping threads took: 0.0000149 seconds
2016-04-18T00:11:20.596-0100: 310.472: Total time for which application threads were stopped: 0.0000741 seconds, Stopping threads took: 0.0000212 seconds
2016-04-18T00:11:21.601-0100: 311.477: Total time for which application threads were stopped: 0.0001565 seconds, Stopping threads took: 0.0000389 seconds
2016-04-18T00:11:22.607-0100: 312.483: Total time for which application threads were stopped: 0.0001367 seconds, Stopping threads took: 0.0000366 seconds
2016-04-18T00:11:22.742-0100: 312.618: Total time for which application threads were stopped: 0.0001527 seconds, Stopping threads took: 0.0000342 seconds
2016-04-18T00:11:22.742-0100: 312.618: Total time for which application threads were stopped: 0.0000699 seconds, Stopping threads took: 0.0000082 seconds
2016-04-18T00:11:22.751-0100: 312.627: Total time for which application threads were stopped: 0.0001729 seconds, Stopping threads took: 0.0000517 seconds
2016-04-18T00:11:22.751-0100: 312.627: Total time for which application threads were stopped: 0.0000668 seconds, Stopping threads took: 0.0000089 seconds
2016-04-18T00:11:23.753-0100: 313.629: Total time for which application threads were stopped: 0.0002039 seconds, Stopping threads took: 0.0000501 seconds
2016-04-18T00:11:24.354-0100: 314.231: Total time for which application threads were stopped: 0.0016058 seconds, Stopping threads took: 0.0000509 seconds
2016-04-18T00:11:24.364-0100: 314.241: Total time for which application threads were stopped: 0.0001260 seconds, Stopping threads took: 0.0000307 seconds
2016-04-18T00:11:24.365-0100: 314.241: Total time for which application threads were stopped: 0.0001007 seconds, Stopping threads took: 0.0000147 seconds
2016-04-18T00:11:24.370-0100: 314.247: Total time for which application threads were stopped: 0.0001686 seconds, Stopping threads took: 0.0000340 seconds
2016-04-18T00:11:24.371-0100: 314.247: Total time for which application threads were stopped: 0.0000926 seconds, Stopping threads took: 0.0000170 seconds
2016-04-18T00:11:24.371-0100: 314.248: Total time for which application threads were stopped: 0.0002663 seconds, Stopping threads took: 0.0000076 seconds
2016-04-18T00:11:24.382-0100: 314.259: Total time for which application threads were stopped: 0.0005896 seconds, Stopping threads took: 0.0004396 seconds
2016-04-18T00:11:24.382-0100: 314.259: Total time for which application threads were stopped: 0.0001112 seconds, Stopping threads took: 0.0000413 seconds
2016-04-18T00:11:24.383-0100: 314.259: Total time for which application threads were stopped: 0.0002179 seconds, Stopping threads took: 0.0000085 seconds
2016-04-18T00:11:24.383-0100: 314.260: Total time for which application threads were stopped: 0.0001126 seconds, Stopping threads took: 0.0000316 seconds
2016-04-18T00:11:24.384-0100: 314.260: Total time for which application threads were stopped: 0.0001614 seconds, Stopping threads took: 0.0000332 seconds
2016-04-18T00:11:24.384-0100: 314.261: Total time for which application threads were stopped: 0.0001023 seconds, Stopping threads took: 0.0000387 seconds
2016-04-18T00:11:24.384-0100: 314.261: Total time for which application threads were stopped: 0.0002752 seconds, Stopping threads took: 0.0000306 seconds
2016-04-18T00:11:24.385-0100: 314.261: Total time for which application threads were stopped: 0.0001088 seconds, Stopping threads took: 0.0000471 seconds
2016-04-18T00:11:24.398-0100: 314.275: Total time for which application threads were stopped: 0.0002256 seconds, Stopping threads took: 0.0000859 seconds
2016-04-18T00:11:24.399-0100: 314.275: Total time for which application threads were stopped: 0.0002684 seconds, Stopping threads took: 0.0001873 seconds
2016-04-18T00:11:25.404-0100: 315.280: Total time for which application threads were stopped: 0.0001781 seconds, Stopping threads took: 0.0000440 seconds
2016-04-18T00:11:32.500-0100: 322.377: Total time for which application threads were stopped: 0.0001484 seconds, Stopping threads took: 0.0000354 seconds
2016-04-18T00:11:32.503-0100: 322.380: Total time for which application threads were stopped: 0.0001344 seconds, Stopping threads took: 0.0000293 seconds
2016-04-18T00:11:32.504-0100: 322.381: Total time for which application threads were stopped: 0.0000783 seconds, Stopping threads took: 0.0000124 seconds
2016-04-18T00:11:32.506-0100: 322.383: Total time for which application threads were stopped: 0.0001693 seconds, Stopping threads took: 0.0000589 seconds
2016-04-18T00:11:32.508-0100: 322.384: Total time for which application threads were stopped: 0.0001416 seconds, Stopping threads took: 0.0000505 seconds
2016-04-18T00:11:32.508-0100: 322.385: Total time for which application threads were stopped: 0.0000736 seconds, Stopping threads took: 0.0000125 seconds
2016-04-18T00:11:32.511-0100: 322.388: Total time for which application threads were stopped: 0.0001088 seconds, Stopping threads took: 0.0000234 seconds
2016-04-18T00:11:32.512-0100: 322.389: Total time for which application threads were stopped: 0.0001185 seconds, Stopping threads took: 0.0000284 seconds
2016-04-18T00:11:32.513-0100: 322.389: Total time for which application threads were stopped: 0.0000537 seconds, Stopping threads took: 0.0000109 seconds
2016-04-18T00:11:32.513-0100: 322.389: Total time for which application threads were stopped: 0.0000841 seconds, Stopping threads took: 0.0000294 seconds
2016-04-18T00:11:47.550-0100: 337.427: Total time for which application threads were stopped: 0.0003621 seconds, Stopping threads took: 0.0000353 seconds
2016-04-18T00:11:47.553-0100: 337.431: Total time for which application threads were stopped: 0.0001696 seconds, Stopping threads took: 0.0000332 seconds
2016-04-18T00:11:47.566-0100: 337.444: Total time for which application threads were stopped: 0.0003186 seconds, Stopping threads took: 0.0000290 seconds
2016-04-18T00:11:47.579-0100: 337.456: Total time for which application threads were stopped: 0.0109802 seconds, Stopping threads took: 0.0106704 seconds
2016-04-18T00:11:47.580-0100: 337.457: Total time for which application threads were stopped: 0.0002436 seconds, Stopping threads took: 0.0000413 seconds
2016-04-18T00:11:48.583-0100: 338.461: Total time for which application threads were stopped: 0.0001309 seconds, Stopping threads took: 0.0000386 seconds
2016-04-18T00:11:51.960-0100: 341.837: Total time for which application threads were stopped: 0.0001597 seconds, Stopping threads took: 0.0000313 seconds
2016-04-18T00:11:51.960-0100: 341.837: Total time for which application threads were stopped: 0.0000677 seconds, Stopping threads took: 0.0000071 seconds
2016-04-18T00:11:51.976-0100: 341.853: Total time for which application threads were stopped: 0.0001267 seconds, Stopping threads took: 0.0000316 seconds
2016-04-18T00:11:51.977-0100: 341.855: Total time for which application threads were stopped: 0.0001093 seconds, Stopping threads took: 0.0000247 seconds
2016-04-18T00:11:55.302-0100: 345.180: Total time for which application threads were stopped: 0.0001499 seconds, Stopping threads took: 0.0000309 seconds
2016-04-18T00:11:55.302-0100: 345.180: Total time for which application threads were stopped: 0.0000655 seconds, Stopping threads took: 0.0000070 seconds
2016-04-18T00:11:55.314-0100: 345.191: Total time for which application threads were stopped: 0.0003110 seconds, Stopping threads took: 0.0001775 seconds
2016-04-18T00:11:55.315-0100: 345.192: Total time for which application threads were stopped: 0.0001619 seconds, Stopping threads took: 0.0000389 seconds
2016-04-18T00:11:56.320-0100: 346.197: Total time for which application threads were stopped: 0.0003457 seconds, Stopping threads took: 0.0001925 seconds
2016-04-18T00:11:57.320-0100: 347.198: Total time for which application threads were stopped: 0.0001747 seconds, Stopping threads took: 0.0000685 seconds
2016-04-18T00:11:59.141-0100: 349.019: Total time for which application threads were stopped: 0.0001394 seconds, Stopping threads took: 0.0000360 seconds
2016-04-18T00:12:00.142-0100: 350.020: Total time for which application threads were stopped: 0.0002117 seconds, Stopping threads took: 0.0000425 seconds
2016-04-18T00:12:00.158-0100: 350.035: Total time for which application threads were stopped: 0.0001258 seconds, Stopping threads took: 0.0000276 seconds
2016-04-18T00:12:00.162-0100: 350.040: Total time for which application threads were stopped: 0.0001844 seconds, Stopping threads took: 0.0000619 seconds
2016-04-18T00:12:00.163-0100: 350.041: Total time for which application threads were stopped: 0.0000916 seconds, Stopping threads took: 0.0000166 seconds
2016-04-18T00:12:01.163-0100: 351.041: Total time for which application threads were stopped: 0.0001725 seconds, Stopping threads took: 0.0000438 seconds
2016-04-18T00:12:14.156-0100: 364.034: Total time for which application threads were stopped: 0.0001528 seconds, Stopping threads took: 0.0000374 seconds
2016-04-18T00:12:14.158-0100: 364.036: Total time for which application threads were stopped: 0.0001130 seconds, Stopping threads took: 0.0000220 seconds
2016-04-18T00:12:14.190-0100: 364.068: Total time for which application threads were stopped: 0.0001634 seconds, Stopping threads took: 0.0000356 seconds
2016-04-18T00:12:14.191-0100: 364.069: Total time for which application threads were stopped: 0.0000947 seconds, Stopping threads took: 0.0000132 seconds
2016-04-18T00:12:14.191-0100: 364.069: Total time for which application threads were stopped: 0.0000726 seconds, Stopping threads took: 0.0000118 seconds
2016-04-18T00:12:14.191-0100: 364.070: Total time for which application threads were stopped: 0.0000694 seconds, Stopping threads took: 0.0000109 seconds
2016-04-18T00:12:14.192-0100: 364.070: Total time for which application threads were stopped: 0.0000692 seconds, Stopping threads took: 0.0000109 seconds
2016-04-18T00:12:14.192-0100: 364.070: Total time for which application threads were stopped: 0.0000626 seconds, Stopping threads took: 0.0000108 seconds
2016-04-18T00:12:14.192-0100: 364.071: Total time for which application threads were stopped: 0.0000941 seconds, Stopping threads took: 0.0000149 seconds
2016-04-18T00:12:14.193-0100: 364.071: Total time for which application threads were stopped: 0.0001240 seconds, Stopping threads took: 0.0000432 seconds
2016-04-18T00:12:14.194-0100: 364.072: Total time for which application threads were stopped: 0.0000719 seconds, Stopping threads took: 0.0000126 seconds
2016-04-18T00:12:14.201-0100: 364.079: Total time for which application threads were stopped: 0.0001240 seconds, Stopping threads took: 0.0000285 seconds
2016-04-18T00:12:14.209-0100: 364.087: Total time for which application threads were stopped: 0.0001485 seconds, Stopping threads took: 0.0000369 seconds
2016-04-18T00:12:14.209-0100: 364.087: Total time for which application threads were stopped: 0.0000799 seconds, Stopping threads took: 0.0000250 seconds
2016-04-18T00:12:14.210-0100: 364.088: Total time for which application threads were stopped: 0.0002515 seconds, Stopping threads took: 0.0000226 seconds
2016-04-18T00:12:22.302-0100: 372.180: Total time for which application threads were stopped: 0.0001450 seconds, Stopping threads took: 0.0000340 seconds
2016-04-18T00:12:23.303-0100: 373.182: Total time for which application threads were stopped: 0.0002212 seconds, Stopping threads took: 0.0000476 seconds
2016-04-18T00:12:23.317-0100: 373.195: Total time for which application threads were stopped: 0.0001352 seconds, Stopping threads took: 0.0000299 seconds
2016-04-18T00:12:23.319-0100: 373.197: Total time for which application threads were stopped: 0.0001046 seconds, Stopping threads took: 0.0000235 seconds
2016-04-18T00:12:23.319-0100: 373.198: Total time for which application threads were stopped: 0.0000632 seconds, Stopping threads took: 0.0000100 seconds
2016-04-18T00:12:24.321-0100: 374.200: Total time for which application threads were stopped: 0.0001966 seconds, Stopping threads took: 0.0000467 seconds
2016-04-18T00:12:37.316-0100: 387.195: Total time for which application threads were stopped: 0.0001529 seconds, Stopping threads took: 0.0000363 seconds
2016-04-18T00:12:37.318-0100: 387.197: Total time for which application threads were stopped: 0.0001580 seconds, Stopping threads took: 0.0000557 seconds
2016-04-18T00:12:37.318-0100: 387.197: Total time for which application threads were stopped: 0.0000888 seconds, Stopping threads took: 0.0000145 seconds
2016-04-18T00:12:37.319-0100: 387.198: Total time for which application threads were stopped: 0.0001001 seconds, Stopping threads took: 0.0000304 seconds
2016-04-18T00:12:37.319-0100: 387.198: Total time for which application threads were stopped: 0.0000921 seconds, Stopping threads took: 0.0000162 seconds
2016-04-18T00:12:37.320-0100: 387.199: Total time for which application threads were stopped: 0.0000810 seconds, Stopping threads took: 0.0000135 seconds
2016-04-18T00:12:37.320-0100: 387.199: Total time for which application threads were stopped: 0.0002541 seconds, Stopping threads took: 0.0000135 seconds
2016-04-18T00:12:37.326-0100: 387.205: Total time for which application threads were stopped: 0.0001261 seconds, Stopping threads took: 0.0000290 seconds
2016-04-18T00:12:37.332-0100: 387.211: Total time for which application threads were stopped: 0.0001637 seconds, Stopping threads took: 0.0000554 seconds
2016-04-18T00:12:37.333-0100: 387.212: Total time for which application threads were stopped: 0.0001108 seconds, Stopping threads took: 0.0000295 seconds
2016-04-18T00:12:37.334-0100: 387.213: Total time for which application threads were stopped: 0.0000553 seconds, Stopping threads took: 0.0000109 seconds
2016-04-18T00:12:46.578-0100: 396.458: Total time for which application threads were stopped: 0.0001671 seconds, Stopping threads took: 0.0000585 seconds
2016-04-18T00:12:47.579-0100: 397.458: Total time for which application threads were stopped: 0.0002229 seconds, Stopping threads took: 0.0000358 seconds
2016-04-18T00:12:47.593-0100: 397.472: Total time for which application threads were stopped: 0.0001330 seconds, Stopping threads took: 0.0000295 seconds
2016-04-18T00:12:47.595-0100: 397.474: Total time for which application threads were stopped: 0.0001143 seconds, Stopping threads took: 0.0000233 seconds
2016-04-18T00:12:47.595-0100: 397.474: Total time for which application threads were stopped: 0.0000633 seconds, Stopping threads took: 0.0000106 seconds
2016-04-18T00:12:47.603-0100: 397.482: Total time for which application threads were stopped: 0.0001662 seconds, Stopping threads took: 0.0000589 seconds
2016-04-18T00:12:55.317-0100: 405.196: Total time for which application threads were stopped: 0.0001660 seconds, Stopping threads took: 0.0000396 seconds
2016-04-18T00:13:01.591-0100: 411.471: Total time for which application threads were stopped: 0.0001715 seconds, Stopping threads took: 0.0000615 seconds
2016-04-18T00:13:01.593-0100: 411.473: Total time for which application threads were stopped: 0.0001029 seconds, Stopping threads took: 0.0000208 seconds
2016-04-18T00:13:01.593-0100: 411.473: Total time for which application threads were stopped: 0.0000706 seconds, Stopping threads took: 0.0000122 seconds
2016-04-18T00:13:01.593-0100: 411.473: Total time for which application threads were stopped: 0.0000676 seconds, Stopping threads took: 0.0000112 seconds
2016-04-18T00:13:01.594-0100: 411.474: Total time for which application threads were stopped: 0.0000672 seconds, Stopping threads took: 0.0000121 seconds
2016-04-18T00:13:01.595-0100: 411.474: Total time for which application threads were stopped: 0.0000863 seconds, Stopping threads took: 0.0000156 seconds
2016-04-18T00:13:01.595-0100: 411.475: Total time for which application threads were stopped: 0.0001428 seconds, Stopping threads took: 0.0000169 seconds
2016-04-18T00:13:01.596-0100: 411.476: Total time for which application threads were stopped: 0.0000845 seconds, Stopping threads took: 0.0000166 seconds
2016-04-18T00:13:01.596-0100: 411.476: Total time for which application threads were stopped: 0.0000963 seconds, Stopping threads took: 0.0000166 seconds
2016-04-18T00:13:01.597-0100: 411.477: Total time for which application threads were stopped: 0.0001228 seconds, Stopping threads took: 0.0000138 seconds
2016-04-18T00:13:01.597-0100: 411.477: Total time for which application threads were stopped: 0.0001116 seconds, Stopping threads took: 0.0000163 seconds
2016-04-18T00:13:01.601-0100: 411.481: Total time for which application threads were stopped: 0.0001381 seconds, Stopping threads took: 0.0000319 seconds
2016-04-18T00:13:01.603-0100: 411.483: Total time for which application threads were stopped: 0.0001223 seconds, Stopping threads took: 0.0000310 seconds
2016-04-18T00:13:01.604-0100: 411.484: Total time for which application threads were stopped: 0.0000878 seconds, Stopping threads took: 0.0000315 seconds
2016-04-18T00:13:01.604-0100: 411.484: Total time for which application threads were stopped: 0.0000817 seconds, Stopping threads took: 0.0000338 seconds
2016-04-18T00:13:19.432-0100: 429.312: Total time for which application threads were stopped: 0.0001323 seconds, Stopping threads took: 0.0000314 seconds
2016-04-18T00:13:20.437-0100: 430.317: Total time for which application threads were stopped: 0.0003692 seconds, Stopping threads took: 0.0000697 seconds
2016-04-18T00:13:20.447-0100: 430.328: Total time for which application threads were stopped: 0.0001439 seconds, Stopping threads took: 0.0000347 seconds
2016-04-18T00:13:20.449-0100: 430.330: Total time for which application threads were stopped: 0.0001132 seconds, Stopping threads took: 0.0000225 seconds
2016-04-18T00:13:20.449-0100: 430.330: Total time for which application threads were stopped: 0.0000590 seconds, Stopping threads took: 0.0000088 seconds
2016-04-18T00:13:21.454-0100: 431.334: Total time for which application threads were stopped: 0.0001888 seconds, Stopping threads took: 0.0000456 seconds
2016-04-18T00:13:22.020-0100: 431.900: Total time for which application threads were stopped: 0.0001751 seconds, Stopping threads took: 0.0000532 seconds
2016-04-18T00:13:22.020-0100: 431.901: Total time for which application threads were stopped: 0.0000670 seconds, Stopping threads took: 0.0000108 seconds
2016-04-18T00:13:22.032-0100: 431.912: Total time for which application threads were stopped: 0.0001539 seconds, Stopping threads took: 0.0000302 seconds
2016-04-18T00:13:22.032-0100: 431.912: Total time for which application threads were stopped: 0.0000766 seconds, Stopping threads took: 0.0000262 seconds
2016-04-18T00:13:23.033-0100: 432.914: Total time for which application threads were stopped: 0.0002348 seconds, Stopping threads took: 0.0000993 seconds
2016-04-18T00:13:23.331-0100: 433.212: Total time for which application threads were stopped: 0.0001689 seconds, Stopping threads took: 0.0000446 seconds
2016-04-18T00:13:23.331-0100: 433.212: Total time for which application threads were stopped: 0.0000676 seconds, Stopping threads took: 0.0000075 seconds
2016-04-18T00:13:23.344-0100: 433.225: Total time for which application threads were stopped: 0.0001319 seconds, Stopping threads took: 0.0000297 seconds
2016-04-18T00:13:23.344-0100: 433.225: Total time for which application threads were stopped: 0.0000495 seconds, Stopping threads took: 0.0000070 seconds
2016-04-18T00:13:23.354-0100: 433.235: Total time for which application threads were stopped: 0.0001646 seconds, Stopping threads took: 0.0000487 seconds
2016-04-18T00:13:23.354-0100: 433.235: Total time for which application threads were stopped: 0.0000735 seconds, Stopping threads took: 0.0000249 seconds
2016-04-18T00:13:23.354-0100: 433.235: Total time for which application threads were stopped: 0.0000775 seconds, Stopping threads took: 0.0000304 seconds
2016-04-18T00:13:23.354-0100: 433.235: Total time for which application threads were stopped: 0.0000685 seconds, Stopping threads took: 0.0000230 seconds
2016-04-18T00:13:23.355-0100: 433.235: Total time for which application threads were stopped: 0.0000507 seconds, Stopping threads took: 0.0000081 seconds
2016-04-18T00:13:23.355-0100: 433.235: Total time for which application threads were stopped: 0.0000690 seconds, Stopping threads took: 0.0000244 seconds
2016-04-18T00:13:23.355-0100: 433.235: Total time for which application threads were stopped: 0.0000663 seconds, Stopping threads took: 0.0000199 seconds
2016-04-18T00:13:23.355-0100: 433.235: Total time for which application threads were stopped: 0.0000683 seconds, Stopping threads took: 0.0000241 seconds
2016-04-18T00:13:23.355-0100: 433.236: Total time for which application threads were stopped: 0.0000534 seconds, Stopping threads took: 0.0000091 seconds
2016-04-18T00:13:23.355-0100: 433.236: Total time for which application threads were stopped: 0.0000707 seconds, Stopping threads took: 0.0000247 seconds
2016-04-18T00:13:23.367-0100: 433.248: Total time for which application threads were stopped: 0.0001589 seconds, Stopping threads took: 0.0000319 seconds
2016-04-18T00:13:23.367-0100: 433.248: Total time for which application threads were stopped: 0.0000821 seconds, Stopping threads took: 0.0000276 seconds
2016-04-18T00:13:23.378-0100: 433.258: Total time for which application threads were stopped: 0.0001621 seconds, Stopping threads took: 0.0000482 seconds
2016-04-18T00:13:23.378-0100: 433.258: Total time for which application threads were stopped: 0.0000611 seconds, Stopping threads took: 0.0000081 seconds
2016-04-18T00:13:24.382-0100: 434.263: Total time for which application threads were stopped: 0.0001520 seconds, Stopping threads took: 0.0000401 seconds
2016-04-18T00:13:34.447-0100: 444.328: Total time for which application threads were stopped: 0.0001564 seconds, Stopping threads took: 0.0000391 seconds
2016-04-18T00:13:34.495-0100: 444.376: Total time for which application threads were stopped: 0.0001525 seconds, Stopping threads took: 0.0000330 seconds
2016-04-18T00:13:34.499-0100: 444.380: Total time for which application threads were stopped: 0.0001772 seconds, Stopping threads took: 0.0000418 seconds
2016-04-18T00:13:34.501-0100: 444.382: Total time for which application threads were stopped: 0.0001249 seconds, Stopping threads took: 0.0000304 seconds
2016-04-18T00:13:34.501-0100: 444.382: Total time for which application threads were stopped: 0.0000522 seconds, Stopping threads took: 0.0000075 seconds
2016-04-18T00:14:23.380-0100: 493.263: Total time for which application threads were stopped: 0.0001971 seconds, Stopping threads took: 0.0000499 seconds
2016-04-18T00:14:44.441-0100: 514.325: Total time for which application threads were stopped: 0.0001626 seconds, Stopping threads took: 0.0000448 seconds
2016-04-18T00:15:58.075-0100: 587.960: Total time for which application threads were stopped: 0.0001659 seconds, Stopping threads took: 0.0000317 seconds
2016-04-18T00:15:58.075-0100: 587.961: Total time for which application threads were stopped: 0.0000785 seconds, Stopping threads took: 0.0000087 seconds
2016-04-18T00:15:58.110-0100: 587.996: Total time for which application threads were stopped: 0.0001635 seconds, Stopping threads took: 0.0000570 seconds
2016-04-18T00:15:58.110-0100: 587.996: Total time for which application threads were stopped: 0.0000848 seconds, Stopping threads took: 0.0000274 seconds
2016-04-18T00:16:03.556-0100: 593.442: Total time for which application threads were stopped: 0.0001377 seconds, Stopping threads took: 0.0000320 seconds
2016-04-18T00:16:03.556-0100: 593.443: Total time for which application threads were stopped: 0.0001021 seconds, Stopping threads took: 0.0000195 seconds
2016-04-18T00:16:03.558-0100: 593.444: Total time for which application threads were stopped: 0.0001173 seconds, Stopping threads took: 0.0000260 seconds
2016-04-18T00:16:04.586-0100: 594.473: Total time for which application threads were stopped: 0.0001894 seconds, Stopping threads took: 0.0000437 seconds
2016-04-18T00:16:07.599-0100: 597.485: Total time for which application threads were stopped: 0.0001554 seconds, Stopping threads took: 0.0000413 seconds
2016-04-18T00:16:58.111-0100: 647.999: Total time for which application threads were stopped: 0.0002130 seconds, Stopping threads took: 0.0000505 seconds
2016-04-18T00:22:06.200-0100: 956.098: Total time for which application threads were stopped: 0.0005599 seconds, Stopping threads took: 0.0002350 seconds
2016-04-18T00:22:06.508-0100: 956.407: Total time for which application threads were stopped: 0.0002055 seconds, Stopping threads took: 0.0000548 seconds
2016-04-18T00:22:06.509-0100: 956.407: Total time for which application threads were stopped: 0.0000886 seconds, Stopping threads took: 0.0000280 seconds
2016-04-18T00:22:06.544-0100: 956.442: Total time for which application threads were stopped: 0.0002367 seconds, Stopping threads took: 0.0000299 seconds
2016-04-18T00:22:06.555-0100: 956.453: Total time for which application threads were stopped: 0.0108155 seconds, Stopping threads took: 0.0106655 seconds
2016-04-18T00:23:06.557-0100: 1016.457: Total time for which application threads were stopped: 0.0009760 seconds, Stopping threads took: 0.0003383 seconds
2016-04-18T00:23:46.711-0100: 1056.613: Total time for which application threads were stopped: 0.0003270 seconds, Stopping threads took: 0.0000465 seconds
2016-04-18T00:28:15.623-0100: 1325.533: Total time for which application threads were stopped: 0.0001545 seconds, Stopping threads took: 0.0000334 seconds
2016-04-18T00:28:15.660-0100: 1325.570: Total time for which application threads were stopped: 0.0001532 seconds, Stopping threads took: 0.0000294 seconds
2016-04-18T00:28:15.662-0100: 1325.572: Total time for which application threads were stopped: 0.0000765 seconds, Stopping threads took: 0.0000143 seconds
2016-04-18T00:28:15.662-0100: 1325.572: Total time for which application threads were stopped: 0.0000526 seconds, Stopping threads took: 0.0000080 seconds
2016-04-18T00:28:15.662-0100: 1325.572: Total time for which application threads were stopped: 0.0000524 seconds, Stopping threads took: 0.0000081 seconds
2016-04-18T00:28:15.662-0100: 1325.573: Total time for which application threads were stopped: 0.0000514 seconds, Stopping threads took: 0.0000078 seconds
2016-04-18T00:28:15.663-0100: 1325.573: Total time for which application threads were stopped: 0.0000514 seconds, Stopping threads took: 0.0000080 seconds
2016-04-18T00:28:15.663-0100: 1325.573: Total time for which application threads were stopped: 0.0000597 seconds, Stopping threads took: 0.0000099 seconds
2016-04-18T00:28:15.663-0100: 1325.573: Total time for which application threads were stopped: 0.0000511 seconds, Stopping threads took: 0.0000074 seconds
2016-04-18T00:28:15.663-0100: 1325.573: Total time for which application threads were stopped: 0.0000520 seconds, Stopping threads took: 0.0000075 seconds
2016-04-18T00:28:15.663-0100: 1325.573: Total time for which application threads were stopped: 0.0000511 seconds, Stopping threads took: 0.0000074 seconds
2016-04-18T00:28:15.663-0100: 1325.574: Total time for which application threads were stopped: 0.0000517 seconds, Stopping threads took: 0.0000077 seconds
2016-04-18T00:28:16.664-0100: 1326.574: Total time for which application threads were stopped: 0.0001423 seconds, Stopping threads took: 0.0000363 seconds
2016-04-18T00:28:54.818-0100: 1364.730: Total time for which application threads were stopped: 0.0001676 seconds, Stopping threads took: 0.0000397 seconds
2016-04-18T00:29:04.630-0100: 1374.541: Total time for which application threads were stopped: 0.0001431 seconds, Stopping threads took: 0.0000310 seconds
2016-04-18T00:29:06.637-0100: 1376.549: Total time for which application threads were stopped: 0.0001593 seconds, Stopping threads took: 0.0000398 seconds
2016-04-18T00:30:45.245-0100: 1475.183: Total time for which application threads were stopped: 0.0240222 seconds, Stopping threads took: 0.0000812 seconds
2016-04-18T00:30:46.273-0100: 1476.188: Total time for which application threads were stopped: 0.0002544 seconds, Stopping threads took: 0.0000478 seconds
2016-04-18T00:31:08.800-0100: 1498.716: Total time for which application threads were stopped: 0.0001355 seconds, Stopping threads took: 0.0000280 seconds
2016-04-18T00:31:09.805-0100: 1499.721: Total time for which application threads were stopped: 0.0001730 seconds, Stopping threads took: 0.0000463 seconds
2016-04-18T00:31:50.956-0100: 1540.874: Total time for which application threads were stopped: 0.0001546 seconds, Stopping threads took: 0.0000403 seconds
2016-04-18T00:31:54.360-0100: 1544.278: Total time for which application threads were stopped: 0.0001668 seconds, Stopping threads took: 0.0000465 seconds
2016-04-18T00:32:07.407-0100: 1557.325: Total time for which application threads were stopped: 0.0001842 seconds, Stopping threads took: 0.0000407 seconds
2016-04-18T00:32:13.432-0100: 1563.350: Total time for which application threads were stopped: 0.0002251 seconds, Stopping threads took: 0.0000464 seconds
2016-04-18T00:32:27.497-0100: 1577.416: Total time for which application threads were stopped: 0.0002066 seconds, Stopping threads took: 0.0000437 seconds
2016-04-18T00:33:11.684-0100: 1621.604: Total time for which application threads were stopped: 0.0001533 seconds, Stopping threads took: 0.0000404 seconds
2016-04-18T00:33:28.755-0100: 1638.676: Total time for which application threads were stopped: 0.0001930 seconds, Stopping threads took: 0.0000451 seconds
2016-04-18T00:34:48.072-0100: 1717.995: Total time for which application threads were stopped: 0.0001702 seconds, Stopping threads took: 0.0000406 seconds
2016-04-18T00:35:02.667-0100: 1732.591: Total time for which application threads were stopped: 0.0002209 seconds, Stopping threads took: 0.0000330 seconds
2016-04-18T00:35:02.668-0100: 1732.591: Total time for which application threads were stopped: 0.0002627 seconds, Stopping threads took: 0.0000087 seconds
2016-04-18T00:35:02.679-0100: 1732.603: Total time for which application threads were stopped: 0.0002555 seconds, Stopping threads took: 0.0000701 seconds
2016-04-18T00:35:03.681-0100: 1733.605: Total time for which application threads were stopped: 0.0002122 seconds, Stopping threads took: 0.0000448 seconds
2016-04-18T00:35:16.730-0100: 1746.654: Total time for which application threads were stopped: 0.0001892 seconds, Stopping threads took: 0.0000740 seconds
2016-04-18T00:35:43.149-0100: 1773.074: Total time for which application threads were stopped: 0.0001567 seconds, Stopping threads took: 0.0000482 seconds
2016-04-18T00:35:44.152-0100: 1774.077: Total time for which application threads were stopped: 0.0002908 seconds, Stopping threads took: 0.0000902 seconds
2016-04-18T00:36:00.220-0100: 1790.145: Total time for which application threads were stopped: 0.0002473 seconds, Stopping threads took: 0.0000577 seconds
2016-04-18T00:37:01.471-0100: 1851.398: Total time for which application threads were stopped: 0.0008697 seconds, Stopping threads took: 0.0000432 seconds
2016-04-18T00:49:49.412-0100: 2619.365: Total time for which application threads were stopped: 0.0009525 seconds, Stopping threads took: 0.0003983 seconds
2016-04-18T00:49:49.445-0100: 2619.398: Total time for which application threads were stopped: 0.0001762 seconds, Stopping threads took: 0.0000305 seconds
2016-04-18T00:49:49.446-0100: 2619.399: Total time for which application threads were stopped: 0.0001663 seconds, Stopping threads took: 0.0000256 seconds
2016-04-18T00:49:49.484-0100: 2619.437: Total time for which application threads were stopped: 0.0001612 seconds, Stopping threads took: 0.0000503 seconds
2016-04-18T00:49:49.484-0100: 2619.437: Total time for which application threads were stopped: 0.0001631 seconds, Stopping threads took: 0.0000862 seconds
2016-04-18T00:49:50.490-0100: 2620.443: Total time for which application threads were stopped: 0.0001753 seconds, Stopping threads took: 0.0000411 seconds
2016-04-18T00:49:56.254-0100: 2626.207: Total time for which application threads were stopped: 0.0002202 seconds, Stopping threads took: 0.0000307 seconds
2016-04-18T00:49:56.254-0100: 2626.207: Total time for which application threads were stopped: 0.0000733 seconds, Stopping threads took: 0.0000085 seconds
2016-04-18T00:49:56.265-0100: 2626.218: Total time for which application threads were stopped: 0.0001815 seconds, Stopping threads took: 0.0000512 seconds
2016-04-18T00:49:56.265-0100: 2626.218: Total time for which application threads were stopped: 0.0000831 seconds, Stopping threads took: 0.0000265 seconds
2016-04-18T00:49:56.410-0100: 2626.363: Total time for which application threads were stopped: 0.0002640 seconds, Stopping threads took: 0.0000319 seconds
2016-04-18T00:49:56.417-0100: 2626.370: Total time for which application threads were stopped: 0.0001351 seconds, Stopping threads took: 0.0000318 seconds
2016-04-18T00:50:28.259-0100: 2658.213: Total time for which application threads were stopped: 0.0001951 seconds, Stopping threads took: 0.0000365 seconds
2016-04-18T00:50:28.259-0100: 2658.213: Total time for which application threads were stopped: 0.0000826 seconds, Stopping threads took: 0.0000252 seconds
2016-04-18T00:50:28.270-0100: 2658.225: Total time for which application threads were stopped: 0.0001594 seconds, Stopping threads took: 0.0000559 seconds
2016-04-18T00:50:28.271-0100: 2658.225: Total time for which application threads were stopped: 0.0000717 seconds, Stopping threads took: 0.0000228 seconds
2016-04-18T00:50:29.273-0100: 2659.227: Total time for which application threads were stopped: 0.0002027 seconds, Stopping threads took: 0.0000403 seconds
2016-04-18T00:50:32.474-0100: 2662.428: Total time for which application threads were stopped: 0.0003868 seconds, Stopping threads took: 0.0000313 seconds
2016-04-18T00:50:32.474-0100: 2662.428: Total time for which application threads were stopped: 0.0000722 seconds, Stopping threads took: 0.0000085 seconds
2016-04-18T00:50:32.484-0100: 2662.438: Total time for which application threads were stopped: 0.0001701 seconds, Stopping threads took: 0.0000493 seconds
2016-04-18T00:50:32.485-0100: 2662.440: Total time for which application threads were stopped: 0.0001502 seconds, Stopping threads took: 0.0000525 seconds
2016-04-18T00:50:33.491-0100: 2663.445: Total time for which application threads were stopped: 0.0009983 seconds, Stopping threads took: 0.0008695 seconds
2016-04-18T00:50:38.509-0100: 2668.463: Total time for which application threads were stopped: 0.0001952 seconds, Stopping threads took: 0.0000766 seconds
2016-04-18T00:50:40.874-0100: 2670.829: Total time for which application threads were stopped: 0.0001431 seconds, Stopping threads took: 0.0000310 seconds
2016-04-18T00:50:40.874-0100: 2670.829: Total time for which application threads were stopped: 0.0000646 seconds, Stopping threads took: 0.0000072 seconds
2016-04-18T00:50:40.892-0100: 2670.846: Total time for which application threads were stopped: 0.0002322 seconds, Stopping threads took: 0.0000264 seconds
2016-04-18T00:50:40.892-0100: 2670.847: Total time for which application threads were stopped: 0.0001172 seconds, Stopping threads took: 0.0000067 seconds
2016-04-18T00:50:40.892-0100: 2670.847: Total time for which application threads were stopped: 0.0001132 seconds, Stopping threads took: 0.0000066 seconds
2016-04-18T00:50:41.893-0100: 2671.848: Total time for which application threads were stopped: 0.0002422 seconds, Stopping threads took: 0.0000446 seconds
2016-04-18T00:51:13.655-0100: 2703.611: Total time for which application threads were stopped: 0.0001899 seconds, Stopping threads took: 0.0000428 seconds
2016-04-18T00:51:13.655-0100: 2703.611: Total time for which application threads were stopped: 0.0000825 seconds, Stopping threads took: 0.0000114 seconds
2016-04-18T00:51:13.666-0100: 2703.622: Total time for which application threads were stopped: 0.0001537 seconds, Stopping threads took: 0.0000296 seconds
2016-04-18T00:51:13.690-0100: 2703.646: Total time for which application threads were stopped: 0.0001816 seconds, Stopping threads took: 0.0000531 seconds
2016-04-18T00:51:14.690-0100: 2704.646: Total time for which application threads were stopped: 0.0001991 seconds, Stopping threads took: 0.0000503 seconds
2016-04-18T00:51:39.278-0100: 2729.234: Total time for which application threads were stopped: 0.0001720 seconds, Stopping threads took: 0.0000265 seconds
2016-04-18T00:51:39.278-0100: 2729.234: Total time for which application threads were stopped: 0.0000675 seconds, Stopping threads took: 0.0000073 seconds
2016-04-18T00:51:39.311-0100: 2729.268: Total time for which application threads were stopped: 0.0001275 seconds, Stopping threads took: 0.0000308 seconds
2016-04-18T00:51:39.330-0100: 2729.287: Total time for which application threads were stopped: 0.0001243 seconds, Stopping threads took: 0.0000285 seconds
2016-04-18T00:51:40.331-0100: 2730.288: Total time for which application threads were stopped: 0.0001725 seconds, Stopping threads took: 0.0000430 seconds
2016-04-18T00:51:45.290-0100: 2735.247: Total time for which application threads were stopped: 0.0001736 seconds, Stopping threads took: 0.0000311 seconds
2016-04-18T00:51:45.290-0100: 2735.247: Total time for which application threads were stopped: 0.0000602 seconds, Stopping threads took: 0.0000065 seconds
2016-04-18T00:51:45.311-0100: 2735.268: Total time for which application threads were stopped: 0.0002158 seconds, Stopping threads took: 0.0000327 seconds
2016-04-18T00:51:45.312-0100: 2735.268: Total time for which application threads were stopped: 0.0005743 seconds, Stopping threads took: 0.0004895 seconds
2016-04-18T00:51:45.322-0100: 2735.278: Total time for which application threads were stopped: 0.0002366 seconds, Stopping threads took: 0.0000307 seconds
2016-04-18T00:51:45.324-0100: 2735.280: Total time for which application threads were stopped: 0.0001503 seconds, Stopping threads took: 0.0000307 seconds
2016-04-18T00:51:46.326-0100: 2736.283: Total time for which application threads were stopped: 0.0002247 seconds, Stopping threads took: 0.0000446 seconds
2016-04-18T00:51:52.599-0100: 2742.556: Total time for which application threads were stopped: 0.0001528 seconds, Stopping threads took: 0.0000303 seconds
2016-04-18T00:51:52.599-0100: 2742.556: Total time for which application threads were stopped: 0.0000635 seconds, Stopping threads took: 0.0000073 seconds
2016-04-18T00:51:52.615-0100: 2742.572: Total time for which application threads were stopped: 0.0007723 seconds, Stopping threads took: 0.0003858 seconds
2016-04-18T00:51:52.615-0100: 2742.572: Total time for which application threads were stopped: 0.0001938 seconds, Stopping threads took: 0.0000433 seconds
2016-04-18T00:51:53.617-0100: 2743.574: Total time for which application threads were stopped: 0.0001581 seconds, Stopping threads took: 0.0000395 seconds
2016-04-18T00:51:59.418-0100: 2749.375: Total time for which application threads were stopped: 0.0003519 seconds, Stopping threads took: 0.0000305 seconds
2016-04-18T00:51:59.427-0100: 2749.384: Total time for which application threads were stopped: 0.0005925 seconds, Stopping threads took: 0.0004476 seconds
2016-04-18T00:51:59.440-0100: 2749.397: Total time for which application threads were stopped: 0.0108596 seconds, Stopping threads took: 0.0106804 seconds
2016-04-18T00:51:59.447-0100: 2749.404: Total time for which application threads were stopped: 0.0001229 seconds, Stopping threads took: 0.0000273 seconds
2016-04-18T00:51:59.447-0100: 2749.404: Total time for which application threads were stopped: 0.0000467 seconds, Stopping threads took: 0.0000064 seconds
2016-04-18T00:51:59.453-0100: 2749.410: Total time for which application threads were stopped: 0.0001579 seconds, Stopping threads took: 0.0000357 seconds
2016-04-18T00:52:00.457-0100: 2750.414: Total time for which application threads were stopped: 0.0002406 seconds, Stopping threads took: 0.0000733 seconds
2016-04-18T00:52:05.711-0100: 2755.668: Total time for which application threads were stopped: 0.0001750 seconds, Stopping threads took: 0.0000347 seconds
2016-04-18T00:52:05.711-0100: 2755.668: Total time for which application threads were stopped: 0.0000697 seconds, Stopping threads took: 0.0000078 seconds
2016-04-18T00:52:05.723-0100: 2755.680: Total time for which application threads were stopped: 0.0001817 seconds, Stopping threads took: 0.0000512 seconds
2016-04-18T00:52:05.724-0100: 2755.682: Total time for which application threads were stopped: 0.0001424 seconds, Stopping threads took: 0.0000311 seconds
2016-04-18T00:52:06.725-0100: 2756.682: Total time for which application threads were stopped: 0.0001645 seconds, Stopping threads took: 0.0000401 seconds
2016-04-18T00:52:16.644-0100: 2766.602: Total time for which application threads were stopped: 0.0003307 seconds, Stopping threads took: 0.0001633 seconds
2016-04-18T00:52:16.644-0100: 2766.602: Total time for which application threads were stopped: 0.0000690 seconds, Stopping threads took: 0.0000109 seconds
2016-04-18T00:52:16.657-0100: 2766.615: Total time for which application threads were stopped: 0.0001665 seconds, Stopping threads took: 0.0000294 seconds
2016-04-18T00:52:16.668-0100: 2766.626: Total time for which application threads were stopped: 0.0108580 seconds, Stopping threads took: 0.0106752 seconds
2016-04-18T00:52:17.672-0100: 2767.630: Total time for which application threads were stopped: 0.0002345 seconds, Stopping threads took: 0.0000448 seconds
2016-04-18T00:52:23.174-0100: 2773.132: Total time for which application threads were stopped: 0.0008657 seconds, Stopping threads took: 0.0000298 seconds
2016-04-18T00:52:23.176-0100: 2773.134: Total time for which application threads were stopped: 0.0001585 seconds, Stopping threads took: 0.0000283 seconds
2016-04-18T00:52:23.189-0100: 2773.147: Total time for which application threads were stopped: 0.0001800 seconds, Stopping threads took: 0.0000485 seconds
2016-04-18T00:52:23.190-0100: 2773.148: Total time for which application threads were stopped: 0.0001140 seconds, Stopping threads took: 0.0000296 seconds
2016-04-18T00:52:27.873-0100: 2777.831: Total time for which application threads were stopped: 0.0001881 seconds, Stopping threads took: 0.0000302 seconds
2016-04-18T00:52:27.873-0100: 2777.831: Total time for which application threads were stopped: 0.0000716 seconds, Stopping threads took: 0.0000106 seconds
2016-04-18T00:52:27.885-0100: 2777.843: Total time for which application threads were stopped: 0.0001844 seconds, Stopping threads took: 0.0000516 seconds
2016-04-18T00:52:27.897-0100: 2777.855: Total time for which application threads were stopped: 0.0121243 seconds, Stopping threads took: 0.0119632 seconds
2016-04-18T00:52:28.901-0100: 2778.859: Total time for which application threads were stopped: 0.0004729 seconds, Stopping threads took: 0.0000421 seconds
2016-04-18T00:52:31.910-0100: 2781.868: Total time for which application threads were stopped: 0.0001609 seconds, Stopping threads took: 0.0000574 seconds
2016-04-18T00:52:31.910-0100: 2781.868: Total time for which application threads were stopped: 0.0001005 seconds, Stopping threads took: 0.0000303 seconds
2016-04-18T00:52:31.910-0100: 2781.869: Total time for which application threads were stopped: 0.0000859 seconds, Stopping threads took: 0.0000230 seconds
2016-04-18T00:52:31.921-0100: 2781.880: Total time for which application threads were stopped: 0.0003353 seconds, Stopping threads took: 0.0000559 seconds
2016-04-18T00:52:31.922-0100: 2781.880: Total time for which application threads were stopped: 0.0001704 seconds, Stopping threads took: 0.0000258 seconds
2016-04-18T00:52:31.922-0100: 2781.880: Total time for which application threads were stopped: 0.0001566 seconds, Stopping threads took: 0.0000242 seconds
2016-04-18T00:52:32.925-0100: 2782.884: Total time for which application threads were stopped: 0.0001817 seconds, Stopping threads took: 0.0000412 seconds
2016-04-18T00:52:36.820-0100: 2786.778: Total time for which application threads were stopped: 0.0002506 seconds, Stopping threads took: 0.0000570 seconds
2016-04-18T00:52:36.820-0100: 2786.779: Total time for which application threads were stopped: 0.0001062 seconds, Stopping threads took: 0.0000118 seconds
2016-04-18T00:52:36.833-0100: 2786.791: Total time for which application threads were stopped: 0.0001752 seconds, Stopping threads took: 0.0000495 seconds
2016-04-18T00:52:36.833-0100: 2786.791: Total time for which application threads were stopped: 0.0000806 seconds, Stopping threads took: 0.0000260 seconds
2016-04-18T00:52:37.838-0100: 2787.796: Total time for which application threads were stopped: 0.0001983 seconds, Stopping threads took: 0.0000496 seconds
2016-04-18T00:52:38.421-0100: 2788.379: Total time for which application threads were stopped: 0.0001523 seconds, Stopping threads took: 0.0000302 seconds
2016-04-18T00:52:38.421-0100: 2788.380: Total time for which application threads were stopped: 0.0000778 seconds, Stopping threads took: 0.0000105 seconds
2016-04-18T00:52:38.443-0100: 2788.401: Total time for which application threads were stopped: 0.0001473 seconds, Stopping threads took: 0.0000366 seconds
2016-04-18T00:52:38.443-0100: 2788.401: Total time for which application threads were stopped: 0.0000756 seconds, Stopping threads took: 0.0000093 seconds
2016-04-18T00:52:39.444-0100: 2789.403: Total time for which application threads were stopped: 0.0001510 seconds, Stopping threads took: 0.0000384 seconds
2016-04-18T00:52:42.359-0100: 2792.318: Total time for which application threads were stopped: 0.0001605 seconds, Stopping threads took: 0.0000299 seconds
2016-04-18T00:52:42.359-0100: 2792.318: Total time for which application threads were stopped: 0.0000668 seconds, Stopping threads took: 0.0000068 seconds
2016-04-18T00:52:42.375-0100: 2792.334: Total time for which application threads were stopped: 0.0001664 seconds, Stopping threads took: 0.0000465 seconds
2016-04-18T00:52:42.375-0100: 2792.334: Total time for which application threads were stopped: 0.0000847 seconds, Stopping threads took: 0.0000274 seconds
2016-04-18T00:52:43.378-0100: 2793.337: Total time for which application threads were stopped: 0.0002318 seconds, Stopping threads took: 0.0000404 seconds
2016-04-18T00:52:53.671-0100: 2803.630: Total time for which application threads were stopped: 0.0002195 seconds, Stopping threads took: 0.0000570 seconds
2016-04-18T00:52:53.682-0100: 2803.641: Total time for which application threads were stopped: 0.0103154 seconds, Stopping threads took: 0.0101486 seconds
2016-04-18T00:52:53.695-0100: 2803.654: Total time for which application threads were stopped: 0.0001493 seconds, Stopping threads took: 0.0000350 seconds
2016-04-18T00:52:53.695-0100: 2803.654: Total time for which application threads were stopped: 0.0000534 seconds, Stopping threads took: 0.0000082 seconds
2016-04-18T00:52:55.943-0100: 2805.902: Total time for which application threads were stopped: 0.0001860 seconds, Stopping threads took: 0.0000295 seconds
2016-04-18T00:52:55.943-0100: 2805.902: Total time for which application threads were stopped: 0.0000780 seconds, Stopping threads took: 0.0000079 seconds
2016-04-18T00:52:55.963-0100: 2805.922: Total time for which application threads were stopped: 0.0001462 seconds, Stopping threads took: 0.0000345 seconds
2016-04-18T00:52:55.963-0100: 2805.922: Total time for which application threads were stopped: 0.0000503 seconds, Stopping threads took: 0.0000074 seconds
2016-04-18T00:52:56.965-0100: 2806.924: Total time for which application threads were stopped: 0.0002266 seconds, Stopping threads took: 0.0000469 seconds
{Heap before GC invocations=12 (full 1):
 par new generation   total 109248K, used 103662K [0x00000007a0000000, 0x00000007a8000000, 0x00000007a8000000)
  eden space 87424K, 100% used [0x00000007a0000000, 0x00000007a5560000, 0x00000007a5560000)
  from space 21824K,  74% used [0x00000007a5560000, 0x00000007a653bb60, 0x00000007a6ab0000)
  to   space 21824K,   0% used [0x00000007a6ab0000, 0x00000007a6ab0000, 0x00000007a8000000)
 concurrent mark-sweep generation total 393216K, used 8227K [0x00000007a8000000, 0x00000007c0000000, 0x00000007c0000000)
 Metaspace       used 33474K, capacity 33972K, committed 34300K, reserved 1079296K
  class space    used 3855K, capacity 3987K, committed 4092K, reserved 1048576K
2016-04-18T00:53:02.019-0100: 2811.978: [GC (Allocation Failure) 2016-04-18T00:53:02.019-0100: 2811.978: [ParNew
Desired survivor size 20112992 bytes, new threshold 5 (max 8)
- age   1:    7841672 bytes,    7841672 total
- age   2:    2169240 bytes,   10010912 total
- age   3:     123720 bytes,   10134632 total
- age   4:    8094872 bytes,   18229504 total
- age   5:    2156480 bytes,   20385984 total
- age   6:     555104 bytes,   20941088 total
- age   7:      33824 bytes,   20974912 total
- age   8:     119048 bytes,   21093960 total
: 103662K->21824K(109248K), 0.1882494 secs] 111890K->31018K(502464K), 0.1883844 secs] [Times: user=0.10 sys=0.12, real=0.19 secs] 
Heap after GC invocations=13 (full 1):
 par new generation   total 109248K, used 21824K [0x00000007a0000000, 0x00000007a8000000, 0x00000007a8000000)
  eden space 87424K,   0% used [0x00000007a0000000, 0x00000007a0000000, 0x00000007a5560000)
  from space 21824K, 100% used [0x00000007a6ab0000, 0x00000007a8000000, 0x00000007a8000000)
  to   space 21824K,   0% used [0x00000007a5560000, 0x00000007a5560000, 0x00000007a6ab0000)
 concurrent mark-sweep generation total 393216K, used 9194K [0x00000007a8000000, 0x00000007c0000000, 0x00000007c0000000)
 Metaspace       used 33474K, capacity 33972K, committed 34300K, reserved 1079296K
  class space    used 3855K, capacity 3987K, committed 4092K, reserved 1048576K
}
2016-04-18T00:53:02.208-0100: 2812.167: Total time for which application threads were stopped: 0.1937378 seconds, Stopping threads took: 0.0049767 seconds
2016-04-18T00:53:02.215-0100: 2812.174: Total time for which application threads were stopped: 0.0005073 seconds, Stopping threads took: 0.0001398 seconds
2016-04-18T00:53:02.226-0100: 2812.185: Total time for which application threads were stopped: 0.0001832 seconds, Stopping threads took: 0.0000290 seconds
2016-04-18T00:53:02.226-0100: 2812.185: Total time for which application threads were stopped: 0.0000609 seconds, Stopping threads took: 0.0000093 seconds
2016-04-18T00:53:02.236-0100: 2812.196: Total time for which application threads were stopped: 0.0001708 seconds, Stopping threads took: 0.0000312 seconds
2016-04-18T00:53:02.237-0100: 2812.196: Total time for which application threads were stopped: 0.0000793 seconds, Stopping threads took: 0.0000086 seconds
2016-04-18T00:53:02.247-0100: 2812.207: Total time for which application threads were stopped: 0.0006207 seconds, Stopping threads took: 0.0004798 seconds
2016-04-18T00:53:02.248-0100: 2812.207: Total time for which application threads were stopped: 0.0000883 seconds, Stopping threads took: 0.0000269 seconds
2016-04-18T00:53:03.252-0100: 2813.211: Total time for which application threads were stopped: 0.0001777 seconds, Stopping threads took: 0.0000433 seconds
2016-04-18T00:53:07.853-0100: 2817.813: Total time for which application threads were stopped: 0.0001571 seconds, Stopping threads took: 0.0000329 seconds
2016-04-18T00:53:07.856-0100: 2817.816: Total time for which application threads were stopped: 0.0001512 seconds, Stopping threads took: 0.0000327 seconds
2016-04-18T00:53:07.856-0100: 2817.816: Total time for which application threads were stopped: 0.0002239 seconds, Stopping threads took: 0.0000081 seconds
2016-04-18T00:53:07.885-0100: 2817.844: Total time for which application threads were stopped: 0.0004598 seconds, Stopping threads took: 0.0000359 seconds
2016-04-18T00:53:07.885-0100: 2817.845: Total time for which application threads were stopped: 0.0000806 seconds, Stopping threads took: 0.0000107 seconds
2016-04-18T00:53:07.910-0100: 2817.869: Total time for which application threads were stopped: 0.0002023 seconds, Stopping threads took: 0.0000339 seconds
2016-04-18T00:53:07.913-0100: 2817.873: Total time for which application threads were stopped: 0.0001802 seconds, Stopping threads took: 0.0000548 seconds
2016-04-18T00:53:09.479-0100: 2819.438: Total time for which application threads were stopped: 0.0001730 seconds, Stopping threads took: 0.0000462 seconds
2016-04-18T00:53:09.483-0100: 2819.443: Total time for which application threads were stopped: 0.0001711 seconds, Stopping threads took: 0.0000453 seconds
2016-04-18T00:53:09.485-0100: 2819.444: Total time for which application threads were stopped: 0.0001579 seconds, Stopping threads took: 0.0000284 seconds
2016-04-18T00:53:09.501-0100: 2819.460: Total time for which application threads were stopped: 0.0001718 seconds, Stopping threads took: 0.0000307 seconds
2016-04-18T00:53:09.501-0100: 2819.460: Total time for which application threads were stopped: 0.0000749 seconds, Stopping threads took: 0.0000080 seconds
2016-04-18T00:53:09.526-0100: 2819.485: Total time for which application threads were stopped: 0.0001412 seconds, Stopping threads took: 0.0000328 seconds
2016-04-18T00:53:09.527-0100: 2819.486: Total time for which application threads were stopped: 0.0001580 seconds, Stopping threads took: 0.0000822 seconds
2016-04-18T00:53:10.531-0100: 2820.491: Total time for which application threads were stopped: 0.0001470 seconds, Stopping threads took: 0.0000369 seconds
2016-04-18T00:53:10.733-0100: 2820.693: Total time for which application threads were stopped: 0.0002123 seconds, Stopping threads took: 0.0000318 seconds
2016-04-18T00:53:10.734-0100: 2820.693: Total time for which application threads were stopped: 0.0000646 seconds, Stopping threads took: 0.0000100 seconds
2016-04-18T00:53:10.734-0100: 2820.693: Total time for which application threads were stopped: 0.0000550 seconds, Stopping threads took: 0.0000073 seconds
2016-04-18T00:53:10.734-0100: 2820.694: Total time for which application threads were stopped: 0.0000560 seconds, Stopping threads took: 0.0000080 seconds
2016-04-18T00:53:10.750-0100: 2820.710: Total time for which application threads were stopped: 0.0001594 seconds, Stopping threads took: 0.0000283 seconds
2016-04-18T00:53:10.750-0100: 2820.710: Total time for which application threads were stopped: 0.0000704 seconds, Stopping threads took: 0.0000068 seconds
2016-04-18T00:53:10.763-0100: 2820.723: Total time for which application threads were stopped: 0.0002496 seconds, Stopping threads took: 0.0000967 seconds
2016-04-18T00:53:10.763-0100: 2820.723: Total time for which application threads were stopped: 0.0001004 seconds, Stopping threads took: 0.0000248 seconds
2016-04-18T00:53:11.767-0100: 2821.727: Total time for which application threads were stopped: 0.0001737 seconds, Stopping threads took: 0.0000392 seconds
2016-04-18T00:54:00.962-0100: 2870.924: Total time for which application threads were stopped: 0.0001957 seconds, Stopping threads took: 0.0000491 seconds
2016-04-18T00:54:10.767-0100: 2880.728: Total time for which application threads were stopped: 0.0002342 seconds, Stopping threads took: 0.0000326 seconds
2016-04-18T00:54:31.838-0100: 2901.800: Total time for which application threads were stopped: 0.0002095 seconds, Stopping threads took: 0.0000416 seconds
2016-04-18T00:55:11.017-0100: 2940.980: Total time for which application threads were stopped: 0.0001467 seconds, Stopping threads took: 0.0000337 seconds
2016-04-18T00:58:15.706-0100: 3125.676: Total time for which application threads were stopped: 0.0002411 seconds, Stopping threads took: 0.0000372 seconds
2016-04-18T00:58:16.710-0100: 3126.680: Total time for which application threads were stopped: 0.0002074 seconds, Stopping threads took: 0.0000430 seconds
2016-04-18T00:58:42.820-0100: 3152.791: Total time for which application threads were stopped: 0.0003648 seconds, Stopping threads took: 0.0001119 seconds
2016-04-18T01:17:15.223-0100: 4265.232: Total time for which application threads were stopped: 0.0015326 seconds, Stopping threads took: 0.0005460 seconds
2016-04-18T01:27:19.977-0100: 4870.006: Total time for which application threads were stopped: 0.0011594 seconds, Stopping threads took: 0.0003380 seconds
2016-04-18T01:27:20.981-0100: 4871.009: Total time for which application threads were stopped: 0.0002579 seconds, Stopping threads took: 0.0000489 seconds
2016-04-18T01:27:22.495-0100: 4872.524: Total time for which application threads were stopped: 0.0002010 seconds, Stopping threads took: 0.0000493 seconds
2016-04-18T01:27:22.495-0100: 4872.524: Total time for which application threads were stopped: 0.0000882 seconds, Stopping threads took: 0.0000256 seconds
2016-04-18T01:27:22.544-0100: 4872.572: Total time for which application threads were stopped: 0.0003056 seconds, Stopping threads took: 0.0001157 seconds
2016-04-18T01:27:22.546-0100: 4872.574: Total time for which application threads were stopped: 0.0003157 seconds, Stopping threads took: 0.0000474 seconds
2016-04-18T01:27:22.557-0100: 4872.586: Total time for which application threads were stopped: 0.0001690 seconds, Stopping threads took: 0.0000483 seconds
2016-04-18T01:27:22.557-0100: 4872.586: Total time for which application threads were stopped: 0.0000904 seconds, Stopping threads took: 0.0000121 seconds
2016-04-18T01:27:22.577-0100: 4872.605: Total time for which application threads were stopped: 0.0001631 seconds, Stopping threads took: 0.0000285 seconds
2016-04-18T01:27:22.579-0100: 4872.607: Total time for which application threads were stopped: 0.0001309 seconds, Stopping threads took: 0.0000306 seconds
2016-04-18T01:27:57.294-0100: 4907.324: Total time for which application threads were stopped: 0.0002363 seconds, Stopping threads took: 0.0000684 seconds
2016-04-18T01:27:57.294-0100: 4907.324: Total time for which application threads were stopped: 0.0001083 seconds, Stopping threads took: 0.0000248 seconds
2016-04-18T01:27:57.311-0100: 4907.341: Total time for which application threads were stopped: 0.0002201 seconds, Stopping threads took: 0.0000532 seconds
2016-04-18T01:27:57.314-0100: 4907.343: Total time for which application threads were stopped: 0.0017050 seconds, Stopping threads took: 0.0007301 seconds
2016-04-18T01:27:57.540-0100: 4907.570: Total time for which application threads were stopped: 0.0001775 seconds, Stopping threads took: 0.0000517 seconds
2016-04-18T01:27:57.540-0100: 4907.570: Total time for which application threads were stopped: 0.0000879 seconds, Stopping threads took: 0.0000248 seconds
2016-04-18T01:27:57.554-0100: 4907.584: Total time for which application threads were stopped: 0.0001911 seconds, Stopping threads took: 0.0000524 seconds
2016-04-18T01:27:57.555-0100: 4907.584: Total time for which application threads were stopped: 0.0000892 seconds, Stopping threads took: 0.0000268 seconds
2016-04-18T01:27:58.338-0100: 4908.368: Total time for which application threads were stopped: 0.0002821 seconds, Stopping threads took: 0.0000578 seconds
2016-04-18T01:27:58.347-0100: 4908.377: Total time for which application threads were stopped: 0.0001975 seconds, Stopping threads took: 0.0000653 seconds
2016-04-18T01:27:59.350-0100: 4909.380: Total time for which application threads were stopped: 0.0014646 seconds, Stopping threads took: 0.0012619 seconds
{Heap before GC invocations=13 (full 1):
 par new generation   total 109248K, used 109248K [0x00000007a0000000, 0x00000007a8000000, 0x00000007a8000000)
  eden space 87424K, 100% used [0x00000007a0000000, 0x00000007a5560000, 0x00000007a5560000)
  from space 21824K, 100% used [0x00000007a6ab0000, 0x00000007a8000000, 0x00000007a8000000)
  to   space 21824K,   0% used [0x00000007a5560000, 0x00000007a5560000, 0x00000007a6ab0000)
 concurrent mark-sweep generation total 393216K, used 9194K [0x00000007a8000000, 0x00000007c0000000, 0x00000007c0000000)
 Metaspace       used 33604K, capacity 34042K, committed 34556K, reserved 1079296K
  class space    used 3857K, capacity 3988K, committed 4092K, reserved 1048576K
2016-04-18T01:27:59.366-0100: 4909.396: [GC (Allocation Failure) 2016-04-18T01:27:59.388-0100: 4909.417: [ParNew
Desired survivor size 20112992 bytes, new threshold 8 (max 8)
- age   1:    2069680 bytes,    2069680 total
- age   2:    6748496 bytes,    8818176 total
- age   3:    2165464 bytes,   10983640 total
- age   4:     123080 bytes,   11106720 total
- age   5:    8046904 bytes,   19153624 total
: 109248K->21824K(109248K), 0.2564304 secs] 118442K->33866K(502464K), 0.2783095 secs] [Times: user=0.10 sys=0.10, real=0.28 secs] 
Heap after GC invocations=14 (full 1):
 par new generation   total 109248K, used 21824K [0x00000007a0000000, 0x00000007a8000000, 0x00000007a8000000)
  eden space 87424K,   0% used [0x00000007a0000000, 0x00000007a0000000, 0x00000007a5560000)
  from space 21824K, 100% used [0x00000007a5560000, 0x00000007a6ab0000, 0x00000007a6ab0000)
  to   space 21824K,   0% used [0x00000007a6ab0000, 0x00000007a6ab0000, 0x00000007a8000000)
 concurrent mark-sweep generation total 393216K, used 12042K [0x00000007a8000000, 0x00000007c0000000, 0x00000007c0000000)
 Metaspace       used 33604K, capacity 34042K, committed 34556K, reserved 1079296K
  class space    used 3857K, capacity 3988K, committed 4092K, reserved 1048576K
}
2016-04-18T01:27:59.644-0100: 4909.674: Total time for which application threads were stopped: 0.2786661 seconds, Stopping threads took: 0.0000566 seconds
2016-04-18T01:27:59.648-0100: 4909.678: Total time for which application threads were stopped: 0.0003667 seconds, Stopping threads took: 0.0001641 seconds
{Heap before GC invocations=14 (full 1):
 par new generation   total 109248K, used 109248K [0x00000007a0000000, 0x00000007a8000000, 0x00000007a8000000)
  eden space 87424K, 100% used [0x00000007a0000000, 0x00000007a5560000, 0x00000007a5560000)
  from space 21824K, 100% used [0x00000007a5560000, 0x00000007a6ab0000, 0x00000007a6ab0000)
  to   space 21824K,   0% used [0x00000007a6ab0000, 0x00000007a6ab0000, 0x00000007a8000000)
 concurrent mark-sweep generation total 393216K, used 12042K [0x00000007a8000000, 0x00000007c0000000, 0x00000007c0000000)
 Metaspace       used 33605K, capacity 34042K, committed 34556K, reserved 1079296K
  class space    used 3857K, capacity 3988K, committed 4092K, reserved 1048576K
2016-04-18T01:27:59.949-0100: 4909.979: [GC (Allocation Failure) 2016-04-18T01:27:59.949-0100: 4909.979: [ParNew
Desired survivor size 20112992 bytes, new threshold 8 (max 8)
- age   1:     151048 bytes,     151048 total
- age   2:    1628360 bytes,    1779408 total
- age   3:    4519848 bytes,    6299256 total
- age   4:    2163944 bytes,    8463200 total
- age   5:     123080 bytes,    8586280 total
- age   6:    8028840 bytes,   16615120 total
: 109248K->20752K(109248K), 0.0435320 secs] 121290K->32795K(502464K), 0.0436453 secs] [Times: user=0.07 sys=0.01, real=0.05 secs] 
Heap after GC invocations=15 (full 1):
 par new generation   total 109248K, used 20752K [0x00000007a0000000, 0x00000007a8000000, 0x00000007a8000000)
  eden space 87424K,   0% used [0x00000007a0000000, 0x00000007a0000000, 0x00000007a5560000)
  from space 21824K,  95% used [0x00000007a6ab0000, 0x00000007a7ef4300, 0x00000007a8000000)
  to   space 21824K,   0% used [0x00000007a5560000, 0x00000007a5560000, 0x00000007a6ab0000)
 concurrent mark-sweep generation total 393216K, used 12042K [0x00000007a8000000, 0x00000007c0000000, 0x00000007c0000000)
 Metaspace       used 33605K, capacity 34042K, committed 34556K, reserved 1079296K
  class space    used 3857K, capacity 3988K, committed 4092K, reserved 1048576K
}
2016-04-18T01:27:59.993-0100: 4910.023: Total time for which application threads were stopped: 0.0448294 seconds, Stopping threads took: 0.0000623 seconds
2016-04-18T01:27:59.994-0100: 4910.024: Total time for which application threads were stopped: 0.0008099 seconds, Stopping threads took: 0.0006624 seconds
2016-04-18T01:28:00.138-0100: 4910.168: Total time for which application threads were stopped: 0.0004093 seconds, Stopping threads took: 0.0001758 seconds
2016-04-18T01:28:00.516-0100: 4910.546: Total time for which application threads were stopped: 0.0001976 seconds, Stopping threads took: 0.0000593 seconds
2016-04-18T01:28:01.520-0100: 4911.550: Total time for which application threads were stopped: 0.0001688 seconds, Stopping threads took: 0.0000460 seconds
2016-04-18T01:28:18.582-0100: 4928.613: Total time for which application threads were stopped: 0.0002219 seconds, Stopping threads took: 0.0000428 seconds
2016-04-18T01:28:19.370-0100: 4929.401: Total time for which application threads were stopped: 0.0002801 seconds, Stopping threads took: 0.0000353 seconds
2016-04-18T01:28:19.370-0100: 4929.401: Total time for which application threads were stopped: 0.0000943 seconds, Stopping threads took: 0.0000106 seconds
2016-04-18T01:28:19.370-0100: 4929.401: Total time for which application threads were stopped: 0.0000805 seconds, Stopping threads took: 0.0000086 seconds
2016-04-18T01:28:19.371-0100: 4929.401: Total time for which application threads were stopped: 0.0000877 seconds, Stopping threads took: 0.0000083 seconds
2016-04-18T01:28:19.371-0100: 4929.401: Total time for which application threads were stopped: 0.0000854 seconds, Stopping threads took: 0.0000087 seconds
2016-04-18T01:28:19.372-0100: 4929.403: Total time for which application threads were stopped: 0.0001876 seconds, Stopping threads took: 0.0000320 seconds
2016-04-18T01:28:19.372-0100: 4929.403: Total time for which application threads were stopped: 0.0000945 seconds, Stopping threads took: 0.0000091 seconds
2016-04-18T01:28:19.372-0100: 4929.403: Total time for which application threads were stopped: 0.0000831 seconds, Stopping threads took: 0.0000085 seconds
2016-04-18T01:28:19.373-0100: 4929.403: Total time for which application threads were stopped: 0.0000797 seconds, Stopping threads took: 0.0000077 seconds
2016-04-18T01:28:19.373-0100: 4929.403: Total time for which application threads were stopped: 0.0000816 seconds, Stopping threads took: 0.0000080 seconds
2016-04-18T01:28:19.373-0100: 4929.403: Total time for which application threads were stopped: 0.0000807 seconds, Stopping threads took: 0.0000078 seconds
2016-04-18T01:28:19.373-0100: 4929.403: Total time for which application threads were stopped: 0.0000812 seconds, Stopping threads took: 0.0000079 seconds
2016-04-18T01:28:19.373-0100: 4929.404: Total time for which application threads were stopped: 0.0000834 seconds, Stopping threads took: 0.0000082 seconds
2016-04-18T01:28:19.375-0100: 4929.405: Total time for which application threads were stopped: 0.0002177 seconds, Stopping threads took: 0.0000534 seconds
2016-04-18T01:28:19.376-0100: 4929.407: Total time for which application threads were stopped: 0.0001815 seconds, Stopping threads took: 0.0000250 seconds
2016-04-18T01:28:19.491-0100: 4929.521: Total time for which application threads were stopped: 0.0002308 seconds, Stopping threads took: 0.0000323 seconds
2016-04-18T01:28:19.513-0100: 4929.544: Total time for which application threads were stopped: 0.0005673 seconds, Stopping threads took: 0.0001144 seconds
2016-04-18T01:28:19.514-0100: 4929.545: Total time for which application threads were stopped: 0.0004391 seconds, Stopping threads took: 0.0001002 seconds
2016-04-18T01:28:19.515-0100: 4929.545: Total time for which application threads were stopped: 0.0003004 seconds, Stopping threads took: 0.0000339 seconds
2016-04-18T01:28:20.093-0100: 4930.123: Total time for which application threads were stopped: 0.0002692 seconds, Stopping threads took: 0.0000386 seconds
2016-04-18T01:28:20.093-0100: 4930.124: Total time for which application threads were stopped: 0.0000847 seconds, Stopping threads took: 0.0000084 seconds
2016-04-18T01:28:20.111-0100: 4930.141: Total time for which application threads were stopped: 0.0002838 seconds, Stopping threads took: 0.0001033 seconds
2016-04-18T01:28:20.111-0100: 4930.141: Total time for which application threads were stopped: 0.0002705 seconds, Stopping threads took: 0.0000711 seconds
2016-04-18T01:28:20.127-0100: 4930.157: Total time for which application threads were stopped: 0.0001950 seconds, Stopping threads took: 0.0000386 seconds
2016-04-18T01:28:20.127-0100: 4930.157: Total time for which application threads were stopped: 0.0000838 seconds, Stopping threads took: 0.0000083 seconds
2016-04-18T01:28:20.142-0100: 4930.173: Total time for which application threads were stopped: 0.0001576 seconds, Stopping threads took: 0.0000511 seconds
2016-04-18T01:28:20.143-0100: 4930.173: Total time for which application threads were stopped: 0.0000629 seconds, Stopping threads took: 0.0000091 seconds
2016-04-18T01:28:22.885-0100: 4932.915: Total time for which application threads were stopped: 0.0002016 seconds, Stopping threads took: 0.0000396 seconds
2016-04-18T01:28:22.885-0100: 4932.915: Total time for which application threads were stopped: 0.0000835 seconds, Stopping threads took: 0.0000104 seconds
2016-04-18T01:28:22.923-0100: 4932.954: Total time for which application threads were stopped: 0.0005222 seconds, Stopping threads took: 0.0000360 seconds
2016-04-18T01:28:22.925-0100: 4932.956: Total time for which application threads were stopped: 0.0001831 seconds, Stopping threads took: 0.0000345 seconds
2016-04-18T01:28:22.968-0100: 4932.998: Total time for which application threads were stopped: 0.0003384 seconds, Stopping threads took: 0.0001518 seconds
2016-04-18T01:28:22.968-0100: 4932.999: Total time for which application threads were stopped: 0.0001115 seconds, Stopping threads took: 0.0000335 seconds
2016-04-18T01:28:22.971-0100: 4933.002: Total time for which application threads were stopped: 0.0002460 seconds, Stopping threads took: 0.0000530 seconds
2016-04-18T01:28:22.972-0100: 4933.002: Total time for which application threads were stopped: 0.0003310 seconds, Stopping threads took: 0.0000096 seconds
2016-04-18T01:28:22.986-0100: 4933.017: Total time for which application threads were stopped: 0.0001887 seconds, Stopping threads took: 0.0000360 seconds
2016-04-18T01:28:22.987-0100: 4933.017: Total time for which application threads were stopped: 0.0000884 seconds, Stopping threads took: 0.0000092 seconds
2016-04-18T01:28:24.992-0100: 4935.023: Total time for which application threads were stopped: 0.0001446 seconds, Stopping threads took: 0.0000341 seconds
2016-04-18T01:28:24.999-0100: 4935.029: Total time for which application threads were stopped: 0.0001866 seconds, Stopping threads took: 0.0000371 seconds
2016-04-18T01:28:24.999-0100: 4935.030: Total time for which application threads were stopped: 0.0000798 seconds, Stopping threads took: 0.0000076 seconds
2016-04-18T01:28:25.007-0100: 4935.038: Total time for which application threads were stopped: 0.0002559 seconds, Stopping threads took: 0.0001092 seconds
2016-04-18T01:28:25.008-0100: 4935.039: Total time for which application threads were stopped: 0.0005824 seconds, Stopping threads took: 0.0000684 seconds
2016-04-18T01:28:28.671-0100: 4938.701: Total time for which application threads were stopped: 0.0002806 seconds, Stopping threads took: 0.0000358 seconds
2016-04-18T01:28:28.671-0100: 4938.702: Total time for which application threads were stopped: 0.0000848 seconds, Stopping threads took: 0.0000092 seconds
2016-04-18T01:28:28.685-0100: 4938.716: Total time for which application threads were stopped: 0.0002711 seconds, Stopping threads took: 0.0000986 seconds
2016-04-18T01:28:28.685-0100: 4938.716: Total time for which application threads were stopped: 0.0001956 seconds, Stopping threads took: 0.0000788 seconds
2016-04-18T01:28:29.686-0100: 4939.717: Total time for which application threads were stopped: 0.0002130 seconds, Stopping threads took: 0.0000971 seconds
2016-04-18T01:28:58.779-0100: 4968.810: Total time for which application threads were stopped: 0.0002146 seconds, Stopping threads took: 0.0000357 seconds
2016-04-18T01:28:58.779-0100: 4968.811: Total time for which application threads were stopped: 0.0000816 seconds, Stopping threads took: 0.0000081 seconds
2016-04-18T01:28:58.800-0100: 4968.831: Total time for which application threads were stopped: 0.0001866 seconds, Stopping threads took: 0.0000502 seconds
2016-04-18T01:28:58.800-0100: 4968.832: Total time for which application threads were stopped: 0.0001080 seconds, Stopping threads took: 0.0000223 seconds
2016-04-18T01:29:03.578-0100: 4973.610: Total time for which application threads were stopped: 0.0001821 seconds, Stopping threads took: 0.0000356 seconds
2016-04-18T01:29:03.579-0100: 4973.611: Total time for which application threads were stopped: 0.0005428 seconds, Stopping threads took: 0.0000084 seconds
2016-04-18T01:29:03.590-0100: 4973.622: Total time for which application threads were stopped: 0.0002999 seconds, Stopping threads took: 0.0000855 seconds
2016-04-18T01:29:03.590-0100: 4973.622: Total time for which application threads were stopped: 0.0000954 seconds, Stopping threads took: 0.0000100 seconds
2016-04-18T01:29:04.591-0100: 4974.623: Total time for which application threads were stopped: 0.0002365 seconds, Stopping threads took: 0.0000507 seconds
2016-04-18T01:29:08.608-0100: 4978.640: Total time for which application threads were stopped: 0.0002249 seconds, Stopping threads took: 0.0000526 seconds
2016-04-18T01:29:12.625-0100: 4982.657: Total time for which application threads were stopped: 0.0002235 seconds, Stopping threads took: 0.0000488 seconds
2016-04-18T01:29:16.636-0100: 4986.668: Total time for which application threads were stopped: 0.0002900 seconds, Stopping threads took: 0.0000662 seconds
2016-04-18T01:29:19.516-0100: 4989.549: Total time for which application threads were stopped: 0.0003356 seconds, Stopping threads took: 0.0000885 seconds
2016-04-18T01:29:19.517-0100: 4989.549: Total time for which application threads were stopped: 0.0002165 seconds, Stopping threads took: 0.0000114 seconds
2016-04-18T01:29:53.661-0100: 5023.694: Total time for which application threads were stopped: 0.0002274 seconds, Stopping threads took: 0.0000502 seconds
2016-04-18T01:30:15.740-0100: 5045.774: Total time for which application threads were stopped: 0.0002384 seconds, Stopping threads took: 0.0000493 seconds
2016-04-18T01:31:28.754-0100: 5118.790: Total time for which application threads were stopped: 0.0001615 seconds, Stopping threads took: 0.0000285 seconds
2016-04-18T01:31:28.845-0100: 5118.882: Total time for which application threads were stopped: 0.0002090 seconds, Stopping threads took: 0.0000376 seconds
2016-04-18T01:31:28.876-0100: 5118.913: Total time for which application threads were stopped: 0.0001662 seconds, Stopping threads took: 0.0000348 seconds
2016-04-18T01:31:28.876-0100: 5118.913: Total time for which application threads were stopped: 0.0000646 seconds, Stopping threads took: 0.0000089 seconds
2016-04-18T01:31:28.877-0100: 5118.913: Total time for which application threads were stopped: 0.0000849 seconds, Stopping threads took: 0.0000121 seconds
2016-04-18T01:31:28.877-0100: 5118.913: Total time for which application threads were stopped: 0.0000606 seconds, Stopping threads took: 0.0000083 seconds
2016-04-18T01:31:28.890-0100: 5118.926: Total time for which application threads were stopped: 0.0001828 seconds, Stopping threads took: 0.0000306 seconds
2016-04-18T01:31:28.896-0100: 5118.933: Total time for which application threads were stopped: 0.0001660 seconds, Stopping threads took: 0.0000285 seconds
2016-04-18T01:31:28.899-0100: 5118.936: Total time for which application threads were stopped: 0.0001595 seconds, Stopping threads took: 0.0000336 seconds
2016-04-18T01:31:28.901-0100: 5118.938: Total time for which application threads were stopped: 0.0002072 seconds, Stopping threads took: 0.0000331 seconds
2016-04-18T01:31:28.906-0100: 5118.943: Total time for which application threads were stopped: 0.0001804 seconds, Stopping threads took: 0.0000541 seconds
2016-04-18T01:31:28.914-0100: 5118.950: Total time for which application threads were stopped: 0.0002039 seconds, Stopping threads took: 0.0000699 seconds
2016-04-18T01:31:28.922-0100: 5118.958: Total time for which application threads were stopped: 0.0001882 seconds, Stopping threads took: 0.0000619 seconds
2016-04-18T01:31:28.925-0100: 5118.962: Total time for which application threads were stopped: 0.0001819 seconds, Stopping threads took: 0.0000543 seconds
2016-04-18T01:31:28.938-0100: 5118.975: Total time for which application threads were stopped: 0.0002321 seconds, Stopping threads took: 0.0000842 seconds
2016-04-18T01:31:28.941-0100: 5118.978: Total time for which application threads were stopped: 0.0002074 seconds, Stopping threads took: 0.0000550 seconds
2016-04-18T01:31:28.942-0100: 5118.979: Total time for which application threads were stopped: 0.0001658 seconds, Stopping threads took: 0.0000491 seconds
2016-04-18T01:31:28.943-0100: 5118.980: Total time for which application threads were stopped: 0.0001520 seconds, Stopping threads took: 0.0000420 seconds
2016-04-18T01:31:28.944-0100: 5118.981: Total time for which application threads were stopped: 0.0003014 seconds, Stopping threads took: 0.0000448 seconds
2016-04-18T01:31:28.946-0100: 5118.982: Total time for which application threads were stopped: 0.0001428 seconds, Stopping threads took: 0.0000421 seconds
2016-04-18T01:31:28.947-0100: 5118.983: Total time for which application threads were stopped: 0.0002845 seconds, Stopping threads took: 0.0000355 seconds
2016-04-18T01:31:29.065-0100: 5119.101: Total time for which application threads were stopped: 0.0001948 seconds, Stopping threads took: 0.0000300 seconds
2016-04-18T01:31:29.067-0100: 5119.104: Total time for which application threads were stopped: 0.0001380 seconds, Stopping threads took: 0.0000314 seconds
2016-04-18T01:31:29.113-0100: 5119.149: Total time for which application threads were stopped: 0.0002816 seconds, Stopping threads took: 0.0000311 seconds
2016-04-18T01:31:29.115-0100: 5119.152: Total time for which application threads were stopped: 0.0000941 seconds, Stopping threads took: 0.0000168 seconds
2016-04-18T01:31:29.171-0100: 5119.208: Total time for which application threads were stopped: 0.0002466 seconds, Stopping threads took: 0.0000868 seconds
2016-04-18T01:31:29.172-0100: 5119.208: Total time for which application threads were stopped: 0.0000845 seconds, Stopping threads took: 0.0000302 seconds
2016-04-18T01:31:29.172-0100: 5119.209: Total time for which application threads were stopped: 0.0000774 seconds, Stopping threads took: 0.0000242 seconds
2016-04-18T01:31:30.175-0100: 5120.212: Total time for which application threads were stopped: 0.0002175 seconds, Stopping threads took: 0.0000459 seconds
2016-04-18T01:31:36.200-0100: 5126.237: Total time for which application threads were stopped: 0.0002179 seconds, Stopping threads took: 0.0000835 seconds
2016-04-18T01:31:36.451-0100: 5126.488: Total time for which application threads were stopped: 0.0001974 seconds, Stopping threads took: 0.0000294 seconds
2016-04-18T01:31:36.451-0100: 5126.488: Total time for which application threads were stopped: 0.0000877 seconds, Stopping threads took: 0.0000077 seconds
2016-04-18T01:31:36.452-0100: 5126.681: Total time for which application threads were stopped: 0.1924139 seconds, Stopping threads took: 0.0000261 seconds
2016-04-18T01:31:36.648-0100: 5126.685: Total time for which application threads were stopped: 0.0003356 seconds, Stopping threads took: 0.0000351 seconds
2016-04-18T01:31:36.649-0100: 5126.686: Total time for which application threads were stopped: 0.0001055 seconds, Stopping threads took: 0.0000209 seconds
2016-04-18T01:31:36.649-0100: 5126.686: Total time for which application threads were stopped: 0.0000635 seconds, Stopping threads took: 0.0000096 seconds
2016-04-18T01:32:26.853-0100: 5176.892: Total time for which application threads were stopped: 0.0002158 seconds, Stopping threads took: 0.0000435 seconds
2016-04-18T01:32:36.652-0100: 5186.691: Total time for which application threads were stopped: 0.0001519 seconds, Stopping threads took: 0.0000335 seconds
2016-04-18T01:35:15.297-0100: 5345.342: Total time for which application threads were stopped: 0.0012950 seconds, Stopping threads took: 0.0005423 seconds
2016-04-18T01:35:15.317-0100: 5345.361: Total time for which application threads were stopped: 0.0002544 seconds, Stopping threads took: 0.0000310 seconds
2016-04-18T01:35:15.317-0100: 5345.361: Total time for which application threads were stopped: 0.0001048 seconds, Stopping threads took: 0.0000285 seconds
2016-04-18T01:35:15.350-0100: 5345.394: Total time for which application threads were stopped: 0.0001917 seconds, Stopping threads took: 0.0000521 seconds
2016-04-18T01:35:15.350-0100: 5345.395: Total time for which application threads were stopped: 0.0004341 seconds, Stopping threads took: 0.0001165 seconds
2016-04-18T01:35:16.544-0100: 5346.589: Total time for which application threads were stopped: 0.0007359 seconds, Stopping threads took: 0.0000518 seconds
2016-04-18T01:35:16.545-0100: 5346.590: Total time for which application threads were stopped: 0.0001459 seconds, Stopping threads took: 0.0000405 seconds
2016-04-18T01:35:16.556-0100: 5346.601: Total time for which application threads were stopped: 0.0007197 seconds, Stopping threads took: 0.0005301 seconds
2016-04-18T01:35:16.557-0100: 5346.601: Total time for which application threads were stopped: 0.0001036 seconds, Stopping threads took: 0.0000291 seconds
2016-04-18T01:35:16.711-0100: 5346.756: Total time for which application threads were stopped: 0.0002482 seconds, Stopping threads took: 0.0000309 seconds
2016-04-18T01:35:16.711-0100: 5346.756: Total time for which application threads were stopped: 0.0000848 seconds, Stopping threads took: 0.0000079 seconds
2016-04-18T01:35:16.722-0100: 5346.767: Total time for which application threads were stopped: 0.0002814 seconds, Stopping threads took: 0.0001083 seconds
2016-04-18T01:35:16.723-0100: 5346.767: Total time for which application threads were stopped: 0.0002098 seconds, Stopping threads took: 0.0000993 seconds
2016-04-18T01:35:18.041-0100: 5348.085: Total time for which application threads were stopped: 0.0002134 seconds, Stopping threads took: 0.0000548 seconds
2016-04-18T01:35:18.041-0100: 5348.086: Total time for which application threads were stopped: 0.0001052 seconds, Stopping threads took: 0.0000288 seconds
2016-04-18T01:35:18.052-0100: 5348.097: Total time for which application threads were stopped: 0.0003361 seconds, Stopping threads took: 0.0001630 seconds
2016-04-18T01:35:18.053-0100: 5348.097: Total time for which application threads were stopped: 0.0001167 seconds, Stopping threads took: 0.0000100 seconds
2016-04-18T01:35:21.066-0100: 5351.111: Total time for which application threads were stopped: 0.0002603 seconds, Stopping threads took: 0.0000472 seconds
2016-04-18T01:36:09.250-0100: 5399.296: Total time for which application threads were stopped: 0.0002114 seconds, Stopping threads took: 0.0000319 seconds
2016-04-18T01:36:09.250-0100: 5399.296: Total time for which application threads were stopped: 0.0000823 seconds, Stopping threads took: 0.0000077 seconds
2016-04-18T01:36:09.298-0100: 5399.344: Total time for which application threads were stopped: 0.0002004 seconds, Stopping threads took: 0.0000514 seconds
2016-04-18T01:36:09.340-0100: 5399.387: Total time for which application threads were stopped: 0.0002268 seconds, Stopping threads took: 0.0000646 seconds
2016-04-18T01:36:10.343-0100: 5400.390: Total time for which application threads were stopped: 0.0001619 seconds, Stopping threads took: 0.0000376 seconds
2016-04-18T01:36:15.710-0100: 5405.757: Total time for which application threads were stopped: 0.0002085 seconds, Stopping threads took: 0.0000347 seconds
2016-04-18T01:36:15.716-0100: 5405.762: Total time for which application threads were stopped: 0.0001858 seconds, Stopping threads took: 0.0000310 seconds
2016-04-18T01:36:15.726-0100: 5405.772: Total time for which application threads were stopped: 0.0004294 seconds, Stopping threads took: 0.0000704 seconds
2016-04-18T01:36:15.726-0100: 5405.772: Total time for which application threads were stopped: 0.0002084 seconds, Stopping threads took: 0.0000905 seconds
2016-04-18T01:36:15.727-0100: 5405.773: Total time for which application threads were stopped: 0.0002511 seconds, Stopping threads took: 0.0000291 seconds
2016-04-18T01:36:15.734-0100: 5405.781: Total time for which application threads were stopped: 0.0001714 seconds, Stopping threads took: 0.0000425 seconds
2016-04-18T01:36:16.735-0100: 5406.781: Total time for which application threads were stopped: 0.0002067 seconds, Stopping threads took: 0.0000409 seconds
2016-04-18T01:36:27.478-0100: 5417.525: Total time for which application threads were stopped: 0.0002195 seconds, Stopping threads took: 0.0000466 seconds
2016-04-18T01:36:27.479-0100: 5417.526: Total time for which application threads were stopped: 0.0002211 seconds, Stopping threads took: 0.0001113 seconds
2016-04-18T01:36:27.499-0100: 5417.546: Total time for which application threads were stopped: 0.0001357 seconds, Stopping threads took: 0.0000279 seconds
2016-04-18T01:36:27.499-0100: 5417.546: Total time for which application threads were stopped: 0.0000577 seconds, Stopping threads took: 0.0000066 seconds
2016-04-18T01:36:28.502-0100: 5418.549: Total time for which application threads were stopped: 0.0001420 seconds, Stopping threads took: 0.0000355 seconds
2016-04-18T01:36:40.547-0100: 5430.595: Total time for which application threads were stopped: 0.0002195 seconds, Stopping threads took: 0.0000721 seconds
2016-04-18T01:36:40.552-0100: 5430.599: Total time for which application threads were stopped: 0.0001957 seconds, Stopping threads took: 0.0000301 seconds
2016-04-18T01:36:40.552-0100: 5430.599: Total time for which application threads were stopped: 0.0000860 seconds, Stopping threads took: 0.0000082 seconds
2016-04-18T01:36:40.562-0100: 5430.610: Total time for which application threads were stopped: 0.0002403 seconds, Stopping threads took: 0.0000480 seconds
2016-04-18T01:36:40.563-0100: 5430.610: Total time for which application threads were stopped: 0.0000973 seconds, Stopping threads took: 0.0000168 seconds
2016-04-18T01:36:41.567-0100: 5431.615: Total time for which application threads were stopped: 0.0002844 seconds, Stopping threads took: 0.0000481 seconds
2016-04-18T01:37:09.298-0100: 5459.347: Total time for which application threads were stopped: 0.0002465 seconds, Stopping threads took: 0.0000406 seconds
2016-04-18T01:37:09.298-0100: 5459.347: Total time for which application threads were stopped: 0.0000974 seconds, Stopping threads took: 0.0000082 seconds
2016-04-18T01:37:09.310-0100: 5459.359: Total time for which application threads were stopped: 0.0002017 seconds, Stopping threads took: 0.0000547 seconds
2016-04-18T01:37:09.311-0100: 5459.359: Total time for which application threads were stopped: 0.0001117 seconds, Stopping threads took: 0.0000098 seconds
2016-04-18T01:37:09.317-0100: 5459.365: Total time for which application threads were stopped: 0.0001723 seconds, Stopping threads took: 0.0000337 seconds
2016-04-18T01:37:09.318-0100: 5459.367: Total time for which application threads were stopped: 0.0001239 seconds, Stopping threads took: 0.0000218 seconds
2016-04-18T01:37:10.336-0100: 5460.384: Total time for which application threads were stopped: 0.0002812 seconds, Stopping threads took: 0.0001142 seconds
2016-04-18T01:37:21.286-0100: 5471.335: Total time for which application threads were stopped: 0.0001594 seconds, Stopping threads took: 0.0000293 seconds
2016-04-18T01:37:21.289-0100: 5471.337: Total time for which application threads were stopped: 0.0001463 seconds, Stopping threads took: 0.0000274 seconds
2016-04-18T01:37:21.289-0100: 5471.337: Total time for which application threads were stopped: 0.0000621 seconds, Stopping threads took: 0.0000085 seconds
2016-04-18T01:37:21.289-0100: 5471.338: Total time for which application threads were stopped: 0.0000664 seconds, Stopping threads took: 0.0000092 seconds
2016-04-18T01:37:21.289-0100: 5471.338: Total time for which application threads were stopped: 0.0000596 seconds, Stopping threads took: 0.0000081 seconds
2016-04-18T01:37:21.289-0100: 5471.338: Total time for which application threads were stopped: 0.0000595 seconds, Stopping threads took: 0.0000079 seconds
2016-04-18T01:37:21.289-0100: 5471.338: Total time for which application threads were stopped: 0.0001206 seconds, Stopping threads took: 0.0000091 seconds
2016-04-18T01:37:22.293-0100: 5472.342: Total time for which application threads were stopped: 0.0002453 seconds, Stopping threads took: 0.0000468 seconds
2016-04-18T01:37:28.719-0100: 5478.768: Total time for which application threads were stopped: 0.0002632 seconds, Stopping threads took: 0.0000541 seconds
2016-04-18T01:37:28.723-0100: 5478.772: Total time for which application threads were stopped: 0.0001969 seconds, Stopping threads took: 0.0000319 seconds
2016-04-18T01:37:28.732-0100: 5478.781: Total time for which application threads were stopped: 0.0001850 seconds, Stopping threads took: 0.0000357 seconds
2016-04-18T01:37:28.736-0100: 5478.785: Total time for which application threads were stopped: 0.0010180 seconds, Stopping threads took: 0.0000341 seconds
2016-04-18T01:37:28.842-0100: 5478.891: Total time for which application threads were stopped: 0.0001807 seconds, Stopping threads took: 0.0000345 seconds
2016-04-18T01:37:28.843-0100: 5478.892: Total time for which application threads were stopped: 0.0000696 seconds, Stopping threads took: 0.0000097 seconds
2016-04-18T01:37:29.846-0100: 5479.896: Total time for which application threads were stopped: 0.0001907 seconds, Stopping threads took: 0.0000369 seconds
2016-04-18T01:37:40.857-0100: 5490.906: Total time for which application threads were stopped: 0.0003455 seconds, Stopping threads took: 0.0000460 seconds
2016-04-18T01:37:40.857-0100: 5490.906: Total time for which application threads were stopped: 0.0001035 seconds, Stopping threads took: 0.0000092 seconds
2016-04-18T01:37:40.872-0100: 5490.921: Total time for which application threads were stopped: 0.0032367 seconds, Stopping threads took: 0.0028292 seconds
2016-04-18T01:37:40.873-0100: 5490.922: Total time for which application threads were stopped: 0.0002197 seconds, Stopping threads took: 0.0000412 seconds
2016-04-18T01:37:42.144-0100: 5492.193: Total time for which application threads were stopped: 0.0002742 seconds, Stopping threads took: 0.0000365 seconds
2016-04-18T01:37:42.159-0100: 5492.209: Total time for which application threads were stopped: 0.0006486 seconds, Stopping threads took: 0.0004420 seconds
2016-04-18T01:37:42.178-0100: 5492.227: Total time for which application threads were stopped: 0.0003359 seconds, Stopping threads took: 0.0001285 seconds
2016-04-18T01:37:42.179-0100: 5492.228: Total time for which application threads were stopped: 0.0001451 seconds, Stopping threads took: 0.0000410 seconds
2016-04-18T01:37:47.544-0100: 5497.593: Total time for which application threads were stopped: 0.0002380 seconds, Stopping threads took: 0.0000309 seconds
2016-04-18T01:37:47.544-0100: 5497.593: Total time for which application threads were stopped: 0.0000855 seconds, Stopping threads took: 0.0000072 seconds
2016-04-18T01:37:47.595-0100: 5497.645: Total time for which application threads were stopped: 0.0002304 seconds, Stopping threads took: 0.0000526 seconds
2016-04-18T01:37:47.608-0100: 5497.658: Total time for which application threads were stopped: 0.0001566 seconds, Stopping threads took: 0.0000360 seconds
2016-04-18T01:37:50.512-0100: 5500.561: Total time for which application threads were stopped: 0.0002127 seconds, Stopping threads took: 0.0000539 seconds
2016-04-18T01:37:50.512-0100: 5500.561: Total time for which application threads were stopped: 0.0000846 seconds, Stopping threads took: 0.0000194 seconds
2016-04-18T01:37:50.524-0100: 5500.574: Total time for which application threads were stopped: 0.0002333 seconds, Stopping threads took: 0.0000338 seconds
2016-04-18T01:37:50.525-0100: 5500.574: Total time for which application threads were stopped: 0.0001402 seconds, Stopping threads took: 0.0000420 seconds
2016-04-18T01:37:51.527-0100: 5501.577: Total time for which application threads were stopped: 0.0001934 seconds, Stopping threads took: 0.0000466 seconds
2016-04-18T01:38:08.669-0100: 5518.720: Total time for which application threads were stopped: 0.0002066 seconds, Stopping threads took: 0.0000340 seconds
2016-04-18T01:38:08.669-0100: 5518.720: Total time for which application threads were stopped: 0.0000806 seconds, Stopping threads took: 0.0000066 seconds
2016-04-18T01:38:08.682-0100: 5518.733: Total time for which application threads were stopped: 0.0005073 seconds, Stopping threads took: 0.0002553 seconds
2016-04-18T01:38:08.683-0100: 5518.733: Total time for which application threads were stopped: 0.0004292 seconds, Stopping threads took: 0.0002044 seconds
2016-04-18T01:38:09.688-0100: 5519.739: Total time for which application threads were stopped: 0.0001843 seconds, Stopping threads took: 0.0000457 seconds
2016-04-18T01:38:17.239-0100: 5527.290: Total time for which application threads were stopped: 0.0002210 seconds, Stopping threads took: 0.0000344 seconds
2016-04-18T01:38:17.239-0100: 5527.290: Total time for which application threads were stopped: 0.0000857 seconds, Stopping threads took: 0.0000071 seconds
2016-04-18T01:38:17.257-0100: 5527.307: Total time for which application threads were stopped: 0.0002200 seconds, Stopping threads took: 0.0000579 seconds
2016-04-18T01:38:17.262-0100: 5527.313: Total time for which application threads were stopped: 0.0001738 seconds, Stopping threads took: 0.0000455 seconds
2016-04-18T01:38:17.263-0100: 5527.313: Total time for which application threads were stopped: 0.0000522 seconds, Stopping threads took: 0.0000071 seconds
2016-04-18T01:38:21.329-0100: 5531.380: Total time for which application threads were stopped: 0.0002424 seconds, Stopping threads took: 0.0000374 seconds
2016-04-18T01:38:21.330-0100: 5531.381: Total time for which application threads were stopped: 0.0004217 seconds, Stopping threads took: 0.0000110 seconds
2016-04-18T01:38:21.345-0100: 5531.396: Total time for which application threads were stopped: 0.0002638 seconds, Stopping threads took: 0.0000536 seconds
2016-04-18T01:38:21.345-0100: 5531.396: Total time for which application threads were stopped: 0.0003096 seconds, Stopping threads took: 0.0000934 seconds
2016-04-18T01:38:22.350-0100: 5532.401: Total time for which application threads were stopped: 0.0002222 seconds, Stopping threads took: 0.0000865 seconds
2016-04-18T01:38:24.390-0100: 5534.441: Total time for which application threads were stopped: 0.0001956 seconds, Stopping threads took: 0.0000313 seconds
2016-04-18T01:38:24.390-0100: 5534.441: Total time for which application threads were stopped: 0.0000920 seconds, Stopping threads took: 0.0000080 seconds
2016-04-18T01:38:24.405-0100: 5534.456: Total time for which application threads were stopped: 0.0002613 seconds, Stopping threads took: 0.0000499 seconds
2016-04-18T01:38:24.406-0100: 5534.456: Total time for which application threads were stopped: 0.0001087 seconds, Stopping threads took: 0.0000267 seconds
2016-04-18T01:38:38.638-0100: 5548.689: Total time for which application threads were stopped: 0.0002114 seconds, Stopping threads took: 0.0000319 seconds
2016-04-18T01:38:38.657-0100: 5548.708: Total time for which application threads were stopped: 0.0002195 seconds, Stopping threads took: 0.0000360 seconds
2016-04-18T01:38:38.676-0100: 5548.727: Total time for which application threads were stopped: 0.0003456 seconds, Stopping threads took: 0.0000313 seconds
2016-04-18T01:38:38.676-0100: 5548.727: Total time for which application threads were stopped: 0.0000595 seconds, Stopping threads took: 0.0000076 seconds
2016-04-18T01:38:38.676-0100: 5548.727: Total time for which application threads were stopped: 0.0001540 seconds, Stopping threads took: 0.0000065 seconds
2016-04-18T01:38:40.004-0100: 5550.056: Total time for which application threads were stopped: 0.0002128 seconds, Stopping threads took: 0.0000315 seconds
2016-04-18T01:38:40.005-0100: 5550.056: Total time for which application threads were stopped: 0.0000880 seconds, Stopping threads took: 0.0000072 seconds
2016-04-18T01:38:40.019-0100: 5550.071: Total time for which application threads were stopped: 0.0007992 seconds, Stopping threads took: 0.0004369 seconds
2016-04-18T01:38:40.020-0100: 5550.071: Total time for which application threads were stopped: 0.0005628 seconds, Stopping threads took: 0.0001199 seconds
2016-04-18T01:38:41.037-0100: 5551.089: Total time for which application threads were stopped: 0.0002197 seconds, Stopping threads took: 0.0000352 seconds
2016-04-18T01:38:41.039-0100: 5551.091: Total time for which application threads were stopped: 0.0002017 seconds, Stopping threads took: 0.0000309 seconds
2016-04-18T01:38:41.055-0100: 5551.106: Total time for which application threads were stopped: 0.0001362 seconds, Stopping threads took: 0.0000301 seconds
2016-04-18T01:38:41.055-0100: 5551.106: Total time for which application threads were stopped: 0.0000496 seconds, Stopping threads took: 0.0000065 seconds
2016-04-18T01:38:42.162-0100: 5552.214: Total time for which application threads were stopped: 0.0001778 seconds, Stopping threads took: 0.0000382 seconds
2016-04-18T01:38:44.323-0100: 5554.374: Total time for which application threads were stopped: 0.0002366 seconds, Stopping threads took: 0.0000331 seconds
2016-04-18T01:38:44.323-0100: 5554.375: Total time for which application threads were stopped: 0.0000989 seconds, Stopping threads took: 0.0000091 seconds
2016-04-18T01:38:44.337-0100: 5554.388: Total time for which application threads were stopped: 0.0002103 seconds, Stopping threads took: 0.0000308 seconds
2016-04-18T01:38:44.338-0100: 5554.390: Total time for which application threads were stopped: 0.0001849 seconds, Stopping threads took: 0.0000252 seconds
2016-04-18T01:38:44.353-0100: 5554.405: Total time for which application threads were stopped: 0.0002429 seconds, Stopping threads took: 0.0000524 seconds
2016-04-18T01:38:44.353-0100: 5554.405: Total time for which application threads were stopped: 0.0001071 seconds, Stopping threads took: 0.0000276 seconds
2016-04-18T01:38:44.364-0100: 5554.415: Total time for which application threads were stopped: 0.0002795 seconds, Stopping threads took: 0.0000828 seconds
2016-04-18T01:38:44.364-0100: 5554.416: Total time for which application threads were stopped: 0.0001873 seconds, Stopping threads took: 0.0000483 seconds
2016-04-18T01:38:49.020-0100: 5559.072: Total time for which application threads were stopped: 0.0002236 seconds, Stopping threads took: 0.0000343 seconds
2016-04-18T01:38:49.020-0100: 5559.072: Total time for which application threads were stopped: 0.0000915 seconds, Stopping threads took: 0.0000091 seconds
2016-04-18T01:38:49.050-0100: 5559.102: Total time for which application threads were stopped: 0.0159028 seconds, Stopping threads took: 0.0154717 seconds
2016-04-18T01:38:49.051-0100: 5559.103: Total time for which application threads were stopped: 0.0003773 seconds, Stopping threads took: 0.0001986 seconds
2016-04-18T01:38:49.053-0100: 5559.105: Total time for which application threads were stopped: 0.0003847 seconds, Stopping threads took: 0.0002355 seconds
2016-04-18T01:38:50.926-0100: 5560.978: Total time for which application threads were stopped: 0.0020004 seconds, Stopping threads took: 0.0000352 seconds
2016-04-18T01:38:50.929-0100: 5560.981: Total time for which application threads were stopped: 0.0008901 seconds, Stopping threads took: 0.0007075 seconds
2016-04-18T01:38:50.938-0100: 5560.989: Total time for which application threads were stopped: 0.0002133 seconds, Stopping threads took: 0.0000543 seconds
2016-04-18T01:38:50.938-0100: 5560.990: Total time for which application threads were stopped: 0.0002124 seconds, Stopping threads took: 0.0000868 seconds
2016-04-18T01:38:51.943-0100: 5561.995: Total time for which application threads were stopped: 0.0002237 seconds, Stopping threads took: 0.0000845 seconds
2016-04-18T01:39:05.289-0100: 5575.341: Total time for which application threads were stopped: 0.0002053 seconds, Stopping threads took: 0.0000307 seconds
2016-04-18T01:39:05.289-0100: 5575.341: Total time for which application threads were stopped: 0.0000876 seconds, Stopping threads took: 0.0000089 seconds
2016-04-18T01:39:05.304-0100: 5575.356: Total time for which application threads were stopped: 0.0001501 seconds, Stopping threads took: 0.0000311 seconds
2016-04-18T01:39:05.306-0100: 5575.359: Total time for which application threads were stopped: 0.0001732 seconds, Stopping threads took: 0.0000369 seconds
2016-04-18T01:39:06.310-0100: 5576.362: Total time for which application threads were stopped: 0.0001462 seconds, Stopping threads took: 0.0000368 seconds
2016-04-18T01:39:08.972-0100: 5579.024: Total time for which application threads were stopped: 0.0008078 seconds, Stopping threads took: 0.0004405 seconds
2016-04-18T01:39:08.975-0100: 5579.027: Total time for which application threads were stopped: 0.0002067 seconds, Stopping threads took: 0.0000323 seconds
2016-04-18T01:39:08.984-0100: 5579.037: Total time for which application threads were stopped: 0.0006049 seconds, Stopping threads took: 0.0004018 seconds
2016-04-18T01:39:08.984-0100: 5579.037: Total time for which application threads were stopped: 0.0001030 seconds, Stopping threads took: 0.0000129 seconds
2016-04-18T01:39:11.468-0100: 5581.521: Total time for which application threads were stopped: 0.0002819 seconds, Stopping threads took: 0.0000796 seconds
2016-04-18T01:39:11.468-0100: 5581.521: Total time for which application threads were stopped: 0.0001518 seconds, Stopping threads took: 0.0000553 seconds
2016-04-18T01:39:11.485-0100: 5581.537: Total time for which application threads were stopped: 0.0001853 seconds, Stopping threads took: 0.0000572 seconds
2016-04-18T01:39:11.485-0100: 5581.537: Total time for which application threads were stopped: 0.0000766 seconds, Stopping threads took: 0.0000280 seconds
2016-04-18T01:39:12.486-0100: 5582.538: Total time for which application threads were stopped: 0.0002114 seconds, Stopping threads took: 0.0000781 seconds
2016-04-18T01:39:13.968-0100: 5584.020: Total time for which application threads were stopped: 0.0002227 seconds, Stopping threads took: 0.0000318 seconds
2016-04-18T01:39:13.968-0100: 5584.021: Total time for which application threads were stopped: 0.0001334 seconds, Stopping threads took: 0.0000140 seconds
2016-04-18T01:39:13.980-0100: 5584.032: Total time for which application threads were stopped: 0.0002141 seconds, Stopping threads took: 0.0000326 seconds
2016-04-18T01:39:13.980-0100: 5584.033: Total time for which application threads were stopped: 0.0001099 seconds, Stopping threads took: 0.0000305 seconds
2016-04-18T01:39:17.309-0100: 5587.361: Total time for which application threads were stopped: 0.0116326 seconds, Stopping threads took: 0.0114110 seconds
2016-04-18T01:39:17.311-0100: 5587.363: Total time for which application threads were stopped: 0.0002387 seconds, Stopping threads took: 0.0000757 seconds
2016-04-18T01:39:17.311-0100: 5587.364: Total time for which application threads were stopped: 0.0001181 seconds, Stopping threads took: 0.0000608 seconds
2016-04-18T01:40:17.316-0100: 5647.371: Total time for which application threads were stopped: 0.0015604 seconds, Stopping threads took: 0.0005211 seconds
2016-04-18T01:40:17.341-0100: 5647.396: Total time for which application threads were stopped: 0.0001978 seconds, Stopping threads took: 0.0000424 seconds
2016-04-18T01:44:57.151-0100: 5927.216: Total time for which application threads were stopped: 0.0290694 seconds, Stopping threads took: 0.0004545 seconds
2016-04-18T01:44:57.155-0100: 5927.219: Total time for which application threads were stopped: 0.0002411 seconds, Stopping threads took: 0.0000296 seconds
2016-04-18T01:44:57.162-0100: 5927.226: Total time for which application threads were stopped: 0.0016191 seconds, Stopping threads took: 0.0000625 seconds
2016-04-18T01:44:57.288-0100: 5927.352: Total time for which application threads were stopped: 0.0001223 seconds, Stopping threads took: 0.0000281 seconds
{Heap before GC invocations=15 (full 1):
 par new generation   total 109248K, used 108176K [0x00000007a0000000, 0x00000007a8000000, 0x00000007a8000000)
  eden space 87424K, 100% used [0x00000007a0000000, 0x00000007a5560000, 0x00000007a5560000)
  from space 21824K,  95% used [0x00000007a6ab0000, 0x00000007a7ef4300, 0x00000007a8000000)
  to   space 21824K,   0% used [0x00000007a5560000, 0x00000007a5560000, 0x00000007a6ab0000)
 concurrent mark-sweep generation total 393216K, used 12042K [0x00000007a8000000, 0x00000007c0000000, 0x00000007c0000000)
 Metaspace       used 35029K, capacity 35504K, committed 35836K, reserved 1081344K
  class space    used 3960K, capacity 4077K, committed 4092K, reserved 1048576K
2016-04-18T01:44:57.324-0100: 5927.388: [GC (Allocation Failure) 2016-04-18T01:44:57.349-0100: 5927.413: [ParNew
Desired survivor size 20112992 bytes, new threshold 8 (max 8)
- age   1:    3704464 bytes,    3704464 total
- age   2:      82376 bytes,    3786840 total
- age   3:     830264 bytes,    4617104 total
- age   4:    4452744 bytes,    9069848 total
- age   5:    2162496 bytes,   11232344 total
- age   6:     123080 bytes,   11355424 total
- age   7:    8026632 bytes,   19382056 total
: 108176K->21824K(109248K), 0.1539211 secs] 120219K->33866K(502464K), 0.1784129 secs] [Times: user=0.09 sys=0.15, real=0.18 secs] 
Heap after GC invocations=16 (full 1):
 par new generation   total 109248K, used 21824K [0x00000007a0000000, 0x00000007a8000000, 0x00000007a8000000)
  eden space 87424K,   0% used [0x00000007a0000000, 0x00000007a0000000, 0x00000007a5560000)
  from space 21824K, 100% used [0x00000007a5560000, 0x00000007a6ab0000, 0x00000007a6ab0000)
  to   space 21824K,   0% used [0x00000007a6ab0000, 0x00000007a6ab0000, 0x00000007a8000000)
 concurrent mark-sweep generation total 393216K, used 12042K [0x00000007a8000000, 0x00000007c0000000, 0x00000007c0000000)
 Metaspace       used 35029K, capacity 35504K, committed 35836K, reserved 1081344K
  class space    used 3960K, capacity 4077K, committed 4092K, reserved 1048576K
}
2016-04-18T01:44:57.503-0100: 5927.567: Total time for which application threads were stopped: 0.1794311 seconds, Stopping threads took: 0.0007293 seconds
2016-04-18T01:44:57.513-0100: 5927.577: Total time for which application threads were stopped: 0.0002640 seconds, Stopping threads took: 0.0000577 seconds
2016-04-18T01:44:57.519-0100: 5927.583: Total time for which application threads were stopped: 0.0005219 seconds, Stopping threads took: 0.0002823 seconds
2016-04-18T01:44:57.519-0100: 5927.584: Total time for which application threads were stopped: 0.0001424 seconds, Stopping threads took: 0.0000370 seconds
2016-04-18T01:44:57.520-0100: 5927.585: Total time for which application threads were stopped: 0.0001080 seconds, Stopping threads took: 0.0000220 seconds
2016-04-18T01:44:57.521-0100: 5927.585: Total time for which application threads were stopped: 0.0001370 seconds, Stopping threads took: 0.0000274 seconds
2016-04-18T01:44:57.521-0100: 5927.585: Total time for which application threads were stopped: 0.0000890 seconds, Stopping threads took: 0.0000094 seconds
2016-04-18T01:44:57.521-0100: 5927.585: Total time for which application threads were stopped: 0.0001700 seconds, Stopping threads took: 0.0001051 seconds
2016-04-18T01:44:57.522-0100: 5927.586: Total time for which application threads were stopped: 0.0001426 seconds, Stopping threads took: 0.0000791 seconds
2016-04-18T01:44:57.523-0100: 5927.587: Total time for which application threads were stopped: 0.0001551 seconds, Stopping threads took: 0.0000419 seconds
2016-04-18T01:44:57.524-0100: 5927.589: Total time for which application threads were stopped: 0.0002179 seconds, Stopping threads took: 0.0000969 seconds
2016-04-18T01:44:57.525-0100: 5927.589: Total time for which application threads were stopped: 0.0002249 seconds, Stopping threads took: 0.0001070 seconds
2016-04-18T01:44:57.525-0100: 5927.590: Total time for which application threads were stopped: 0.0001060 seconds, Stopping threads took: 0.0000349 seconds
2016-04-18T01:44:57.528-0100: 5927.593: Total time for which application threads were stopped: 0.0001792 seconds, Stopping threads took: 0.0000436 seconds
2016-04-18T01:44:57.530-0100: 5927.594: Total time for which application threads were stopped: 0.0001778 seconds, Stopping threads took: 0.0000522 seconds
2016-04-18T01:44:57.530-0100: 5927.594: Total time for which application threads were stopped: 0.0000876 seconds, Stopping threads took: 0.0000251 seconds
2016-04-18T01:44:57.531-0100: 5927.595: Total time for which application threads were stopped: 0.0001039 seconds, Stopping threads took: 0.0000204 seconds
2016-04-18T01:44:57.531-0100: 5927.595: Total time for which application threads were stopped: 0.0000760 seconds, Stopping threads took: 0.0000195 seconds
2016-04-18T01:44:57.532-0100: 5927.596: Total time for which application threads were stopped: 0.0000767 seconds, Stopping threads took: 0.0000143 seconds
2016-04-18T01:44:57.532-0100: 5927.596: Total time for which application threads were stopped: 0.0000566 seconds, Stopping threads took: 0.0000089 seconds
2016-04-18T01:44:57.532-0100: 5927.596: Total time for which application threads were stopped: 0.0000533 seconds, Stopping threads took: 0.0000085 seconds
2016-04-18T01:44:57.532-0100: 5927.596: Total time for which application threads were stopped: 0.0003357 seconds, Stopping threads took: 0.0000082 seconds
2016-04-18T01:44:57.532-0100: 5927.597: Total time for which application threads were stopped: 0.0000758 seconds, Stopping threads took: 0.0000247 seconds
2016-04-18T01:44:57.533-0100: 5927.597: Total time for which application threads were stopped: 0.0000585 seconds, Stopping threads took: 0.0000097 seconds
2016-04-18T01:44:57.533-0100: 5927.597: Total time for which application threads were stopped: 0.0000543 seconds, Stopping threads took: 0.0000100 seconds
2016-04-18T01:44:57.533-0100: 5927.597: Total time for which application threads were stopped: 0.0000718 seconds, Stopping threads took: 0.0000269 seconds
2016-04-18T01:44:57.533-0100: 5927.597: Total time for which application threads were stopped: 0.0000532 seconds, Stopping threads took: 0.0000087 seconds
2016-04-18T01:44:57.533-0100: 5927.597: Total time for which application threads were stopped: 0.0000935 seconds, Stopping threads took: 0.0000465 seconds
2016-04-18T01:44:57.537-0100: 5927.601: Total time for which application threads were stopped: 0.0001480 seconds, Stopping threads took: 0.0000344 seconds
2016-04-18T01:44:57.537-0100: 5927.601: Total time for which application threads were stopped: 0.0000525 seconds, Stopping threads took: 0.0000082 seconds
2016-04-18T01:44:57.537-0100: 5927.601: Total time for which application threads were stopped: 0.0000510 seconds, Stopping threads took: 0.0000080 seconds
2016-04-18T01:44:57.537-0100: 5927.601: Total time for which application threads were stopped: 0.0000506 seconds, Stopping threads took: 0.0000077 seconds
2016-04-18T01:44:57.537-0100: 5927.601: Total time for which application threads were stopped: 0.0000503 seconds, Stopping threads took: 0.0000078 seconds
2016-04-18T01:44:57.537-0100: 5927.601: Total time for which application threads were stopped: 0.0000503 seconds, Stopping threads took: 0.0000077 seconds
2016-04-18T01:44:57.537-0100: 5927.601: Total time for which application threads were stopped: 0.0000507 seconds, Stopping threads took: 0.0000077 seconds
2016-04-18T01:44:57.574-0100: 5927.638: Total time for which application threads were stopped: 0.0001755 seconds, Stopping threads took: 0.0000273 seconds
2016-04-18T01:44:57.574-0100: 5927.638: Total time for which application threads were stopped: 0.0000925 seconds, Stopping threads took: 0.0000364 seconds
2016-04-18T01:44:57.575-0100: 5927.639: Total time for which application threads were stopped: 0.0001079 seconds, Stopping threads took: 0.0000182 seconds
2016-04-18T01:44:57.575-0100: 5927.640: Total time for which application threads were stopped: 0.0001947 seconds, Stopping threads took: 0.0001394 seconds
2016-04-18T01:44:57.576-0100: 5927.640: Total time for which application threads were stopped: 0.0002943 seconds, Stopping threads took: 0.0000357 seconds
2016-04-18T01:44:57.577-0100: 5927.642: Total time for which application threads were stopped: 0.0009951 seconds, Stopping threads took: 0.0009024 seconds
2016-04-18T01:44:57.578-0100: 5927.642: Total time for which application threads were stopped: 0.0001055 seconds, Stopping threads took: 0.0000592 seconds
2016-04-18T01:44:57.578-0100: 5927.642: Total time for which application threads were stopped: 0.0000531 seconds, Stopping threads took: 0.0000092 seconds
2016-04-18T01:44:57.578-0100: 5927.642: Total time for which application threads were stopped: 0.0000519 seconds, Stopping threads took: 0.0000091 seconds
2016-04-18T01:44:57.578-0100: 5927.642: Total time for which application threads were stopped: 0.0000697 seconds, Stopping threads took: 0.0000255 seconds
2016-04-18T01:44:57.578-0100: 5927.643: Total time for which application threads were stopped: 0.0000515 seconds, Stopping threads took: 0.0000084 seconds
2016-04-18T01:44:57.586-0100: 5927.650: Total time for which application threads were stopped: 0.0001656 seconds, Stopping threads took: 0.0000421 seconds
2016-04-18T01:44:57.587-0100: 5927.651: Total time for which application threads were stopped: 0.0002001 seconds, Stopping threads took: 0.0000175 seconds
2016-04-18T01:44:57.588-0100: 5927.652: Total time for which application threads were stopped: 0.0002291 seconds, Stopping threads took: 0.0001386 seconds
2016-04-18T01:44:57.588-0100: 5927.652: Total time for which application threads were stopped: 0.0001704 seconds, Stopping threads took: 0.0000859 seconds
2016-04-18T01:44:57.589-0100: 5927.653: Total time for which application threads were stopped: 0.0001280 seconds, Stopping threads took: 0.0000353 seconds
2016-04-18T01:44:57.589-0100: 5927.654: Total time for which application threads were stopped: 0.0000778 seconds, Stopping threads took: 0.0000298 seconds
2016-04-18T01:44:57.590-0100: 5927.654: Total time for which application threads were stopped: 0.0000719 seconds, Stopping threads took: 0.0000322 seconds
2016-04-18T01:44:57.591-0100: 5927.655: Total time for which application threads were stopped: 0.0001270 seconds, Stopping threads took: 0.0000289 seconds
2016-04-18T01:44:57.591-0100: 5927.655: Total time for which application threads were stopped: 0.0000871 seconds, Stopping threads took: 0.0000326 seconds
2016-04-18T01:44:57.593-0100: 5927.657: Total time for which application threads were stopped: 0.0001094 seconds, Stopping threads took: 0.0000393 seconds
2016-04-18T01:44:57.598-0100: 5927.662: Total time for which application threads were stopped: 0.0001499 seconds, Stopping threads took: 0.0000439 seconds
2016-04-18T01:44:57.598-0100: 5927.662: Total time for which application threads were stopped: 0.0000447 seconds, Stopping threads took: 0.0000076 seconds
2016-04-18T01:44:57.598-0100: 5927.663: Total time for which application threads were stopped: 0.0000491 seconds, Stopping threads took: 0.0000084 seconds
2016-04-18T01:44:57.599-0100: 5927.663: Total time for which application threads were stopped: 0.0000429 seconds, Stopping threads took: 0.0000070 seconds
2016-04-18T01:44:57.599-0100: 5927.664: Total time for which application threads were stopped: 0.0000822 seconds, Stopping threads took: 0.0000172 seconds
2016-04-18T01:44:57.600-0100: 5927.664: Total time for which application threads were stopped: 0.0000541 seconds, Stopping threads took: 0.0000094 seconds
2016-04-18T01:44:57.600-0100: 5927.664: Total time for which application threads were stopped: 0.0000545 seconds, Stopping threads took: 0.0000195 seconds
2016-04-18T01:44:57.600-0100: 5927.665: Total time for which application threads were stopped: 0.0000645 seconds, Stopping threads took: 0.0000221 seconds
2016-04-18T01:44:57.600-0100: 5927.665: Total time for which application threads were stopped: 0.0000419 seconds, Stopping threads took: 0.0000071 seconds
2016-04-18T01:44:57.601-0100: 5927.665: Total time for which application threads were stopped: 0.0000413 seconds, Stopping threads took: 0.0000067 seconds
2016-04-18T01:44:57.601-0100: 5927.665: Total time for which application threads were stopped: 0.0000414 seconds, Stopping threads took: 0.0000071 seconds
2016-04-18T01:44:57.628-0100: 5927.692: Total time for which application threads were stopped: 0.0001003 seconds, Stopping threads took: 0.0000403 seconds
2016-04-18T01:44:57.628-0100: 5927.692: Total time for which application threads were stopped: 0.0000575 seconds, Stopping threads took: 0.0000285 seconds
2016-04-18T01:44:57.629-0100: 5927.693: Total time for which application threads were stopped: 0.0000798 seconds, Stopping threads took: 0.0000362 seconds
2016-04-18T01:44:57.629-0100: 5927.693: Total time for which application threads were stopped: 0.0000552 seconds, Stopping threads took: 0.0000104 seconds
2016-04-18T01:44:57.629-0100: 5927.693: Total time for which application threads were stopped: 0.0000288 seconds, Stopping threads took: 0.0000064 seconds
Heap
 par new generation   total 109248K, used 28195K [0x00000007a0000000, 0x00000007a8000000, 0x00000007a8000000)
  eden space 87424K,   7% used [0x00000007a0000000, 0x00000007a0638e40, 0x00000007a5560000)
  from space 21824K, 100% used [0x00000007a5560000, 0x00000007a6ab0000, 0x00000007a6ab0000)
  to   space 21824K,   0% used [0x00000007a6ab0000, 0x00000007a6ab0000, 0x00000007a8000000)
 concurrent mark-sweep generation total 393216K, used 12042K [0x00000007a8000000, 0x00000007c0000000, 0x00000007c0000000)
 Metaspace       used 35055K, capacity 35504K, committed 35836K, reserved 1081344K
  class space    used 3963K, capacity 4077K, committed 4092K, reserved 1048576K
