Java HotSpot(TM) 64-Bit Server VM (25.65-b01) for bsd-amd64 JRE (1.8.0_65-b17), built on Oct  6 2015 15:36:46 by "java_re" with gcc 4.2.1 (Based on Apple Inc. build 5658) (LLVM build 2336.11.00)
Memory: 4k page, physical 4194304k(17336k free)

/proc/meminfo:

CommandLine flags: -XX:CMSInitiatingOccupancyFraction=50 -XX:CMSMaxAbortablePrecleanTime=6000 -XX:+CMSParallelRemarkEnabled -XX:+CMSScavengeBeforeRemark -XX:ConcGCThreads=4 -XX:InitialHeapSize=536870912 -XX:MaxHeapSize=536870912 -XX:MaxTenuringThreshold=8 -XX:NewRatio=3 -XX:OldPLABSize=16 -XX:OnOutOfMemoryError=/Users/renzo.verastegui/Desktop/solr-6.0.0/bin/oom_solr.sh 8983 /Users/renzo.verastegui/Desktop/solr-6.0.0/example/cloud/node1/solr/../logs -XX:ParallelGCThreads=4 -XX:+ParallelRefProcEnabled -XX:PretenureSizeThreshold=67108864 -XX:+PrintGC -XX:+PrintGCApplicationStoppedTime -XX:+PrintGCDateStamps -XX:+PrintGCDetails -XX:+PrintGCTimeStamps -XX:+PrintHeapAtGC -XX:+PrintTenuringDistribution -XX:SurvivorRatio=4 -XX:TargetSurvivorRatio=90 -XX:ThreadStackSize=256 -XX:+UseCMSInitiatingOccupancyOnly -XX:+UseCompressedClassPointers -XX:+UseCompressedOops -XX:+UseConcMarkSweepGC -XX:+UseParNewGC 
2016-04-17T20:37:51.058-0100: 0.644: Total time for which application threads were stopped: 0.0001802 seconds, Stopping threads took: 0.0000429 seconds
2016-04-17T20:37:51.432-0100: 1.019: Total time for which application threads were stopped: 0.0002030 seconds, Stopping threads took: 0.0000231 seconds
2016-04-17T20:37:52.436-0100: 2.022: Total time for which application threads were stopped: 0.0002155 seconds, Stopping threads took: 0.0000383 seconds
2016-04-17T20:37:53.438-0100: 3.025: Total time for which application threads were stopped: 0.0001214 seconds, Stopping threads took: 0.0000260 seconds
2016-04-17T20:37:53.697-0100: 3.284: Total time for which application threads were stopped: 0.0002470 seconds, Stopping threads took: 0.0000232 seconds
2016-04-17T20:37:54.029-0100: 3.616: Total time for which application threads were stopped: 0.0002400 seconds, Stopping threads took: 0.0000243 seconds
2016-04-17T20:37:54.115-0100: 3.702: Total time for which application threads were stopped: 0.0002494 seconds, Stopping threads took: 0.0000266 seconds
2016-04-17T20:37:54.677-0100: 4.264: Total time for which application threads were stopped: 0.0003038 seconds, Stopping threads took: 0.0000351 seconds
2016-04-17T20:37:55.069-0100: 4.656: Total time for which application threads were stopped: 0.0003330 seconds, Stopping threads took: 0.0000407 seconds
2016-04-17T20:37:56.074-0100: 5.660: Total time for which application threads were stopped: 0.0001030 seconds, Stopping threads took: 0.0000270 seconds
2016-04-17T20:37:57.076-0100: 6.663: Total time for which application threads were stopped: 0.0002676 seconds, Stopping threads took: 0.0000363 seconds
2016-04-17T20:37:57.305-0100: 6.892: Total time for which application threads were stopped: 0.0003260 seconds, Stopping threads took: 0.0000259 seconds
2016-04-17T20:37:57.309-0100: 6.896: Total time for which application threads were stopped: 0.0003355 seconds, Stopping threads took: 0.0000266 seconds
2016-04-17T20:37:57.328-0100: 6.915: Total time for which application threads were stopped: 0.0003201 seconds, Stopping threads took: 0.0000245 seconds
2016-04-17T20:37:57.418-0100: 7.005: Total time for which application threads were stopped: 0.0003117 seconds, Stopping threads took: 0.0000268 seconds
2016-04-17T20:37:58.419-0100: 8.006: Total time for which application threads were stopped: 0.0002151 seconds, Stopping threads took: 0.0000415 seconds
2016-04-17T20:37:58.581-0100: 8.168: Total time for which application threads were stopped: 0.0001334 seconds, Stopping threads took: 0.0000209 seconds
2016-04-17T20:37:58.582-0100: 8.168: Total time for which application threads were stopped: 0.0000588 seconds, Stopping threads took: 0.0000079 seconds
2016-04-17T20:37:58.582-0100: 8.169: Total time for which application threads were stopped: 0.0000587 seconds, Stopping threads took: 0.0000081 seconds
2016-04-17T20:37:58.582-0100: 8.169: Total time for which application threads were stopped: 0.0000552 seconds, Stopping threads took: 0.0000077 seconds
2016-04-17T20:37:58.582-0100: 8.169: Total time for which application threads were stopped: 0.0000561 seconds, Stopping threads took: 0.0000077 seconds
2016-04-17T20:37:58.582-0100: 8.169: Total time for which application threads were stopped: 0.0000544 seconds, Stopping threads took: 0.0000075 seconds
2016-04-17T20:37:58.582-0100: 8.169: Total time for which application threads were stopped: 0.0000560 seconds, Stopping threads took: 0.0000078 seconds
2016-04-17T20:37:58.582-0100: 8.169: Total time for which application threads were stopped: 0.0000549 seconds, Stopping threads took: 0.0000074 seconds
2016-04-17T20:37:58.582-0100: 8.169: Total time for which application threads were stopped: 0.0000550 seconds, Stopping threads took: 0.0000075 seconds
2016-04-17T20:37:58.582-0100: 8.169: Total time for which application threads were stopped: 0.0000548 seconds, Stopping threads took: 0.0000074 seconds
2016-04-17T20:37:58.583-0100: 8.169: Total time for which application threads were stopped: 0.0000548 seconds, Stopping threads took: 0.0000075 seconds
2016-04-17T20:37:58.583-0100: 8.169: Total time for which application threads were stopped: 0.0000553 seconds, Stopping threads took: 0.0000073 seconds
2016-04-17T20:37:58.583-0100: 8.170: Total time for which application threads were stopped: 0.0000551 seconds, Stopping threads took: 0.0000067 seconds
2016-04-17T20:37:58.583-0100: 8.170: Total time for which application threads were stopped: 0.0000543 seconds, Stopping threads took: 0.0000075 seconds
2016-04-17T20:37:58.583-0100: 8.170: Total time for which application threads were stopped: 0.0000561 seconds, Stopping threads took: 0.0000074 seconds
2016-04-17T20:37:58.583-0100: 8.170: Total time for which application threads were stopped: 0.0000546 seconds, Stopping threads took: 0.0000075 seconds
2016-04-17T20:37:58.583-0100: 8.170: Total time for which application threads were stopped: 0.0000543 seconds, Stopping threads took: 0.0000073 seconds
2016-04-17T20:37:58.583-0100: 8.170: Total time for which application threads were stopped: 0.0000562 seconds, Stopping threads took: 0.0000072 seconds
2016-04-17T20:37:58.583-0100: 8.170: Total time for which application threads were stopped: 0.0000562 seconds, Stopping threads took: 0.0000074 seconds
2016-04-17T20:37:58.583-0100: 8.170: Total time for which application threads were stopped: 0.0001395 seconds, Stopping threads took: 0.0000078 seconds
2016-04-17T20:37:58.584-0100: 8.171: Total time for which application threads were stopped: 0.0000676 seconds, Stopping threads took: 0.0000081 seconds
2016-04-17T20:37:58.584-0100: 8.171: Total time for which application threads were stopped: 0.0000564 seconds, Stopping threads took: 0.0000074 seconds
2016-04-17T20:37:58.584-0100: 8.171: Total time for which application threads were stopped: 0.0000595 seconds, Stopping threads took: 0.0000075 seconds
2016-04-17T20:37:58.599-0100: 8.186: Total time for which application threads were stopped: 0.0001844 seconds, Stopping threads took: 0.0000307 seconds
2016-04-17T20:37:58.603-0100: 8.190: Total time for which application threads were stopped: 0.0001592 seconds, Stopping threads took: 0.0000327 seconds
2016-04-17T20:37:58.604-0100: 8.190: Total time for which application threads were stopped: 0.0000810 seconds, Stopping threads took: 0.0000122 seconds
2016-04-17T20:37:58.631-0100: 8.218: Total time for which application threads were stopped: 0.0001223 seconds, Stopping threads took: 0.0000251 seconds
2016-04-17T20:37:58.631-0100: 8.218: Total time for which application threads were stopped: 0.0000719 seconds, Stopping threads took: 0.0000100 seconds
2016-04-17T20:37:58.656-0100: 8.243: Total time for which application threads were stopped: 0.0001919 seconds, Stopping threads took: 0.0000375 seconds
2016-04-17T20:37:58.699-0100: 8.286: Total time for which application threads were stopped: 0.0001326 seconds, Stopping threads took: 0.0000271 seconds
2016-04-17T20:37:58.732-0100: 8.319: Total time for which application threads were stopped: 0.0001776 seconds, Stopping threads took: 0.0000244 seconds
2016-04-17T20:37:59.087-0100: 8.673: Total time for which application threads were stopped: 0.0001073 seconds, Stopping threads took: 0.0000239 seconds
2016-04-17T20:37:59.088-0100: 8.675: Total time for which application threads were stopped: 0.0001189 seconds, Stopping threads took: 0.0000465 seconds
2016-04-17T20:37:59.088-0100: 8.675: Total time for which application threads were stopped: 0.0000790 seconds, Stopping threads took: 0.0000297 seconds
2016-04-17T20:37:59.088-0100: 8.675: Total time for which application threads were stopped: 0.0000678 seconds, Stopping threads took: 0.0000274 seconds
2016-04-17T20:37:59.088-0100: 8.675: Total time for which application threads were stopped: 0.0000725 seconds, Stopping threads took: 0.0000298 seconds
2016-04-17T20:37:59.089-0100: 8.676: Total time for which application threads were stopped: 0.0003202 seconds, Stopping threads took: 0.0002775 seconds
2016-04-17T20:37:59.089-0100: 8.676: Total time for which application threads were stopped: 0.0000493 seconds, Stopping threads took: 0.0000085 seconds
2016-04-17T20:37:59.089-0100: 8.676: Total time for which application threads were stopped: 0.0000471 seconds, Stopping threads took: 0.0000082 seconds
2016-04-17T20:37:59.089-0100: 8.676: Total time for which application threads were stopped: 0.0000475 seconds, Stopping threads took: 0.0000086 seconds
2016-04-17T20:37:59.089-0100: 8.676: Total time for which application threads were stopped: 0.0000568 seconds, Stopping threads took: 0.0000092 seconds
2016-04-17T20:37:59.089-0100: 8.676: Total time for which application threads were stopped: 0.0000468 seconds, Stopping threads took: 0.0000082 seconds
2016-04-17T20:37:59.089-0100: 8.676: Total time for which application threads were stopped: 0.0000453 seconds, Stopping threads took: 0.0000078 seconds
2016-04-17T20:37:59.090-0100: 8.677: Total time for which application threads were stopped: 0.0000790 seconds, Stopping threads took: 0.0000243 seconds
2016-04-17T20:37:59.090-0100: 8.677: Total time for which application threads were stopped: 0.0000534 seconds, Stopping threads took: 0.0000081 seconds
2016-04-17T20:37:59.090-0100: 8.677: Total time for which application threads were stopped: 0.0000465 seconds, Stopping threads took: 0.0000080 seconds
2016-04-17T20:37:59.090-0100: 8.677: Total time for which application threads were stopped: 0.0000458 seconds, Stopping threads took: 0.0000083 seconds
2016-04-17T20:37:59.090-0100: 8.677: Total time for which application threads were stopped: 0.0000455 seconds, Stopping threads took: 0.0000083 seconds
2016-04-17T20:37:59.090-0100: 8.677: Total time for which application threads were stopped: 0.0000456 seconds, Stopping threads took: 0.0000083 seconds
2016-04-17T20:37:59.091-0100: 8.677: Total time for which application threads were stopped: 0.0000454 seconds, Stopping threads took: 0.0000083 seconds
2016-04-17T20:37:59.091-0100: 8.678: Total time for which application threads were stopped: 0.0001702 seconds, Stopping threads took: 0.0000083 seconds
2016-04-17T20:37:59.098-0100: 8.685: Total time for which application threads were stopped: 0.0000956 seconds, Stopping threads took: 0.0000238 seconds
2016-04-17T20:37:59.140-0100: 8.726: Total time for which application threads were stopped: 0.0001341 seconds, Stopping threads took: 0.0000274 seconds
2016-04-17T20:37:59.141-0100: 8.728: Total time for which application threads were stopped: 0.0004789 seconds, Stopping threads took: 0.0003892 seconds
2016-04-17T20:37:59.177-0100: 8.764: Total time for which application threads were stopped: 0.0004142 seconds, Stopping threads took: 0.0003091 seconds
2016-04-17T20:37:59.210-0100: 8.796: Total time for which application threads were stopped: 0.0001716 seconds, Stopping threads took: 0.0000476 seconds
2016-04-17T20:37:59.211-0100: 8.798: Total time for which application threads were stopped: 0.0001613 seconds, Stopping threads took: 0.0000737 seconds
2016-04-17T20:37:59.213-0100: 8.800: Total time for which application threads were stopped: 0.0001909 seconds, Stopping threads took: 0.0000271 seconds
2016-04-17T20:37:59.318-0100: 8.905: Total time for which application threads were stopped: 0.0002500 seconds, Stopping threads took: 0.0000234 seconds
2016-04-17T20:37:59.328-0100: 8.915: Total time for which application threads were stopped: 0.0001138 seconds, Stopping threads took: 0.0000272 seconds
2016-04-17T20:37:59.351-0100: 8.938: Total time for which application threads were stopped: 0.0003095 seconds, Stopping threads took: 0.0002281 seconds
2016-04-17T20:37:59.356-0100: 8.943: Total time for which application threads were stopped: 0.0000933 seconds, Stopping threads took: 0.0000267 seconds
2016-04-17T20:37:59.383-0100: 8.969: Total time for which application threads were stopped: 0.0011261 seconds, Stopping threads took: 0.0009897 seconds
2016-04-17T20:37:59.384-0100: 8.971: Total time for which application threads were stopped: 0.0001234 seconds, Stopping threads took: 0.0000233 seconds
2016-04-17T20:37:59.385-0100: 8.971: Total time for which application threads were stopped: 0.0002475 seconds, Stopping threads took: 0.0001763 seconds
2016-04-17T20:37:59.385-0100: 8.972: Total time for which application threads were stopped: 0.0004167 seconds, Stopping threads took: 0.0003326 seconds
2016-04-17T20:37:59.386-0100: 8.973: Total time for which application threads were stopped: 0.0001023 seconds, Stopping threads took: 0.0000367 seconds
2016-04-17T20:37:59.387-0100: 8.974: Total time for which application threads were stopped: 0.0003229 seconds, Stopping threads took: 0.0002310 seconds
2016-04-17T20:37:59.389-0100: 8.976: Total time for which application threads were stopped: 0.0007011 seconds, Stopping threads took: 0.0006230 seconds
2016-04-17T20:37:59.389-0100: 8.976: Total time for which application threads were stopped: 0.0000453 seconds, Stopping threads took: 0.0000112 seconds
2016-04-17T20:37:59.393-0100: 8.979: Total time for which application threads were stopped: 0.0001632 seconds, Stopping threads took: 0.0000459 seconds
2016-04-17T20:37:59.400-0100: 8.987: Total time for which application threads were stopped: 0.0001654 seconds, Stopping threads took: 0.0000689 seconds
2016-04-17T20:37:59.401-0100: 8.988: Total time for which application threads were stopped: 0.0001724 seconds, Stopping threads took: 0.0000806 seconds
2016-04-17T20:37:59.403-0100: 8.989: Total time for which application threads were stopped: 0.0001685 seconds, Stopping threads took: 0.0000783 seconds
2016-04-17T20:37:59.404-0100: 8.990: Total time for which application threads were stopped: 0.0001945 seconds, Stopping threads took: 0.0000143 seconds
2016-04-17T20:37:59.405-0100: 8.992: Total time for which application threads were stopped: 0.0001436 seconds, Stopping threads took: 0.0000229 seconds
2016-04-17T20:37:59.465-0100: 9.052: Total time for which application threads were stopped: 0.0001340 seconds, Stopping threads took: 0.0000213 seconds
2016-04-17T20:37:59.474-0100: 9.061: Total time for which application threads were stopped: 0.0001735 seconds, Stopping threads took: 0.0000294 seconds
2016-04-17T20:38:00.119-0100: 9.706: Total time for which application threads were stopped: 0.0001740 seconds, Stopping threads took: 0.0000304 seconds
2016-04-17T20:38:00.120-0100: 9.707: Total time for which application threads were stopped: 0.0000679 seconds, Stopping threads took: 0.0000129 seconds
2016-04-17T20:38:00.122-0100: 9.709: Total time for which application threads were stopped: 0.0000933 seconds, Stopping threads took: 0.0000396 seconds
2016-04-17T20:38:00.123-0100: 9.710: Total time for which application threads were stopped: 0.0000869 seconds, Stopping threads took: 0.0000205 seconds
2016-04-17T20:38:00.124-0100: 9.711: Total time for which application threads were stopped: 0.0000515 seconds, Stopping threads took: 0.0000114 seconds
2016-04-17T20:38:00.124-0100: 9.711: Total time for which application threads were stopped: 0.0000464 seconds, Stopping threads took: 0.0000083 seconds
2016-04-17T20:38:00.124-0100: 9.711: Total time for which application threads were stopped: 0.0000898 seconds, Stopping threads took: 0.0000078 seconds
2016-04-17T20:38:00.125-0100: 9.712: Total time for which application threads were stopped: 0.0000493 seconds, Stopping threads took: 0.0000091 seconds
2016-04-17T20:38:00.125-0100: 9.712: Total time for which application threads were stopped: 0.0000520 seconds, Stopping threads took: 0.0000092 seconds
2016-04-17T20:38:00.126-0100: 9.713: Total time for which application threads were stopped: 0.0000583 seconds, Stopping threads took: 0.0000105 seconds
2016-04-17T20:38:00.126-0100: 9.713: Total time for which application threads were stopped: 0.0000474 seconds, Stopping threads took: 0.0000115 seconds
2016-04-17T20:38:00.126-0100: 9.713: Total time for which application threads were stopped: 0.0000624 seconds, Stopping threads took: 0.0000266 seconds
2016-04-17T20:38:00.126-0100: 9.713: Total time for which application threads were stopped: 0.0000448 seconds, Stopping threads took: 0.0000089 seconds
2016-04-17T20:38:00.127-0100: 9.714: Total time for which application threads were stopped: 0.0000872 seconds, Stopping threads took: 0.0000341 seconds
2016-04-17T20:38:00.127-0100: 9.714: Total time for which application threads were stopped: 0.0000674 seconds, Stopping threads took: 0.0000284 seconds
2016-04-17T20:38:00.130-0100: 9.717: Total time for which application threads were stopped: 0.0001234 seconds, Stopping threads took: 0.0000256 seconds
2016-04-17T20:38:00.134-0100: 9.721: Total time for which application threads were stopped: 0.0001224 seconds, Stopping threads took: 0.0000260 seconds
2016-04-17T20:38:00.135-0100: 9.722: Total time for which application threads were stopped: 0.0000692 seconds, Stopping threads took: 0.0000171 seconds
2016-04-17T20:38:00.135-0100: 9.722: Total time for which application threads were stopped: 0.0000923 seconds, Stopping threads took: 0.0000312 seconds
2016-04-17T20:38:00.157-0100: 9.744: Total time for which application threads were stopped: 0.0001166 seconds, Stopping threads took: 0.0000270 seconds
2016-04-17T20:38:00.161-0100: 9.748: Total time for which application threads were stopped: 0.0000867 seconds, Stopping threads took: 0.0000220 seconds
2016-04-17T20:38:00.161-0100: 9.748: Total time for which application threads were stopped: 0.0000512 seconds, Stopping threads took: 0.0000100 seconds
2016-04-17T20:38:00.161-0100: 9.748: Total time for which application threads were stopped: 0.0000701 seconds, Stopping threads took: 0.0000096 seconds
2016-04-17T20:38:00.163-0100: 9.750: Total time for which application threads were stopped: 0.0001006 seconds, Stopping threads took: 0.0000314 seconds
2016-04-17T20:38:00.164-0100: 9.750: Total time for which application threads were stopped: 0.0000444 seconds, Stopping threads took: 0.0000085 seconds
2016-04-17T20:38:00.168-0100: 9.755: Total time for which application threads were stopped: 0.0001121 seconds, Stopping threads took: 0.0000320 seconds
2016-04-17T20:38:00.169-0100: 9.756: Total time for which application threads were stopped: 0.0001188 seconds, Stopping threads took: 0.0000141 seconds
2016-04-17T20:38:00.175-0100: 9.762: Total time for which application threads were stopped: 0.0000908 seconds, Stopping threads took: 0.0000255 seconds
2016-04-17T20:38:00.176-0100: 9.763: Total time for which application threads were stopped: 0.0000717 seconds, Stopping threads took: 0.0000144 seconds
2016-04-17T20:38:00.215-0100: 9.802: Total time for which application threads were stopped: 0.0006077 seconds, Stopping threads took: 0.0005292 seconds
2016-04-17T20:38:00.238-0100: 9.825: Total time for which application threads were stopped: 0.0002975 seconds, Stopping threads took: 0.0000518 seconds
2016-04-17T20:38:00.338-0100: 9.925: Total time for which application threads were stopped: 0.0001453 seconds, Stopping threads took: 0.0000512 seconds
2016-04-17T20:38:00.368-0100: 9.955: Total time for which application threads were stopped: 0.0003079 seconds, Stopping threads took: 0.0000468 seconds
{Heap before GC invocations=0 (full 0):
 par new generation   total 109248K, used 87424K [0x00000007a0000000, 0x00000007a8000000, 0x00000007a8000000)
  eden space 87424K, 100% used [0x00000007a0000000, 0x00000007a5560000, 0x00000007a5560000)
  from space 21824K,   0% used [0x00000007a5560000, 0x00000007a5560000, 0x00000007a6ab0000)
  to   space 21824K,   0% used [0x00000007a6ab0000, 0x00000007a6ab0000, 0x00000007a8000000)
 concurrent mark-sweep generation total 393216K, used 0K [0x00000007a8000000, 0x00000007c0000000, 0x00000007c0000000)
 Metaspace       used 19053K, capacity 19380K, committed 19840K, reserved 1067008K
  class space    used 2233K, capacity 2339K, committed 2432K, reserved 1048576K
2016-04-17T20:38:00.389-0100: 9.976: [GC (Allocation Failure) 2016-04-17T20:38:00.429-0100: 10.016: [ParNew
Desired survivor size 20112992 bytes, new threshold 8 (max 8)
- age   1:   10937872 bytes,   10937872 total
: 87424K->10791K(109248K), 0.1919784 secs] 87424K->10791K(502464K), 0.2321905 secs] [Times: user=0.05 sys=0.02, real=0.24 secs] 
Heap after GC invocations=1 (full 0):
 par new generation   total 109248K, used 10791K [0x00000007a0000000, 0x00000007a8000000, 0x00000007a8000000)
  eden space 87424K,   0% used [0x00000007a0000000, 0x00000007a0000000, 0x00000007a5560000)
  from space 21824K,  49% used [0x00000007a6ab0000, 0x00000007a7539d08, 0x00000007a8000000)
  to   space 21824K,   0% used [0x00000007a5560000, 0x00000007a5560000, 0x00000007a6ab0000)
 concurrent mark-sweep generation total 393216K, used 0K [0x00000007a8000000, 0x00000007c0000000, 0x00000007c0000000)
 Metaspace       used 19053K, capacity 19380K, committed 19840K, reserved 1067008K
  class space    used 2233K, capacity 2339K, committed 2432K, reserved 1048576K
}
2016-04-17T20:38:00.622-0100: 10.209: Total time for which application threads were stopped: 0.2325219 seconds, Stopping threads took: 0.0000264 seconds
2016-04-17T20:38:00.624-0100: 10.211: Total time for which application threads were stopped: 0.0004537 seconds, Stopping threads took: 0.0003057 seconds
2016-04-17T20:38:00.631-0100: 10.218: Total time for which application threads were stopped: 0.0001520 seconds, Stopping threads took: 0.0000249 seconds
2016-04-17T20:38:00.631-0100: 10.218: Total time for which application threads were stopped: 0.0000693 seconds, Stopping threads took: 0.0000092 seconds
2016-04-17T20:38:00.631-0100: 10.218: Total time for which application threads were stopped: 0.0000673 seconds, Stopping threads took: 0.0000087 seconds
2016-04-17T20:38:00.631-0100: 10.218: Total time for which application threads were stopped: 0.0001230 seconds, Stopping threads took: 0.0000620 seconds
2016-04-17T20:38:00.631-0100: 10.218: Total time for which application threads were stopped: 0.0000982 seconds, Stopping threads took: 0.0000347 seconds
2016-04-17T20:38:00.631-0100: 10.218: Total time for which application threads were stopped: 0.0000703 seconds, Stopping threads took: 0.0000088 seconds
2016-04-17T20:38:00.632-0100: 10.219: Total time for which application threads were stopped: 0.0000812 seconds, Stopping threads took: 0.0000231 seconds
2016-04-17T20:38:00.632-0100: 10.219: Total time for which application threads were stopped: 0.0000926 seconds, Stopping threads took: 0.0000225 seconds
2016-04-17T20:38:00.632-0100: 10.219: Total time for which application threads were stopped: 0.0000635 seconds, Stopping threads took: 0.0000076 seconds
2016-04-17T20:38:00.632-0100: 10.219: Total time for which application threads were stopped: 0.0000626 seconds, Stopping threads took: 0.0000074 seconds
2016-04-17T20:38:00.632-0100: 10.219: Total time for which application threads were stopped: 0.0000616 seconds, Stopping threads took: 0.0000073 seconds
2016-04-17T20:38:00.632-0100: 10.219: Total time for which application threads were stopped: 0.0000617 seconds, Stopping threads took: 0.0000074 seconds
2016-04-17T20:38:00.632-0100: 10.219: Total time for which application threads were stopped: 0.0000623 seconds, Stopping threads took: 0.0000072 seconds
2016-04-17T20:38:00.632-0100: 10.219: Total time for which application threads were stopped: 0.0000635 seconds, Stopping threads took: 0.0000075 seconds
2016-04-17T20:38:00.632-0100: 10.219: Total time for which application threads were stopped: 0.0000639 seconds, Stopping threads took: 0.0000074 seconds
2016-04-17T20:38:00.633-0100: 10.220: Total time for which application threads were stopped: 0.0000649 seconds, Stopping threads took: 0.0000078 seconds
2016-04-17T20:38:00.633-0100: 10.220: Total time for which application threads were stopped: 0.0000639 seconds, Stopping threads took: 0.0000075 seconds
2016-04-17T20:38:00.633-0100: 10.220: Total time for which application threads were stopped: 0.0000633 seconds, Stopping threads took: 0.0000076 seconds
2016-04-17T20:38:00.633-0100: 10.220: Total time for which application threads were stopped: 0.0000634 seconds, Stopping threads took: 0.0000076 seconds
2016-04-17T20:38:00.633-0100: 10.220: Total time for which application threads were stopped: 0.0002509 seconds, Stopping threads took: 0.0000072 seconds
2016-04-17T20:38:00.634-0100: 10.221: Total time for which application threads were stopped: 0.0001530 seconds, Stopping threads took: 0.0000402 seconds
2016-04-17T20:38:00.635-0100: 10.222: Total time for which application threads were stopped: 0.0001347 seconds, Stopping threads took: 0.0000302 seconds
2016-04-17T20:38:00.635-0100: 10.222: Total time for which application threads were stopped: 0.0000854 seconds, Stopping threads took: 0.0000087 seconds
2016-04-17T20:38:00.708-0100: 10.295: Total time for which application threads were stopped: 0.0001096 seconds, Stopping threads took: 0.0000266 seconds
2016-04-17T20:38:00.708-0100: 10.295: Total time for which application threads were stopped: 0.0000441 seconds, Stopping threads took: 0.0000074 seconds
2016-04-17T20:38:00.708-0100: 10.295: Total time for which application threads were stopped: 0.0000490 seconds, Stopping threads took: 0.0000071 seconds
2016-04-17T20:38:00.708-0100: 10.295: Total time for which application threads were stopped: 0.0000452 seconds, Stopping threads took: 0.0000071 seconds
2016-04-17T20:38:00.708-0100: 10.295: Total time for which application threads were stopped: 0.0000432 seconds, Stopping threads took: 0.0000071 seconds
2016-04-17T20:38:00.708-0100: 10.295: Total time for which application threads were stopped: 0.0000428 seconds, Stopping threads took: 0.0000070 seconds
2016-04-17T20:38:00.708-0100: 10.295: Total time for which application threads were stopped: 0.0000429 seconds, Stopping threads took: 0.0000070 seconds
2016-04-17T20:38:00.708-0100: 10.295: Total time for which application threads were stopped: 0.0000437 seconds, Stopping threads took: 0.0000074 seconds
2016-04-17T20:38:00.709-0100: 10.295: Total time for which application threads were stopped: 0.0000445 seconds, Stopping threads took: 0.0000076 seconds
2016-04-17T20:38:00.709-0100: 10.296: Total time for which application threads were stopped: 0.0000484 seconds, Stopping threads took: 0.0000079 seconds
2016-04-17T20:38:00.709-0100: 10.296: Total time for which application threads were stopped: 0.0000724 seconds, Stopping threads took: 0.0000084 seconds
2016-04-17T20:38:00.709-0100: 10.296: Total time for which application threads were stopped: 0.0000452 seconds, Stopping threads took: 0.0000076 seconds
2016-04-17T20:38:00.709-0100: 10.296: Total time for which application threads were stopped: 0.0002039 seconds, Stopping threads took: 0.0000079 seconds
2016-04-17T20:38:00.761-0100: 10.348: Total time for which application threads were stopped: 0.0001329 seconds, Stopping threads took: 0.0000265 seconds
2016-04-17T20:38:00.764-0100: 10.351: Total time for which application threads were stopped: 0.0000947 seconds, Stopping threads took: 0.0000248 seconds
2016-04-17T20:38:00.949-0100: 10.536: Total time for which application threads were stopped: 0.0001232 seconds, Stopping threads took: 0.0000276 seconds
2016-04-17T20:38:00.949-0100: 10.536: Total time for which application threads were stopped: 0.0000497 seconds, Stopping threads took: 0.0000089 seconds
2016-04-17T20:38:00.949-0100: 10.536: Total time for which application threads were stopped: 0.0000628 seconds, Stopping threads took: 0.0000119 seconds
2016-04-17T20:38:00.949-0100: 10.536: Total time for which application threads were stopped: 0.0000476 seconds, Stopping threads took: 0.0000082 seconds
2016-04-17T20:38:01.030-0100: 10.617: Total time for which application threads were stopped: 0.0001988 seconds, Stopping threads took: 0.0000491 seconds
2016-04-17T20:38:01.031-0100: 10.617: Total time for which application threads were stopped: 0.0001477 seconds, Stopping threads took: 0.0000415 seconds
2016-04-17T20:38:01.031-0100: 10.618: Total time for which application threads were stopped: 0.0001291 seconds, Stopping threads took: 0.0000337 seconds
2016-04-17T20:38:01.031-0100: 10.618: Total time for which application threads were stopped: 0.0001046 seconds, Stopping threads took: 0.0000159 seconds
2016-04-17T20:38:01.033-0100: 10.620: Total time for which application threads were stopped: 0.0001620 seconds, Stopping threads took: 0.0000330 seconds
2016-04-17T20:38:01.069-0100: 10.656: Total time for which application threads were stopped: 0.0001907 seconds, Stopping threads took: 0.0000298 seconds
2016-04-17T20:38:01.070-0100: 10.657: Total time for which application threads were stopped: 0.0001248 seconds, Stopping threads took: 0.0000249 seconds
2016-04-17T20:38:01.072-0100: 10.659: Total time for which application threads were stopped: 0.0002526 seconds, Stopping threads took: 0.0001095 seconds
2016-04-17T20:38:01.073-0100: 10.660: Total time for which application threads were stopped: 0.0001344 seconds, Stopping threads took: 0.0000457 seconds
2016-04-17T20:38:01.109-0100: 10.696: Total time for which application threads were stopped: 0.0002066 seconds, Stopping threads took: 0.0000489 seconds
2016-04-17T20:38:01.116-0100: 10.703: Total time for which application threads were stopped: 0.0003358 seconds, Stopping threads took: 0.0001097 seconds
2016-04-17T20:38:01.119-0100: 10.706: Total time for which application threads were stopped: 0.0001993 seconds, Stopping threads took: 0.0000307 seconds
2016-04-17T20:38:01.204-0100: 10.791: Total time for which application threads were stopped: 0.0002194 seconds, Stopping threads took: 0.0000491 seconds
2016-04-17T20:38:01.318-0100: 10.905: Total time for which application threads were stopped: 0.0005328 seconds, Stopping threads took: 0.0000596 seconds
2016-04-17T20:38:01.585-0100: 11.172: Total time for which application threads were stopped: 0.0017277 seconds, Stopping threads took: 0.0015886 seconds
2016-04-17T20:38:01.671-0100: 11.257: Total time for which application threads were stopped: 0.0001602 seconds, Stopping threads took: 0.0000285 seconds
2016-04-17T20:38:01.674-0100: 11.261: Total time for which application threads were stopped: 0.0001071 seconds, Stopping threads took: 0.0000239 seconds
2016-04-17T20:38:01.676-0100: 11.263: Total time for which application threads were stopped: 0.0001142 seconds, Stopping threads took: 0.0000251 seconds
2016-04-17T20:38:01.676-0100: 11.263: Total time for which application threads were stopped: 0.0000494 seconds, Stopping threads took: 0.0000085 seconds
2016-04-17T20:38:01.677-0100: 11.264: Total time for which application threads were stopped: 0.0001803 seconds, Stopping threads took: 0.0000081 seconds
2016-04-17T20:38:01.711-0100: 11.298: Total time for which application threads were stopped: 0.0005223 seconds, Stopping threads took: 0.0003845 seconds
2016-04-17T20:38:01.712-0100: 11.298: Total time for which application threads were stopped: 0.0000705 seconds, Stopping threads took: 0.0000107 seconds
2016-04-17T20:38:02.643-0100: 12.230: [GC (CMS Initial Mark) [1 CMS-initial-mark: 0K(393216K)] 33589K(502464K), 0.0222826 secs] [Times: user=0.02 sys=0.00, real=0.02 secs] 
2016-04-17T20:38:02.666-0100: 12.253: Total time for which application threads were stopped: 0.0225335 seconds, Stopping threads took: 0.0000399 seconds
2016-04-17T20:38:02.666-0100: 12.253: [CMS-concurrent-mark-start]
2016-04-17T20:38:02.666-0100: 12.253: [CMS-concurrent-mark: 0.000/0.000 secs] [Times: user=0.00 sys=0.00, real=0.00 secs] 
2016-04-17T20:38:02.666-0100: 12.253: [CMS-concurrent-preclean-start]
2016-04-17T20:38:02.667-0100: 12.254: [CMS-concurrent-preclean: 0.001/0.001 secs] [Times: user=0.00 sys=0.00, real=0.00 secs] 
2016-04-17T20:38:02.667-0100: 12.254: [CMS-concurrent-abortable-preclean-start]
2016-04-17T20:38:06.587-0100: 16.175: Total time for which application threads were stopped: 0.0001413 seconds, Stopping threads took: 0.0000344 seconds
2016-04-17T20:38:06.588-0100: 16.175: Total time for which application threads were stopped: 0.0000787 seconds, Stopping threads took: 0.0000170 seconds
2016-04-17T20:38:06.589-0100: 16.176: Total time for which application threads were stopped: 0.0001668 seconds, Stopping threads took: 0.0000245 seconds
2016-04-17T20:38:06.589-0100: 16.176: Total time for which application threads were stopped: 0.0000666 seconds, Stopping threads took: 0.0000077 seconds
2016-04-17T20:38:06.589-0100: 16.176: Total time for which application threads were stopped: 0.0000633 seconds, Stopping threads took: 0.0000080 seconds
2016-04-17T20:38:06.590-0100: 16.177: Total time for which application threads were stopped: 0.0000619 seconds, Stopping threads took: 0.0000075 seconds
2016-04-17T20:38:06.590-0100: 16.177: Total time for which application threads were stopped: 0.0000649 seconds, Stopping threads took: 0.0000087 seconds
2016-04-17T20:38:06.607-0100: 16.194: Total time for which application threads were stopped: 0.0001253 seconds, Stopping threads took: 0.0000317 seconds
2016-04-17T20:38:06.690-0100: 16.277: Total time for which application threads were stopped: 0.0001993 seconds, Stopping threads took: 0.0000360 seconds
2016-04-17T20:38:06.698-0100: 16.285: Total time for which application threads were stopped: 0.0004588 seconds, Stopping threads took: 0.0000342 seconds
2016-04-17T20:38:06.770-0100: 16.357: Total time for which application threads were stopped: 0.0001833 seconds, Stopping threads took: 0.0000341 seconds
2016-04-17T20:38:06.790-0100: 16.377: Total time for which application threads were stopped: 0.0001264 seconds, Stopping threads took: 0.0000335 seconds
2016-04-17T20:38:06.790-0100: 16.378: Total time for which application threads were stopped: 0.0000535 seconds, Stopping threads took: 0.0000099 seconds
2016-04-17T20:38:06.791-0100: 16.378: Total time for which application threads were stopped: 0.0000500 seconds, Stopping threads took: 0.0000085 seconds
2016-04-17T20:38:06.791-0100: 16.378: Total time for which application threads were stopped: 0.0000531 seconds, Stopping threads took: 0.0000091 seconds
2016-04-17T20:38:06.792-0100: 16.379: Total time for which application threads were stopped: 0.0000815 seconds, Stopping threads took: 0.0000144 seconds
2016-04-17T20:38:06.792-0100: 16.379: Total time for which application threads were stopped: 0.0000544 seconds, Stopping threads took: 0.0000085 seconds
2016-04-17T20:38:06.792-0100: 16.379: Total time for which application threads were stopped: 0.0000536 seconds, Stopping threads took: 0.0000084 seconds
2016-04-17T20:38:06.792-0100: 16.379: Total time for which application threads were stopped: 0.0000541 seconds, Stopping threads took: 0.0000084 seconds
2016-04-17T20:38:06.794-0100: 16.381: Total time for which application threads were stopped: 0.0001168 seconds, Stopping threads took: 0.0000245 seconds
2016-04-17T20:38:06.796-0100: 16.383: Total time for which application threads were stopped: 0.0001203 seconds, Stopping threads took: 0.0000300 seconds
2016-04-17T20:38:06.802-0100: 16.389: Total time for which application threads were stopped: 0.0022465 seconds, Stopping threads took: 0.0013723 seconds
2016-04-17T20:38:06.802-0100: 16.389: Total time for which application threads were stopped: 0.0000708 seconds, Stopping threads took: 0.0000133 seconds
2016-04-17T20:38:06.802-0100: 16.389: Total time for which application threads were stopped: 0.0000470 seconds, Stopping threads took: 0.0000077 seconds
2016-04-17T20:38:06.802-0100: 16.389: Total time for which application threads were stopped: 0.0000503 seconds, Stopping threads took: 0.0000081 seconds
2016-04-17T20:38:06.806-0100: 16.393: Total time for which application threads were stopped: 0.0004328 seconds, Stopping threads took: 0.0000299 seconds
2016-04-17T20:38:06.830-0100: 16.417: Total time for which application threads were stopped: 0.0001341 seconds, Stopping threads took: 0.0000353 seconds
2016-04-17T20:38:06.830-0100: 16.417: Total time for which application threads were stopped: 0.0000619 seconds, Stopping threads took: 0.0000106 seconds
2016-04-17T20:38:06.830-0100: 16.417: Total time for which application threads were stopped: 0.0000606 seconds, Stopping threads took: 0.0000087 seconds
2016-04-17T20:38:06.850-0100: 16.437: Total time for which application threads were stopped: 0.0001352 seconds, Stopping threads took: 0.0000337 seconds
2016-04-17T20:38:06.870-0100: 16.458: Total time for which application threads were stopped: 0.0001841 seconds, Stopping threads took: 0.0000571 seconds
2016-04-17T20:38:06.919-0100: 16.506: Total time for which application threads were stopped: 0.0001470 seconds, Stopping threads took: 0.0000301 seconds
2016-04-17T20:38:06.919-0100: 16.506: Total time for which application threads were stopped: 0.0000497 seconds, Stopping threads took: 0.0000081 seconds
2016-04-17T20:38:06.919-0100: 16.506: Total time for which application threads were stopped: 0.0000479 seconds, Stopping threads took: 0.0000077 seconds
2016-04-17T20:38:06.930-0100: 16.517: Total time for which application threads were stopped: 0.0001819 seconds, Stopping threads took: 0.0000452 seconds
2016-04-17T20:38:06.944-0100: 16.531: Total time for which application threads were stopped: 0.0001517 seconds, Stopping threads took: 0.0000295 seconds
2016-04-17T20:38:07.004-0100: 16.591: Total time for which application threads were stopped: 0.0001562 seconds, Stopping threads took: 0.0000352 seconds
2016-04-17T20:38:07.004-0100: 16.591: Total time for which application threads were stopped: 0.0001048 seconds, Stopping threads took: 0.0000203 seconds
2016-04-17T20:38:07.004-0100: 16.592: Total time for which application threads were stopped: 0.0000525 seconds, Stopping threads took: 0.0000089 seconds
2016-04-17T20:38:07.005-0100: 16.592: Total time for which application threads were stopped: 0.0000507 seconds, Stopping threads took: 0.0000086 seconds
2016-04-17T20:38:07.015-0100: 16.602: Total time for which application threads were stopped: 0.0001337 seconds, Stopping threads took: 0.0000384 seconds
2016-04-17T20:38:07.036-0100: 16.623: Total time for which application threads were stopped: 0.0001372 seconds, Stopping threads took: 0.0000316 seconds
2016-04-17T20:38:07.036-0100: 16.623: Total time for which application threads were stopped: 0.0000562 seconds, Stopping threads took: 0.0000092 seconds
2016-04-17T20:38:07.038-0100: 16.625: Total time for which application threads were stopped: 0.0001277 seconds, Stopping threads took: 0.0000313 seconds
2016-04-17T20:38:07.038-0100: 16.626: Total time for which application threads were stopped: 0.0000541 seconds, Stopping threads took: 0.0000089 seconds
2016-04-17T20:38:07.039-0100: 16.626: Total time for which application threads were stopped: 0.0000545 seconds, Stopping threads took: 0.0000091 seconds
2016-04-17T20:38:07.042-0100: 16.629: Total time for which application threads were stopped: 0.0001433 seconds, Stopping threads took: 0.0000371 seconds
2016-04-17T20:38:07.042-0100: 16.629: Total time for which application threads were stopped: 0.0000579 seconds, Stopping threads took: 0.0000097 seconds
2016-04-17T20:38:07.042-0100: 16.629: Total time for which application threads were stopped: 0.0000528 seconds, Stopping threads took: 0.0000085 seconds
2016-04-17T20:38:07.042-0100: 16.629: Total time for which application threads were stopped: 0.0000546 seconds, Stopping threads took: 0.0000086 seconds
2016-04-17T20:38:07.042-0100: 16.630: Total time for which application threads were stopped: 0.0000525 seconds, Stopping threads took: 0.0000083 seconds
2016-04-17T20:38:07.043-0100: 16.630: Total time for which application threads were stopped: 0.0000544 seconds, Stopping threads took: 0.0000086 seconds
2016-04-17T20:38:07.043-0100: 16.630: Total time for which application threads were stopped: 0.0000523 seconds, Stopping threads took: 0.0000082 seconds
2016-04-17T20:38:07.043-0100: 16.630: Total time for which application threads were stopped: 0.0001022 seconds, Stopping threads took: 0.0000082 seconds
2016-04-17T20:38:07.051-0100: 16.638: Total time for which application threads were stopped: 0.0001399 seconds, Stopping threads took: 0.0000324 seconds
2016-04-17T20:38:07.051-0100: 16.638: Total time for which application threads were stopped: 0.0000545 seconds, Stopping threads took: 0.0000086 seconds
2016-04-17T20:38:07.106-0100: 16.693: Total time for which application threads were stopped: 0.0004874 seconds, Stopping threads took: 0.0000322 seconds
2016-04-17T20:38:07.109-0100: 16.696: Total time for which application threads were stopped: 0.0001589 seconds, Stopping threads took: 0.0000319 seconds
2016-04-17T20:38:07.109-0100: 16.696: Total time for which application threads were stopped: 0.0000702 seconds, Stopping threads took: 0.0000078 seconds
2016-04-17T20:38:07.109-0100: 16.696: Total time for which application threads were stopped: 0.0000848 seconds, Stopping threads took: 0.0000076 seconds
2016-04-17T20:38:07.109-0100: 16.696: Total time for which application threads were stopped: 0.0000674 seconds, Stopping threads took: 0.0000080 seconds
2016-04-17T20:38:07.109-0100: 16.697: Total time for which application threads were stopped: 0.0000662 seconds, Stopping threads took: 0.0000080 seconds
2016-04-17T20:38:07.327-0100: 16.914: Total time for which application threads were stopped: 0.0001487 seconds, Stopping threads took: 0.0000323 seconds
2016-04-17T20:38:07.327-0100: 16.914: Total time for which application threads were stopped: 0.0000838 seconds, Stopping threads took: 0.0000270 seconds
2016-04-17T20:38:07.327-0100: 16.914: Total time for which application threads were stopped: 0.0000796 seconds, Stopping threads took: 0.0000230 seconds
2016-04-17T20:38:07.327-0100: 16.914: Total time for which application threads were stopped: 0.0000673 seconds, Stopping threads took: 0.0000089 seconds
2016-04-17T20:38:07.327-0100: 16.914: Total time for which application threads were stopped: 0.0000778 seconds, Stopping threads took: 0.0000263 seconds
2016-04-17T20:38:07.367-0100: 16.954: Total time for which application threads were stopped: 0.0001389 seconds, Stopping threads took: 0.0000293 seconds
2016-04-17T20:38:07.376-0100: 16.963: Total time for which application threads were stopped: 0.0001301 seconds, Stopping threads took: 0.0000340 seconds
2016-04-17T20:38:07.377-0100: 16.964: Total time for which application threads were stopped: 0.0000604 seconds, Stopping threads took: 0.0000102 seconds
2016-04-17T20:38:07.377-0100: 16.964: Total time for which application threads were stopped: 0.0000518 seconds, Stopping threads took: 0.0000081 seconds
2016-04-17T20:38:07.386-0100: 16.973: Total time for which application threads were stopped: 0.0001314 seconds, Stopping threads took: 0.0000373 seconds
2016-04-17T20:38:07.460-0100: 17.047: Total time for which application threads were stopped: 0.0001391 seconds, Stopping threads took: 0.0000381 seconds
2016-04-17T20:38:07.469-0100: 17.057: Total time for which application threads were stopped: 0.0001503 seconds, Stopping threads took: 0.0000288 seconds
2016-04-17T20:38:07.472-0100: 17.059: Total time for which application threads were stopped: 0.0001129 seconds, Stopping threads took: 0.0000246 seconds
2016-04-17T20:38:07.474-0100: 17.061: Total time for which application threads were stopped: 0.0001069 seconds, Stopping threads took: 0.0000286 seconds
2016-04-17T20:38:07.475-0100: 17.062: Total time for which application threads were stopped: 0.0000932 seconds, Stopping threads took: 0.0000349 seconds
2016-04-17T20:38:07.493-0100: 17.080: Total time for which application threads were stopped: 0.0001669 seconds, Stopping threads took: 0.0000314 seconds
2016-04-17T20:38:07.767-0100: 17.354: Total time for which application threads were stopped: 0.0001381 seconds, Stopping threads took: 0.0000346 seconds
2016-04-17T20:38:07.768-0100: 17.355: Total time for which application threads were stopped: 0.0000703 seconds, Stopping threads took: 0.0000128 seconds
2016-04-17T20:38:07.876-0100: 17.463: Total time for which application threads were stopped: 0.0001590 seconds, Stopping threads took: 0.0000556 seconds
2016-04-17T20:38:07.879-0100: 17.466: Total time for which application threads were stopped: 0.0001335 seconds, Stopping threads took: 0.0000306 seconds
2016-04-17T20:38:07.882-0100: 17.469: Total time for which application threads were stopped: 0.0001385 seconds, Stopping threads took: 0.0000340 seconds
 CMS: abort preclean due to time 2016-04-17T20:38:08.866-0100: 18.454: [CMS-concurrent-abortable-preclean: 2.729/6.199 secs] [Times: user=2.32 sys=0.05, real=6.20 secs] 
2016-04-17T20:38:08.886-0100: 18.473: Total time for which application threads were stopped: 0.0001980 seconds, Stopping threads took: 0.0000375 seconds
2016-04-17T20:38:08.886-0100: 18.474: [GC (CMS Final Remark) [YG occupancy: 46923 K (109248 K)]{Heap before GC invocations=1 (full 1):
 par new generation   total 109248K, used 46923K [0x00000007a0000000, 0x00000007a8000000, 0x00000007a8000000)
  eden space 87424K,  41% used [0x00000007a0000000, 0x00000007a2348ff0, 0x00000007a5560000)
  from space 21824K,  49% used [0x00000007a6ab0000, 0x00000007a7539d08, 0x00000007a8000000)
  to   space 21824K,   0% used [0x00000007a5560000, 0x00000007a5560000, 0x00000007a6ab0000)
 concurrent mark-sweep generation total 393216K, used 0K [0x00000007a8000000, 0x00000007c0000000, 0x00000007c0000000)
 Metaspace       used 22869K, capacity 23208K, committed 23544K, reserved 1071104K
  class space    used 2680K, capacity 2779K, committed 2840K, reserved 1048576K
2016-04-17T20:38:08.886-0100: 18.474: [GC (CMS Final Remark) 2016-04-17T20:38:08.887-0100: 18.474: [ParNew
Desired survivor size 20112992 bytes, new threshold 8 (max 8)
- age   1:    3200928 bytes,    3200928 total
- age   2:    5281784 bytes,    8482712 total
: 46923K->11831K(109248K), 0.0694874 secs] 46923K->11831K(502464K), 0.0695696 secs] [Times: user=0.04 sys=0.00, real=0.07 secs] 
Heap after GC invocations=2 (full 1):
 par new generation   total 109248K, used 11831K [0x00000007a0000000, 0x00000007a8000000, 0x00000007a8000000)
  eden space 87424K,   0% used [0x00000007a0000000, 0x00000007a0000000, 0x00000007a5560000)
  from space 21824K,  54% used [0x00000007a5560000, 0x00000007a60edd08, 0x00000007a6ab0000)
  to   space 21824K,   0% used [0x00000007a6ab0000, 0x00000007a6ab0000, 0x00000007a8000000)
 concurrent mark-sweep generation total 393216K, used 0K [0x00000007a8000000, 0x00000007c0000000, 0x00000007c0000000)
 Metaspace       used 22869K, capacity 23208K, committed 23544K, reserved 1071104K
  class space    used 2680K, capacity 2779K, committed 2840K, reserved 1048576K
}
2016-04-17T20:38:08.956-0100: 18.543: [Rescan (parallel) , 0.0165400 secs]2016-04-17T20:38:08.973-0100: 18.560: [weak refs processing, 0.0165800 secs]2016-04-17T20:38:08.989-0100: 18.577: [class unloading, 0.0076165 secs]2016-04-17T20:38:08.997-0100: 18.584: [scrub symbol table, 0.0148085 secs]2016-04-17T20:38:09.012-0100: 18.599: [scrub string table, 0.0005341 secs][1 CMS-remark: 0K(393216K)] 11831K(502464K), 0.1277171 secs] [Times: user=0.07 sys=0.01, real=0.13 secs] 
2016-04-17T20:38:09.014-0100: 18.601: Total time for which application threads were stopped: 0.1278756 seconds, Stopping threads took: 0.0000081 seconds
2016-04-17T20:38:09.016-0100: 18.603: Total time for which application threads were stopped: 0.0001564 seconds, Stopping threads took: 0.0000596 seconds
2016-04-17T20:38:09.016-0100: 18.603: Total time for which application threads were stopped: 0.0000615 seconds, Stopping threads took: 0.0000108 seconds
2016-04-17T20:38:09.016-0100: 18.604: Total time for which application threads were stopped: 0.0000731 seconds, Stopping threads took: 0.0000266 seconds
2016-04-17T20:38:09.017-0100: 18.604: Total time for which application threads were stopped: 0.0000698 seconds, Stopping threads took: 0.0000257 seconds
2016-04-17T20:38:09.017-0100: 18.604: Total time for which application threads were stopped: 0.0000696 seconds, Stopping threads took: 0.0000244 seconds
2016-04-17T20:38:09.017-0100: 18.604: [CMS-concurrent-sweep-start]
2016-04-17T20:38:09.050-0100: 18.637: [CMS-concurrent-sweep: 0.033/0.033 secs] [Times: user=0.01 sys=0.00, real=0.04 secs] 
2016-04-17T20:38:09.050-0100: 18.637: [CMS-concurrent-reset-start]
2016-04-17T20:38:09.063-0100: 18.651: [CMS-concurrent-reset: 0.013/0.013 secs] [Times: user=0.00 sys=0.00, real=0.01 secs] 
2016-04-17T20:38:11.497-0100: 21.084: Total time for which application threads were stopped: 0.0003256 seconds, Stopping threads took: 0.0000406 seconds
2016-04-17T20:38:11.554-0100: 21.141: Total time for which application threads were stopped: 0.0001138 seconds, Stopping threads took: 0.0000284 seconds
2016-04-17T20:38:11.554-0100: 21.141: Total time for which application threads were stopped: 0.0000493 seconds, Stopping threads took: 0.0000085 seconds
2016-04-17T20:38:12.438-0100: 22.025: Total time for which application threads were stopped: 0.0001444 seconds, Stopping threads took: 0.0000339 seconds
2016-04-17T20:38:12.447-0100: 22.034: Total time for which application threads were stopped: 0.0001740 seconds, Stopping threads took: 0.0000334 seconds
2016-04-17T20:38:13.449-0100: 23.036: Total time for which application threads were stopped: 0.0001440 seconds, Stopping threads took: 0.0000391 seconds
2016-04-17T20:38:20.085-0100: 29.673: Total time for which application threads were stopped: 0.0001538 seconds, Stopping threads took: 0.0000338 seconds
2016-04-17T20:38:20.131-0100: 29.718: Total time for which application threads were stopped: 0.0001583 seconds, Stopping threads took: 0.0000348 seconds
2016-04-17T20:38:20.131-0100: 29.718: Total time for which application threads were stopped: 0.0000719 seconds, Stopping threads took: 0.0000079 seconds
2016-04-17T20:38:20.141-0100: 29.728: Total time for which application threads were stopped: 0.0001439 seconds, Stopping threads took: 0.0000321 seconds
2016-04-17T20:38:20.141-0100: 29.729: Total time for which application threads were stopped: 0.0000857 seconds, Stopping threads took: 0.0000263 seconds
2016-04-17T20:38:20.234-0100: 29.822: Total time for which application threads were stopped: 0.0001312 seconds, Stopping threads took: 0.0000317 seconds
2016-04-17T20:38:20.237-0100: 29.825: Total time for which application threads were stopped: 0.0001563 seconds, Stopping threads took: 0.0000479 seconds
2016-04-17T20:38:20.286-0100: 29.873: Total time for which application threads were stopped: 0.0001394 seconds, Stopping threads took: 0.0000334 seconds
2016-04-17T20:38:20.661-0100: 30.249: Total time for which application threads were stopped: 0.0001855 seconds, Stopping threads took: 0.0000339 seconds
2016-04-17T20:38:20.674-0100: 30.262: Total time for which application threads were stopped: 0.0001882 seconds, Stopping threads took: 0.0000824 seconds
2016-04-17T20:38:20.675-0100: 30.263: Total time for which application threads were stopped: 0.0001083 seconds, Stopping threads took: 0.0000223 seconds
2016-04-17T20:38:20.685-0100: 30.272: Total time for which application threads were stopped: 0.0001388 seconds, Stopping threads took: 0.0000317 seconds
2016-04-17T20:38:20.688-0100: 30.276: Total time for which application threads were stopped: 0.0001450 seconds, Stopping threads took: 0.0000284 seconds
2016-04-17T20:38:20.692-0100: 30.280: Total time for which application threads were stopped: 0.0002164 seconds, Stopping threads took: 0.0000562 seconds
2016-04-17T20:38:20.739-0100: 30.326: Total time for which application threads were stopped: 0.0001736 seconds, Stopping threads took: 0.0000362 seconds
2016-04-17T20:38:20.817-0100: 30.404: Total time for which application threads were stopped: 0.0002471 seconds, Stopping threads took: 0.0000671 seconds
2016-04-17T20:38:20.826-0100: 30.414: Total time for which application threads were stopped: 0.0001604 seconds, Stopping threads took: 0.0000346 seconds
2016-04-17T20:38:20.831-0100: 30.419: Total time for which application threads were stopped: 0.0001509 seconds, Stopping threads took: 0.0000304 seconds
2016-04-17T20:38:20.835-0100: 30.422: Total time for which application threads were stopped: 0.0001529 seconds, Stopping threads took: 0.0000504 seconds
2016-04-17T20:38:20.938-0100: 30.525: Total time for which application threads were stopped: 0.0006300 seconds, Stopping threads took: 0.0000634 seconds
2016-04-17T20:38:20.945-0100: 30.532: Total time for which application threads were stopped: 0.0002052 seconds, Stopping threads took: 0.0000464 seconds
2016-04-17T20:38:20.948-0100: 30.535: Total time for which application threads were stopped: 0.0004202 seconds, Stopping threads took: 0.0002499 seconds
2016-04-17T20:38:20.949-0100: 30.537: Total time for which application threads were stopped: 0.0001832 seconds, Stopping threads took: 0.0000496 seconds
2016-04-17T20:38:20.962-0100: 30.549: Total time for which application threads were stopped: 0.0110233 seconds, Stopping threads took: 0.0108435 seconds
2016-04-17T20:38:20.968-0100: 30.555: Total time for which application threads were stopped: 0.0001723 seconds, Stopping threads took: 0.0000515 seconds
2016-04-17T20:38:20.968-0100: 30.555: Total time for which application threads were stopped: 0.0000772 seconds, Stopping threads took: 0.0000256 seconds
2016-04-17T20:38:20.971-0100: 30.559: Total time for which application threads were stopped: 0.0038279 seconds, Stopping threads took: 0.0036865 seconds
2016-04-17T20:38:20.981-0100: 30.569: Total time for which application threads were stopped: 0.0001820 seconds, Stopping threads took: 0.0000521 seconds
2016-04-17T20:38:20.984-0100: 30.571: Total time for which application threads were stopped: 0.0001426 seconds, Stopping threads took: 0.0000320 seconds
2016-04-17T20:38:20.984-0100: 30.571: Total time for which application threads were stopped: 0.0000721 seconds, Stopping threads took: 0.0000229 seconds
2016-04-17T20:38:20.984-0100: 30.571: Total time for which application threads were stopped: 0.0000717 seconds, Stopping threads took: 0.0000216 seconds
2016-04-17T20:38:21.004-0100: 30.592: Total time for which application threads were stopped: 0.0002876 seconds, Stopping threads took: 0.0001498 seconds
2016-04-17T20:38:21.066-0100: 30.654: Total time for which application threads were stopped: 0.0002126 seconds, Stopping threads took: 0.0000611 seconds
2016-04-17T20:38:21.100-0100: 30.688: Total time for which application threads were stopped: 0.0002038 seconds, Stopping threads took: 0.0000533 seconds
2016-04-17T20:38:21.113-0100: 30.700: Total time for which application threads were stopped: 0.0001822 seconds, Stopping threads took: 0.0000563 seconds
2016-04-17T20:38:21.113-0100: 30.700: Total time for which application threads were stopped: 0.0000801 seconds, Stopping threads took: 0.0000279 seconds
2016-04-17T20:38:21.134-0100: 30.721: Total time for which application threads were stopped: 0.0002222 seconds, Stopping threads took: 0.0000795 seconds
2016-04-17T20:38:21.148-0100: 30.735: Total time for which application threads were stopped: 0.0001563 seconds, Stopping threads took: 0.0000334 seconds
2016-04-17T20:38:21.163-0100: 30.751: Total time for which application threads were stopped: 0.0005893 seconds, Stopping threads took: 0.0000759 seconds
2016-04-17T20:38:21.179-0100: 30.766: Total time for which application threads were stopped: 0.0002360 seconds, Stopping threads took: 0.0000576 seconds
2016-04-17T20:38:21.270-0100: 30.857: Total time for which application threads were stopped: 0.0015200 seconds, Stopping threads took: 0.0013661 seconds
2016-04-17T20:38:21.279-0100: 30.867: Total time for which application threads were stopped: 0.0006077 seconds, Stopping threads took: 0.0004785 seconds
2016-04-17T20:38:21.279-0100: 30.867: Total time for which application threads were stopped: 0.0000927 seconds, Stopping threads took: 0.0000114 seconds
2016-04-17T20:38:21.290-0100: 30.878: Total time for which application threads were stopped: 0.0002653 seconds, Stopping threads took: 0.0000605 seconds
2016-04-17T20:38:21.291-0100: 30.879: Total time for which application threads were stopped: 0.0001632 seconds, Stopping threads took: 0.0000229 seconds
2016-04-17T20:38:21.322-0100: 30.910: Total time for which application threads were stopped: 0.0002088 seconds, Stopping threads took: 0.0000521 seconds
2016-04-17T20:38:21.347-0100: 30.935: Total time for which application threads were stopped: 0.0001721 seconds, Stopping threads took: 0.0000367 seconds
2016-04-17T20:38:21.358-0100: 30.946: Total time for which application threads were stopped: 0.0002093 seconds, Stopping threads took: 0.0000538 seconds
2016-04-17T20:38:21.369-0100: 30.956: Total time for which application threads were stopped: 0.0010380 seconds, Stopping threads took: 0.0000347 seconds
2016-04-17T20:38:21.477-0100: 31.065: Total time for which application threads were stopped: 0.0002310 seconds, Stopping threads took: 0.0000330 seconds
2016-04-17T20:38:21.509-0100: 31.096: Total time for which application threads were stopped: 0.0008536 seconds, Stopping threads took: 0.0006794 seconds
2016-04-17T20:38:21.514-0100: 31.101: Total time for which application threads were stopped: 0.0003659 seconds, Stopping threads took: 0.0002025 seconds
2016-04-17T20:38:21.516-0100: 31.103: Total time for which application threads were stopped: 0.0001859 seconds, Stopping threads took: 0.0000485 seconds
2016-04-17T20:38:21.541-0100: 31.129: Total time for which application threads were stopped: 0.0110509 seconds, Stopping threads took: 0.0108617 seconds
2016-04-17T20:38:22.393-0100: 31.981: Total time for which application threads were stopped: 0.0003955 seconds, Stopping threads took: 0.0000363 seconds
2016-04-17T20:38:22.394-0100: 31.982: Total time for which application threads were stopped: 0.0001856 seconds, Stopping threads took: 0.0000245 seconds
2016-04-17T20:38:22.394-0100: 31.982: Total time for which application threads were stopped: 0.0000907 seconds, Stopping threads took: 0.0000100 seconds
2016-04-17T20:38:22.395-0100: 31.982: Total time for which application threads were stopped: 0.0001211 seconds, Stopping threads took: 0.0000379 seconds
2016-04-17T20:38:22.395-0100: 31.983: Total time for which application threads were stopped: 0.0001331 seconds, Stopping threads took: 0.0000156 seconds
2016-04-17T20:38:22.438-0100: 32.025: Total time for which application threads were stopped: 0.0246493 seconds, Stopping threads took: 0.0239669 seconds
2016-04-17T20:38:22.454-0100: 32.042: Total time for which application threads were stopped: 0.0003794 seconds, Stopping threads took: 0.0001035 seconds
2016-04-17T20:38:22.462-0100: 32.049: Total time for which application threads were stopped: 0.0003261 seconds, Stopping threads took: 0.0000627 seconds
2016-04-17T20:38:22.463-0100: 32.050: Total time for which application threads were stopped: 0.0003070 seconds, Stopping threads took: 0.0001115 seconds
2016-04-17T20:38:22.482-0100: 32.070: Total time for which application threads were stopped: 0.0111439 seconds, Stopping threads took: 0.0108629 seconds
2016-04-17T20:38:22.483-0100: 32.070: Total time for which application threads were stopped: 0.0001343 seconds, Stopping threads took: 0.0000418 seconds
2016-04-17T20:38:22.603-0100: 32.191: Total time for which application threads were stopped: 0.0003376 seconds, Stopping threads took: 0.0000668 seconds
2016-04-17T20:38:22.604-0100: 32.191: Total time for which application threads were stopped: 0.0002155 seconds, Stopping threads took: 0.0000927 seconds
2016-04-17T20:38:22.612-0100: 32.200: Total time for which application threads were stopped: 0.0002800 seconds, Stopping threads took: 0.0000518 seconds
2016-04-17T20:38:22.730-0100: 32.318: Total time for which application threads were stopped: 0.0004910 seconds, Stopping threads took: 0.0001822 seconds
2016-04-17T20:38:22.734-0100: 32.321: Total time for which application threads were stopped: 0.0003614 seconds, Stopping threads took: 0.0000589 seconds
2016-04-17T20:38:22.883-0100: 32.470: Total time for which application threads were stopped: 0.0115121 seconds, Stopping threads took: 0.0111843 seconds
2016-04-17T20:38:22.883-0100: 32.470: Total time for which application threads were stopped: 0.0002000 seconds, Stopping threads took: 0.0000731 seconds
2016-04-17T20:38:22.894-0100: 32.482: Total time for which application threads were stopped: 0.0002795 seconds, Stopping threads took: 0.0000629 seconds
2016-04-17T20:38:22.896-0100: 32.483: Total time for which application threads were stopped: 0.0002907 seconds, Stopping threads took: 0.0001186 seconds
2016-04-17T20:38:22.965-0100: 32.552: Total time for which application threads were stopped: 0.0002796 seconds, Stopping threads took: 0.0000539 seconds
2016-04-17T20:38:22.965-0100: 32.553: Total time for which application threads were stopped: 0.0001187 seconds, Stopping threads took: 0.0000284 seconds
2016-04-17T20:38:22.965-0100: 32.553: Total time for which application threads were stopped: 0.0001023 seconds, Stopping threads took: 0.0000221 seconds
2016-04-17T20:38:22.966-0100: 32.553: Total time for which application threads were stopped: 0.0002028 seconds, Stopping threads took: 0.0000430 seconds
2016-04-17T20:38:22.972-0100: 32.559: Total time for which application threads were stopped: 0.0007551 seconds, Stopping threads took: 0.0000557 seconds
2016-04-17T20:38:22.972-0100: 32.560: Total time for which application threads were stopped: 0.0002450 seconds, Stopping threads took: 0.0000981 seconds
2016-04-17T20:38:22.972-0100: 32.560: Total time for which application threads were stopped: 0.0001283 seconds, Stopping threads took: 0.0000290 seconds
2016-04-17T20:38:22.973-0100: 32.561: Total time for which application threads were stopped: 0.0002044 seconds, Stopping threads took: 0.0000229 seconds
2016-04-17T20:38:22.978-0100: 32.566: Total time for which application threads were stopped: 0.0003549 seconds, Stopping threads took: 0.0000683 seconds
2016-04-17T20:38:22.979-0100: 32.566: Total time for which application threads were stopped: 0.0002216 seconds, Stopping threads took: 0.0000352 seconds
2016-04-17T20:38:22.980-0100: 32.568: Total time for which application threads were stopped: 0.0002796 seconds, Stopping threads took: 0.0000273 seconds
2016-04-17T20:38:22.980-0100: 32.568: Total time for which application threads were stopped: 0.0002382 seconds, Stopping threads took: 0.0000992 seconds
2016-04-17T20:38:22.981-0100: 32.568: Total time for which application threads were stopped: 0.0002115 seconds, Stopping threads took: 0.0000319 seconds
2016-04-17T20:38:22.981-0100: 32.569: Total time for which application threads were stopped: 0.0002112 seconds, Stopping threads took: 0.0000793 seconds
2016-04-17T20:38:22.981-0100: 32.569: Total time for which application threads were stopped: 0.0001538 seconds, Stopping threads took: 0.0000246 seconds
2016-04-17T20:38:22.982-0100: 32.570: Total time for which application threads were stopped: 0.0003268 seconds, Stopping threads took: 0.0000477 seconds
{Heap before GC invocations=2 (full 1):
 par new generation   total 109248K, used 99255K [0x00000007a0000000, 0x00000007a8000000, 0x00000007a8000000)
  eden space 87424K, 100% used [0x00000007a0000000, 0x00000007a5560000, 0x00000007a5560000)
  from space 21824K,  54% used [0x00000007a5560000, 0x00000007a60edd08, 0x00000007a6ab0000)
  to   space 21824K,   0% used [0x00000007a6ab0000, 0x00000007a6ab0000, 0x00000007a8000000)
 concurrent mark-sweep generation total 393216K, used 0K [0x00000007a8000000, 0x00000007c0000000, 0x00000007c0000000)
 Metaspace       used 25048K, capacity 25448K, committed 25848K, reserved 1073152K
  class space    used 2916K, capacity 3035K, committed 3096K, reserved 1048576K
2016-04-17T20:38:23.681-0100: 33.268: [GC (Allocation Failure) 2016-04-17T20:38:23.681-0100: 33.268: [ParNew
Desired survivor size 20112992 bytes, new threshold 8 (max 8)
- age   1:    4856816 bytes,    4856816 total
- age   2:     769448 bytes,    5626264 total
- age   3:    5261920 bytes,   10888184 total
: 99255K->13190K(109248K), 0.0466627 secs] 99255K->13190K(502464K), 0.0468509 secs] [Times: user=0.06 sys=0.01, real=0.04 secs] 
Heap after GC invocations=3 (full 1):
 par new generation   total 109248K, used 13190K [0x00000007a0000000, 0x00000007a8000000, 0x00000007a8000000)
  eden space 87424K,   0% used [0x00000007a0000000, 0x00000007a0000000, 0x00000007a5560000)
  from space 21824K,  60% used [0x00000007a6ab0000, 0x00000007a7791b38, 0x00000007a8000000)
  to   space 21824K,   0% used [0x00000007a5560000, 0x00000007a5560000, 0x00000007a6ab0000)
 concurrent mark-sweep generation total 393216K, used 0K [0x00000007a8000000, 0x00000007c0000000, 0x00000007c0000000)
 Metaspace       used 25048K, capacity 25448K, committed 25848K, reserved 1073152K
  class space    used 2916K, capacity 3035K, committed 3096K, reserved 1048576K
}
2016-04-17T20:38:23.728-0100: 33.315: Total time for which application threads were stopped: 0.0474836 seconds, Stopping threads took: 0.0000372 seconds
2016-04-17T20:38:23.730-0100: 33.318: Total time for which application threads were stopped: 0.0004707 seconds, Stopping threads took: 0.0002076 seconds
2016-04-17T20:38:23.731-0100: 33.319: Total time for which application threads were stopped: 0.0003150 seconds, Stopping threads took: 0.0000775 seconds
2016-04-17T20:38:23.732-0100: 33.319: Total time for which application threads were stopped: 0.0006663 seconds, Stopping threads took: 0.0000130 seconds
2016-04-17T20:38:23.769-0100: 33.356: Total time for which application threads were stopped: 0.0007379 seconds, Stopping threads took: 0.0000378 seconds
2016-04-17T20:38:23.777-0100: 33.365: Total time for which application threads were stopped: 0.0003033 seconds, Stopping threads took: 0.0000617 seconds
2016-04-17T20:38:23.831-0100: 33.419: Total time for which application threads were stopped: 0.0003433 seconds, Stopping threads took: 0.0000595 seconds
2016-04-17T20:38:23.832-0100: 33.419: Total time for which application threads were stopped: 0.0002417 seconds, Stopping threads took: 0.0000972 seconds
2016-04-17T20:38:23.832-0100: 33.419: Total time for which application threads were stopped: 0.0001313 seconds, Stopping threads took: 0.0000100 seconds
2016-04-17T20:38:23.901-0100: 33.489: Total time for which application threads were stopped: 0.0111925 seconds, Stopping threads took: 0.0109029 seconds
2016-04-17T20:38:23.916-0100: 33.504: Total time for which application threads were stopped: 0.0003022 seconds, Stopping threads took: 0.0000570 seconds
2016-04-17T20:38:23.918-0100: 33.505: Total time for which application threads were stopped: 0.0003172 seconds, Stopping threads took: 0.0000482 seconds
2016-04-17T20:38:24.061-0100: 33.648: Total time for which application threads were stopped: 0.0002795 seconds, Stopping threads took: 0.0000356 seconds
2016-04-17T20:38:24.063-0100: 33.650: Total time for which application threads were stopped: 0.0003538 seconds, Stopping threads took: 0.0000726 seconds
2016-04-17T20:38:24.069-0100: 33.656: Total time for which application threads were stopped: 0.0003258 seconds, Stopping threads took: 0.0000374 seconds
2016-04-17T20:38:24.070-0100: 33.657: Total time for which application threads were stopped: 0.0002942 seconds, Stopping threads took: 0.0000733 seconds
2016-04-17T20:38:24.287-0100: 33.875: Total time for which application threads were stopped: 0.0003364 seconds, Stopping threads took: 0.0000397 seconds
2016-04-17T20:38:24.290-0100: 33.878: Total time for which application threads were stopped: 0.0002851 seconds, Stopping threads took: 0.0000338 seconds
2016-04-17T20:38:24.310-0100: 33.898: Total time for which application threads were stopped: 0.0112867 seconds, Stopping threads took: 0.0109873 seconds
2016-04-17T20:38:24.385-0100: 33.973: Total time for which application threads were stopped: 0.0004231 seconds, Stopping threads took: 0.0001276 seconds
2016-04-17T20:38:24.411-0100: 33.998: Total time for which application threads were stopped: 0.0007632 seconds, Stopping threads took: 0.0004368 seconds
2016-04-17T20:38:24.891-0100: 34.479: Total time for which application threads were stopped: 0.0008025 seconds, Stopping threads took: 0.0000351 seconds
2016-04-17T20:38:25.330-0100: 34.917: Total time for which application threads were stopped: 0.0009217 seconds, Stopping threads took: 0.0000368 seconds
{Heap before GC invocations=3 (full 1):
 par new generation   total 109248K, used 100614K [0x00000007a0000000, 0x00000007a8000000, 0x00000007a8000000)
  eden space 87424K, 100% used [0x00000007a0000000, 0x00000007a5560000, 0x00000007a5560000)
  from space 21824K,  60% used [0x00000007a6ab0000, 0x00000007a7791b38, 0x00000007a8000000)
  to   space 21824K,   0% used [0x00000007a5560000, 0x00000007a5560000, 0x00000007a6ab0000)
 concurrent mark-sweep generation total 393216K, used 0K [0x00000007a8000000, 0x00000007c0000000, 0x00000007c0000000)
 Metaspace       used 26555K, capacity 26922K, committed 27384K, reserved 1073152K
  class space    used 3114K, capacity 3228K, committed 3352K, reserved 1048576K
2016-04-17T20:38:25.374-0100: 34.962: [GC (Allocation Failure) 2016-04-17T20:38:25.374-0100: 34.962: [ParNew
Desired survivor size 20112992 bytes, new threshold 8 (max 8)
- age   1:    2107872 bytes,    2107872 total
- age   2:    2666000 bytes,    4773872 total
- age   3:     760584 bytes,    5534456 total
- age   4:    5261048 bytes,   10795504 total
: 100614K->13760K(109248K), 0.1098377 secs] 100614K->13760K(502464K), 0.1099557 secs] [Times: user=0.05 sys=0.01, real=0.11 secs] 
Heap after GC invocations=4 (full 1):
 par new generation   total 109248K, used 13760K [0x00000007a0000000, 0x00000007a8000000, 0x00000007a8000000)
  eden space 87424K,   0% used [0x00000007a0000000, 0x00000007a0000000, 0x00000007a5560000)
  from space 21824K,  63% used [0x00000007a5560000, 0x00000007a62d03a0, 0x00000007a6ab0000)
  to   space 21824K,   0% used [0x00000007a6ab0000, 0x00000007a6ab0000, 0x00000007a8000000)
 concurrent mark-sweep generation total 393216K, used 0K [0x00000007a8000000, 0x00000007c0000000, 0x00000007c0000000)
 Metaspace       used 26555K, capacity 26922K, committed 27384K, reserved 1073152K
  class space    used 3114K, capacity 3228K, committed 3352K, reserved 1048576K
}
2016-04-17T20:38:25.484-0100: 35.072: Total time for which application threads were stopped: 0.1214896 seconds, Stopping threads took: 0.0110779 seconds
2016-04-17T20:38:26.219-0100: 35.806: Total time for which application threads were stopped: 0.0005645 seconds, Stopping threads took: 0.0000980 seconds
2016-04-17T20:38:26.252-0100: 35.840: Total time for which application threads were stopped: 0.0003212 seconds, Stopping threads took: 0.0000357 seconds
2016-04-17T20:38:26.253-0100: 35.840: Total time for which application threads were stopped: 0.0001637 seconds, Stopping threads took: 0.0000364 seconds
2016-04-17T20:38:26.253-0100: 35.840: Total time for which application threads were stopped: 0.0001402 seconds, Stopping threads took: 0.0000237 seconds
2016-04-17T20:38:26.266-0100: 35.854: Total time for which application threads were stopped: 0.0002990 seconds, Stopping threads took: 0.0000656 seconds
2016-04-17T20:38:26.707-0100: 36.295: Total time for which application threads were stopped: 0.0005096 seconds, Stopping threads took: 0.0000440 seconds
{Heap before GC invocations=4 (full 1):
 par new generation   total 109248K, used 101184K [0x00000007a0000000, 0x00000007a8000000, 0x00000007a8000000)
  eden space 87424K,  99% used [0x00000007a0000000, 0x00000007a555fe90, 0x00000007a5560000)
  from space 21824K,  63% used [0x00000007a5560000, 0x00000007a62d03a0, 0x00000007a6ab0000)
  to   space 21824K,   0% used [0x00000007a6ab0000, 0x00000007a6ab0000, 0x00000007a8000000)
 concurrent mark-sweep generation total 393216K, used 0K [0x00000007a8000000, 0x00000007c0000000, 0x00000007c0000000)
 Metaspace       used 27189K, capacity 27536K, committed 27896K, reserved 1073152K
  class space    used 3175K, capacity 3261K, committed 3352K, reserved 1048576K
2016-04-17T20:38:27.082-0100: 36.669: [GC (Allocation Failure) 2016-04-17T20:38:27.107-0100: 36.694: [ParNew
Desired survivor size 20112992 bytes, new threshold 8 (max 8)
- age   1:    2297184 bytes,    2297184 total
- age   2:     405200 bytes,    2702384 total
- age   3:    2616792 bytes,    5319176 total
- age   4:     760144 bytes,    6079320 total
- age   5:    5260680 bytes,   11340000 total
: 101184K->15617K(109248K), 0.1135788 secs] 101184K->15617K(502464K), 0.1387569 secs] [Times: user=0.08 sys=0.01, real=0.14 secs] 
Heap after GC invocations=5 (full 1):
 par new generation   total 109248K, used 15617K [0x00000007a0000000, 0x00000007a8000000, 0x00000007a8000000)
  eden space 87424K,   0% used [0x00000007a0000000, 0x00000007a0000000, 0x00000007a5560000)
  from space 21824K,  71% used [0x00000007a6ab0000, 0x00000007a79f0510, 0x00000007a8000000)
  to   space 21824K,   0% used [0x00000007a5560000, 0x00000007a5560000, 0x00000007a6ab0000)
 concurrent mark-sweep generation total 393216K, used 0K [0x00000007a8000000, 0x00000007c0000000, 0x00000007c0000000)
 Metaspace       used 27189K, capacity 27536K, committed 27896K, reserved 1073152K
  class space    used 3175K, capacity 3261K, committed 3352K, reserved 1048576K
}
2016-04-17T20:38:27.220-0100: 36.808: Total time for which application threads were stopped: 0.2250852 seconds, Stopping threads took: 0.0858489 seconds
{Heap before GC invocations=5 (full 1):
 par new generation   total 109248K, used 103041K [0x00000007a0000000, 0x00000007a8000000, 0x00000007a8000000)
  eden space 87424K, 100% used [0x00000007a0000000, 0x00000007a5560000, 0x00000007a5560000)
  from space 21824K,  71% used [0x00000007a6ab0000, 0x00000007a79f0510, 0x00000007a8000000)
  to   space 21824K,   0% used [0x00000007a5560000, 0x00000007a5560000, 0x00000007a6ab0000)
 concurrent mark-sweep generation total 393216K, used 0K [0x00000007a8000000, 0x00000007c0000000, 0x00000007c0000000)
 Metaspace       used 27455K, capacity 27778K, committed 28152K, reserved 1075200K
  class space    used 3205K, capacity 3296K, committed 3352K, reserved 1048576K
2016-04-17T20:38:27.787-0100: 37.375: [GC (Allocation Failure) 2016-04-17T20:38:27.787-0100: 37.375: [ParNew
Desired survivor size 20112992 bytes, new threshold 8 (max 8)
- age   1:     363328 bytes,     363328 total
- age   2:    1733992 bytes,    2097320 total
- age   3:     398200 bytes,    2495520 total
- age   4:    2608280 bytes,    5103800 total
- age   5:     760144 bytes,    5863944 total
- age   6:    5260264 bytes,   11124208 total
: 103041K->14286K(109248K), 0.1186922 secs] 103041K->14286K(502464K), 0.1188093 secs] [Times: user=0.06 sys=0.00, real=0.12 secs] 
Heap after GC invocations=6 (full 1):
 par new generation   total 109248K, used 14286K [0x00000007a0000000, 0x00000007a8000000, 0x00000007a8000000)
  eden space 87424K,   0% used [0x00000007a0000000, 0x00000007a0000000, 0x00000007a5560000)
  from space 21824K,  65% used [0x00000007a5560000, 0x00000007a63539a0, 0x00000007a6ab0000)
  to   space 21824K,   0% used [0x00000007a6ab0000, 0x00000007a6ab0000, 0x00000007a8000000)
 concurrent mark-sweep generation total 393216K, used 0K [0x00000007a8000000, 0x00000007c0000000, 0x00000007c0000000)
 Metaspace       used 27455K, capacity 27778K, committed 28152K, reserved 1075200K
  class space    used 3205K, capacity 3296K, committed 3352K, reserved 1048576K
}
2016-04-17T20:38:27.906-0100: 37.494: Total time for which application threads were stopped: 0.1194115 seconds, Stopping threads took: 0.0000610 seconds
2016-04-17T20:38:27.996-0100: 37.584: Total time for which application threads were stopped: 0.0002992 seconds, Stopping threads took: 0.0000537 seconds
2016-04-17T20:38:27.997-0100: 37.584: Total time for which application threads were stopped: 0.0001588 seconds, Stopping threads took: 0.0000340 seconds
2016-04-17T20:38:27.998-0100: 37.586: Total time for which application threads were stopped: 0.0002749 seconds, Stopping threads took: 0.0000494 seconds
2016-04-17T20:38:28.016-0100: 37.604: Total time for which application threads were stopped: 0.0003895 seconds, Stopping threads took: 0.0000557 seconds
2016-04-17T20:38:28.019-0100: 37.607: Total time for which application threads were stopped: 0.0002904 seconds, Stopping threads took: 0.0000592 seconds
2016-04-17T20:38:28.020-0100: 37.607: Total time for which application threads were stopped: 0.0001307 seconds, Stopping threads took: 0.0000273 seconds
2016-04-17T20:38:28.020-0100: 37.608: Total time for which application threads were stopped: 0.0001860 seconds, Stopping threads took: 0.0000308 seconds
2016-04-17T20:38:28.020-0100: 37.608: Total time for which application threads were stopped: 0.0001531 seconds, Stopping threads took: 0.0000291 seconds
2016-04-17T20:38:28.021-0100: 37.609: Total time for which application threads were stopped: 0.0001270 seconds, Stopping threads took: 0.0000144 seconds
2016-04-17T20:38:28.021-0100: 37.609: Total time for which application threads were stopped: 0.0001947 seconds, Stopping threads took: 0.0000936 seconds
2016-04-17T20:38:28.021-0100: 37.609: Total time for which application threads were stopped: 0.0001016 seconds, Stopping threads took: 0.0000099 seconds
2016-04-17T20:38:28.021-0100: 37.609: Total time for which application threads were stopped: 0.0001298 seconds, Stopping threads took: 0.0000272 seconds
2016-04-17T20:38:28.025-0100: 37.612: Total time for which application threads were stopped: 0.0006987 seconds, Stopping threads took: 0.0003902 seconds
2016-04-17T20:38:28.042-0100: 37.630: Total time for which application threads were stopped: 0.0002887 seconds, Stopping threads took: 0.0000571 seconds
2016-04-17T20:38:28.044-0100: 37.632: Total time for which application threads were stopped: 0.0002700 seconds, Stopping threads took: 0.0000528 seconds
2016-04-17T20:38:28.052-0100: 37.640: Total time for which application threads were stopped: 0.0004635 seconds, Stopping threads took: 0.0002009 seconds
2016-04-17T20:38:28.200-0100: 37.788: Total time for which application threads were stopped: 0.0454930 seconds, Stopping threads took: 0.0451210 seconds
{Heap before GC invocations=6 (full 1):
 par new generation   total 109248K, used 101710K [0x00000007a0000000, 0x00000007a8000000, 0x00000007a8000000)
  eden space 87424K, 100% used [0x00000007a0000000, 0x00000007a5560000, 0x00000007a5560000)
  from space 21824K,  65% used [0x00000007a5560000, 0x00000007a63539a0, 0x00000007a6ab0000)
  to   space 21824K,   0% used [0x00000007a6ab0000, 0x00000007a6ab0000, 0x00000007a8000000)
 concurrent mark-sweep generation total 393216K, used 0K [0x00000007a8000000, 0x00000007c0000000, 0x00000007c0000000)
 Metaspace       used 27712K, capacity 28110K, committed 28536K, reserved 1075200K
  class space    used 3240K, capacity 3362K, committed 3480K, reserved 1048576K
2016-04-17T20:38:28.731-0100: 38.319: [GC (Allocation Failure) 2016-04-17T20:38:28.731-0100: 38.319: [ParNew
Desired survivor size 20112992 bytes, new threshold 8 (max 8)
- age   1:    1130480 bytes,    1130480 total
- age   2:     128168 bytes,    1258648 total
- age   3:    1729736 bytes,    2988384 total
- age   4:     393672 bytes,    3382056 total
- age   5:    2599592 bytes,    5981648 total
- age   6:     759920 bytes,    6741568 total
- age   7:    5259312 bytes,   12000880 total
: 101710K->12380K(109248K), 0.1355715 secs] 101710K->12380K(502464K), 0.1356733 secs] [Times: user=0.06 sys=0.01, real=0.13 secs] 
Heap after GC invocations=7 (full 1):
 par new generation   total 109248K, used 12380K [0x00000007a0000000, 0x00000007a8000000, 0x00000007a8000000)
  eden space 87424K,   0% used [0x00000007a0000000, 0x00000007a0000000, 0x00000007a5560000)
  from space 21824K,  56% used [0x00000007a6ab0000, 0x00000007a76c71f0, 0x00000007a8000000)
  to   space 21824K,   0% used [0x00000007a5560000, 0x00000007a5560000, 0x00000007a6ab0000)
 concurrent mark-sweep generation total 393216K, used 0K [0x00000007a8000000, 0x00000007c0000000, 0x00000007c0000000)
 Metaspace       used 27712K, capacity 28110K, committed 28536K, reserved 1075200K
  class space    used 3240K, capacity 3362K, committed 3480K, reserved 1048576K
}
2016-04-17T20:38:28.867-0100: 38.455: Total time for which application threads were stopped: 0.1573228 seconds, Stopping threads took: 0.0209941 seconds
2016-04-17T20:38:29.196-0100: 38.784: Total time for which application threads were stopped: 0.0112906 seconds, Stopping threads took: 0.0108689 seconds
2016-04-17T20:38:29.320-0100: 38.908: Total time for which application threads were stopped: 0.0003725 seconds, Stopping threads took: 0.0000606 seconds
2016-04-17T20:38:29.343-0100: 38.931: Total time for which application threads were stopped: 0.0224567 seconds, Stopping threads took: 0.0221112 seconds
2016-04-17T20:38:29.444-0100: 39.032: Total time for which application threads were stopped: 0.0004282 seconds, Stopping threads took: 0.0000916 seconds
2016-04-17T20:38:29.507-0100: 39.095: Total time for which application threads were stopped: 0.0112759 seconds, Stopping threads took: 0.0109193 seconds
2016-04-17T20:38:29.612-0100: 39.199: Total time for which application threads were stopped: 0.0003403 seconds, Stopping threads took: 0.0000399 seconds
{Heap before GC invocations=7 (full 1):
 par new generation   total 109248K, used 99804K [0x00000007a0000000, 0x00000007a8000000, 0x00000007a8000000)
  eden space 87424K, 100% used [0x00000007a0000000, 0x00000007a5560000, 0x00000007a5560000)
  from space 21824K,  56% used [0x00000007a6ab0000, 0x00000007a76c71f0, 0x00000007a8000000)
  to   space 21824K,   0% used [0x00000007a5560000, 0x00000007a5560000, 0x00000007a6ab0000)
 concurrent mark-sweep generation total 393216K, used 0K [0x00000007a8000000, 0x00000007c0000000, 0x00000007c0000000)
 Metaspace       used 27888K, capacity 28278K, committed 28792K, reserved 1075200K
  class space    used 3264K, capacity 3396K, committed 3480K, reserved 1048576K
2016-04-17T20:38:29.730-0100: 39.318: [GC (Allocation Failure) 2016-04-17T20:38:29.730-0100: 39.318: [ParNew
Desired survivor size 20112992 bytes, new threshold 8 (max 8)
- age   1:     344456 bytes,     344456 total
- age   2:     257376 bytes,     601832 total
- age   3:     124744 bytes,     726576 total
- age   4:    1726064 bytes,    2452640 total
- age   5:     389816 bytes,    2842456 total
- age   6:    2591624 bytes,    5434080 total
- age   7:     759920 bytes,    6194000 total
- age   8:    5259248 bytes,   11453248 total
: 99804K->15248K(109248K), 0.1054331 secs] 99804K->15248K(502464K), 0.1055972 secs] [Times: user=0.05 sys=0.00, real=0.10 secs] 
Heap after GC invocations=8 (full 1):
 par new generation   total 109248K, used 15248K [0x00000007a0000000, 0x00000007a8000000, 0x00000007a8000000)
  eden space 87424K,   0% used [0x00000007a0000000, 0x00000007a0000000, 0x00000007a5560000)
  from space 21824K,  69% used [0x00000007a5560000, 0x00000007a6444010, 0x00000007a6ab0000)
  to   space 21824K,   0% used [0x00000007a6ab0000, 0x00000007a6ab0000, 0x00000007a8000000)
 concurrent mark-sweep generation total 393216K, used 0K [0x00000007a8000000, 0x00000007c0000000, 0x00000007c0000000)
 Metaspace       used 27888K, capacity 28278K, committed 28792K, reserved 1075200K
  class space    used 3264K, capacity 3396K, committed 3480K, reserved 1048576K
}
2016-04-17T20:38:29.836-0100: 39.424: Total time for which application threads were stopped: 0.1061077 seconds, Stopping threads took: 0.0000643 seconds
2016-04-17T20:38:29.857-0100: 39.444: Total time for which application threads were stopped: 0.0004455 seconds, Stopping threads took: 0.0001166 seconds
2016-04-17T20:38:29.857-0100: 39.445: Total time for which application threads were stopped: 0.0006289 seconds, Stopping threads took: 0.0004222 seconds
2016-04-17T20:38:29.858-0100: 39.445: Total time for which application threads were stopped: 0.0001950 seconds, Stopping threads took: 0.0000319 seconds
2016-04-17T20:38:29.859-0100: 39.447: Total time for which application threads were stopped: 0.0003344 seconds, Stopping threads took: 0.0000491 seconds
2016-04-17T20:38:29.860-0100: 39.448: Total time for which application threads were stopped: 0.0003409 seconds, Stopping threads took: 0.0000721 seconds
2016-04-17T20:38:29.862-0100: 39.450: Total time for which application threads were stopped: 0.0003571 seconds, Stopping threads took: 0.0000414 seconds
2016-04-17T20:38:30.874-0100: 40.462: Total time for which application threads were stopped: 0.0112934 seconds, Stopping threads took: 0.0108768 seconds
2016-04-17T20:38:30.919-0100: 40.507: Total time for which application threads were stopped: 0.0011362 seconds, Stopping threads took: 0.0002690 seconds
2016-04-17T20:38:31.480-0100: 41.068: Total time for which application threads were stopped: 0.0005149 seconds, Stopping threads took: 0.0000733 seconds
2016-04-17T20:38:31.555-0100: 41.142: Total time for which application threads were stopped: 0.0002897 seconds, Stopping threads took: 0.0000513 seconds
2016-04-17T20:38:31.571-0100: 41.159: Total time for which application threads were stopped: 0.0008446 seconds, Stopping threads took: 0.0000545 seconds
2016-04-17T20:38:31.827-0100: 41.415: Total time for which application threads were stopped: 0.0004452 seconds, Stopping threads took: 0.0000521 seconds
2016-04-17T20:38:31.839-0100: 41.427: Total time for which application threads were stopped: 0.0112092 seconds, Stopping threads took: 0.0108863 seconds
2016-04-17T20:38:31.909-0100: 41.497: Total time for which application threads were stopped: 0.0008825 seconds, Stopping threads took: 0.0000372 seconds
2016-04-17T20:38:31.910-0100: 41.498: Total time for which application threads were stopped: 0.0002464 seconds, Stopping threads took: 0.0000256 seconds
2016-04-17T20:38:31.910-0100: 41.498: Total time for which application threads were stopped: 0.0002106 seconds, Stopping threads took: 0.0000386 seconds
2016-04-17T20:38:31.967-0100: 41.555: Total time for which application threads were stopped: 0.0006438 seconds, Stopping threads took: 0.0000392 seconds
2016-04-17T20:38:32.096-0100: 41.684: Total time for which application threads were stopped: 0.0003781 seconds, Stopping threads took: 0.0000668 seconds
2016-04-17T20:38:32.133-0100: 41.721: Total time for which application threads were stopped: 0.0112181 seconds, Stopping threads took: 0.0108981 seconds
2016-04-17T20:38:32.134-0100: 41.721: Total time for which application threads were stopped: 0.0001658 seconds, Stopping threads took: 0.0000336 seconds
2016-04-17T20:38:32.134-0100: 41.722: Total time for which application threads were stopped: 0.0001242 seconds, Stopping threads took: 0.0000108 seconds
2016-04-17T20:38:32.134-0100: 41.722: Total time for which application threads were stopped: 0.0001732 seconds, Stopping threads took: 0.0000109 seconds
2016-04-17T20:38:32.146-0100: 41.734: Total time for which application threads were stopped: 0.0118026 seconds, Stopping threads took: 0.0114708 seconds
2016-04-17T20:38:32.147-0100: 41.735: Total time for which application threads were stopped: 0.0002828 seconds, Stopping threads took: 0.0000481 seconds
2016-04-17T20:38:32.157-0100: 41.745: Total time for which application threads were stopped: 0.0003522 seconds, Stopping threads took: 0.0000613 seconds
2016-04-17T20:38:32.179-0100: 41.767: Total time for which application threads were stopped: 0.0006798 seconds, Stopping threads took: 0.0000676 seconds
{Heap before GC invocations=8 (full 1):
 par new generation   total 109248K, used 102672K [0x00000007a0000000, 0x00000007a8000000, 0x00000007a8000000)
  eden space 87424K, 100% used [0x00000007a0000000, 0x00000007a5560000, 0x00000007a5560000)
  from space 21824K,  69% used [0x00000007a5560000, 0x00000007a6444010, 0x00000007a6ab0000)
  to   space 21824K,   0% used [0x00000007a6ab0000, 0x00000007a6ab0000, 0x00000007a8000000)
 concurrent mark-sweep generation total 393216K, used 0K [0x00000007a8000000, 0x00000007c0000000, 0x00000007c0000000)
 Metaspace       used 29703K, capacity 30066K, committed 30456K, reserved 1077248K
  class space    used 3464K, capacity 3564K, committed 3608K, reserved 1048576K
2016-04-17T20:38:32.181-0100: 41.769: [GC (Allocation Failure) 2016-04-17T20:38:32.181-0100: 41.769: [ParNew
Desired survivor size 20112992 bytes, new threshold 8 (max 8)
- age   1:    2744672 bytes,    2744672 total
- age   2:     132040 bytes,    2876712 total
- age   3:     246040 bytes,    3122752 total
- age   4:     121384 bytes,    3244136 total
- age   5:     231488 bytes,    3475624 total
- age   6:     382912 bytes,    3858536 total
- age   7:    2576568 bytes,    6435104 total
- age   8:     759632 bytes,    7194736 total
: 102672K->10103K(109248K), 0.1480390 secs] 102672K->15796K(502464K), 0.1481990 secs] [Times: user=0.13 sys=0.02, real=0.14 secs] 
Heap after GC invocations=9 (full 1):
 par new generation   total 109248K, used 10103K [0x00000007a0000000, 0x00000007a8000000, 0x00000007a8000000)
  eden space 87424K,   0% used [0x00000007a0000000, 0x00000007a0000000, 0x00000007a5560000)
  from space 21824K,  46% used [0x00000007a6ab0000, 0x00000007a748ddf0, 0x00000007a8000000)
  to   space 21824K,   0% used [0x00000007a5560000, 0x00000007a5560000, 0x00000007a6ab0000)
 concurrent mark-sweep generation total 393216K, used 5693K [0x00000007a8000000, 0x00000007c0000000, 0x00000007c0000000)
 Metaspace       used 29703K, capacity 30066K, committed 30456K, reserved 1077248K
  class space    used 3464K, capacity 3564K, committed 3608K, reserved 1048576K
}
2016-04-17T20:38:32.329-0100: 41.917: Total time for which application threads were stopped: 0.1486522 seconds, Stopping threads took: 0.0000506 seconds
2016-04-17T20:38:32.526-0100: 42.114: Total time for which application threads were stopped: 0.0008793 seconds, Stopping threads took: 0.0000353 seconds
2016-04-17T20:38:32.585-0100: 42.173: Total time for which application threads were stopped: 0.0003681 seconds, Stopping threads took: 0.0001296 seconds
2016-04-17T20:38:32.586-0100: 42.174: Total time for which application threads were stopped: 0.0002297 seconds, Stopping threads took: 0.0000232 seconds
2016-04-17T20:38:32.587-0100: 42.175: Total time for which application threads were stopped: 0.0003396 seconds, Stopping threads took: 0.0000356 seconds
2016-04-17T20:38:32.628-0100: 42.216: Total time for which application threads were stopped: 0.0003403 seconds, Stopping threads took: 0.0000410 seconds
2016-04-17T20:38:32.815-0100: 42.403: Total time for which application threads were stopped: 0.0003809 seconds, Stopping threads took: 0.0000633 seconds
2016-04-17T20:38:33.162-0100: 42.750: Total time for which application threads were stopped: 0.0004532 seconds, Stopping threads took: 0.0000629 seconds
2016-04-17T20:38:33.280-0100: 42.868: Total time for which application threads were stopped: 0.0010173 seconds, Stopping threads took: 0.0000326 seconds
2016-04-17T20:38:33.727-0100: 43.315: Total time for which application threads were stopped: 0.0009184 seconds, Stopping threads took: 0.0005112 seconds
2016-04-17T20:38:33.730-0100: 43.318: Total time for which application threads were stopped: 0.0006542 seconds, Stopping threads took: 0.0003380 seconds
2016-04-17T20:38:33.848-0100: 43.436: Total time for which application threads were stopped: 0.0116721 seconds, Stopping threads took: 0.0109359 seconds
2016-04-17T20:38:33.873-0100: 43.461: Total time for which application threads were stopped: 0.0113152 seconds, Stopping threads took: 0.0109811 seconds
2016-04-17T20:38:33.874-0100: 43.462: Total time for which application threads were stopped: 0.0002860 seconds, Stopping threads took: 0.0000503 seconds
2016-04-17T20:38:34.244-0100: 43.832: Total time for which application threads were stopped: 0.0040936 seconds, Stopping threads took: 0.0000905 seconds
2016-04-17T20:38:35.263-0100: 44.851: Total time for which application threads were stopped: 0.0006477 seconds, Stopping threads took: 0.0000508 seconds
{Heap before GC invocations=9 (full 1):
 par new generation   total 109248K, used 97527K [0x00000007a0000000, 0x00000007a8000000, 0x00000007a8000000)
  eden space 87424K,  99% used [0x00000007a0000000, 0x00000007a555feb0, 0x00000007a5560000)
  from space 21824K,  46% used [0x00000007a6ab0000, 0x00000007a748ddf0, 0x00000007a8000000)
  to   space 21824K,   0% used [0x00000007a5560000, 0x00000007a5560000, 0x00000007a6ab0000)
 concurrent mark-sweep generation total 393216K, used 5693K [0x00000007a8000000, 0x00000007c0000000, 0x00000007c0000000)
 Metaspace       used 31072K, capacity 31442K, committed 31992K, reserved 1077248K
  class space    used 3678K, capacity 3768K, committed 3864K, reserved 1048576K
2016-04-17T20:38:35.403-0100: 44.991: [GC (Allocation Failure) 2016-04-17T20:38:35.476-0100: 45.064: [ParNew
Desired survivor size 20112992 bytes, new threshold 8 (max 8)
- age   1:    1696616 bytes,    1696616 total
- age   2:    1448992 bytes,    3145608 total
- age   3:     125000 bytes,    3270608 total
- age   4:     241240 bytes,    3511848 total
- age   5:     118072 bytes,    3629920 total
- age   6:     223088 bytes,    3853008 total
- age   7:     374080 bytes,    4227088 total
- age   8:    2556776 bytes,    6783864 total
: 97527K->9717K(109248K), 0.2505101 secs] 103220K->16164K(502464K), 0.3239299 secs] [Times: user=0.25 sys=0.01, real=0.32 secs] 
Heap after GC invocations=10 (full 1):
 par new generation   total 109248K, used 9717K [0x00000007a0000000, 0x00000007a8000000, 0x00000007a8000000)
  eden space 87424K,   0% used [0x00000007a0000000, 0x00000007a0000000, 0x00000007a5560000)
  from space 21824K,  44% used [0x00000007a5560000, 0x00000007a5edd430, 0x00000007a6ab0000)
  to   space 21824K,   0% used [0x00000007a6ab0000, 0x00000007a6ab0000, 0x00000007a8000000)
 concurrent mark-sweep generation total 393216K, used 6447K [0x00000007a8000000, 0x00000007c0000000, 0x00000007c0000000)
 Metaspace       used 31072K, capacity 31442K, committed 31992K, reserved 1077248K
  class space    used 3678K, capacity 3768K, committed 3864K, reserved 1048576K
}
2016-04-17T20:38:35.727-0100: 45.315: Total time for which application threads were stopped: 0.3244322 seconds, Stopping threads took: 0.0000399 seconds
2016-04-17T20:38:36.258-0100: 45.846: Total time for which application threads were stopped: 0.0004928 seconds, Stopping threads took: 0.0001057 seconds
2016-04-17T20:38:36.259-0100: 45.847: Total time for which application threads were stopped: 0.0001403 seconds, Stopping threads took: 0.0000105 seconds
2016-04-17T20:38:36.365-0100: 45.953: Total time for which application threads were stopped: 0.0004566 seconds, Stopping threads took: 0.0000665 seconds
2016-04-17T20:38:36.685-0100: 46.273: Total time for which application threads were stopped: 0.0004424 seconds, Stopping threads took: 0.0000681 seconds
2016-04-17T20:38:36.740-0100: 46.328: Total time for which application threads were stopped: 0.0004272 seconds, Stopping threads took: 0.0000465 seconds
2016-04-17T20:38:36.842-0100: 46.430: Total time for which application threads were stopped: 0.0004147 seconds, Stopping threads took: 0.0000356 seconds
2016-04-17T20:38:36.930-0100: 46.518: Total time for which application threads were stopped: 0.0004649 seconds, Stopping threads took: 0.0000658 seconds
2016-04-17T20:38:36.930-0100: 46.518: Total time for which application threads were stopped: 0.0001908 seconds, Stopping threads took: 0.0000240 seconds
2016-04-17T20:38:36.931-0100: 46.519: Total time for which application threads were stopped: 0.0003383 seconds, Stopping threads took: 0.0001230 seconds
2016-04-17T20:38:37.143-0100: 46.732: Total time for which application threads were stopped: 0.0004722 seconds, Stopping threads took: 0.0001242 seconds
2016-04-17T20:38:37.272-0100: 46.860: Total time for which application threads were stopped: 0.0130384 seconds, Stopping threads took: 0.0126009 seconds
2016-04-17T20:38:37.273-0100: 46.861: Total time for which application threads were stopped: 0.0003123 seconds, Stopping threads took: 0.0000491 seconds
2016-04-17T20:38:37.720-0100: 47.308: Total time for which application threads were stopped: 0.0004971 seconds, Stopping threads took: 0.0000510 seconds
{Heap before GC invocations=10 (full 1):
 par new generation   total 109248K, used 97141K [0x00000007a0000000, 0x00000007a8000000, 0x00000007a8000000)
  eden space 87424K, 100% used [0x00000007a0000000, 0x00000007a5560000, 0x00000007a5560000)
  from space 21824K,  44% used [0x00000007a5560000, 0x00000007a5edd430, 0x00000007a6ab0000)
  to   space 21824K,   0% used [0x00000007a6ab0000, 0x00000007a6ab0000, 0x00000007a8000000)
 concurrent mark-sweep generation total 393216K, used 6447K [0x00000007a8000000, 0x00000007c0000000, 0x00000007c0000000)
 Metaspace       used 32475K, capacity 32818K, committed 33144K, reserved 1079296K
  class space    used 3800K, capacity 3928K, committed 3992K, reserved 1048576K
2016-04-17T20:38:37.797-0100: 47.385: [GC (Allocation Failure) 2016-04-17T20:38:37.813-0100: 47.401: [ParNew
Desired survivor size 20112992 bytes, new threshold 8 (max 8)
- age   1:    2038232 bytes,    2038232 total
- age   2:     402096 bytes,    2440328 total
- age   3:    1441656 bytes,    3881984 total
- age   4:     123280 bytes,    4005264 total
- age   5:     238720 bytes,    4243984 total
- age   6:     113840 bytes,    4357824 total
- age   7:     217384 bytes,    4575208 total
- age   8:     366936 bytes,    4942144 total
: 97141K->7128K(109248K), 0.1218722 secs] 103588K->16056K(502464K), 0.1377524 secs] [Times: user=0.09 sys=0.01, real=0.14 secs] 
Heap after GC invocations=11 (full 1):
 par new generation   total 109248K, used 7128K [0x00000007a0000000, 0x00000007a8000000, 0x00000007a8000000)
  eden space 87424K,   0% used [0x00000007a0000000, 0x00000007a0000000, 0x00000007a5560000)
  from space 21824K,  32% used [0x00000007a6ab0000, 0x00000007a71a6000, 0x00000007a8000000)
  to   space 21824K,   0% used [0x00000007a5560000, 0x00000007a5560000, 0x00000007a6ab0000)
 concurrent mark-sweep generation total 393216K, used 8928K [0x00000007a8000000, 0x00000007c0000000, 0x00000007c0000000)
 Metaspace       used 32475K, capacity 32818K, committed 33144K, reserved 1079296K
  class space    used 3800K, capacity 3928K, committed 3992K, reserved 1048576K
}
2016-04-17T20:38:37.935-0100: 47.523: Total time for which application threads were stopped: 0.1383692 seconds, Stopping threads took: 0.0001042 seconds
2016-04-17T20:38:37.944-0100: 47.532: Total time for which application threads were stopped: 0.0003866 seconds, Stopping threads took: 0.0000326 seconds
2016-04-17T20:38:37.961-0100: 47.549: Total time for which application threads were stopped: 0.0004003 seconds, Stopping threads took: 0.0000733 seconds
2016-04-17T20:38:38.020-0100: 47.608: Total time for which application threads were stopped: 0.0004069 seconds, Stopping threads took: 0.0000615 seconds
2016-04-17T20:38:38.391-0100: 47.980: Total time for which application threads were stopped: 0.0006421 seconds, Stopping threads took: 0.0001196 seconds
2016-04-17T20:38:38.397-0100: 47.986: Total time for which application threads were stopped: 0.0005304 seconds, Stopping threads took: 0.0001788 seconds
2016-04-17T20:38:38.398-0100: 47.986: Total time for which application threads were stopped: 0.0002106 seconds, Stopping threads took: 0.0000317 seconds
2016-04-17T20:38:38.399-0100: 47.987: Total time for which application threads were stopped: 0.0003147 seconds, Stopping threads took: 0.0000491 seconds
2016-04-17T20:38:38.402-0100: 47.990: Total time for which application threads were stopped: 0.0014549 seconds, Stopping threads took: 0.0004777 seconds
2016-04-17T20:38:38.403-0100: 47.991: Total time for which application threads were stopped: 0.0004085 seconds, Stopping threads took: 0.0001046 seconds
2016-04-17T20:38:38.405-0100: 47.994: Total time for which application threads were stopped: 0.0003918 seconds, Stopping threads took: 0.0000783 seconds
2016-04-17T20:38:38.519-0100: 48.107: Total time for which application threads were stopped: 0.0004454 seconds, Stopping threads took: 0.0000649 seconds
2016-04-17T20:38:38.668-0100: 48.256: Total time for which application threads were stopped: 0.0004580 seconds, Stopping threads took: 0.0000992 seconds
2016-04-17T20:38:38.668-0100: 48.256: Total time for which application threads were stopped: 0.0001853 seconds, Stopping threads took: 0.0000348 seconds
2016-04-17T20:38:38.669-0100: 48.257: Total time for which application threads were stopped: 0.0002254 seconds, Stopping threads took: 0.0000777 seconds
2016-04-17T20:38:38.675-0100: 48.263: Total time for which application threads were stopped: 0.0004182 seconds, Stopping threads took: 0.0000636 seconds
2016-04-17T20:38:38.778-0100: 48.366: Total time for which application threads were stopped: 0.0005387 seconds, Stopping threads took: 0.0000823 seconds
2016-04-17T20:38:39.030-0100: 48.618: Total time for which application threads were stopped: 0.0032850 seconds, Stopping threads took: 0.0022978 seconds
2016-04-17T20:38:39.089-0100: 48.677: Total time for which application threads were stopped: 0.0230841 seconds, Stopping threads took: 0.0221860 seconds
2016-04-17T20:38:39.103-0100: 48.691: Total time for which application threads were stopped: 0.0119060 seconds, Stopping threads took: 0.0114699 seconds
2016-04-17T20:38:39.112-0100: 48.700: Total time for which application threads were stopped: 0.0004217 seconds, Stopping threads took: 0.0000412 seconds
2016-04-17T20:38:39.112-0100: 48.700: Total time for which application threads were stopped: 0.0001724 seconds, Stopping threads took: 0.0000134 seconds
2016-04-17T20:38:39.112-0100: 48.700: Total time for which application threads were stopped: 0.0002513 seconds, Stopping threads took: 0.0000619 seconds
2016-04-17T20:38:39.113-0100: 48.701: Total time for which application threads were stopped: 0.0001884 seconds, Stopping threads took: 0.0000149 seconds
2016-04-17T20:38:39.114-0100: 48.702: Total time for which application threads were stopped: 0.0003853 seconds, Stopping threads took: 0.0000474 seconds
2016-04-17T20:38:39.676-0100: 49.264: Total time for which application threads were stopped: 0.0113959 seconds, Stopping threads took: 0.0109237 seconds
2016-04-17T20:38:39.688-0100: 49.276: Total time for which application threads were stopped: 0.0003245 seconds, Stopping threads took: 0.0000381 seconds
2016-04-17T20:38:39.960-0100: 49.548: Total time for which application threads were stopped: 0.0005252 seconds, Stopping threads took: 0.0000872 seconds
2016-04-17T20:38:40.124-0100: 49.712: Total time for which application threads were stopped: 0.0114535 seconds, Stopping threads took: 0.0110100 seconds
2016-04-17T20:38:40.213-0100: 49.801: Total time for which application threads were stopped: 0.0004412 seconds, Stopping threads took: 0.0000607 seconds
2016-04-17T20:38:40.388-0100: 49.977: Total time for which application threads were stopped: 0.0004019 seconds, Stopping threads took: 0.0000610 seconds
2016-04-17T20:38:40.389-0100: 49.977: Total time for which application threads were stopped: 0.0002430 seconds, Stopping threads took: 0.0000335 seconds
2016-04-17T20:38:40.416-0100: 50.004: Total time for which application threads were stopped: 0.0004878 seconds, Stopping threads took: 0.0001538 seconds
2016-04-17T20:38:40.417-0100: 50.005: Total time for which application threads were stopped: 0.0003001 seconds, Stopping threads took: 0.0000573 seconds
2016-04-17T20:38:40.418-0100: 50.006: Total time for which application threads were stopped: 0.0001903 seconds, Stopping threads took: 0.0000320 seconds
2016-04-17T20:38:40.432-0100: 50.020: Total time for which application threads were stopped: 0.0003686 seconds, Stopping threads took: 0.0000800 seconds
2016-04-17T20:38:40.437-0100: 50.025: Total time for which application threads were stopped: 0.0004016 seconds, Stopping threads took: 0.0000652 seconds
2016-04-17T20:38:40.447-0100: 50.036: Total time for which application threads were stopped: 0.0010536 seconds, Stopping threads took: 0.0003956 seconds
2016-04-17T20:38:40.654-0100: 50.243: Total time for which application threads were stopped: 0.0008372 seconds, Stopping threads took: 0.0004793 seconds
2016-04-17T20:38:40.986-0100: 50.574: Total time for which application threads were stopped: 0.0003916 seconds, Stopping threads took: 0.0000497 seconds
2016-04-17T20:38:40.986-0100: 50.574: Total time for which application threads were stopped: 0.0001765 seconds, Stopping threads took: 0.0000157 seconds
2016-04-17T20:38:40.990-0100: 50.578: Total time for which application threads were stopped: 0.0005768 seconds, Stopping threads took: 0.0000407 seconds
2016-04-17T20:38:40.992-0100: 50.580: Total time for which application threads were stopped: 0.0003169 seconds, Stopping threads took: 0.0000394 seconds
2016-04-17T20:38:41.219-0100: 50.807: Total time for which application threads were stopped: 0.0008113 seconds, Stopping threads took: 0.0000809 seconds
2016-04-17T20:38:41.535-0100: 51.124: Total time for which application threads were stopped: 0.0020188 seconds, Stopping threads took: 0.0000367 seconds
2016-04-17T20:38:41.582-0100: 51.171: Total time for which application threads were stopped: 0.0004082 seconds, Stopping threads took: 0.0001110 seconds
2016-04-17T20:38:41.751-0100: 51.339: Total time for which application threads were stopped: 0.0003479 seconds, Stopping threads took: 0.0000400 seconds
2016-04-17T20:38:41.856-0100: 51.444: Total time for which application threads were stopped: 0.0003360 seconds, Stopping threads took: 0.0000410 seconds
2016-04-17T20:38:41.862-0100: 51.451: Total time for which application threads were stopped: 0.0003391 seconds, Stopping threads took: 0.0000357 seconds
2016-04-17T20:38:41.866-0100: 51.454: Total time for which application threads were stopped: 0.0003399 seconds, Stopping threads took: 0.0000426 seconds
2016-04-17T20:38:41.884-0100: 51.472: Total time for which application threads were stopped: 0.0004107 seconds, Stopping threads took: 0.0000461 seconds
2016-04-17T20:38:41.884-0100: 51.473: Total time for which application threads were stopped: 0.0002330 seconds, Stopping threads took: 0.0000224 seconds
2016-04-17T20:38:41.913-0100: 51.501: Total time for which application threads were stopped: 0.0010499 seconds, Stopping threads took: 0.0000416 seconds
2016-04-17T20:38:41.984-0100: 51.572: Total time for which application threads were stopped: 0.0002807 seconds, Stopping threads took: 0.0000324 seconds
2016-04-17T20:38:41.984-0100: 51.572: Total time for which application threads were stopped: 0.0001099 seconds, Stopping threads took: 0.0000105 seconds
2016-04-17T20:38:41.992-0100: 51.580: Total time for which application threads were stopped: 0.0002921 seconds, Stopping threads took: 0.0000386 seconds
2016-04-17T20:38:41.992-0100: 51.581: Total time for which application threads were stopped: 0.0001927 seconds, Stopping threads took: 0.0000111 seconds
2016-04-17T20:38:42.026-0100: 51.614: Total time for which application threads were stopped: 0.0003467 seconds, Stopping threads took: 0.0000427 seconds
2016-04-17T20:38:42.104-0100: 51.692: Total time for which application threads were stopped: 0.0007573 seconds, Stopping threads took: 0.0000356 seconds
{Heap before GC invocations=11 (full 1):
 par new generation   total 109248K, used 94552K [0x00000007a0000000, 0x00000007a8000000, 0x00000007a8000000)
  eden space 87424K, 100% used [0x00000007a0000000, 0x00000007a5560000, 0x00000007a5560000)
  from space 21824K,  32% used [0x00000007a6ab0000, 0x00000007a71a6000, 0x00000007a8000000)
  to   space 21824K,   0% used [0x00000007a5560000, 0x00000007a5560000, 0x00000007a6ab0000)
 concurrent mark-sweep generation total 393216K, used 8928K [0x00000007a8000000, 0x00000007c0000000, 0x00000007c0000000)
 Metaspace       used 33543K, capacity 33962K, committed 34552K, reserved 1079296K
  class space    used 3920K, capacity 4030K, committed 4120K, reserved 1048576K
2016-04-17T20:38:42.221-0100: 51.809: [GC (Allocation Failure) 2016-04-17T20:38:42.221-0100: 51.809: [ParNew
Desired survivor size 20112992 bytes, new threshold 8 (max 8)
- age   1:    4995760 bytes,    4995760 total
- age   2:     791136 bytes,    5786896 total
- age   3:     360520 bytes,    6147416 total
- age   4:    1439656 bytes,    7587072 total
- age   5:     122704 bytes,    7709776 total
- age   6:     237896 bytes,    7947672 total
- age   7:     113008 bytes,    8060680 total
- age   8:     215568 bytes,    8276248 total
: 94552K->9453K(109248K), 0.0645473 secs] 103480K->18737K(502464K), 0.0646651 secs] [Times: user=0.06 sys=0.00, real=0.06 secs] 
Heap after GC invocations=12 (full 1):
 par new generation   total 109248K, used 9453K [0x00000007a0000000, 0x00000007a8000000, 0x00000007a8000000)
  eden space 87424K,   0% used [0x00000007a0000000, 0x00000007a0000000, 0x00000007a5560000)
  from space 21824K,  43% used [0x00000007a5560000, 0x00000007a5e9b440, 0x00000007a6ab0000)
  to   space 21824K,   0% used [0x00000007a6ab0000, 0x00000007a6ab0000, 0x00000007a8000000)
 concurrent mark-sweep generation total 393216K, used 9284K [0x00000007a8000000, 0x00000007c0000000, 0x00000007c0000000)
 Metaspace       used 33543K, capacity 33962K, committed 34552K, reserved 1079296K
  class space    used 3920K, capacity 4030K, committed 4120K, reserved 1048576K
}
2016-04-17T20:38:42.286-0100: 51.874: Total time for which application threads were stopped: 0.0651490 seconds, Stopping threads took: 0.0000402 seconds
2016-04-17T20:38:42.347-0100: 51.936: Total time for which application threads were stopped: 0.0003852 seconds, Stopping threads took: 0.0000338 seconds
2016-04-17T20:38:42.349-0100: 51.938: Total time for which application threads were stopped: 0.0003514 seconds, Stopping threads took: 0.0000324 seconds
2016-04-17T20:38:42.383-0100: 51.971: Total time for which application threads were stopped: 0.0003878 seconds, Stopping threads took: 0.0000371 seconds
2016-04-17T20:38:42.383-0100: 51.971: Total time for which application threads were stopped: 0.0001308 seconds, Stopping threads took: 0.0000129 seconds
2016-04-17T20:38:42.553-0100: 52.141: Total time for which application threads were stopped: 0.0003486 seconds, Stopping threads took: 0.0000351 seconds
2016-04-17T20:38:42.553-0100: 52.142: Total time for which application threads were stopped: 0.0000974 seconds, Stopping threads took: 0.0000089 seconds
2016-04-17T20:38:42.555-0100: 52.144: Total time for which application threads were stopped: 0.0004627 seconds, Stopping threads took: 0.0002252 seconds
2016-04-17T20:38:42.602-0100: 52.190: Total time for which application threads were stopped: 0.0003638 seconds, Stopping threads took: 0.0000562 seconds
2016-04-17T20:38:42.602-0100: 52.190: Total time for which application threads were stopped: 0.0001496 seconds, Stopping threads took: 0.0000140 seconds
2016-04-17T20:38:42.603-0100: 52.191: Total time for which application threads were stopped: 0.0001897 seconds, Stopping threads took: 0.0000395 seconds
2016-04-17T20:38:42.619-0100: 52.207: Total time for which application threads were stopped: 0.0003466 seconds, Stopping threads took: 0.0000384 seconds
2016-04-17T20:38:42.623-0100: 52.212: Total time for which application threads were stopped: 0.0006920 seconds, Stopping threads took: 0.0004113 seconds
2016-04-17T20:38:42.624-0100: 52.212: Total time for which application threads were stopped: 0.0001305 seconds, Stopping threads took: 0.0000137 seconds
2016-04-17T20:38:42.624-0100: 52.212: Total time for which application threads were stopped: 0.0001778 seconds, Stopping threads took: 0.0000127 seconds
2016-04-17T20:38:43.385-0100: 52.973: Total time for which application threads were stopped: 0.0003368 seconds, Stopping threads took: 0.0000364 seconds
2016-04-17T20:38:43.386-0100: 52.974: Total time for which application threads were stopped: 0.0002553 seconds, Stopping threads took: 0.0000267 seconds
2016-04-17T20:38:43.387-0100: 52.976: Total time for which application threads were stopped: 0.0002584 seconds, Stopping threads took: 0.0000302 seconds
2016-04-17T20:38:43.542-0100: 53.131: Total time for which application threads were stopped: 0.0003312 seconds, Stopping threads took: 0.0000411 seconds
2016-04-17T20:38:43.778-0100: 53.367: Total time for which application threads were stopped: 0.0002735 seconds, Stopping threads took: 0.0000311 seconds
2016-04-17T20:38:43.928-0100: 53.517: Total time for which application threads were stopped: 0.0003052 seconds, Stopping threads took: 0.0000384 seconds
2016-04-17T20:38:45.936-0100: 55.525: Total time for which application threads were stopped: 0.0003563 seconds, Stopping threads took: 0.0000455 seconds
2016-04-17T20:38:50.795-0100: 60.395: Total time for which application threads were stopped: 0.0115536 seconds, Stopping threads took: 0.0000550 seconds
2016-04-17T20:38:50.809-0100: 60.397: Total time for which application threads were stopped: 0.0012272 seconds, Stopping threads took: 0.0008932 seconds
2016-04-17T20:38:50.810-0100: 60.399: Total time for which application threads were stopped: 0.0002638 seconds, Stopping threads took: 0.0000505 seconds
2016-04-17T20:38:50.949-0100: 60.538: Total time for which application threads were stopped: 0.0009729 seconds, Stopping threads took: 0.0000522 seconds
2016-04-17T20:38:50.981-0100: 60.570: Total time for which application threads were stopped: 0.0003161 seconds, Stopping threads took: 0.0000381 seconds
2016-04-17T20:38:51.065-0100: 60.653: Total time for which application threads were stopped: 0.0006603 seconds, Stopping threads took: 0.0003608 seconds
2016-04-17T20:38:51.066-0100: 60.654: Total time for which application threads were stopped: 0.0004890 seconds, Stopping threads took: 0.0002758 seconds
2016-04-17T20:38:51.067-0100: 60.656: Total time for which application threads were stopped: 0.0003546 seconds, Stopping threads took: 0.0001186 seconds
2016-04-17T20:38:51.067-0100: 60.656: Total time for which application threads were stopped: 0.0001272 seconds, Stopping threads took: 0.0000309 seconds
2016-04-17T20:38:51.068-0100: 60.656: Total time for which application threads were stopped: 0.0001168 seconds, Stopping threads took: 0.0000292 seconds
2016-04-17T20:38:51.068-0100: 60.656: Total time for which application threads were stopped: 0.0001141 seconds, Stopping threads took: 0.0000288 seconds
2016-04-17T20:38:51.068-0100: 60.657: Total time for which application threads were stopped: 0.0003993 seconds, Stopping threads took: 0.0002676 seconds
2016-04-17T20:38:51.068-0100: 60.657: Total time for which application threads were stopped: 0.0001257 seconds, Stopping threads took: 0.0000315 seconds
2016-04-17T20:38:51.069-0100: 60.657: Total time for which application threads were stopped: 0.0001142 seconds, Stopping threads took: 0.0000288 seconds
2016-04-17T20:38:51.069-0100: 60.657: Total time for which application threads were stopped: 0.0001171 seconds, Stopping threads took: 0.0000281 seconds
2016-04-17T20:38:51.069-0100: 60.658: Total time for which application threads were stopped: 0.0001186 seconds, Stopping threads took: 0.0000289 seconds
2016-04-17T20:38:51.069-0100: 60.658: Total time for which application threads were stopped: 0.0001151 seconds, Stopping threads took: 0.0000288 seconds
2016-04-17T20:38:51.069-0100: 60.658: Total time for which application threads were stopped: 0.0001124 seconds, Stopping threads took: 0.0000286 seconds
2016-04-17T20:38:51.070-0100: 60.658: Total time for which application threads were stopped: 0.0001127 seconds, Stopping threads took: 0.0000285 seconds
2016-04-17T20:38:51.070-0100: 60.658: Total time for which application threads were stopped: 0.0001117 seconds, Stopping threads took: 0.0000284 seconds
2016-04-17T20:38:51.070-0100: 60.658: Total time for which application threads were stopped: 0.0001116 seconds, Stopping threads took: 0.0000279 seconds
2016-04-17T20:38:51.070-0100: 60.659: Total time for which application threads were stopped: 0.0001124 seconds, Stopping threads took: 0.0000284 seconds
2016-04-17T20:38:51.070-0100: 60.659: Total time for which application threads were stopped: 0.0001123 seconds, Stopping threads took: 0.0000283 seconds
2016-04-17T20:38:51.070-0100: 60.659: Total time for which application threads were stopped: 0.0001109 seconds, Stopping threads took: 0.0000280 seconds
2016-04-17T20:38:51.071-0100: 60.659: Total time for which application threads were stopped: 0.0002428 seconds, Stopping threads took: 0.0001410 seconds
2016-04-17T20:38:51.071-0100: 60.660: Total time for which application threads were stopped: 0.0004044 seconds, Stopping threads took: 0.0000304 seconds
2016-04-17T20:38:51.842-0100: 61.431: Total time for which application threads were stopped: 0.0003286 seconds, Stopping threads took: 0.0000356 seconds
2016-04-17T20:38:51.843-0100: 61.432: Total time for which application threads were stopped: 0.0004553 seconds, Stopping threads took: 0.0000163 seconds
2016-04-17T20:38:51.858-0100: 61.446: Total time for which application threads were stopped: 0.0013502 seconds, Stopping threads took: 0.0007414 seconds
2016-04-17T20:38:51.952-0100: 61.540: Total time for which application threads were stopped: 0.0003917 seconds, Stopping threads took: 0.0000573 seconds
2016-04-17T20:38:51.962-0100: 61.551: Total time for which application threads were stopped: 0.0003788 seconds, Stopping threads took: 0.0000621 seconds
2016-04-17T20:38:51.963-0100: 61.551: Total time for which application threads were stopped: 0.0001699 seconds, Stopping threads took: 0.0000391 seconds
2016-04-17T20:38:51.963-0100: 61.552: Total time for which application threads were stopped: 0.0002065 seconds, Stopping threads took: 0.0000368 seconds
2016-04-17T20:38:51.964-0100: 61.552: Total time for which application threads were stopped: 0.0002225 seconds, Stopping threads took: 0.0000463 seconds
2016-04-17T20:38:51.964-0100: 61.553: Total time for which application threads were stopped: 0.0001639 seconds, Stopping threads took: 0.0000141 seconds
2016-04-17T20:38:51.965-0100: 61.554: Total time for which application threads were stopped: 0.0007959 seconds, Stopping threads took: 0.0006012 seconds
2016-04-17T20:38:51.966-0100: 61.554: Total time for which application threads were stopped: 0.0001532 seconds, Stopping threads took: 0.0000317 seconds
2016-04-17T20:38:51.966-0100: 61.555: Total time for which application threads were stopped: 0.0006272 seconds, Stopping threads took: 0.0004175 seconds
2016-04-17T20:38:51.968-0100: 61.557: Total time for which application threads were stopped: 0.0002704 seconds, Stopping threads took: 0.0000308 seconds
2016-04-17T20:38:51.969-0100: 61.557: Total time for which application threads were stopped: 0.0003767 seconds, Stopping threads took: 0.0000094 seconds
2016-04-17T20:38:51.969-0100: 61.558: Total time for which application threads were stopped: 0.0001337 seconds, Stopping threads took: 0.0000120 seconds
2016-04-17T20:38:52.032-0100: 61.621: Total time for which application threads were stopped: 0.0003285 seconds, Stopping threads took: 0.0000408 seconds
2016-04-17T20:38:52.093-0100: 61.681: Total time for which application threads were stopped: 0.0003396 seconds, Stopping threads took: 0.0000388 seconds
2016-04-17T20:38:52.093-0100: 61.682: Total time for which application threads were stopped: 0.0001875 seconds, Stopping threads took: 0.0000185 seconds
2016-04-17T20:38:52.096-0100: 61.684: Total time for which application threads were stopped: 0.0003243 seconds, Stopping threads took: 0.0000559 seconds
2016-04-17T20:38:52.109-0100: 61.698: Total time for which application threads were stopped: 0.0127241 seconds, Stopping threads took: 0.0118488 seconds
2016-04-17T20:38:52.111-0100: 61.700: Total time for which application threads were stopped: 0.0003220 seconds, Stopping threads took: 0.0000487 seconds
2016-04-17T20:38:52.146-0100: 61.734: Total time for which application threads were stopped: 0.0339239 seconds, Stopping threads took: 0.0335184 seconds
2016-04-17T20:38:52.147-0100: 61.735: Total time for which application threads were stopped: 0.0002021 seconds, Stopping threads took: 0.0000245 seconds
2016-04-17T20:38:52.230-0100: 61.818: Total time for which application threads were stopped: 0.0811908 seconds, Stopping threads took: 0.0808475 seconds
2016-04-17T20:38:52.230-0100: 61.819: Total time for which application threads were stopped: 0.0002365 seconds, Stopping threads took: 0.0000415 seconds
2016-04-17T20:38:52.231-0100: 61.820: Total time for which application threads were stopped: 0.0002831 seconds, Stopping threads took: 0.0000712 seconds
2016-04-17T20:38:52.235-0100: 61.824: Total time for which application threads were stopped: 0.0003405 seconds, Stopping threads took: 0.0000354 seconds
2016-04-17T20:38:52.236-0100: 61.825: Total time for which application threads were stopped: 0.0002331 seconds, Stopping threads took: 0.0000635 seconds
2016-04-17T20:38:52.311-0100: 61.899: Total time for which application threads were stopped: 0.0173548 seconds, Stopping threads took: 0.0169012 seconds
2016-04-17T20:38:52.381-0100: 61.970: Total time for which application threads were stopped: 0.0390477 seconds, Stopping threads took: 0.0386076 seconds
2016-04-17T20:38:52.397-0100: 61.986: Total time for which application threads were stopped: 0.0119608 seconds, Stopping threads took: 0.0115427 seconds
2016-04-17T20:38:52.409-0100: 61.998: Total time for which application threads were stopped: 0.0115597 seconds, Stopping threads took: 0.0112043 seconds
2016-04-17T20:38:52.416-0100: 62.005: Total time for which application threads were stopped: 0.0006944 seconds, Stopping threads took: 0.0003464 seconds
2016-04-17T20:38:52.453-0100: 62.042: Total time for which application threads were stopped: 0.0336896 seconds, Stopping threads took: 0.0333175 seconds
2016-04-17T20:38:52.465-0100: 62.054: Total time for which application threads were stopped: 0.0118437 seconds, Stopping threads took: 0.0115121 seconds
2016-04-17T20:38:52.552-0100: 62.141: Total time for which application threads were stopped: 0.0329763 seconds, Stopping threads took: 0.0326753 seconds
2016-04-17T20:38:52.595-0100: 62.184: Total time for which application threads were stopped: 0.0012959 seconds, Stopping threads took: 0.0009173 seconds
2016-04-17T20:38:52.611-0100: 62.200: Total time for which application threads were stopped: 0.0087714 seconds, Stopping threads took: 0.0000652 seconds
2016-04-17T20:38:52.628-0100: 62.217: Total time for which application threads were stopped: 0.0037750 seconds, Stopping threads took: 0.0033981 seconds
2016-04-17T20:38:52.644-0100: 62.233: Total time for which application threads were stopped: 0.0004628 seconds, Stopping threads took: 0.0001299 seconds
2016-04-17T20:38:52.722-0100: 62.310: Total time for which application threads were stopped: 0.0004591 seconds, Stopping threads took: 0.0001058 seconds
2016-04-17T20:38:52.738-0100: 62.327: Total time for which application threads were stopped: 0.0125328 seconds, Stopping threads took: 0.0116981 seconds
2016-04-17T20:38:52.745-0100: 62.334: Total time for which application threads were stopped: 0.0012798 seconds, Stopping threads took: 0.0008075 seconds
2016-04-17T20:38:52.763-0100: 62.352: Total time for which application threads were stopped: 0.0153946 seconds, Stopping threads took: 0.0146763 seconds
2016-04-17T20:38:52.768-0100: 62.356: Total time for which application threads were stopped: 0.0004053 seconds, Stopping threads took: 0.0000538 seconds
2016-04-17T20:38:52.885-0100: 62.474: Total time for which application threads were stopped: 0.0167822 seconds, Stopping threads took: 0.0160806 seconds
2016-04-17T20:38:52.928-0100: 62.516: Total time for which application threads were stopped: 0.0326902 seconds, Stopping threads took: 0.0323428 seconds
2016-04-17T20:38:52.946-0100: 62.535: Total time for which application threads were stopped: 0.0120131 seconds, Stopping threads took: 0.0116657 seconds
2016-04-17T20:38:52.996-0100: 62.585: Total time for which application threads were stopped: 0.0006945 seconds, Stopping threads took: 0.0003664 seconds
2016-04-17T20:38:53.018-0100: 62.607: Total time for which application threads were stopped: 0.0005316 seconds, Stopping threads took: 0.0001719 seconds
2016-04-17T20:38:53.025-0100: 62.614: Total time for which application threads were stopped: 0.0005404 seconds, Stopping threads took: 0.0001087 seconds
2016-04-17T20:38:53.108-0100: 62.697: Total time for which application threads were stopped: 0.0003606 seconds, Stopping threads took: 0.0000744 seconds
2016-04-17T20:38:53.148-0100: 62.736: Total time for which application threads were stopped: 0.0123585 seconds, Stopping threads took: 0.0119412 seconds
2016-04-17T20:38:53.177-0100: 62.766: Total time for which application threads were stopped: 0.0115520 seconds, Stopping threads took: 0.0111091 seconds
{Heap before GC invocations=12 (full 1):
 par new generation   total 109248K, used 96868K [0x00000007a0000000, 0x00000007a8000000, 0x00000007a8000000)
  eden space 87424K,  99% used [0x00000007a0000000, 0x00000007a555df60, 0x00000007a5560000)
  from space 21824K,  43% used [0x00000007a5560000, 0x00000007a5e9b440, 0x00000007a6ab0000)
  to   space 21824K,   0% used [0x00000007a6ab0000, 0x00000007a6ab0000, 0x00000007a8000000)
 concurrent mark-sweep generation total 393216K, used 9284K [0x00000007a8000000, 0x00000007c0000000, 0x00000007c0000000)
 Metaspace       used 34254K, capacity 34722K, committed 35192K, reserved 1081344K
  class space    used 3987K, capacity 4142K, committed 4248K, reserved 1048576K
2016-04-17T20:38:53.188-0100: 62.777: [GC (Allocation Failure) 2016-04-17T20:38:53.188-0100: 62.777: [ParNew
Desired survivor size 20112992 bytes, new threshold 8 (max 8)
- age   1:    6008584 bytes,    6008584 total
- age   2:     978240 bytes,    6986824 total
- age   3:     790888 bytes,    7777712 total
- age   4:     360376 bytes,    8138088 total
- age   5:    1436080 bytes,    9574168 total
- age   6:     122704 bytes,    9696872 total
- age   7:     237824 bytes,    9934696 total
- age   8:     113008 bytes,   10047704 total
: 96868K->13985K(109248K), 0.1634461 secs] 106153K->23484K(502464K), 0.1635661 secs] [Times: user=0.07 sys=0.02, real=0.17 secs] 
Heap after GC invocations=13 (full 1):
 par new generation   total 109248K, used 13985K [0x00000007a0000000, 0x00000007a8000000, 0x00000007a8000000)
  eden space 87424K,   0% used [0x00000007a0000000, 0x00000007a0000000, 0x00000007a5560000)
  from space 21824K,  64% used [0x00000007a6ab0000, 0x00000007a78587a0, 0x00000007a8000000)
  to   space 21824K,   0% used [0x00000007a5560000, 0x00000007a5560000, 0x00000007a6ab0000)
 concurrent mark-sweep generation total 393216K, used 9498K [0x00000007a8000000, 0x00000007c0000000, 0x00000007c0000000)
 Metaspace       used 34254K, capacity 34722K, committed 35192K, reserved 1081344K
  class space    used 3987K, capacity 4142K, committed 4248K, reserved 1048576K
}
2016-04-17T20:38:53.352-0100: 62.941: Total time for which application threads were stopped: 0.1644216 seconds, Stopping threads took: 0.0001345 seconds
2016-04-17T20:38:53.361-0100: 62.949: Total time for which application threads were stopped: 0.0004556 seconds, Stopping threads took: 0.0000659 seconds
2016-04-17T20:38:53.367-0100: 62.955: Total time for which application threads were stopped: 0.0003663 seconds, Stopping threads took: 0.0000569 seconds
2016-04-17T20:38:53.371-0100: 62.959: Total time for which application threads were stopped: 0.0004974 seconds, Stopping threads took: 0.0000527 seconds
2016-04-17T20:38:53.371-0100: 62.960: Total time for which application threads were stopped: 0.0002082 seconds, Stopping threads took: 0.0000137 seconds
2016-04-17T20:38:53.470-0100: 63.059: Total time for which application threads were stopped: 0.0040686 seconds, Stopping threads took: 0.0035215 seconds
2016-04-17T20:38:53.476-0100: 63.064: Total time for which application threads were stopped: 0.0006998 seconds, Stopping threads took: 0.0000653 seconds
2016-04-17T20:38:53.485-0100: 63.073: Total time for which application threads were stopped: 0.0036284 seconds, Stopping threads took: 0.0033181 seconds
2016-04-17T20:38:53.503-0100: 63.092: Total time for which application threads were stopped: 0.0008114 seconds, Stopping threads took: 0.0000395 seconds
2016-04-17T20:38:53.521-0100: 63.110: Total time for which application threads were stopped: 0.0006155 seconds, Stopping threads took: 0.0000721 seconds
2016-04-17T20:38:53.563-0100: 63.152: Total time for which application threads were stopped: 0.0004988 seconds, Stopping threads took: 0.0000686 seconds
2016-04-17T20:38:53.609-0100: 63.198: Total time for which application threads were stopped: 0.0223456 seconds, Stopping threads took: 0.0219644 seconds
2016-04-17T20:38:53.673-0100: 63.262: Total time for which application threads were stopped: 0.0020943 seconds, Stopping threads took: 0.0013241 seconds
2016-04-17T20:38:53.685-0100: 63.274: Total time for which application threads were stopped: 0.0005543 seconds, Stopping threads took: 0.0000688 seconds
2016-04-17T20:38:53.784-0100: 63.373: Total time for which application threads were stopped: 0.0740325 seconds, Stopping threads took: 0.0730958 seconds
2016-04-17T20:38:53.790-0100: 63.379: Total time for which application threads were stopped: 0.0010116 seconds, Stopping threads took: 0.0006383 seconds
2016-04-17T20:38:53.797-0100: 63.386: Total time for which application threads were stopped: 0.0007412 seconds, Stopping threads took: 0.0004087 seconds
2016-04-17T20:38:53.807-0100: 63.395: Total time for which application threads were stopped: 0.0005108 seconds, Stopping threads took: 0.0001290 seconds
2016-04-17T20:38:53.828-0100: 63.416: Total time for which application threads were stopped: 0.0117429 seconds, Stopping threads took: 0.0112800 seconds
2016-04-17T20:38:53.838-0100: 63.427: Total time for which application threads were stopped: 0.0006959 seconds, Stopping threads took: 0.0001530 seconds
{Heap before GC invocations=13 (full 1):
 par new generation   total 109248K, used 101409K [0x00000007a0000000, 0x00000007a8000000, 0x00000007a8000000)
  eden space 87424K, 100% used [0x00000007a0000000, 0x00000007a5560000, 0x00000007a5560000)
  from space 21824K,  64% used [0x00000007a6ab0000, 0x00000007a78587a0, 0x00000007a8000000)
  to   space 21824K,   0% used [0x00000007a5560000, 0x00000007a5560000, 0x00000007a6ab0000)
 concurrent mark-sweep generation total 393216K, used 9498K [0x00000007a8000000, 0x00000007c0000000, 0x00000007c0000000)
 Metaspace       used 34287K, capacity 34804K, committed 35192K, reserved 1081344K
  class space    used 3989K, capacity 4145K, committed 4248K, reserved 1048576K
2016-04-17T20:38:53.839-0100: 63.428: [GC (Allocation Failure) 2016-04-17T20:38:53.839-0100: 63.428: [ParNew
Desired survivor size 20112992 bytes, new threshold 8 (max 8)
- age   1:    1808248 bytes,    1808248 total
- age   2:    5027872 bytes,    6836120 total
- age   3:     978240 bytes,    7814360 total
- age   4:     790888 bytes,    8605248 total
- age   5:     360376 bytes,    8965624 total
- age   6:    1436080 bytes,   10401704 total
- age   7:     122704 bytes,   10524408 total
- age   8:     237824 bytes,   10762232 total
: 101409K->14222K(109248K), 0.1285210 secs] 110908K->23834K(502464K), 0.1286616 secs] [Times: user=0.06 sys=0.00, real=0.13 secs] 
Heap after GC invocations=14 (full 1):
 par new generation   total 109248K, used 14222K [0x00000007a0000000, 0x00000007a8000000, 0x00000007a8000000)
  eden space 87424K,   0% used [0x00000007a0000000, 0x00000007a0000000, 0x00000007a5560000)
  from space 21824K,  65% used [0x00000007a5560000, 0x00000007a6343998, 0x00000007a6ab0000)
  to   space 21824K,   0% used [0x00000007a6ab0000, 0x00000007a6ab0000, 0x00000007a8000000)
 concurrent mark-sweep generation total 393216K, used 9612K [0x00000007a8000000, 0x00000007c0000000, 0x00000007c0000000)
 Metaspace       used 34287K, capacity 34804K, committed 35192K, reserved 1081344K
  class space    used 3989K, capacity 4145K, committed 4248K, reserved 1048576K
}
2016-04-17T20:38:53.968-0100: 63.556: Total time for which application threads were stopped: 0.1291727 seconds, Stopping threads took: 0.0000482 seconds
2016-04-17T20:38:53.970-0100: 63.558: Total time for which application threads were stopped: 0.0004145 seconds, Stopping threads took: 0.0000500 seconds
2016-04-17T20:38:53.970-0100: 63.559: Total time for which application threads were stopped: 0.0001785 seconds, Stopping threads took: 0.0000150 seconds
2016-04-17T20:38:53.981-0100: 63.569: Total time for which application threads were stopped: 0.0014419 seconds, Stopping threads took: 0.0011038 seconds
2016-04-17T20:38:53.986-0100: 63.574: Total time for which application threads were stopped: 0.0008270 seconds, Stopping threads took: 0.0004898 seconds
2016-04-17T20:38:53.996-0100: 63.585: Total time for which application threads were stopped: 0.0010120 seconds, Stopping threads took: 0.0001851 seconds
2016-04-17T20:38:54.010-0100: 63.599: Total time for which application threads were stopped: 0.0023502 seconds, Stopping threads took: 0.0020396 seconds
2016-04-17T20:38:54.021-0100: 63.610: Total time for which application threads were stopped: 0.0008800 seconds, Stopping threads took: 0.0004907 seconds
2016-04-17T20:38:54.113-0100: 63.702: Total time for which application threads were stopped: 0.0191402 seconds, Stopping threads took: 0.0187644 seconds
2016-04-17T20:38:54.117-0100: 63.706: Total time for which application threads were stopped: 0.0003825 seconds, Stopping threads took: 0.0000456 seconds
2016-04-17T20:38:54.163-0100: 63.752: Total time for which application threads were stopped: 0.0131209 seconds, Stopping threads took: 0.0114710 seconds
2016-04-17T20:38:54.167-0100: 63.756: Total time for which application threads were stopped: 0.0006076 seconds, Stopping threads took: 0.0001378 seconds
2016-04-17T20:38:54.199-0100: 63.787: Total time for which application threads were stopped: 0.0120862 seconds, Stopping threads took: 0.0116907 seconds
2016-04-17T20:38:54.213-0100: 63.801: Total time for which application threads were stopped: 0.0026973 seconds, Stopping threads took: 0.0023978 seconds
2016-04-17T20:38:54.252-0100: 63.840: Total time for which application threads were stopped: 0.0208652 seconds, Stopping threads took: 0.0205111 seconds
2016-04-17T20:38:54.257-0100: 63.846: Total time for which application threads were stopped: 0.0004788 seconds, Stopping threads took: 0.0001249 seconds
2016-04-17T20:38:54.302-0100: 63.891: Total time for which application threads were stopped: 0.0013949 seconds, Stopping threads took: 0.0010743 seconds
{Heap before GC invocations=14 (full 1):
 par new generation   total 109248K, used 101646K [0x00000007a0000000, 0x00000007a8000000, 0x00000007a8000000)
  eden space 87424K, 100% used [0x00000007a0000000, 0x00000007a5560000, 0x00000007a5560000)
  from space 21824K,  65% used [0x00000007a5560000, 0x00000007a6343998, 0x00000007a6ab0000)
  to   space 21824K,   0% used [0x00000007a6ab0000, 0x00000007a6ab0000, 0x00000007a8000000)
 concurrent mark-sweep generation total 393216K, used 9612K [0x00000007a8000000, 0x00000007c0000000, 0x00000007c0000000)
 Metaspace       used 34322K, capacity 34828K, committed 35192K, reserved 1081344K
  class space    used 3991K, capacity 4149K, committed 4248K, reserved 1048576K
2016-04-17T20:38:54.309-0100: 63.898: [GC (Allocation Failure) 2016-04-17T20:38:54.309-0100: 63.898: [ParNew
Desired survivor size 20112992 bytes, new threshold 8 (max 8)
- age   1:     412112 bytes,     412112 total
- age   2:    1658904 bytes,    2071016 total
- age   3:    5008384 bytes,    7079400 total
- age   4:     978240 bytes,    8057640 total
- age   5:     790888 bytes,    8848528 total
- age   6:     360376 bytes,    9208904 total
- age   7:    1436080 bytes,   10644984 total
- age   8:     122704 bytes,   10767688 total
: 101646K->13085K(109248K), 0.1009625 secs] 111258K->22934K(502464K), 0.1011388 secs] [Times: user=0.07 sys=0.01, real=0.11 secs] 
Heap after GC invocations=15 (full 1):
 par new generation   total 109248K, used 13085K [0x00000007a0000000, 0x00000007a8000000, 0x00000007a8000000)
  eden space 87424K,   0% used [0x00000007a0000000, 0x00000007a0000000, 0x00000007a5560000)
  from space 21824K,  59% used [0x00000007a6ab0000, 0x00000007a77775e0, 0x00000007a8000000)
  to   space 21824K,   0% used [0x00000007a5560000, 0x00000007a5560000, 0x00000007a6ab0000)
 concurrent mark-sweep generation total 393216K, used 9849K [0x00000007a8000000, 0x00000007c0000000, 0x00000007c0000000)
 Metaspace       used 34322K, capacity 34828K, committed 35192K, reserved 1081344K
  class space    used 3991K, capacity 4149K, committed 4248K, reserved 1048576K
}
2016-04-17T20:38:54.411-0100: 63.999: Total time for which application threads were stopped: 0.1017253 seconds, Stopping threads took: 0.0000522 seconds
2016-04-17T20:38:54.416-0100: 64.005: Total time for which application threads were stopped: 0.0005044 seconds, Stopping threads took: 0.0001687 seconds
2016-04-17T20:38:54.424-0100: 64.012: Total time for which application threads were stopped: 0.0003667 seconds, Stopping threads took: 0.0000400 seconds
2016-04-17T20:38:54.436-0100: 64.024: Total time for which application threads were stopped: 0.0004583 seconds, Stopping threads took: 0.0000583 seconds
2016-04-17T20:38:54.446-0100: 64.035: Total time for which application threads were stopped: 0.0007109 seconds, Stopping threads took: 0.0002434 seconds
2016-04-17T20:38:54.467-0100: 64.055: Total time for which application threads were stopped: 0.0061025 seconds, Stopping threads took: 0.0056649 seconds
2016-04-17T20:38:54.577-0100: 64.166: Total time for which application threads were stopped: 0.0491203 seconds, Stopping threads took: 0.0487057 seconds
2016-04-17T20:38:54.611-0100: 64.200: Total time for which application threads were stopped: 0.0125977 seconds, Stopping threads took: 0.0122277 seconds
2016-04-17T20:38:54.688-0100: 64.277: Total time for which application threads were stopped: 0.0004734 seconds, Stopping threads took: 0.0001519 seconds
2016-04-17T20:38:54.737-0100: 64.326: Total time for which application threads were stopped: 0.0014740 seconds, Stopping threads took: 0.0011243 seconds
{Heap before GC invocations=15 (full 1):
 par new generation   total 109248K, used 100509K [0x00000007a0000000, 0x00000007a8000000, 0x00000007a8000000)
  eden space 87424K, 100% used [0x00000007a0000000, 0x00000007a5560000, 0x00000007a5560000)
  from space 21824K,  59% used [0x00000007a6ab0000, 0x00000007a77775e0, 0x00000007a8000000)
  to   space 21824K,   0% used [0x00000007a5560000, 0x00000007a5560000, 0x00000007a6ab0000)
 concurrent mark-sweep generation total 393216K, used 9849K [0x00000007a8000000, 0x00000007c0000000, 0x00000007c0000000)
 Metaspace       used 34358K, capacity 34898K, committed 35448K, reserved 1081344K
  class space    used 3991K, capacity 4150K, committed 4248K, reserved 1048576K
2016-04-17T20:38:54.739-0100: 64.328: [GC (Allocation Failure) 2016-04-17T20:38:54.740-0100: 64.328: [ParNew
Desired survivor size 20112992 bytes, new threshold 8 (max 8)
- age   1:     694744 bytes,     694744 total
- age   2:      85504 bytes,     780248 total
- age   3:    1657224 bytes,    2437472 total
- age   4:    5008384 bytes,    7445856 total
- age   5:     978240 bytes,    8424096 total
- age   6:     790888 bytes,    9214984 total
- age   7:     360376 bytes,    9575360 total
- age   8:    1436080 bytes,   11011440 total
: 100509K->16091K(109248K), 0.0795382 secs] 110358K->26063K(502464K), 0.0796895 secs] [Times: user=0.07 sys=0.00, real=0.08 secs] 
Heap after GC invocations=16 (full 1):
 par new generation   total 109248K, used 16091K [0x00000007a0000000, 0x00000007a8000000, 0x00000007a8000000)
  eden space 87424K,   0% used [0x00000007a0000000, 0x00000007a0000000, 0x00000007a5560000)
  from space 21824K,  73% used [0x00000007a5560000, 0x00000007a6516d70, 0x00000007a6ab0000)
  to   space 21824K,   0% used [0x00000007a6ab0000, 0x00000007a6ab0000, 0x00000007a8000000)
 concurrent mark-sweep generation total 393216K, used 9971K [0x00000007a8000000, 0x00000007c0000000, 0x00000007c0000000)
 Metaspace       used 34358K, capacity 34898K, committed 35448K, reserved 1081344K
  class space    used 3991K, capacity 4150K, committed 4248K, reserved 1048576K
}
2016-04-17T20:38:54.819-0100: 64.408: Total time for which application threads were stopped: 0.0801420 seconds, Stopping threads took: 0.0000358 seconds
2016-04-17T20:38:54.829-0100: 64.417: Total time for which application threads were stopped: 0.0031413 seconds, Stopping threads took: 0.0028074 seconds
2016-04-17T20:38:54.846-0100: 64.435: Total time for which application threads were stopped: 0.0006909 seconds, Stopping threads took: 0.0003561 seconds
2016-04-17T20:38:54.936-0100: 64.525: Total time for which application threads were stopped: 0.0014208 seconds, Stopping threads took: 0.0010957 seconds
2016-04-17T20:38:54.961-0100: 64.549: Total time for which application threads were stopped: 0.0068015 seconds, Stopping threads took: 0.0064237 seconds
2016-04-17T20:38:55.055-0100: 64.643: Total time for which application threads were stopped: 0.0073560 seconds, Stopping threads took: 0.0070220 seconds
2016-04-17T20:38:55.069-0100: 64.658: Total time for which application threads were stopped: 0.0007429 seconds, Stopping threads took: 0.0001097 seconds
2016-04-17T20:38:55.107-0100: 64.696: Total time for which application threads were stopped: 0.0090436 seconds, Stopping threads took: 0.0086806 seconds
2016-04-17T20:38:55.397-0100: 64.986: Total time for which application threads were stopped: 0.0003638 seconds, Stopping threads took: 0.0000355 seconds
2016-04-17T20:38:55.397-0100: 64.986: Total time for which application threads were stopped: 0.0001137 seconds, Stopping threads took: 0.0000111 seconds
2016-04-17T20:38:55.404-0100: 64.993: Total time for which application threads were stopped: 0.0003404 seconds, Stopping threads took: 0.0000641 seconds
2016-04-17T20:38:55.473-0100: 65.061: Total time for which application threads were stopped: 0.0113774 seconds, Stopping threads took: 0.0110769 seconds
2016-04-17T20:38:55.473-0100: 65.062: Total time for which application threads were stopped: 0.0001686 seconds, Stopping threads took: 0.0000331 seconds
2016-04-17T20:38:55.482-0100: 65.070: Total time for which application threads were stopped: 0.0003600 seconds, Stopping threads took: 0.0000392 seconds
2016-04-17T20:38:55.541-0100: 65.130: Total time for which application threads were stopped: 0.0003205 seconds, Stopping threads took: 0.0000375 seconds
2016-04-17T20:38:55.541-0100: 65.130: Total time for which application threads were stopped: 0.0001217 seconds, Stopping threads took: 0.0000112 seconds
2016-04-17T20:38:55.541-0100: 65.130: Total time for which application threads were stopped: 0.0001196 seconds, Stopping threads took: 0.0000100 seconds
2016-04-17T20:38:55.541-0100: 65.130: Total time for which application threads were stopped: 0.0001193 seconds, Stopping threads took: 0.0000109 seconds
2016-04-17T20:38:55.542-0100: 65.130: Total time for which application threads were stopped: 0.0001107 seconds, Stopping threads took: 0.0000100 seconds
2016-04-17T20:38:55.542-0100: 65.130: Total time for which application threads were stopped: 0.0001136 seconds, Stopping threads took: 0.0000093 seconds
2016-04-17T20:38:55.546-0100: 65.135: Total time for which application threads were stopped: 0.0003815 seconds, Stopping threads took: 0.0000653 seconds
2016-04-17T20:38:55.571-0100: 65.160: Total time for which application threads were stopped: 0.0004024 seconds, Stopping threads took: 0.0000726 seconds
2016-04-17T20:38:55.592-0100: 65.181: Total time for which application threads were stopped: 0.0004363 seconds, Stopping threads took: 0.0000653 seconds
2016-04-17T20:38:55.618-0100: 65.207: Total time for which application threads were stopped: 0.0259686 seconds, Stopping threads took: 0.0256653 seconds
2016-04-17T20:38:55.619-0100: 65.208: Total time for which application threads were stopped: 0.0002835 seconds, Stopping threads took: 0.0000416 seconds
2016-04-17T20:38:55.620-0100: 65.209: Total time for which application threads were stopped: 0.0002864 seconds, Stopping threads took: 0.0000524 seconds
2016-04-17T20:38:55.621-0100: 65.209: Total time for which application threads were stopped: 0.0002186 seconds, Stopping threads took: 0.0000334 seconds
2016-04-17T20:38:55.623-0100: 65.211: Total time for which application threads were stopped: 0.0004346 seconds, Stopping threads took: 0.0001212 seconds
2016-04-17T20:38:55.637-0100: 65.226: Total time for which application threads were stopped: 0.0003676 seconds, Stopping threads took: 0.0000736 seconds
2016-04-17T20:38:55.638-0100: 65.227: Total time for which application threads were stopped: 0.0004849 seconds, Stopping threads took: 0.0002266 seconds
2016-04-17T20:38:55.638-0100: 65.227: Total time for which application threads were stopped: 0.0001739 seconds, Stopping threads took: 0.0000497 seconds
2016-04-17T20:38:55.638-0100: 65.227: Total time for which application threads were stopped: 0.0001358 seconds, Stopping threads took: 0.0000273 seconds
2016-04-17T20:38:55.639-0100: 65.227: Total time for which application threads were stopped: 0.0001050 seconds, Stopping threads took: 0.0000101 seconds
2016-04-17T20:38:55.639-0100: 65.227: Total time for which application threads were stopped: 0.0001038 seconds, Stopping threads took: 0.0000102 seconds
2016-04-17T20:38:55.639-0100: 65.228: Total time for which application threads were stopped: 0.0001132 seconds, Stopping threads took: 0.0000102 seconds
2016-04-17T20:38:55.639-0100: 65.228: Total time for which application threads were stopped: 0.0001177 seconds, Stopping threads took: 0.0000138 seconds
2016-04-17T20:38:55.639-0100: 65.228: Total time for which application threads were stopped: 0.0001024 seconds, Stopping threads took: 0.0000100 seconds
2016-04-17T20:38:55.639-0100: 65.228: Total time for which application threads were stopped: 0.0001001 seconds, Stopping threads took: 0.0000096 seconds
2016-04-17T20:38:55.639-0100: 65.228: Total time for which application threads were stopped: 0.0000990 seconds, Stopping threads took: 0.0000094 seconds
2016-04-17T20:38:55.640-0100: 65.228: Total time for which application threads were stopped: 0.0000993 seconds, Stopping threads took: 0.0000094 seconds
2016-04-17T20:38:55.640-0100: 65.228: Total time for which application threads were stopped: 0.0001081 seconds, Stopping threads took: 0.0000108 seconds
2016-04-17T20:38:55.640-0100: 65.229: Total time for which application threads were stopped: 0.0000996 seconds, Stopping threads took: 0.0000097 seconds
2016-04-17T20:38:55.640-0100: 65.229: Total time for which application threads were stopped: 0.0000985 seconds, Stopping threads took: 0.0000090 seconds
2016-04-17T20:38:55.640-0100: 65.229: Total time for which application threads were stopped: 0.0001009 seconds, Stopping threads took: 0.0000093 seconds
2016-04-17T20:38:55.640-0100: 65.229: Total time for which application threads were stopped: 0.0001021 seconds, Stopping threads took: 0.0000093 seconds
2016-04-17T20:38:55.640-0100: 65.229: Total time for which application threads were stopped: 0.0001032 seconds, Stopping threads took: 0.0000093 seconds
2016-04-17T20:38:55.640-0100: 65.229: Total time for which application threads were stopped: 0.0001074 seconds, Stopping threads took: 0.0000114 seconds
2016-04-17T20:38:55.641-0100: 65.230: Total time for which application threads were stopped: 0.0004115 seconds, Stopping threads took: 0.0000093 seconds
2016-04-17T20:38:55.647-0100: 65.236: Total time for which application threads were stopped: 0.0003917 seconds, Stopping threads took: 0.0000419 seconds
2016-04-17T20:38:55.648-0100: 65.236: Total time for which application threads were stopped: 0.0001430 seconds, Stopping threads took: 0.0000141 seconds
2016-04-17T20:38:55.667-0100: 65.256: Total time for which application threads were stopped: 0.0038454 seconds, Stopping threads took: 0.0035562 seconds
2016-04-17T20:38:55.669-0100: 65.257: Total time for which application threads were stopped: 0.0002894 seconds, Stopping threads took: 0.0000450 seconds
2016-04-17T20:38:55.701-0100: 65.290: Total time for which application threads were stopped: 0.0011148 seconds, Stopping threads took: 0.0000350 seconds
2016-04-17T20:38:55.800-0100: 65.389: Total time for which application threads were stopped: 0.0041523 seconds, Stopping threads took: 0.0038042 seconds
2016-04-17T20:38:55.839-0100: 65.427: Total time for which application threads were stopped: 0.0003945 seconds, Stopping threads took: 0.0000413 seconds
2016-04-17T20:38:55.840-0100: 65.429: Total time for which application threads were stopped: 0.0003107 seconds, Stopping threads took: 0.0000351 seconds
2016-04-17T20:38:55.845-0100: 65.434: Total time for which application threads were stopped: 0.0007331 seconds, Stopping threads took: 0.0004082 seconds
2016-04-17T20:38:55.848-0100: 65.437: Total time for which application threads were stopped: 0.0003228 seconds, Stopping threads took: 0.0000396 seconds
2016-04-17T20:38:55.851-0100: 65.439: Total time for which application threads were stopped: 0.0002816 seconds, Stopping threads took: 0.0000355 seconds
2016-04-17T20:38:55.852-0100: 65.441: Total time for which application threads were stopped: 0.0002562 seconds, Stopping threads took: 0.0000277 seconds
2016-04-17T20:38:55.859-0100: 65.448: Total time for which application threads were stopped: 0.0003505 seconds, Stopping threads took: 0.0000586 seconds
{Heap before GC invocations=16 (full 1):
 par new generation   total 109248K, used 103509K [0x00000007a0000000, 0x00000007a8000000, 0x00000007a8000000)
  eden space 87424K,  99% used [0x00000007a0000000, 0x00000007a555e6b8, 0x00000007a5560000)
  from space 21824K,  73% used [0x00000007a5560000, 0x00000007a6516d70, 0x00000007a6ab0000)
  to   space 21824K,   0% used [0x00000007a6ab0000, 0x00000007a6ab0000, 0x00000007a8000000)
 concurrent mark-sweep generation total 393216K, used 9971K [0x00000007a8000000, 0x00000007c0000000, 0x00000007c0000000)
 Metaspace       used 34519K, capacity 35050K, committed 35448K, reserved 1081344K
  class space    used 4001K, capacity 4154K, committed 4248K, reserved 1048576K
2016-04-17T20:38:55.867-0100: 65.456: [GC (Allocation Failure) 2016-04-17T20:38:55.867-0100: 65.456: [ParNew
Desired survivor size 20112992 bytes, new threshold 8 (max 8)
- age   1:    5457232 bytes,    5457232 total
- age   2:      81464 bytes,    5538696 total
- age   3:      82816 bytes,    5621512 total
- age   4:     168920 bytes,    5790432 total
- age   5:    1681488 bytes,    7471920 total
- age   6:     937376 bytes,    8409296 total
- age   7:     740216 bytes,    9149512 total
- age   8:     312544 bytes,    9462056 total
: 103509K->12918K(109248K), 0.0815011 secs] 113481K->24299K(502464K), 0.0816673 secs] [Times: user=0.07 sys=0.01, real=0.08 secs] 
Heap after GC invocations=17 (full 1):
 par new generation   total 109248K, used 12918K [0x00000007a0000000, 0x00000007a8000000, 0x00000007a8000000)
  eden space 87424K,   0% used [0x00000007a0000000, 0x00000007a0000000, 0x00000007a5560000)
  from space 21824K,  59% used [0x00000007a6ab0000, 0x00000007a774da50, 0x00000007a8000000)
  to   space 21824K,   0% used [0x00000007a5560000, 0x00000007a5560000, 0x00000007a6ab0000)
 concurrent mark-sweep generation total 393216K, used 11380K [0x00000007a8000000, 0x00000007c0000000, 0x00000007c0000000)
 Metaspace       used 34519K, capacity 35050K, committed 35448K, reserved 1081344K
  class space    used 4001K, capacity 4154K, committed 4248K, reserved 1048576K
}
2016-04-17T20:38:55.949-0100: 65.537: Total time for which application threads were stopped: 0.0823256 seconds, Stopping threads took: 0.0000492 seconds
2016-04-17T20:38:55.949-0100: 65.538: Total time for which application threads were stopped: 0.0004317 seconds, Stopping threads took: 0.0000985 seconds
{Heap before GC invocations=17 (full 1):
 par new generation   total 109248K, used 100342K [0x00000007a0000000, 0x00000007a8000000, 0x00000007a8000000)
  eden space 87424K, 100% used [0x00000007a0000000, 0x00000007a5560000, 0x00000007a5560000)
  from space 21824K,  59% used [0x00000007a6ab0000, 0x00000007a774da50, 0x00000007a8000000)
  to   space 21824K,   0% used [0x00000007a5560000, 0x00000007a5560000, 0x00000007a6ab0000)
 concurrent mark-sweep generation total 393216K, used 11380K [0x00000007a8000000, 0x00000007c0000000, 0x00000007c0000000)
 Metaspace       used 34544K, capacity 35062K, committed 35448K, reserved 1081344K
  class space    used 4002K, capacity 4156K, committed 4248K, reserved 1048576K
2016-04-17T20:38:56.415-0100: 66.004: [GC (Allocation Failure) 2016-04-17T20:38:56.415-0100: 66.004: [ParNew
Desired survivor size 20112992 bytes, new threshold 8 (max 8)
- age   1:     889792 bytes,     889792 total
- age   2:    5132392 bytes,    6022184 total
- age   3:      80736 bytes,    6102920 total
- age   4:      82816 bytes,    6185736 total
- age   5:     168920 bytes,    6354656 total
- age   6:    1614696 bytes,    7969352 total
- age   7:     923720 bytes,    8893072 total
- age   8:     738904 bytes,    9631976 total
: 100342K->12379K(109248K), 0.0660047 secs] 111723K->24073K(502464K), 0.0661354 secs] [Times: user=0.06 sys=0.00, real=0.07 secs] 
Heap after GC invocations=18 (full 1):
 par new generation   total 109248K, used 12379K [0x00000007a0000000, 0x00000007a8000000, 0x00000007a8000000)
  eden space 87424K,   0% used [0x00000007a0000000, 0x00000007a0000000, 0x00000007a5560000)
  from space 21824K,  56% used [0x00000007a5560000, 0x00000007a6176f60, 0x00000007a6ab0000)
  to   space 21824K,   0% used [0x00000007a6ab0000, 0x00000007a6ab0000, 0x00000007a8000000)
 concurrent mark-sweep generation total 393216K, used 11693K [0x00000007a8000000, 0x00000007c0000000, 0x00000007c0000000)
 Metaspace       used 34544K, capacity 35062K, committed 35448K, reserved 1081344K
  class space    used 4002K, capacity 4156K, committed 4248K, reserved 1048576K
}
2016-04-17T20:38:56.481-0100: 66.070: Total time for which application threads were stopped: 0.0666825 seconds, Stopping threads took: 0.0000659 seconds
2016-04-17T20:38:57.054-0100: 66.643: Total time for which application threads were stopped: 0.0004183 seconds, Stopping threads took: 0.0000606 seconds
2016-04-17T20:38:57.068-0100: 66.656: Total time for which application threads were stopped: 0.0003791 seconds, Stopping threads took: 0.0000569 seconds
2016-04-17T20:38:57.076-0100: 66.665: Total time for which application threads were stopped: 0.0003784 seconds, Stopping threads took: 0.0000426 seconds
2016-04-17T20:38:57.084-0100: 66.673: Total time for which application threads were stopped: 0.0004996 seconds, Stopping threads took: 0.0001809 seconds
2016-04-17T20:38:57.089-0100: 66.678: Total time for which application threads were stopped: 0.0004139 seconds, Stopping threads took: 0.0000652 seconds
2016-04-17T20:38:57.099-0100: 66.687: Total time for which application threads were stopped: 0.0003734 seconds, Stopping threads took: 0.0000380 seconds
2016-04-17T20:38:57.106-0100: 66.695: Total time for which application threads were stopped: 0.0003634 seconds, Stopping threads took: 0.0000587 seconds
2016-04-17T20:38:57.110-0100: 66.699: Total time for which application threads were stopped: 0.0003939 seconds, Stopping threads took: 0.0000621 seconds
2016-04-17T20:38:57.113-0100: 66.702: Total time for which application threads were stopped: 0.0003960 seconds, Stopping threads took: 0.0000794 seconds
2016-04-17T20:38:57.117-0100: 66.706: Total time for which application threads were stopped: 0.0003211 seconds, Stopping threads took: 0.0000354 seconds
2016-04-17T20:38:57.118-0100: 66.707: Total time for which application threads were stopped: 0.0003132 seconds, Stopping threads took: 0.0000552 seconds
2016-04-17T20:38:57.123-0100: 66.712: Total time for which application threads were stopped: 0.0003616 seconds, Stopping threads took: 0.0000373 seconds
{Heap before GC invocations=18 (full 1):
 par new generation   total 109248K, used 99803K [0x00000007a0000000, 0x00000007a8000000, 0x00000007a8000000)
  eden space 87424K, 100% used [0x00000007a0000000, 0x00000007a5560000, 0x00000007a5560000)
  from space 21824K,  56% used [0x00000007a5560000, 0x00000007a6176f60, 0x00000007a6ab0000)
  to   space 21824K,   0% used [0x00000007a6ab0000, 0x00000007a6ab0000, 0x00000007a8000000)
 concurrent mark-sweep generation total 393216K, used 11693K [0x00000007a8000000, 0x00000007c0000000, 0x00000007c0000000)
 Metaspace       used 34579K, capacity 35062K, committed 35448K, reserved 1081344K
  class space    used 4002K, capacity 4156K, committed 4248K, reserved 1048576K
2016-04-17T20:38:57.125-0100: 66.714: [GC (Allocation Failure) 2016-04-17T20:38:57.125-0100: 66.714: [ParNew
Desired survivor size 20112992 bytes, new threshold 8 (max 8)
- age   1:     526064 bytes,     526064 total
- age   2:     192456 bytes,     718520 total
- age   3:    5131784 bytes,    5850304 total
- age   4:      80736 bytes,    5931040 total
- age   5:      82816 bytes,    6013856 total
- age   6:     168920 bytes,    6182776 total
- age   7:    1612056 bytes,    7794832 total
- age   8:     917976 bytes,    8712808 total
: 99803K->10721K(109248K), 0.1008111 secs] 111497K->23166K(502464K), 0.1009705 secs] [Times: user=0.05 sys=0.01, real=0.10 secs] 
Heap after GC invocations=19 (full 1):
 par new generation   total 109248K, used 10721K [0x00000007a0000000, 0x00000007a8000000, 0x00000007a8000000)
  eden space 87424K,   0% used [0x00000007a0000000, 0x00000007a0000000, 0x00000007a5560000)
  from space 21824K,  49% used [0x00000007a6ab0000, 0x00000007a75287d0, 0x00000007a8000000)
  to   space 21824K,   0% used [0x00000007a5560000, 0x00000007a5560000, 0x00000007a6ab0000)
 concurrent mark-sweep generation total 393216K, used 12444K [0x00000007a8000000, 0x00000007c0000000, 0x00000007c0000000)
 Metaspace       used 34579K, capacity 35062K, committed 35448K, reserved 1081344K
  class space    used 4002K, capacity 4156K, committed 4248K, reserved 1048576K
}
2016-04-17T20:38:57.226-0100: 66.815: Total time for which application threads were stopped: 0.1014864 seconds, Stopping threads took: 0.0000486 seconds
2016-04-17T20:38:57.246-0100: 66.835: Total time for which application threads were stopped: 0.0003442 seconds, Stopping threads took: 0.0000405 seconds
2016-04-17T20:38:57.263-0100: 66.852: Total time for which application threads were stopped: 0.0003174 seconds, Stopping threads took: 0.0000402 seconds
2016-04-17T20:38:57.297-0100: 66.886: Total time for which application threads were stopped: 0.0003318 seconds, Stopping threads took: 0.0000392 seconds
2016-04-17T20:38:57.302-0100: 66.890: Total time for which application threads were stopped: 0.0005974 seconds, Stopping threads took: 0.0000436 seconds
2016-04-17T20:38:57.312-0100: 66.901: Total time for which application threads were stopped: 0.0004158 seconds, Stopping threads took: 0.0000421 seconds
2016-04-17T20:38:57.322-0100: 66.911: Total time for which application threads were stopped: 0.0003219 seconds, Stopping threads took: 0.0000373 seconds
2016-04-17T20:38:57.325-0100: 66.914: Total time for which application threads were stopped: 0.0003663 seconds, Stopping threads took: 0.0000377 seconds
2016-04-17T20:38:57.327-0100: 66.916: Total time for which application threads were stopped: 0.0003122 seconds, Stopping threads took: 0.0000316 seconds
2016-04-17T20:38:57.334-0100: 66.922: Total time for which application threads were stopped: 0.0003820 seconds, Stopping threads took: 0.0000402 seconds
2016-04-17T20:38:57.340-0100: 66.929: Total time for which application threads were stopped: 0.0003411 seconds, Stopping threads took: 0.0000430 seconds
2016-04-17T20:38:57.343-0100: 66.932: Total time for which application threads were stopped: 0.0003244 seconds, Stopping threads took: 0.0000361 seconds
2016-04-17T20:38:57.351-0100: 66.940: Total time for which application threads were stopped: 0.0003428 seconds, Stopping threads took: 0.0000482 seconds
2016-04-17T20:38:57.522-0100: 67.111: Total time for which application threads were stopped: 0.0003291 seconds, Stopping threads took: 0.0000353 seconds
2016-04-17T20:38:57.522-0100: 67.111: Total time for which application threads were stopped: 0.0000988 seconds, Stopping threads took: 0.0000100 seconds
2016-04-17T20:38:57.522-0100: 67.111: Total time for which application threads were stopped: 0.0000873 seconds, Stopping threads took: 0.0000086 seconds
2016-04-17T20:38:57.523-0100: 67.111: Total time for which application threads were stopped: 0.0000891 seconds, Stopping threads took: 0.0000090 seconds
2016-04-17T20:38:57.523-0100: 67.111: Total time for which application threads were stopped: 0.0000819 seconds, Stopping threads took: 0.0000081 seconds
2016-04-17T20:38:57.523-0100: 67.112: Total time for which application threads were stopped: 0.0000827 seconds, Stopping threads took: 0.0000083 seconds
2016-04-17T20:38:57.553-0100: 67.142: Total time for which application threads were stopped: 0.0003101 seconds, Stopping threads took: 0.0000452 seconds
2016-04-17T20:38:57.605-0100: 67.194: Total time for which application threads were stopped: 0.0003003 seconds, Stopping threads took: 0.0000372 seconds
2016-04-17T20:38:57.605-0100: 67.194: Total time for which application threads were stopped: 0.0001209 seconds, Stopping threads took: 0.0000128 seconds
2016-04-17T20:38:58.609-0100: 68.199: Total time for which application threads were stopped: 0.0005986 seconds, Stopping threads took: 0.0000478 seconds
2016-04-17T20:39:07.638-0100: 77.227: Total time for which application threads were stopped: 0.0003304 seconds, Stopping threads took: 0.0000448 seconds
2016-04-17T20:39:09.644-0100: 79.233: Total time for which application threads were stopped: 0.0003301 seconds, Stopping threads took: 0.0000418 seconds
2016-04-17T20:39:10.646-0100: 80.235: Total time for which application threads were stopped: 0.0004602 seconds, Stopping threads took: 0.0000475 seconds
2016-04-17T20:39:16.696-0100: 86.285: Total time for which application threads were stopped: 0.0003724 seconds, Stopping threads took: 0.0000487 seconds
2016-04-17T20:39:17.700-0100: 87.290: Total time for which application threads were stopped: 0.0005045 seconds, Stopping threads took: 0.0000465 seconds
2016-04-17T20:39:18.702-0100: 88.292: Total time for which application threads were stopped: 0.0003414 seconds, Stopping threads took: 0.0000498 seconds
2016-04-17T20:39:19.328-0100: 88.917: Total time for which application threads were stopped: 0.0003272 seconds, Stopping threads took: 0.0000356 seconds
2016-04-17T20:39:19.776-0100: 89.366: Total time for which application threads were stopped: 0.0010404 seconds, Stopping threads took: 0.0007177 seconds
2016-04-17T20:39:19.777-0100: 89.366: Total time for which application threads were stopped: 0.0001444 seconds, Stopping threads took: 0.0000318 seconds
2016-04-17T20:39:19.907-0100: 89.497: Total time for which application threads were stopped: 0.0003987 seconds, Stopping threads took: 0.0000594 seconds
2016-04-17T20:39:19.908-0100: 89.498: Total time for which application threads were stopped: 0.0003380 seconds, Stopping threads took: 0.0000483 seconds
2016-04-17T20:39:19.914-0100: 89.504: Total time for which application threads were stopped: 0.0003518 seconds, Stopping threads took: 0.0000360 seconds
2016-04-17T20:39:19.914-0100: 89.504: Total time for which application threads were stopped: 0.0001412 seconds, Stopping threads took: 0.0000122 seconds
2016-04-17T20:39:19.915-0100: 89.504: Total time for which application threads were stopped: 0.0001385 seconds, Stopping threads took: 0.0000115 seconds
2016-04-17T20:39:19.915-0100: 89.504: Total time for which application threads were stopped: 0.0001222 seconds, Stopping threads took: 0.0000107 seconds
2016-04-17T20:39:19.916-0100: 89.505: Total time for which application threads were stopped: 0.0006124 seconds, Stopping threads took: 0.0000100 seconds
2016-04-17T20:39:19.928-0100: 89.518: Total time for which application threads were stopped: 0.0003394 seconds, Stopping threads took: 0.0000386 seconds
2016-04-17T20:39:19.929-0100: 89.518: Total time for which application threads were stopped: 0.0001518 seconds, Stopping threads took: 0.0000102 seconds
2016-04-17T20:39:19.942-0100: 89.532: Total time for which application threads were stopped: 0.0003178 seconds, Stopping threads took: 0.0000366 seconds
2016-04-17T20:39:19.942-0100: 89.532: Total time for which application threads were stopped: 0.0001088 seconds, Stopping threads took: 0.0000094 seconds
2016-04-17T20:39:20.948-0100: 90.537: Total time for which application threads were stopped: 0.0010280 seconds, Stopping threads took: 0.0007031 seconds
2016-04-17T20:40:15.119-0100: 144.710: Total time for which application threads were stopped: 0.0003774 seconds, Stopping threads took: 0.0000548 seconds
2016-04-17T20:40:20.134-0100: 149.726: Total time for which application threads were stopped: 0.0003635 seconds, Stopping threads took: 0.0000581 seconds
2016-04-17T20:40:23.141-0100: 152.732: Total time for which application threads were stopped: 0.0004066 seconds, Stopping threads took: 0.0000533 seconds
2016-04-17T20:41:27.331-0100: 216.924: Total time for which application threads were stopped: 0.0003925 seconds, Stopping threads took: 0.0000499 seconds
2016-04-17T20:42:11.472-0100: 261.067: Total time for which application threads were stopped: 0.0003434 seconds, Stopping threads took: 0.0000510 seconds
2016-04-17T20:42:13.495-0100: 263.090: Total time for which application threads were stopped: 0.0003081 seconds, Stopping threads took: 0.0000476 seconds
2016-04-17T20:42:14.500-0100: 264.095: Total time for which application threads were stopped: 0.0002815 seconds, Stopping threads took: 0.0000425 seconds
2016-04-17T20:42:51.202-0100: 300.799: Total time for which application threads were stopped: 0.0002871 seconds, Stopping threads took: 0.0000317 seconds
2016-04-17T20:42:51.255-0100: 300.852: Total time for which application threads were stopped: 0.0015890 seconds, Stopping threads took: 0.0000327 seconds
2016-04-17T20:42:51.391-0100: 300.987: Total time for which application threads were stopped: 0.0008508 seconds, Stopping threads took: 0.0005277 seconds
2016-04-17T20:42:51.401-0100: 300.998: Total time for which application threads were stopped: 0.0003652 seconds, Stopping threads took: 0.0000693 seconds
2016-04-17T20:42:51.416-0100: 301.013: Total time for which application threads were stopped: 0.0004151 seconds, Stopping threads took: 0.0000379 seconds
2016-04-17T20:42:51.420-0100: 301.017: Total time for which application threads were stopped: 0.0005585 seconds, Stopping threads took: 0.0000602 seconds
2016-04-17T20:42:51.424-0100: 301.020: Total time for which application threads were stopped: 0.0005591 seconds, Stopping threads took: 0.0000647 seconds
2016-04-17T20:42:51.471-0100: 301.067: Total time for which application threads were stopped: 0.0003540 seconds, Stopping threads took: 0.0000357 seconds
2016-04-17T20:42:51.471-0100: 301.067: Total time for which application threads were stopped: 0.0001551 seconds, Stopping threads took: 0.0000377 seconds
2016-04-17T20:42:51.472-0100: 301.069: Total time for which application threads were stopped: 0.0002832 seconds, Stopping threads took: 0.0000833 seconds
2016-04-17T20:42:51.472-0100: 301.069: Total time for which application threads were stopped: 0.0001414 seconds, Stopping threads took: 0.0000288 seconds
2016-04-17T20:42:51.473-0100: 301.069: Total time for which application threads were stopped: 0.0001547 seconds, Stopping threads took: 0.0000503 seconds
2016-04-17T20:42:51.473-0100: 301.069: Total time for which application threads were stopped: 0.0001040 seconds, Stopping threads took: 0.0000104 seconds
2016-04-17T20:42:51.473-0100: 301.069: Total time for which application threads were stopped: 0.0001107 seconds, Stopping threads took: 0.0000273 seconds
2016-04-17T20:42:51.473-0100: 301.070: Total time for which application threads were stopped: 0.0001431 seconds, Stopping threads took: 0.0000309 seconds
2016-04-17T20:42:51.474-0100: 301.070: Total time for which application threads were stopped: 0.0001507 seconds, Stopping threads took: 0.0000296 seconds
2016-04-17T20:42:51.477-0100: 301.074: Total time for which application threads were stopped: 0.0017740 seconds, Stopping threads took: 0.0005279 seconds
2016-04-17T20:42:52.479-0100: 302.075: Total time for which application threads were stopped: 0.0003242 seconds, Stopping threads took: 0.0000525 seconds
2016-04-17T20:42:54.483-0100: 304.080: Total time for which application threads were stopped: 0.0002855 seconds, Stopping threads took: 0.0000424 seconds
2016-04-17T20:43:08.528-0100: 318.125: Total time for which application threads were stopped: 0.0003019 seconds, Stopping threads took: 0.0000398 seconds
2016-04-17T20:43:08.827-0100: 318.424: Total time for which application threads were stopped: 0.0004659 seconds, Stopping threads took: 0.0000328 seconds
2016-04-17T20:43:08.869-0100: 318.466: Total time for which application threads were stopped: 0.0003490 seconds, Stopping threads took: 0.0000329 seconds
2016-04-17T20:43:08.872-0100: 318.469: Total time for which application threads were stopped: 0.0003005 seconds, Stopping threads took: 0.0000334 seconds
2016-04-17T20:43:08.880-0100: 318.477: Total time for which application threads were stopped: 0.0004952 seconds, Stopping threads took: 0.0001009 seconds
2016-04-17T20:43:08.885-0100: 318.482: Total time for which application threads were stopped: 0.0003556 seconds, Stopping threads took: 0.0000325 seconds
2016-04-17T20:43:08.894-0100: 318.491: Total time for which application threads were stopped: 0.0003473 seconds, Stopping threads took: 0.0000417 seconds
2016-04-17T20:43:08.910-0100: 318.507: Total time for which application threads were stopped: 0.0002935 seconds, Stopping threads took: 0.0000329 seconds
2016-04-17T20:43:08.910-0100: 318.507: Total time for which application threads were stopped: 0.0001101 seconds, Stopping threads took: 0.0000097 seconds
2016-04-17T20:43:08.910-0100: 318.507: Total time for which application threads were stopped: 0.0000949 seconds, Stopping threads took: 0.0000086 seconds
2016-04-17T20:43:08.910-0100: 318.507: Total time for which application threads were stopped: 0.0000925 seconds, Stopping threads took: 0.0000085 seconds
2016-04-17T20:43:08.910-0100: 318.507: Total time for which application threads were stopped: 0.0000905 seconds, Stopping threads took: 0.0000082 seconds
2016-04-17T20:43:08.910-0100: 318.507: Total time for which application threads were stopped: 0.0000885 seconds, Stopping threads took: 0.0000080 seconds
2016-04-17T20:43:08.910-0100: 318.507: Total time for which application threads were stopped: 0.0000898 seconds, Stopping threads took: 0.0000080 seconds
2016-04-17T20:43:08.911-0100: 318.508: Total time for which application threads were stopped: 0.0000886 seconds, Stopping threads took: 0.0000081 seconds
2016-04-17T20:43:08.911-0100: 318.508: Total time for which application threads were stopped: 0.0001474 seconds, Stopping threads took: 0.0000107 seconds
2016-04-17T20:43:25.974-0100: 335.572: Total time for which application threads were stopped: 0.0003535 seconds, Stopping threads took: 0.0000533 seconds
2016-04-17T20:43:26.595-0100: 336.193: Total time for which application threads were stopped: 0.0003326 seconds, Stopping threads took: 0.0000354 seconds
2016-04-17T20:43:26.645-0100: 336.243: Total time for which application threads were stopped: 0.0003502 seconds, Stopping threads took: 0.0000347 seconds
2016-04-17T20:43:26.647-0100: 336.244: Total time for which application threads were stopped: 0.0002381 seconds, Stopping threads took: 0.0000405 seconds
2016-04-17T20:43:26.670-0100: 336.268: Total time for which application threads were stopped: 0.0004086 seconds, Stopping threads took: 0.0000435 seconds
2016-04-17T20:43:26.679-0100: 336.276: Total time for which application threads were stopped: 0.0003778 seconds, Stopping threads took: 0.0000655 seconds
2016-04-17T20:43:26.679-0100: 336.276: Total time for which application threads were stopped: 0.0001228 seconds, Stopping threads took: 0.0000110 seconds
2016-04-17T20:43:26.679-0100: 336.277: Total time for which application threads were stopped: 0.0000951 seconds, Stopping threads took: 0.0000093 seconds
2016-04-17T20:43:26.679-0100: 336.277: Total time for which application threads were stopped: 0.0000845 seconds, Stopping threads took: 0.0000078 seconds
2016-04-17T20:43:26.679-0100: 336.277: Total time for which application threads were stopped: 0.0000838 seconds, Stopping threads took: 0.0000080 seconds
2016-04-17T20:43:26.679-0100: 336.277: Total time for which application threads were stopped: 0.0000836 seconds, Stopping threads took: 0.0000078 seconds
2016-04-17T20:43:26.679-0100: 336.277: Total time for which application threads were stopped: 0.0000896 seconds, Stopping threads took: 0.0000079 seconds
2016-04-17T20:43:26.680-0100: 336.277: Total time for which application threads were stopped: 0.0000926 seconds, Stopping threads took: 0.0000084 seconds
2016-04-17T20:43:26.680-0100: 336.278: Total time for which application threads were stopped: 0.0001281 seconds, Stopping threads took: 0.0000107 seconds
2016-04-17T20:43:27.682-0100: 337.280: Total time for which application threads were stopped: 0.0003853 seconds, Stopping threads took: 0.0000493 seconds
2016-04-17T20:43:41.728-0100: 351.326: Total time for which application threads were stopped: 0.0003230 seconds, Stopping threads took: 0.0000483 seconds
2016-04-17T20:43:46.596-0100: 356.205: Total time for which application threads were stopped: 0.0108187 seconds, Stopping threads took: 0.0000339 seconds
2016-04-17T20:43:46.627-0100: 356.226: Total time for which application threads were stopped: 0.0003852 seconds, Stopping threads took: 0.0000353 seconds
2016-04-17T20:43:46.632-0100: 356.230: Total time for which application threads were stopped: 0.0003434 seconds, Stopping threads took: 0.0000374 seconds
2016-04-17T20:43:46.663-0100: 356.261: Total time for which application threads were stopped: 0.0003858 seconds, Stopping threads took: 0.0000400 seconds
2016-04-17T20:43:46.673-0100: 356.272: Total time for which application threads were stopped: 0.0003316 seconds, Stopping threads took: 0.0000318 seconds
2016-04-17T20:43:46.674-0100: 356.272: Total time for which application threads were stopped: 0.0001063 seconds, Stopping threads took: 0.0000104 seconds
2016-04-17T20:43:46.674-0100: 356.272: Total time for which application threads were stopped: 0.0000906 seconds, Stopping threads took: 0.0000090 seconds
2016-04-17T20:43:46.674-0100: 356.272: Total time for which application threads were stopped: 0.0000868 seconds, Stopping threads took: 0.0000082 seconds
2016-04-17T20:43:46.674-0100: 356.272: Total time for which application threads were stopped: 0.0001186 seconds, Stopping threads took: 0.0000085 seconds
2016-04-17T20:43:46.674-0100: 356.273: Total time for which application threads were stopped: 0.0000872 seconds, Stopping threads took: 0.0000086 seconds
2016-04-17T20:43:46.674-0100: 356.273: Total time for which application threads were stopped: 0.0001880 seconds, Stopping threads took: 0.0000086 seconds
2016-04-17T20:43:46.675-0100: 356.273: Total time for which application threads were stopped: 0.0000918 seconds, Stopping threads took: 0.0000085 seconds
2016-04-17T20:43:46.675-0100: 356.273: Total time for which application threads were stopped: 0.0001116 seconds, Stopping threads took: 0.0000096 seconds
2016-04-17T20:43:47.678-0100: 357.276: Total time for which application threads were stopped: 0.0003160 seconds, Stopping threads took: 0.0000527 seconds
2016-04-17T20:46:01.414-0100: 491.017: Total time for which application threads were stopped: 0.0148959 seconds, Stopping threads took: 0.0002643 seconds
2016-04-17T20:46:01.451-0100: 491.054: Total time for which application threads were stopped: 0.0007927 seconds, Stopping threads took: 0.0000693 seconds
2016-04-17T20:46:01.456-0100: 491.059: Total time for which application threads were stopped: 0.0003745 seconds, Stopping threads took: 0.0000390 seconds
2016-04-17T20:46:01.457-0100: 491.060: Total time for which application threads were stopped: 0.0002578 seconds, Stopping threads took: 0.0000229 seconds
2016-04-17T20:46:01.457-0100: 491.060: Total time for which application threads were stopped: 0.0001253 seconds, Stopping threads took: 0.0000096 seconds
2016-04-17T20:46:01.458-0100: 491.060: Total time for which application threads were stopped: 0.0001210 seconds, Stopping threads took: 0.0000094 seconds
2016-04-17T20:46:01.458-0100: 491.061: Total time for which application threads were stopped: 0.0001412 seconds, Stopping threads took: 0.0000114 seconds
2016-04-17T20:46:01.459-0100: 491.062: Total time for which application threads were stopped: 0.0002236 seconds, Stopping threads took: 0.0000199 seconds
2016-04-17T20:46:01.463-0100: 491.066: Total time for which application threads were stopped: 0.0007779 seconds, Stopping threads took: 0.0000333 seconds
2016-04-17T20:46:01.464-0100: 491.067: Total time for which application threads were stopped: 0.0001592 seconds, Stopping threads took: 0.0000143 seconds
2016-04-17T20:46:01.469-0100: 491.072: Total time for which application threads were stopped: 0.0003661 seconds, Stopping threads took: 0.0000352 seconds
2016-04-17T20:46:01.471-0100: 491.074: Total time for which application threads were stopped: 0.0004014 seconds, Stopping threads took: 0.0000548 seconds
2016-04-17T20:46:01.856-0100: 491.459: Total time for which application threads were stopped: 0.0002968 seconds, Stopping threads took: 0.0000474 seconds
2016-04-17T20:46:01.883-0100: 491.485: Total time for which application threads were stopped: 0.0003626 seconds, Stopping threads took: 0.0000520 seconds
2016-04-17T20:46:02.101-0100: 491.704: Total time for which application threads were stopped: 0.0003349 seconds, Stopping threads took: 0.0000486 seconds
2016-04-17T20:46:02.101-0100: 491.704: Total time for which application threads were stopped: 0.0002120 seconds, Stopping threads took: 0.0000203 seconds
2016-04-17T20:46:03.106-0100: 492.709: Total time for which application threads were stopped: 0.0003381 seconds, Stopping threads took: 0.0000451 seconds
2016-04-17T20:46:12.136-0100: 501.739: Total time for which application threads were stopped: 0.0003852 seconds, Stopping threads took: 0.0000452 seconds
2016-04-17T20:46:22.169-0100: 511.773: Total time for which application threads were stopped: 0.0003278 seconds, Stopping threads took: 0.0000428 seconds
2016-04-17T20:47:13.342-0100: 562.948: Total time for which application threads were stopped: 0.0003366 seconds, Stopping threads took: 0.0000427 seconds
2016-04-17T20:47:55.472-0100: 605.078: Total time for which application threads were stopped: 0.0004102 seconds, Stopping threads took: 0.0001093 seconds
2016-04-17T20:49:32.782-0100: 702.392: Total time for which application threads were stopped: 0.0007797 seconds, Stopping threads took: 0.0001310 seconds
2016-04-17T20:49:34.250-0100: 703.860: Total time for which application threads were stopped: 0.0003502 seconds, Stopping threads took: 0.0000430 seconds
2016-04-17T20:49:34.253-0100: 703.863: Total time for which application threads were stopped: 0.0003501 seconds, Stopping threads took: 0.0000583 seconds
2016-04-17T20:49:34.254-0100: 703.864: Total time for which application threads were stopped: 0.0005558 seconds, Stopping threads took: 0.0000350 seconds
2016-04-17T20:49:34.254-0100: 703.864: Total time for which application threads were stopped: 0.0006216 seconds, Stopping threads took: 0.0004484 seconds
2016-04-17T20:49:34.273-0100: 703.882: Total time for which application threads were stopped: 0.0021985 seconds, Stopping threads took: 0.0014403 seconds
2016-04-17T20:49:34.291-0100: 703.901: Total time for which application threads were stopped: 0.0008280 seconds, Stopping threads took: 0.0000373 seconds
2016-04-17T20:49:34.296-0100: 703.906: Total time for which application threads were stopped: 0.0004423 seconds, Stopping threads took: 0.0000389 seconds
2016-04-17T20:49:34.408-0100: 704.018: Total time for which application threads were stopped: 0.0003759 seconds, Stopping threads took: 0.0000333 seconds
2016-04-17T20:49:34.421-0100: 704.031: Total time for which application threads were stopped: 0.0004060 seconds, Stopping threads took: 0.0000931 seconds
2016-04-17T20:49:34.424-0100: 704.034: Total time for which application threads were stopped: 0.0007284 seconds, Stopping threads took: 0.0000807 seconds
2016-04-17T20:49:34.424-0100: 704.034: Total time for which application threads were stopped: 0.0002240 seconds, Stopping threads took: 0.0000678 seconds
2016-04-17T20:49:34.425-0100: 704.035: Total time for which application threads were stopped: 0.0002556 seconds, Stopping threads took: 0.0000212 seconds
2016-04-17T20:49:35.428-0100: 705.038: Total time for which application threads were stopped: 0.0002987 seconds, Stopping threads took: 0.0000415 seconds
2016-04-17T20:49:42.358-0100: 711.969: Total time for which application threads were stopped: 0.0004198 seconds, Stopping threads took: 0.0000382 seconds
2016-04-17T20:50:06.000-0100: 735.611: Total time for which application threads were stopped: 0.0013613 seconds, Stopping threads took: 0.0001282 seconds
2016-04-17T20:50:07.004-0100: 736.615: Total time for which application threads were stopped: 0.0005402 seconds, Stopping threads took: 0.0000450 seconds
2016-04-17T20:50:07.950-0100: 737.561: Total time for which application threads were stopped: 0.0003990 seconds, Stopping threads took: 0.0000349 seconds
2016-04-17T20:50:07.950-0100: 737.561: Total time for which application threads were stopped: 0.0142200 seconds, Stopping threads took: 0.0000105 seconds
2016-04-17T20:50:08.037-0100: 737.648: Total time for which application threads were stopped: 0.0004963 seconds, Stopping threads took: 0.0001206 seconds
2016-04-17T20:50:08.038-0100: 737.649: Total time for which application threads were stopped: 0.0004671 seconds, Stopping threads took: 0.0000315 seconds
2016-04-17T20:50:09.043-0100: 738.654: Total time for which application threads were stopped: 0.0003300 seconds, Stopping threads took: 0.0000440 seconds
2016-04-17T20:50:18.072-0100: 747.683: Total time for which application threads were stopped: 0.0006244 seconds, Stopping threads took: 0.0000493 seconds
2016-04-17T20:51:02.227-0100: 791.840: Total time for which application threads were stopped: 0.0004517 seconds, Stopping threads took: 0.0000606 seconds
2016-04-17T20:51:14.273-0100: 803.886: Total time for which application threads were stopped: 0.0003003 seconds, Stopping threads took: 0.0000393 seconds
2016-04-17T20:51:14.447-0100: 804.060: Total time for which application threads were stopped: 0.0003796 seconds, Stopping threads took: 0.0000313 seconds
2016-04-17T20:51:14.510-0100: 804.123: Total time for which application threads were stopped: 0.0003370 seconds, Stopping threads took: 0.0000478 seconds
2016-04-17T20:51:14.510-0100: 804.123: Total time for which application threads were stopped: 0.0001300 seconds, Stopping threads took: 0.0000256 seconds
2016-04-17T20:51:14.571-0100: 804.184: Total time for which application threads were stopped: 0.0005210 seconds, Stopping threads took: 0.0001195 seconds
2016-04-17T20:51:14.571-0100: 804.184: Total time for which application threads were stopped: 0.0001508 seconds, Stopping threads took: 0.0000303 seconds
2016-04-17T20:51:15.576-0100: 805.189: Total time for which application threads were stopped: 0.0003588 seconds, Stopping threads took: 0.0000534 seconds
2016-04-17T20:51:19.422-0100: 809.035: Total time for which application threads were stopped: 0.0004356 seconds, Stopping threads took: 0.0000319 seconds
2016-04-17T20:51:19.423-0100: 809.036: Total time for which application threads were stopped: 0.0002963 seconds, Stopping threads took: 0.0000281 seconds
2016-04-17T20:51:19.439-0100: 809.053: Total time for which application threads were stopped: 0.0004788 seconds, Stopping threads took: 0.0000480 seconds
2016-04-17T20:51:19.440-0100: 809.053: Total time for which application threads were stopped: 0.0001966 seconds, Stopping threads took: 0.0000278 seconds
2016-04-17T20:51:20.444-0100: 810.057: Total time for which application threads were stopped: 0.0003091 seconds, Stopping threads took: 0.0000547 seconds
2016-04-17T20:51:23.156-0100: 812.769: Total time for which application threads were stopped: 0.0004209 seconds, Stopping threads took: 0.0000308 seconds
2016-04-17T20:51:23.156-0100: 812.770: Total time for which application threads were stopped: 0.0002354 seconds, Stopping threads took: 0.0000258 seconds
2016-04-17T20:51:23.197-0100: 812.810: Total time for which application threads were stopped: 0.0004643 seconds, Stopping threads took: 0.0000374 seconds
2016-04-17T20:51:23.198-0100: 812.811: Total time for which application threads were stopped: 0.0003144 seconds, Stopping threads took: 0.0000333 seconds
2016-04-17T20:51:24.199-0100: 813.812: Total time for which application threads were stopped: 0.0003474 seconds, Stopping threads took: 0.0000445 seconds
2016-04-17T20:51:25.833-0100: 815.446: Total time for which application threads were stopped: 0.0003792 seconds, Stopping threads took: 0.0000340 seconds
2016-04-17T20:51:25.833-0100: 815.446: Total time for which application threads were stopped: 0.0001513 seconds, Stopping threads took: 0.0000089 seconds
2016-04-17T20:51:25.848-0100: 815.461: Total time for which application threads were stopped: 0.0008753 seconds, Stopping threads took: 0.0002332 seconds
2016-04-17T20:51:25.849-0100: 815.462: Total time for which application threads were stopped: 0.0004181 seconds, Stopping threads took: 0.0000237 seconds
2016-04-17T20:51:25.870-0100: 815.483: Total time for which application threads were stopped: 0.0004678 seconds, Stopping threads took: 0.0000341 seconds
2016-04-17T20:51:37.555-0100: 827.169: Total time for which application threads were stopped: 0.0003701 seconds, Stopping threads took: 0.0000358 seconds
2016-04-17T20:51:37.556-0100: 827.169: Total time for which application threads were stopped: 0.0001470 seconds, Stopping threads took: 0.0000084 seconds
2016-04-17T20:51:37.581-0100: 827.195: Total time for which application threads were stopped: 0.0005162 seconds, Stopping threads took: 0.0001068 seconds
2016-04-17T20:51:37.582-0100: 827.195: Total time for which application threads were stopped: 0.0001822 seconds, Stopping threads took: 0.0000445 seconds
2016-04-17T20:51:37.606-0100: 827.220: Total time for which application threads were stopped: 0.0005209 seconds, Stopping threads took: 0.0000357 seconds
2016-04-17T20:51:37.607-0100: 827.220: Total time for which application threads were stopped: 0.0001617 seconds, Stopping threads took: 0.0000110 seconds
2016-04-17T20:51:37.617-0100: 827.231: Total time for which application threads were stopped: 0.0003323 seconds, Stopping threads took: 0.0000655 seconds
2016-04-17T20:51:37.618-0100: 827.231: Total time for which application threads were stopped: 0.0001309 seconds, Stopping threads took: 0.0000273 seconds
2016-04-17T20:51:38.622-0100: 828.236: Total time for which application threads were stopped: 0.0004056 seconds, Stopping threads took: 0.0000543 seconds
2016-04-17T20:51:41.629-0100: 831.243: Total time for which application threads were stopped: 0.0003632 seconds, Stopping threads took: 0.0000529 seconds
2016-04-17T20:51:47.567-0100: 837.182: Total time for which application threads were stopped: 0.0004317 seconds, Stopping threads took: 0.0000358 seconds
2016-04-17T20:51:47.568-0100: 837.182: Total time for which application threads were stopped: 0.0001511 seconds, Stopping threads took: 0.0000099 seconds
2016-04-17T20:51:47.593-0100: 837.207: Total time for which application threads were stopped: 0.0003800 seconds, Stopping threads took: 0.0000524 seconds
2016-04-17T20:51:47.594-0100: 837.208: Total time for which application threads were stopped: 0.0003074 seconds, Stopping threads took: 0.0001183 seconds
2016-04-17T20:51:55.624-0100: 845.238: Total time for which application threads were stopped: 0.0003215 seconds, Stopping threads took: 0.0000559 seconds
2016-04-17T20:51:57.879-0100: 847.493: Total time for which application threads were stopped: 0.0004592 seconds, Stopping threads took: 0.0000323 seconds
2016-04-17T20:51:57.881-0100: 847.496: Total time for which application threads were stopped: 0.0005484 seconds, Stopping threads took: 0.0000295 seconds
2016-04-17T20:51:57.892-0100: 847.506: Total time for which application threads were stopped: 0.0004249 seconds, Stopping threads took: 0.0001055 seconds
2016-04-17T20:51:57.892-0100: 847.507: Total time for which application threads were stopped: 0.0001342 seconds, Stopping threads took: 0.0000161 seconds
2016-04-17T20:51:58.895-0100: 848.509: Total time for which application threads were stopped: 0.0006318 seconds, Stopping threads took: 0.0000418 seconds
2016-04-17T20:52:02.903-0100: 852.518: Total time for which application threads were stopped: 0.0003565 seconds, Stopping threads took: 0.0000418 seconds
2016-04-17T20:52:02.938-0100: 852.552: Total time for which application threads were stopped: 0.0005879 seconds, Stopping threads took: 0.0001165 seconds
2016-04-17T20:52:02.938-0100: 852.553: Total time for which application threads were stopped: 0.0001729 seconds, Stopping threads took: 0.0000107 seconds
2016-04-17T20:52:02.945-0100: 852.560: Total time for which application threads were stopped: 0.0011855 seconds, Stopping threads took: 0.0000319 seconds
2016-04-17T20:52:02.979-0100: 852.594: Total time for which application threads were stopped: 0.0004891 seconds, Stopping threads took: 0.0000729 seconds
2016-04-17T20:52:02.980-0100: 852.594: Total time for which application threads were stopped: 0.0002739 seconds, Stopping threads took: 0.0000260 seconds
2016-04-17T20:52:04.016-0100: 853.631: Total time for which application threads were stopped: 0.0003110 seconds, Stopping threads took: 0.0000355 seconds
2016-04-17T20:52:20.057-0100: 869.673: Total time for which application threads were stopped: 0.0003555 seconds, Stopping threads took: 0.0000472 seconds
2016-04-17T20:52:22.530-0100: 872.146: Total time for which application threads were stopped: 0.0032748 seconds, Stopping threads took: 0.0000357 seconds
2016-04-17T20:52:22.570-0100: 872.185: Total time for which application threads were stopped: 0.0004320 seconds, Stopping threads took: 0.0000346 seconds
2016-04-17T20:52:22.571-0100: 872.186: Total time for which application threads were stopped: 0.0003667 seconds, Stopping threads took: 0.0000562 seconds
2016-04-17T20:52:22.571-0100: 872.187: Total time for which application threads were stopped: 0.0002450 seconds, Stopping threads took: 0.0000162 seconds
2016-04-17T20:52:22.571-0100: 872.187: Total time for which application threads were stopped: 0.0001367 seconds, Stopping threads took: 0.0000096 seconds
2016-04-17T20:52:22.598-0100: 872.214: Total time for which application threads were stopped: 0.0026650 seconds, Stopping threads took: 0.0023466 seconds
2016-04-17T20:52:22.630-0100: 872.246: Total time for which application threads were stopped: 0.0004544 seconds, Stopping threads took: 0.0000543 seconds
2016-04-17T20:52:22.631-0100: 872.246: Total time for which application threads were stopped: 0.0003018 seconds, Stopping threads took: 0.0000982 seconds
2016-04-17T20:52:22.633-0100: 872.249: Total time for which application threads were stopped: 0.0025173 seconds, Stopping threads took: 0.0021698 seconds
2016-04-17T20:52:22.634-0100: 872.249: Total time for which application threads were stopped: 0.0001613 seconds, Stopping threads took: 0.0000167 seconds
2016-04-17T20:52:22.687-0100: 872.302: Total time for which application threads were stopped: 0.0005436 seconds, Stopping threads took: 0.0001730 seconds
2016-04-17T20:52:22.687-0100: 872.303: Total time for which application threads were stopped: 0.0006077 seconds, Stopping threads took: 0.0003750 seconds
2016-04-17T20:52:22.699-0100: 872.314: Total time for which application threads were stopped: 0.0004649 seconds, Stopping threads took: 0.0001109 seconds
2016-04-17T20:52:22.699-0100: 872.314: Total time for which application threads were stopped: 0.0001560 seconds, Stopping threads took: 0.0000102 seconds
2016-04-17T20:52:23.188-0100: 872.804: Total time for which application threads were stopped: 0.0004258 seconds, Stopping threads took: 0.0000333 seconds
2016-04-17T20:52:23.189-0100: 872.804: Total time for which application threads were stopped: 0.0001930 seconds, Stopping threads took: 0.0000304 seconds
2016-04-17T20:52:23.210-0100: 872.826: Total time for which application threads were stopped: 0.0003711 seconds, Stopping threads took: 0.0000354 seconds
2016-04-17T20:52:23.210-0100: 872.826: Total time for which application threads were stopped: 0.0001441 seconds, Stopping threads took: 0.0000109 seconds
2016-04-17T20:52:23.211-0100: 872.826: Total time for which application threads were stopped: 0.0001860 seconds, Stopping threads took: 0.0000439 seconds
2016-04-17T20:52:23.215-0100: 872.830: Total time for which application threads were stopped: 0.0038425 seconds, Stopping threads took: 0.0034606 seconds
2016-04-17T20:52:23.215-0100: 872.830: Total time for which application threads were stopped: 0.0001793 seconds, Stopping threads took: 0.0000325 seconds
2016-04-17T20:52:29.644-0100: 879.259: Total time for which application threads were stopped: 0.0004059 seconds, Stopping threads took: 0.0000533 seconds
2016-04-17T20:52:29.644-0100: 879.259: Total time for which application threads were stopped: 0.0001817 seconds, Stopping threads took: 0.0000324 seconds
2016-04-17T20:52:29.655-0100: 879.271: Total time for which application threads were stopped: 0.0004572 seconds, Stopping threads took: 0.0000804 seconds
2016-04-17T20:52:29.655-0100: 879.289: Total time for which application threads were stopped: 0.0181754 seconds, Stopping threads took: 0.0000128 seconds
2016-04-17T20:52:29.795-0100: 879.410: Total time for which application threads were stopped: 0.0003839 seconds, Stopping threads took: 0.0000315 seconds
2016-04-17T20:52:29.795-0100: 879.410: Total time for which application threads were stopped: 0.0001431 seconds, Stopping threads took: 0.0000089 seconds
2016-04-17T20:52:29.828-0100: 879.444: Total time for which application threads were stopped: 0.0003715 seconds, Stopping threads took: 0.0000354 seconds
2016-04-17T20:52:29.829-0100: 879.444: Total time for which application threads were stopped: 0.0002491 seconds, Stopping threads took: 0.0000307 seconds
2016-04-17T20:52:31.036-0100: 880.651: Total time for which application threads were stopped: 0.0004933 seconds, Stopping threads took: 0.0000776 seconds
2016-04-17T20:52:31.036-0100: 880.652: Total time for which application threads were stopped: 0.0002434 seconds, Stopping threads took: 0.0000354 seconds
2016-04-17T20:52:31.065-0100: 880.680: Total time for which application threads were stopped: 0.0005035 seconds, Stopping threads took: 0.0001293 seconds
2016-04-17T20:52:31.065-0100: 880.681: Total time for which application threads were stopped: 0.0001850 seconds, Stopping threads took: 0.0000283 seconds
2016-04-17T20:52:31.065-0100: 880.681: Total time for which application threads were stopped: 0.0001589 seconds, Stopping threads took: 0.0000263 seconds
2016-04-17T20:52:31.065-0100: 880.681: Total time for which application threads were stopped: 0.0001329 seconds, Stopping threads took: 0.0000091 seconds
2016-04-17T20:53:04.028-0100: 913.645: Total time for which application threads were stopped: 0.0003180 seconds, Stopping threads took: 0.0000314 seconds
2016-04-17T20:53:04.045-0100: 913.661: Total time for which application threads were stopped: 0.0003204 seconds, Stopping threads took: 0.0000296 seconds
2016-04-17T20:53:05.049-0100: 914.666: Total time for which application threads were stopped: 0.0002775 seconds, Stopping threads took: 0.0000351 seconds
2016-04-17T20:53:07.053-0100: 916.670: Total time for which application threads were stopped: 0.0003350 seconds, Stopping threads took: 0.0000444 seconds
2016-04-17T20:53:08.203-0100: 917.820: Total time for which application threads were stopped: 0.0003422 seconds, Stopping threads took: 0.0000339 seconds
2016-04-17T20:53:08.220-0100: 917.837: Total time for which application threads were stopped: 0.0003257 seconds, Stopping threads took: 0.0000290 seconds
2016-04-17T20:53:08.227-0100: 917.843: Total time for which application threads were stopped: 0.0008676 seconds, Stopping threads took: 0.0000323 seconds
2016-04-17T20:53:08.228-0100: 917.845: Total time for which application threads were stopped: 0.0002955 seconds, Stopping threads took: 0.0000312 seconds
2016-04-17T20:53:08.229-0100: 917.846: Total time for which application threads were stopped: 0.0001846 seconds, Stopping threads took: 0.0000144 seconds
2016-04-17T20:53:08.230-0100: 917.847: Total time for which application threads were stopped: 0.0002333 seconds, Stopping threads took: 0.0000225 seconds
2016-04-17T20:53:08.231-0100: 917.847: Total time for which application threads were stopped: 0.0001557 seconds, Stopping threads took: 0.0000149 seconds
2016-04-17T20:53:08.233-0100: 917.849: Total time for which application threads were stopped: 0.0003022 seconds, Stopping threads took: 0.0000316 seconds
2016-04-17T20:53:08.234-0100: 917.850: Total time for which application threads were stopped: 0.0002884 seconds, Stopping threads took: 0.0000487 seconds
2016-04-17T20:53:08.237-0100: 917.854: Total time for which application threads were stopped: 0.0004655 seconds, Stopping threads took: 0.0001677 seconds
2016-04-17T20:53:08.238-0100: 917.855: Total time for which application threads were stopped: 0.0002149 seconds, Stopping threads took: 0.0000213 seconds
2016-04-17T20:53:08.259-0100: 917.876: Total time for which application threads were stopped: 0.0003846 seconds, Stopping threads took: 0.0000847 seconds
2016-04-17T20:53:08.288-0100: 917.904: Total time for which application threads were stopped: 0.0003438 seconds, Stopping threads took: 0.0000326 seconds
2016-04-17T20:53:08.288-0100: 917.905: Total time for which application threads were stopped: 0.0001773 seconds, Stopping threads took: 0.0000589 seconds
2016-04-17T20:53:08.288-0100: 917.905: Total time for which application threads were stopped: 0.0001306 seconds, Stopping threads took: 0.0000132 seconds
2016-04-17T20:53:08.289-0100: 917.906: Total time for which application threads were stopped: 0.0002194 seconds, Stopping threads took: 0.0000579 seconds
2016-04-17T20:53:08.289-0100: 917.906: Total time for which application threads were stopped: 0.0001118 seconds, Stopping threads took: 0.0000115 seconds
2016-04-17T20:53:08.290-0100: 917.906: Total time for which application threads were stopped: 0.0001020 seconds, Stopping threads took: 0.0000108 seconds
2016-04-17T20:53:08.290-0100: 917.907: Total time for which application threads were stopped: 0.0003407 seconds, Stopping threads took: 0.0000117 seconds
2016-04-17T20:53:08.291-0100: 917.907: Total time for which application threads were stopped: 0.0001743 seconds, Stopping threads took: 0.0000268 seconds
2016-04-17T20:53:08.293-0100: 917.909: Total time for which application threads were stopped: 0.0003869 seconds, Stopping threads took: 0.0001228 seconds
2016-04-17T20:53:08.295-0100: 917.912: Total time for which application threads were stopped: 0.0014015 seconds, Stopping threads took: 0.0002019 seconds
2016-04-17T20:53:08.299-0100: 917.915: Total time for which application threads were stopped: 0.0002875 seconds, Stopping threads took: 0.0000250 seconds
2016-04-17T20:53:08.301-0100: 917.918: Total time for which application threads were stopped: 0.0003079 seconds, Stopping threads took: 0.0000496 seconds
2016-04-17T20:53:08.301-0100: 917.918: Total time for which application threads were stopped: 0.0003205 seconds, Stopping threads took: 0.0002126 seconds
2016-04-17T20:53:08.302-0100: 917.918: Total time for which application threads were stopped: 0.0001142 seconds, Stopping threads took: 0.0000365 seconds
2016-04-17T20:53:08.302-0100: 917.919: Total time for which application threads were stopped: 0.0000967 seconds, Stopping threads took: 0.0000228 seconds
2016-04-17T20:53:08.302-0100: 917.919: Total time for which application threads were stopped: 0.0001424 seconds, Stopping threads took: 0.0000351 seconds
2016-04-17T20:53:08.308-0100: 917.925: Total time for which application threads were stopped: 0.0002967 seconds, Stopping threads took: 0.0000599 seconds
2016-04-17T20:53:08.308-0100: 917.925: Total time for which application threads were stopped: 0.0001112 seconds, Stopping threads took: 0.0000317 seconds
2016-04-17T20:53:08.308-0100: 917.925: Total time for which application threads were stopped: 0.0001041 seconds, Stopping threads took: 0.0000286 seconds
2016-04-17T20:53:08.308-0100: 917.925: Total time for which application threads were stopped: 0.0001028 seconds, Stopping threads took: 0.0000310 seconds
2016-04-17T20:53:08.309-0100: 917.925: Total time for which application threads were stopped: 0.0001056 seconds, Stopping threads took: 0.0000312 seconds
2016-04-17T20:53:08.309-0100: 917.926: Total time for which application threads were stopped: 0.0000989 seconds, Stopping threads took: 0.0000287 seconds
2016-04-17T20:53:08.309-0100: 917.926: Total time for which application threads were stopped: 0.0001025 seconds, Stopping threads took: 0.0000322 seconds
2016-04-17T20:53:08.309-0100: 917.926: Total time for which application threads were stopped: 0.0001093 seconds, Stopping threads took: 0.0000096 seconds
2016-04-17T20:53:08.309-0100: 917.926: Total time for which application threads were stopped: 0.0000817 seconds, Stopping threads took: 0.0000079 seconds
2016-04-17T20:53:08.310-0100: 917.927: Total time for which application threads were stopped: 0.0001260 seconds, Stopping threads took: 0.0000104 seconds
2016-04-17T20:53:08.310-0100: 917.927: Total time for which application threads were stopped: 0.0001350 seconds, Stopping threads took: 0.0000080 seconds
2016-04-17T20:53:08.310-0100: 917.927: Total time for which application threads were stopped: 0.0001332 seconds, Stopping threads took: 0.0000116 seconds
2016-04-17T20:53:08.310-0100: 917.927: Total time for which application threads were stopped: 0.0000795 seconds, Stopping threads took: 0.0000078 seconds
2016-04-17T20:53:08.311-0100: 917.927: Total time for which application threads were stopped: 0.0000822 seconds, Stopping threads took: 0.0000080 seconds
2016-04-17T20:53:08.311-0100: 917.928: Total time for which application threads were stopped: 0.0001290 seconds, Stopping threads took: 0.0000512 seconds
2016-04-17T20:53:08.311-0100: 917.928: Total time for which application threads were stopped: 0.0003475 seconds, Stopping threads took: 0.0000212 seconds
2016-04-17T20:53:08.312-0100: 917.928: Total time for which application threads were stopped: 0.0001116 seconds, Stopping threads took: 0.0000232 seconds
2016-04-17T20:53:08.312-0100: 917.929: Total time for which application threads were stopped: 0.0001157 seconds, Stopping threads took: 0.0000107 seconds
2016-04-17T20:53:08.312-0100: 917.929: Total time for which application threads were stopped: 0.0001019 seconds, Stopping threads took: 0.0000286 seconds
2016-04-17T20:53:08.312-0100: 917.929: Total time for which application threads were stopped: 0.0000941 seconds, Stopping threads took: 0.0000085 seconds
2016-04-17T20:53:08.312-0100: 917.929: Total time for which application threads were stopped: 0.0000767 seconds, Stopping threads took: 0.0000079 seconds
2016-04-17T20:53:08.313-0100: 917.930: Total time for which application threads were stopped: 0.0001741 seconds, Stopping threads took: 0.0000348 seconds
2016-04-17T20:53:08.314-0100: 917.931: Total time for which application threads were stopped: 0.0001493 seconds, Stopping threads took: 0.0000129 seconds
2016-04-17T20:53:08.318-0100: 917.935: Total time for which application threads were stopped: 0.0003623 seconds, Stopping threads took: 0.0001510 seconds
2016-04-17T20:53:08.318-0100: 917.935: Total time for which application threads were stopped: 0.0001325 seconds, Stopping threads took: 0.0000336 seconds
2016-04-17T20:53:08.318-0100: 917.935: Total time for which application threads were stopped: 0.0000752 seconds, Stopping threads took: 0.0000087 seconds
Heap
 par new generation   total 109248K, used 65418K [0x00000007a0000000, 0x00000007a8000000, 0x00000007a8000000)
  eden space 87424K,  62% used [0x00000007a0000000, 0x00000007a356a330, 0x00000007a5560000)
  from space 21824K,  49% used [0x00000007a6ab0000, 0x00000007a75287d0, 0x00000007a8000000)
  to   space 21824K,   0% used [0x00000007a5560000, 0x00000007a5560000, 0x00000007a6ab0000)
 concurrent mark-sweep generation total 393216K, used 12444K [0x00000007a8000000, 0x00000007c0000000, 0x00000007c0000000)
 Metaspace       used 35890K, capacity 36450K, committed 36728K, reserved 1081344K
  class space    used 4072K, capacity 4238K, committed 4248K, reserved 1048576K
