Java HotSpot(TM) 64-Bit Server VM (25.65-b01) for bsd-amd64 JRE (1.8.0_65-b17), built on Oct  6 2015 15:36:46 by "java_re" with gcc 4.2.1 (Based on Apple Inc. build 5658) (LLVM build 2336.11.00)
Memory: 4k page, physical 4194304k(139680k free)

/proc/meminfo:

CommandLine flags: -XX:CMSInitiatingOccupancyFraction=50 -XX:CMSMaxAbortablePrecleanTime=6000 -XX:+CMSParallelRemarkEnabled -XX:+CMSScavengeBeforeRemark -XX:ConcGCThreads=4 -XX:InitialHeapSize=536870912 -XX:MaxHeapSize=536870912 -XX:MaxTenuringThreshold=8 -XX:NewRatio=3 -XX:OldPLABSize=16 -XX:OnOutOfMemoryError=/Users/renzo.verastegui/Desktop/solr-6.0.0/bin/oom_solr.sh 8983 /Users/renzo.verastegui/Desktop/solr-6.0.0/example/cloud/node1/solr/../logs -XX:ParallelGCThreads=4 -XX:+ParallelRefProcEnabled -XX:PretenureSizeThreshold=67108864 -XX:+PrintGC -XX:+PrintGCApplicationStoppedTime -XX:+PrintGCDateStamps -XX:+PrintGCDetails -XX:+PrintGCTimeStamps -XX:+PrintHeapAtGC -XX:+PrintTenuringDistribution -XX:SurvivorRatio=4 -XX:TargetSurvivorRatio=90 -XX:ThreadStackSize=256 -XX:+UseCMSInitiatingOccupancyOnly -XX:+UseCompressedClassPointers -XX:+UseCompressedOops -XX:+UseConcMarkSweepGC -XX:+UseParNewGC 
2016-04-17T21:13:51.317-0100: 0.257: Total time for which application threads were stopped: 0.0001332 seconds, Stopping threads took: 0.0000193 seconds
2016-04-17T21:13:51.551-0100: 0.491: Total time for which application threads were stopped: 0.0001844 seconds, Stopping threads took: 0.0000384 seconds
2016-04-17T21:13:52.264-0100: 1.204: Total time for which application threads were stopped: 0.0002813 seconds, Stopping threads took: 0.0000206 seconds
2016-04-17T21:13:52.368-0100: 1.309: Total time for which application threads were stopped: 0.0002409 seconds, Stopping threads took: 0.0000236 seconds
2016-04-17T21:13:52.405-0100: 1.346: Total time for which application threads were stopped: 0.0002801 seconds, Stopping threads took: 0.0000493 seconds
2016-04-17T21:13:52.851-0100: 1.791: Total time for which application threads were stopped: 0.0002982 seconds, Stopping threads took: 0.0000223 seconds
2016-04-17T21:13:53.180-0100: 2.121: Total time for which application threads were stopped: 0.0004209 seconds, Stopping threads took: 0.0000436 seconds
2016-04-17T21:13:53.182-0100: 2.122: Total time for which application threads were stopped: 0.0002538 seconds, Stopping threads took: 0.0000526 seconds
2016-04-17T21:13:53.187-0100: 2.127: Total time for which application threads were stopped: 0.0002996 seconds, Stopping threads took: 0.0000235 seconds
2016-04-17T21:13:53.201-0100: 2.141: Total time for which application threads were stopped: 0.0003542 seconds, Stopping threads took: 0.0000255 seconds
2016-04-17T21:13:54.204-0100: 3.144: Total time for which application threads were stopped: 0.0014977 seconds, Stopping threads took: 0.0013369 seconds
{Heap before GC invocations=0 (full 0):
 par new generation   total 109248K, used 87424K [0x00000007a0000000, 0x00000007a8000000, 0x00000007a8000000)
  eden space 87424K, 100% used [0x00000007a0000000, 0x00000007a5560000, 0x00000007a5560000)
  from space 21824K,   0% used [0x00000007a5560000, 0x00000007a5560000, 0x00000007a6ab0000)
  to   space 21824K,   0% used [0x00000007a6ab0000, 0x00000007a6ab0000, 0x00000007a8000000)
 concurrent mark-sweep generation total 393216K, used 0K [0x00000007a8000000, 0x00000007c0000000, 0x00000007c0000000)
 Metaspace       used 18906K, capacity 19196K, committed 19456K, reserved 1067008K
  class space    used 2209K, capacity 2301K, committed 2304K, reserved 1048576K
2016-04-17T21:13:54.996-0100: 3.936: [GC (Allocation Failure) 2016-04-17T21:13:54.996-0100: 3.936: [ParNew
Desired survivor size 20112992 bytes, new threshold 8 (max 8)
- age   1:   11519592 bytes,   11519592 total
: 87424K->11362K(109248K), 0.0367746 secs] 87424K->11362K(502464K), 0.0369237 secs] [Times: user=0.04 sys=0.02, real=0.04 secs] 
Heap after GC invocations=1 (full 0):
 par new generation   total 109248K, used 11362K [0x00000007a0000000, 0x00000007a8000000, 0x00000007a8000000)
  eden space 87424K,   0% used [0x00000007a0000000, 0x00000007a0000000, 0x00000007a5560000)
  from space 21824K,  52% used [0x00000007a6ab0000, 0x00000007a75c8bc0, 0x00000007a8000000)
  to   space 21824K,   0% used [0x00000007a5560000, 0x00000007a5560000, 0x00000007a6ab0000)
 concurrent mark-sweep generation total 393216K, used 0K [0x00000007a8000000, 0x00000007c0000000, 0x00000007c0000000)
 Metaspace       used 18906K, capacity 19196K, committed 19456K, reserved 1067008K
  class space    used 2209K, capacity 2301K, committed 2304K, reserved 1048576K
}
2016-04-17T21:13:55.033-0100: 3.973: Total time for which application threads were stopped: 0.0372455 seconds, Stopping threads took: 0.0000243 seconds
2016-04-17T21:13:55.223-0100: 4.163: Total time for which application threads were stopped: 0.0004293 seconds, Stopping threads took: 0.0000328 seconds
2016-04-17T21:13:55.319-0100: 4.259: Total time for which application threads were stopped: 0.0002536 seconds, Stopping threads took: 0.0001625 seconds
2016-04-17T21:13:55.324-0100: 4.265: Total time for which application threads were stopped: 0.0004996 seconds, Stopping threads took: 0.0000853 seconds
2016-04-17T21:13:55.381-0100: 4.321: Total time for which application threads were stopped: 0.0002290 seconds, Stopping threads took: 0.0001126 seconds
2016-04-17T21:13:55.381-0100: 4.321: Total time for which application threads were stopped: 0.0000696 seconds, Stopping threads took: 0.0000113 seconds
2016-04-17T21:13:55.382-0100: 4.322: Total time for which application threads were stopped: 0.0001865 seconds, Stopping threads took: 0.0000948 seconds
2016-04-17T21:13:55.383-0100: 4.323: Total time for which application threads were stopped: 0.0000838 seconds, Stopping threads took: 0.0000143 seconds
2016-04-17T21:13:55.394-0100: 4.335: Total time for which application threads were stopped: 0.0009013 seconds, Stopping threads took: 0.0007767 seconds
2016-04-17T21:13:55.397-0100: 4.337: Total time for which application threads were stopped: 0.0002220 seconds, Stopping threads took: 0.0001104 seconds
2016-04-17T21:13:55.410-0100: 4.350: Total time for which application threads were stopped: 0.0004413 seconds, Stopping threads took: 0.0002176 seconds
2016-04-17T21:13:55.512-0100: 4.452: Total time for which application threads were stopped: 0.0004933 seconds, Stopping threads took: 0.0000498 seconds
2016-04-17T21:13:55.581-0100: 4.521: Total time for which application threads were stopped: 0.0001750 seconds, Stopping threads took: 0.0000516 seconds
2016-04-17T21:13:55.621-0100: 4.562: Total time for which application threads were stopped: 0.0001736 seconds, Stopping threads took: 0.0000554 seconds
2016-04-17T21:13:55.622-0100: 4.562: Total time for which application threads were stopped: 0.0001161 seconds, Stopping threads took: 0.0000279 seconds
2016-04-17T21:13:55.624-0100: 4.564: Total time for which application threads were stopped: 0.0001426 seconds, Stopping threads took: 0.0000489 seconds
2016-04-17T21:13:55.630-0100: 4.571: Total time for which application threads were stopped: 0.0015904 seconds, Stopping threads took: 0.0013881 seconds
2016-04-17T21:13:55.631-0100: 4.571: Total time for which application threads were stopped: 0.0000748 seconds, Stopping threads took: 0.0000161 seconds
2016-04-17T21:13:55.631-0100: 4.572: Total time for which application threads were stopped: 0.0008361 seconds, Stopping threads took: 0.0007732 seconds
2016-04-17T21:13:55.672-0100: 4.612: Total time for which application threads were stopped: 0.0018445 seconds, Stopping threads took: 0.0013632 seconds
2016-04-17T21:13:55.695-0100: 4.636: Total time for which application threads were stopped: 0.0009169 seconds, Stopping threads took: 0.0007801 seconds
2016-04-17T21:13:55.758-0100: 4.698: Total time for which application threads were stopped: 0.0002571 seconds, Stopping threads took: 0.0000665 seconds
2016-04-17T21:13:55.760-0100: 4.700: Total time for which application threads were stopped: 0.0001285 seconds, Stopping threads took: 0.0000279 seconds
2016-04-17T21:13:55.767-0100: 4.707: Total time for which application threads were stopped: 0.0001816 seconds, Stopping threads took: 0.0000578 seconds
2016-04-17T21:13:55.783-0100: 4.723: Total time for which application threads were stopped: 0.0016225 seconds, Stopping threads took: 0.0014611 seconds
2016-04-17T21:13:55.785-0100: 4.726: Total time for which application threads were stopped: 0.0002154 seconds, Stopping threads took: 0.0000563 seconds
2016-04-17T21:13:55.851-0100: 4.792: Total time for which application threads were stopped: 0.0002260 seconds, Stopping threads took: 0.0000960 seconds
2016-04-17T21:13:55.852-0100: 4.792: Total time for which application threads were stopped: 0.0001013 seconds, Stopping threads took: 0.0000162 seconds
2016-04-17T21:13:55.873-0100: 4.813: Total time for which application threads were stopped: 0.0116050 seconds, Stopping threads took: 0.0114414 seconds
2016-04-17T21:13:55.899-0100: 4.839: Total time for which application threads were stopped: 0.0001655 seconds, Stopping threads took: 0.0000470 seconds
2016-04-17T21:13:55.925-0100: 4.865: Total time for which application threads were stopped: 0.0002475 seconds, Stopping threads took: 0.0000698 seconds
2016-04-17T21:13:55.925-0100: 4.865: Total time for which application threads were stopped: 0.0000793 seconds, Stopping threads took: 0.0000095 seconds
2016-04-17T21:13:56.005-0100: 4.945: Total time for which application threads were stopped: 0.0001511 seconds, Stopping threads took: 0.0000316 seconds
2016-04-17T21:13:56.024-0100: 4.964: Total time for which application threads were stopped: 0.0001635 seconds, Stopping threads took: 0.0000523 seconds
2016-04-17T21:13:56.047-0100: 4.987: Total time for which application threads were stopped: 0.0001718 seconds, Stopping threads took: 0.0000535 seconds
2016-04-17T21:13:56.047-0100: 4.987: Total time for which application threads were stopped: 0.0000983 seconds, Stopping threads took: 0.0000258 seconds
2016-04-17T21:13:56.047-0100: 4.988: Total time for which application threads were stopped: 0.0000971 seconds, Stopping threads took: 0.0000268 seconds
2016-04-17T21:13:56.048-0100: 4.988: Total time for which application threads were stopped: 0.0000693 seconds, Stopping threads took: 0.0000087 seconds
2016-04-17T21:13:56.048-0100: 4.988: Total time for which application threads were stopped: 0.0000975 seconds, Stopping threads took: 0.0000303 seconds
2016-04-17T21:13:56.048-0100: 4.988: Total time for which application threads were stopped: 0.0000805 seconds, Stopping threads took: 0.0000090 seconds
2016-04-17T21:13:56.048-0100: 4.988: Total time for which application threads were stopped: 0.0000813 seconds, Stopping threads took: 0.0000269 seconds
2016-04-17T21:13:56.048-0100: 4.989: Total time for which application threads were stopped: 0.0000750 seconds, Stopping threads took: 0.0000094 seconds
2016-04-17T21:13:56.049-0100: 4.989: Total time for which application threads were stopped: 0.0000897 seconds, Stopping threads took: 0.0000321 seconds
2016-04-17T21:13:56.049-0100: 4.989: Total time for which application threads were stopped: 0.0000984 seconds, Stopping threads took: 0.0000244 seconds
2016-04-17T21:13:56.049-0100: 4.989: Total time for which application threads were stopped: 0.0000807 seconds, Stopping threads took: 0.0000235 seconds
2016-04-17T21:13:56.049-0100: 4.989: Total time for which application threads were stopped: 0.0000726 seconds, Stopping threads took: 0.0000236 seconds
2016-04-17T21:13:56.049-0100: 4.990: Total time for which application threads were stopped: 0.0000738 seconds, Stopping threads took: 0.0000233 seconds
2016-04-17T21:13:56.049-0100: 4.990: Total time for which application threads were stopped: 0.0000663 seconds, Stopping threads took: 0.0000088 seconds
2016-04-17T21:13:56.050-0100: 4.990: Total time for which application threads were stopped: 0.0000753 seconds, Stopping threads took: 0.0000231 seconds
2016-04-17T21:13:56.050-0100: 4.990: Total time for which application threads were stopped: 0.0002186 seconds, Stopping threads took: 0.0000227 seconds
2016-04-17T21:13:56.050-0100: 4.990: Total time for which application threads were stopped: 0.0000800 seconds, Stopping threads took: 0.0000252 seconds
2016-04-17T21:13:56.050-0100: 4.991: Total time for which application threads were stopped: 0.0000821 seconds, Stopping threads took: 0.0000248 seconds
2016-04-17T21:13:56.051-0100: 4.991: Total time for which application threads were stopped: 0.0000904 seconds, Stopping threads took: 0.0000284 seconds
2016-04-17T21:13:56.051-0100: 4.991: Total time for which application threads were stopped: 0.0000760 seconds, Stopping threads took: 0.0000231 seconds
2016-04-17T21:13:56.051-0100: 4.991: Total time for which application threads were stopped: 0.0000754 seconds, Stopping threads took: 0.0000231 seconds
2016-04-17T21:13:56.051-0100: 4.991: Total time for which application threads were stopped: 0.0000937 seconds, Stopping threads took: 0.0000396 seconds
2016-04-17T21:13:56.051-0100: 4.992: Total time for which application threads were stopped: 0.0000841 seconds, Stopping threads took: 0.0000261 seconds
2016-04-17T21:13:56.051-0100: 4.992: Total time for which application threads were stopped: 0.0000760 seconds, Stopping threads took: 0.0000231 seconds
2016-04-17T21:13:56.052-0100: 4.992: Total time for which application threads were stopped: 0.0000751 seconds, Stopping threads took: 0.0000230 seconds
2016-04-17T21:13:56.052-0100: 4.992: Total time for which application threads were stopped: 0.0000830 seconds, Stopping threads took: 0.0000245 seconds
2016-04-17T21:13:56.052-0100: 4.992: Total time for which application threads were stopped: 0.0001033 seconds, Stopping threads took: 0.0000263 seconds
2016-04-17T21:13:56.052-0100: 4.992: Total time for which application threads were stopped: 0.0000747 seconds, Stopping threads took: 0.0000085 seconds
2016-04-17T21:13:56.052-0100: 4.993: Total time for which application threads were stopped: 0.0000732 seconds, Stopping threads took: 0.0000089 seconds
2016-04-17T21:13:56.838-0100: 5.778: Total time for which application threads were stopped: 0.0002015 seconds, Stopping threads took: 0.0000541 seconds
2016-04-17T21:13:56.842-0100: 5.782: Total time for which application threads were stopped: 0.0001774 seconds, Stopping threads took: 0.0000553 seconds
2016-04-17T21:13:56.843-0100: 5.783: Total time for which application threads were stopped: 0.0000990 seconds, Stopping threads took: 0.0000165 seconds
2016-04-17T21:13:56.853-0100: 5.794: Total time for which application threads were stopped: 0.0001381 seconds, Stopping threads took: 0.0000318 seconds
2016-04-17T21:13:56.855-0100: 5.796: Total time for which application threads were stopped: 0.0001359 seconds, Stopping threads took: 0.0000338 seconds
2016-04-17T21:13:56.876-0100: 5.817: Total time for which application threads were stopped: 0.0113553 seconds, Stopping threads took: 0.0111876 seconds
2016-04-17T21:13:56.877-0100: 5.817: Total time for which application threads were stopped: 0.0001074 seconds, Stopping threads took: 0.0000355 seconds
2016-04-17T21:13:56.877-0100: 5.817: Total time for which application threads were stopped: 0.0000903 seconds, Stopping threads took: 0.0000282 seconds
2016-04-17T21:13:56.877-0100: 5.818: Total time for which application threads were stopped: 0.0001171 seconds, Stopping threads took: 0.0000334 seconds
2016-04-17T21:13:56.877-0100: 5.818: Total time for which application threads were stopped: 0.0000942 seconds, Stopping threads took: 0.0000289 seconds
2016-04-17T21:13:56.878-0100: 5.818: Total time for which application threads were stopped: 0.0000931 seconds, Stopping threads took: 0.0000281 seconds
2016-04-17T21:13:56.878-0100: 5.818: Total time for which application threads were stopped: 0.0000822 seconds, Stopping threads took: 0.0000109 seconds
2016-04-17T21:13:56.878-0100: 5.818: Total time for which application threads were stopped: 0.0000710 seconds, Stopping threads took: 0.0000080 seconds
2016-04-17T21:13:56.878-0100: 5.819: Total time for which application threads were stopped: 0.0003010 seconds, Stopping threads took: 0.0000082 seconds
2016-04-17T21:13:56.879-0100: 5.819: Total time for which application threads were stopped: 0.0000794 seconds, Stopping threads took: 0.0000105 seconds
2016-04-17T21:13:56.879-0100: 5.819: Total time for which application threads were stopped: 0.0000992 seconds, Stopping threads took: 0.0000152 seconds
2016-04-17T21:13:56.879-0100: 5.819: Total time for which application threads were stopped: 0.0000703 seconds, Stopping threads took: 0.0000081 seconds
2016-04-17T21:13:56.894-0100: 5.834: Total time for which application threads were stopped: 0.0001938 seconds, Stopping threads took: 0.0000707 seconds
2016-04-17T21:13:56.946-0100: 5.886: Total time for which application threads were stopped: 0.0002783 seconds, Stopping threads took: 0.0001720 seconds
2016-04-17T21:13:56.946-0100: 5.887: Total time for which application threads were stopped: 0.0001946 seconds, Stopping threads took: 0.0001333 seconds
2016-04-17T21:13:56.946-0100: 5.887: Total time for which application threads were stopped: 0.0000779 seconds, Stopping threads took: 0.0000294 seconds
2016-04-17T21:13:56.947-0100: 5.887: Total time for which application threads were stopped: 0.0000842 seconds, Stopping threads took: 0.0000297 seconds
2016-04-17T21:13:56.948-0100: 5.889: Total time for which application threads were stopped: 0.0001884 seconds, Stopping threads took: 0.0000845 seconds
2016-04-17T21:13:56.949-0100: 5.889: Total time for which application threads were stopped: 0.0002493 seconds, Stopping threads took: 0.0000257 seconds
2016-04-17T21:13:56.949-0100: 5.889: Total time for which application threads were stopped: 0.0001010 seconds, Stopping threads took: 0.0000406 seconds
2016-04-17T21:13:56.950-0100: 5.890: Total time for which application threads were stopped: 0.0001962 seconds, Stopping threads took: 0.0000850 seconds
2016-04-17T21:13:56.950-0100: 5.890: Total time for which application threads were stopped: 0.0001040 seconds, Stopping threads took: 0.0000243 seconds
2016-04-17T21:13:56.965-0100: 5.905: Total time for which application threads were stopped: 0.0112929 seconds, Stopping threads took: 0.0111545 seconds
2016-04-17T21:13:56.969-0100: 5.909: Total time for which application threads were stopped: 0.0001974 seconds, Stopping threads took: 0.0000608 seconds
2016-04-17T21:13:56.969-0100: 5.909: Total time for which application threads were stopped: 0.0001973 seconds, Stopping threads took: 0.0001061 seconds
2016-04-17T21:13:56.969-0100: 5.909: Total time for which application threads were stopped: 0.0001267 seconds, Stopping threads took: 0.0000477 seconds
2016-04-17T21:13:56.970-0100: 5.911: Total time for which application threads were stopped: 0.0001865 seconds, Stopping threads took: 0.0000489 seconds
2016-04-17T21:13:56.971-0100: 5.911: Total time for which application threads were stopped: 0.0001625 seconds, Stopping threads took: 0.0000867 seconds
2016-04-17T21:13:56.976-0100: 5.916: Total time for which application threads were stopped: 0.0033005 seconds, Stopping threads took: 0.0031482 seconds
2016-04-17T21:13:56.987-0100: 5.928: Total time for which application threads were stopped: 0.0109795 seconds, Stopping threads took: 0.0108127 seconds
2016-04-17T21:13:56.988-0100: 5.928: Total time for which application threads were stopped: 0.0001913 seconds, Stopping threads took: 0.0000964 seconds
2016-04-17T21:13:56.996-0100: 5.936: Total time for which application threads were stopped: 0.0012385 seconds, Stopping threads took: 0.0010627 seconds
2016-04-17T21:13:57.037-0100: 5.977: [GC (CMS Initial Mark) [1 CMS-initial-mark: 0K(393216K)] 51197K(502464K), 0.0141899 secs] [Times: user=0.03 sys=0.00, real=0.02 secs] 
2016-04-17T21:13:57.051-0100: 5.991: Total time for which application threads were stopped: 0.0144897 seconds, Stopping threads took: 0.0000997 seconds
2016-04-17T21:13:57.051-0100: 5.992: [CMS-concurrent-mark-start]
2016-04-17T21:13:57.064-0100: 6.005: [CMS-concurrent-mark: 0.013/0.013 secs] [Times: user=0.01 sys=0.00, real=0.01 secs] 
2016-04-17T21:13:57.065-0100: 6.005: [CMS-concurrent-preclean-start]
2016-04-17T21:13:57.066-0100: 6.006: [CMS-concurrent-preclean: 0.001/0.001 secs] [Times: user=0.00 sys=0.00, real=0.00 secs] 
2016-04-17T21:13:57.066-0100: 6.006: [CMS-concurrent-abortable-preclean-start]
2016-04-17T21:13:57.082-0100: 6.023: Total time for which application threads were stopped: 0.0001756 seconds, Stopping threads took: 0.0000555 seconds
2016-04-17T21:13:57.091-0100: 6.031: Total time for which application threads were stopped: 0.0001562 seconds, Stopping threads took: 0.0000529 seconds
2016-04-17T21:13:57.094-0100: 6.034: Total time for which application threads were stopped: 0.0000999 seconds, Stopping threads took: 0.0000203 seconds
2016-04-17T21:13:57.096-0100: 6.036: Total time for which application threads were stopped: 0.0000925 seconds, Stopping threads took: 0.0000179 seconds
2016-04-17T21:13:57.098-0100: 6.039: Total time for which application threads were stopped: 0.0001475 seconds, Stopping threads took: 0.0000347 seconds
2016-04-17T21:13:57.100-0100: 6.040: Total time for which application threads were stopped: 0.0001160 seconds, Stopping threads took: 0.0000253 seconds
2016-04-17T21:13:57.129-0100: 6.069: Total time for which application threads were stopped: 0.0003529 seconds, Stopping threads took: 0.0001806 seconds
2016-04-17T21:13:57.144-0100: 6.084: Total time for which application threads were stopped: 0.0008460 seconds, Stopping threads took: 0.0007337 seconds
2016-04-17T21:13:57.144-0100: 6.084: Total time for which application threads were stopped: 0.0000708 seconds, Stopping threads took: 0.0000129 seconds
2016-04-17T21:13:57.144-0100: 6.084: Total time for which application threads were stopped: 0.0000649 seconds, Stopping threads took: 0.0000096 seconds
2016-04-17T21:13:57.144-0100: 6.085: Total time for which application threads were stopped: 0.0002387 seconds, Stopping threads took: 0.0000085 seconds
2016-04-17T21:13:57.147-0100: 6.088: Total time for which application threads were stopped: 0.0001606 seconds, Stopping threads took: 0.0000344 seconds
2016-04-17T21:13:57.149-0100: 6.089: Total time for which application threads were stopped: 0.0001285 seconds, Stopping threads took: 0.0000283 seconds
2016-04-17T21:13:57.268-0100: 6.209: Total time for which application threads were stopped: 0.0002093 seconds, Stopping threads took: 0.0000540 seconds
2016-04-17T21:13:57.476-0100: 6.416: Total time for which application threads were stopped: 0.0002052 seconds, Stopping threads took: 0.0000626 seconds
2016-04-17T21:13:57.485-0100: 6.425: Total time for which application threads were stopped: 0.0004866 seconds, Stopping threads took: 0.0000325 seconds
2016-04-17T21:13:57.595-0100: 6.535: Total time for which application threads were stopped: 0.0006265 seconds, Stopping threads took: 0.0000681 seconds
{Heap before GC invocations=1 (full 1):
 par new generation   total 109248K, used 98786K [0x00000007a0000000, 0x00000007a8000000, 0x00000007a8000000)
  eden space 87424K, 100% used [0x00000007a0000000, 0x00000007a5560000, 0x00000007a5560000)
  from space 21824K,  52% used [0x00000007a6ab0000, 0x00000007a75c8bc0, 0x00000007a8000000)
  to   space 21824K,   0% used [0x00000007a5560000, 0x00000007a5560000, 0x00000007a6ab0000)
 concurrent mark-sweep generation total 393216K, used 0K [0x00000007a8000000, 0x00000007c0000000, 0x00000007c0000000)
 Metaspace       used 23382K, capacity 23652K, committed 23952K, reserved 1071104K
  class space    used 2737K, capacity 2825K, committed 2884K, reserved 1048576K
2016-04-17T21:13:57.675-0100: 6.615: [GC (Allocation Failure) 2016-04-17T21:13:57.675-0100: 6.615: [ParNew
Desired survivor size 20112992 bytes, new threshold 8 (max 8)
- age   1:    6174552 bytes,    6174552 total
- age   2:    6019872 bytes,   12194424 total
: 98786K->17656K(109248K), 0.0846246 secs] 98786K->17656K(502464K), 0.0847471 secs] [Times: user=0.05 sys=0.01, real=0.09 secs] 
Heap after GC invocations=2 (full 1):
 par new generation   total 109248K, used 17656K [0x00000007a0000000, 0x00000007a8000000, 0x00000007a8000000)
  eden space 87424K,   0% used [0x00000007a0000000, 0x00000007a0000000, 0x00000007a5560000)
  from space 21824K,  80% used [0x00000007a5560000, 0x00000007a669e330, 0x00000007a6ab0000)
  to   space 21824K,   0% used [0x00000007a6ab0000, 0x00000007a6ab0000, 0x00000007a8000000)
 concurrent mark-sweep generation total 393216K, used 0K [0x00000007a8000000, 0x00000007c0000000, 0x00000007c0000000)
 Metaspace       used 23382K, capacity 23652K, committed 23952K, reserved 1071104K
  class space    used 2737K, capacity 2825K, committed 2884K, reserved 1048576K
}
2016-04-17T21:13:57.760-0100: 6.700: Total time for which application threads were stopped: 0.0850869 seconds, Stopping threads took: 0.0000416 seconds
2016-04-17T21:13:57.760-0100: 6.700: Total time for which application threads were stopped: 0.0001625 seconds, Stopping threads took: 0.0000819 seconds
2016-04-17T21:13:57.760-0100: 6.700: Total time for which application threads were stopped: 0.0000509 seconds, Stopping threads took: 0.0000080 seconds
2016-04-17T21:13:57.760-0100: 6.700: Total time for which application threads were stopped: 0.0000495 seconds, Stopping threads took: 0.0000067 seconds
2016-04-17T21:13:57.760-0100: 6.701: Total time for which application threads were stopped: 0.0000531 seconds, Stopping threads took: 0.0000094 seconds
2016-04-17T21:13:57.766-0100: 6.707: Total time for which application threads were stopped: 0.0002400 seconds, Stopping threads took: 0.0001093 seconds
2016-04-17T21:13:57.767-0100: 6.707: Total time for which application threads were stopped: 0.0001545 seconds, Stopping threads took: 0.0000371 seconds
2016-04-17T21:13:57.785-0100: 6.726: Total time for which application threads were stopped: 0.0005612 seconds, Stopping threads took: 0.0000417 seconds
2016-04-17T21:13:57.852-0100: 6.792: Total time for which application threads were stopped: 0.0002879 seconds, Stopping threads took: 0.0000758 seconds
2016-04-17T21:13:57.891-0100: 6.831: Total time for which application threads were stopped: 0.0001443 seconds, Stopping threads took: 0.0000352 seconds
2016-04-17T21:13:57.894-0100: 6.834: Total time for which application threads were stopped: 0.0005253 seconds, Stopping threads took: 0.0000292 seconds
2016-04-17T21:13:57.894-0100: 6.835: Total time for which application threads were stopped: 0.0001224 seconds, Stopping threads took: 0.0000183 seconds
2016-04-17T21:13:57.909-0100: 6.849: Total time for which application threads were stopped: 0.0001842 seconds, Stopping threads took: 0.0000341 seconds
2016-04-17T21:13:57.924-0100: 6.864: Total time for which application threads were stopped: 0.0001652 seconds, Stopping threads took: 0.0000333 seconds
2016-04-17T21:13:58.017-0100: 6.957: Total time for which application threads were stopped: 0.0011452 seconds, Stopping threads took: 0.0009479 seconds
2016-04-17T21:13:58.089-0100: 7.029: Total time for which application threads were stopped: 0.0014878 seconds, Stopping threads took: 0.0009449 seconds
2016-04-17T21:13:58.123-0100: 7.063: Total time for which application threads were stopped: 0.0002149 seconds, Stopping threads took: 0.0000575 seconds
2016-04-17T21:13:58.123-0100: 7.063: Total time for which application threads were stopped: 0.0000775 seconds, Stopping threads took: 0.0000078 seconds
2016-04-17T21:13:58.126-0100: 7.066: Total time for which application threads were stopped: 0.0002115 seconds, Stopping threads took: 0.0000334 seconds
2016-04-17T21:13:58.168-0100: 7.108: Total time for which application threads were stopped: 0.0001912 seconds, Stopping threads took: 0.0000331 seconds
2016-04-17T21:13:58.168-0100: 7.109: Total time for which application threads were stopped: 0.0000701 seconds, Stopping threads took: 0.0000081 seconds
2016-04-17T21:13:58.199-0100: 7.139: Total time for which application threads were stopped: 0.0002056 seconds, Stopping threads took: 0.0000410 seconds
2016-04-17T21:13:58.214-0100: 7.154: Total time for which application threads were stopped: 0.0002688 seconds, Stopping threads took: 0.0000539 seconds
2016-04-17T21:13:58.215-0100: 7.155: Total time for which application threads were stopped: 0.0001838 seconds, Stopping threads took: 0.0001162 seconds
2016-04-17T21:13:58.244-0100: 7.185: Total time for which application threads were stopped: 0.0004997 seconds, Stopping threads took: 0.0003330 seconds
2016-04-17T21:13:58.244-0100: 7.185: [CMS-concurrent-abortable-preclean: 0.777/1.178 secs] [Times: user=1.44 sys=0.08, real=1.18 secs] 
2016-04-17T21:13:58.245-0100: 7.185: [GC (CMS Final Remark) [YG occupancy: 67977 K (109248 K)]{Heap before GC invocations=2 (full 1):
 par new generation   total 109248K, used 67977K [0x00000007a0000000, 0x00000007a8000000, 0x00000007a8000000)
  eden space 87424K,  57% used [0x00000007a0000000, 0x00000007a31242a0, 0x00000007a5560000)
  from space 21824K,  80% used [0x00000007a5560000, 0x00000007a669e330, 0x00000007a6ab0000)
  to   space 21824K,   0% used [0x00000007a6ab0000, 0x00000007a6ab0000, 0x00000007a8000000)
 concurrent mark-sweep generation total 393216K, used 0K [0x00000007a8000000, 0x00000007c0000000, 0x00000007c0000000)
 Metaspace       used 25395K, capacity 25734K, committed 26200K, reserved 1073152K
  class space    used 2978K, capacity 3066K, committed 3088K, reserved 1048576K
2016-04-17T21:13:58.245-0100: 7.185: [GC (CMS Final Remark) 2016-04-17T21:13:58.245-0100: 7.185: [ParNew
Desired survivor size 20112992 bytes, new threshold 8 (max 8)
- age   1:    3486728 bytes,    3486728 total
- age   2:    2011536 bytes,    5498264 total
- age   3:    6009800 bytes,   11508064 total
: 67977K->14020K(109248K), 0.0325732 secs] 67977K->14020K(502464K), 0.0326575 secs] [Times: user=0.06 sys=0.00, real=0.03 secs] 
Heap after GC invocations=3 (full 1):
 par new generation   total 109248K, used 14020K [0x00000007a0000000, 0x00000007a8000000, 0x00000007a8000000)
  eden space 87424K,   0% used [0x00000007a0000000, 0x00000007a0000000, 0x00000007a5560000)
  from space 21824K,  64% used [0x00000007a6ab0000, 0x00000007a7861020, 0x00000007a8000000)
  to   space 21824K,   0% used [0x00000007a5560000, 0x00000007a5560000, 0x00000007a6ab0000)
 concurrent mark-sweep generation total 393216K, used 0K [0x00000007a8000000, 0x00000007c0000000, 0x00000007c0000000)
 Metaspace       used 25395K, capacity 25734K, committed 26200K, reserved 1073152K
  class space    used 2978K, capacity 3066K, committed 3088K, reserved 1048576K
}
2016-04-17T21:13:58.277-0100: 7.218: [Rescan (parallel) , 0.0076242 secs]2016-04-17T21:13:58.285-0100: 7.225: [weak refs processing, 0.0016287 secs]2016-04-17T21:13:58.287-0100: 7.227: [class unloading, 0.0073647 secs]2016-04-17T21:13:58.294-0100: 7.234: [scrub symbol table, 0.0080011 secs]2016-04-17T21:13:58.302-0100: 7.242: [scrub string table, 0.0005773 secs][1 CMS-remark: 0K(393216K)] 14020K(502464K), 0.0600508 secs] [Times: user=0.09 sys=0.00, real=0.06 secs] 
2016-04-17T21:13:58.305-0100: 7.245: Total time for which application threads were stopped: 0.0602158 seconds, Stopping threads took: 0.0000284 seconds
2016-04-17T21:13:58.305-0100: 7.245: [CMS-concurrent-sweep-start]
2016-04-17T21:13:58.306-0100: 7.246: Total time for which application threads were stopped: 0.0001326 seconds, Stopping threads took: 0.0000343 seconds
2016-04-17T21:13:58.306-0100: 7.247: [CMS-concurrent-sweep: 0.001/0.001 secs] [Times: user=0.00 sys=0.00, real=0.00 secs] 
2016-04-17T21:13:58.306-0100: 7.247: [CMS-concurrent-reset-start]
2016-04-17T21:13:58.313-0100: 7.254: [CMS-concurrent-reset: 0.007/0.007 secs] [Times: user=0.00 sys=0.01, real=0.01 secs] 
2016-04-17T21:13:58.422-0100: 7.363: Total time for which application threads were stopped: 0.0010119 seconds, Stopping threads took: 0.0008566 seconds
{Heap before GC invocations=3 (full 1):
 par new generation   total 109248K, used 101444K [0x00000007a0000000, 0x00000007a8000000, 0x00000007a8000000)
  eden space 87424K, 100% used [0x00000007a0000000, 0x00000007a5560000, 0x00000007a5560000)
  from space 21824K,  64% used [0x00000007a6ab0000, 0x00000007a7861020, 0x00000007a8000000)
  to   space 21824K,   0% used [0x00000007a5560000, 0x00000007a5560000, 0x00000007a6ab0000)
 concurrent mark-sweep generation total 393216K, used 0K [0x00000007a8000000, 0x00000007c0000000, 0x00000007c0000000)
 Metaspace       used 25921K, capacity 26288K, committed 26584K, reserved 1073152K
  class space    used 3042K, capacity 3165K, committed 3216K, reserved 1048576K
2016-04-17T21:13:58.797-0100: 7.737: [GC (Allocation Failure) 2016-04-17T21:13:58.797-0100: 7.737: [ParNew
Desired survivor size 20112992 bytes, new threshold 8 (max 8)
- age   1:     597552 bytes,     597552 total
- age   2:    2183328 bytes,    2780880 total
- age   3:    2004536 bytes,    4785416 total
- age   4:    6009640 bytes,   10795056 total
: 101444K->14979K(109248K), 0.0381375 secs] 101444K->14979K(502464K), 0.0382815 secs] [Times: user=0.06 sys=0.00, real=0.04 secs] 
Heap after GC invocations=4 (full 1):
 par new generation   total 109248K, used 14979K [0x00000007a0000000, 0x00000007a8000000, 0x00000007a8000000)
  eden space 87424K,   0% used [0x00000007a0000000, 0x00000007a0000000, 0x00000007a5560000)
  from space 21824K,  68% used [0x00000007a5560000, 0x00000007a6400f60, 0x00000007a6ab0000)
  to   space 21824K,   0% used [0x00000007a6ab0000, 0x00000007a6ab0000, 0x00000007a8000000)
 concurrent mark-sweep generation total 393216K, used 0K [0x00000007a8000000, 0x00000007c0000000, 0x00000007c0000000)
 Metaspace       used 25921K, capacity 26288K, committed 26584K, reserved 1073152K
  class space    used 3042K, capacity 3165K, committed 3216K, reserved 1048576K
}
2016-04-17T21:13:58.835-0100: 7.776: Total time for which application threads were stopped: 0.0631253 seconds, Stopping threads took: 0.0243222 seconds
2016-04-17T21:13:59.140-0100: 8.080: Total time for which application threads were stopped: 0.0111866 seconds, Stopping threads took: 0.0109534 seconds
2016-04-17T21:13:59.145-0100: 8.085: Total time for which application threads were stopped: 0.0005270 seconds, Stopping threads took: 0.0003303 seconds
{Heap before GC invocations=4 (full 1):
 par new generation   total 109248K, used 102403K [0x00000007a0000000, 0x00000007a8000000, 0x00000007a8000000)
  eden space 87424K, 100% used [0x00000007a0000000, 0x00000007a5560000, 0x00000007a5560000)
  from space 21824K,  68% used [0x00000007a5560000, 0x00000007a6400f60, 0x00000007a6ab0000)
  to   space 21824K,   0% used [0x00000007a6ab0000, 0x00000007a6ab0000, 0x00000007a8000000)
 concurrent mark-sweep generation total 393216K, used 0K [0x00000007a8000000, 0x00000007c0000000, 0x00000007c0000000)
 Metaspace       used 26267K, capacity 26670K, committed 27096K, reserved 1073152K
  class space    used 3083K, capacity 3202K, committed 3216K, reserved 1048576K
2016-04-17T21:13:59.589-0100: 8.530: [GC (Allocation Failure) 2016-04-17T21:13:59.589-0100: 8.530: [ParNew
Desired survivor size 20112992 bytes, new threshold 8 (max 8)
- age   1:     840208 bytes,     840208 total
- age   2:     143536 bytes,     983744 total
- age   3:    2182864 bytes,    3166608 total
- age   4:    1999272 bytes,    5165880 total
- age   5:    6009480 bytes,   11175360 total
: 102403K->14512K(109248K), 0.0471400 secs] 102403K->14512K(502464K), 0.0472488 secs] [Times: user=0.05 sys=0.01, real=0.05 secs] 
Heap after GC invocations=5 (full 1):
 par new generation   total 109248K, used 14512K [0x00000007a0000000, 0x00000007a8000000, 0x00000007a8000000)
  eden space 87424K,   0% used [0x00000007a0000000, 0x00000007a0000000, 0x00000007a5560000)
  from space 21824K,  66% used [0x00000007a6ab0000, 0x00000007a78dc128, 0x00000007a8000000)
  to   space 21824K,   0% used [0x00000007a5560000, 0x00000007a5560000, 0x00000007a6ab0000)
 concurrent mark-sweep generation total 393216K, used 0K [0x00000007a8000000, 0x00000007c0000000, 0x00000007c0000000)
 Metaspace       used 26267K, capacity 26670K, committed 27096K, reserved 1073152K
  class space    used 3083K, capacity 3202K, committed 3216K, reserved 1048576K
}
2016-04-17T21:13:59.637-0100: 8.577: Total time for which application threads were stopped: 0.0932970 seconds, Stopping threads took: 0.0457708 seconds
{Heap before GC invocations=5 (full 1):
 par new generation   total 109248K, used 101936K [0x00000007a0000000, 0x00000007a8000000, 0x00000007a8000000)
  eden space 87424K, 100% used [0x00000007a0000000, 0x00000007a5560000, 0x00000007a5560000)
  from space 21824K,  66% used [0x00000007a6ab0000, 0x00000007a78dc128, 0x00000007a8000000)
  to   space 21824K,   0% used [0x00000007a5560000, 0x00000007a5560000, 0x00000007a6ab0000)
 concurrent mark-sweep generation total 393216K, used 0K [0x00000007a8000000, 0x00000007c0000000, 0x00000007c0000000)
 Metaspace       used 26426K, capacity 26806K, committed 27096K, reserved 1073152K
  class space    used 3106K, capacity 3204K, committed 3216K, reserved 1048576K
2016-04-17T21:14:00.170-0100: 9.110: [GC (Allocation Failure) 2016-04-17T21:14:00.170-0100: 9.110: [ParNew
Desired survivor size 20112992 bytes, new threshold 8 (max 8)
- age   1:     571552 bytes,     571552 total
- age   2:     263800 bytes,     835352 total
- age   3:     143200 bytes,     978552 total
- age   4:    2182816 bytes,    3161368 total
- age   5:    1998856 bytes,    5160224 total
- age   6:    6009480 bytes,   11169704 total
: 101936K->14262K(109248K), 0.0357883 secs] 101936K->14262K(502464K), 0.0359261 secs] [Times: user=0.05 sys=0.00, real=0.03 secs] 
Heap after GC invocations=6 (full 1):
 par new generation   total 109248K, used 14262K [0x00000007a0000000, 0x00000007a8000000, 0x00000007a8000000)
  eden space 87424K,   0% used [0x00000007a0000000, 0x00000007a0000000, 0x00000007a5560000)
  from space 21824K,  65% used [0x00000007a5560000, 0x00000007a634da50, 0x00000007a6ab0000)
  to   space 21824K,   0% used [0x00000007a6ab0000, 0x00000007a6ab0000, 0x00000007a8000000)
 concurrent mark-sweep generation total 393216K, used 0K [0x00000007a8000000, 0x00000007c0000000, 0x00000007c0000000)
 Metaspace       used 26426K, capacity 26806K, committed 27096K, reserved 1073152K
  class space    used 3106K, capacity 3204K, committed 3216K, reserved 1048576K
}
2016-04-17T21:14:00.206-0100: 9.146: Total time for which application threads were stopped: 0.0373597 seconds, Stopping threads took: 0.0011449 seconds
2016-04-17T21:14:00.268-0100: 9.209: Total time for which application threads were stopped: 0.0013573 seconds, Stopping threads took: 0.0011760 seconds
2016-04-17T21:14:00.270-0100: 9.210: Total time for which application threads were stopped: 0.0009844 seconds, Stopping threads took: 0.0008615 seconds
2016-04-17T21:14:00.727-0100: 9.668: Total time for which application threads were stopped: 0.0007078 seconds, Stopping threads took: 0.0000590 seconds
2016-04-17T21:14:01.122-0100: 10.062: Total time for which application threads were stopped: 0.0115809 seconds, Stopping threads took: 0.0112778 seconds
2016-04-17T21:14:01.277-0100: 10.217: Total time for which application threads were stopped: 0.0009875 seconds, Stopping threads took: 0.0008087 seconds
2016-04-17T21:14:01.278-0100: 10.219: Total time for which application threads were stopped: 0.0006658 seconds, Stopping threads took: 0.0005278 seconds
2016-04-17T21:14:01.292-0100: 10.232: Total time for which application threads were stopped: 0.0006945 seconds, Stopping threads took: 0.0000531 seconds
2016-04-17T21:14:01.304-0100: 10.245: Total time for which application threads were stopped: 0.0110831 seconds, Stopping threads took: 0.0108976 seconds
2016-04-17T21:14:01.496-0100: 10.437: Total time for which application threads were stopped: 0.0110971 seconds, Stopping threads took: 0.0109292 seconds
2016-04-17T21:14:01.497-0100: 10.437: Total time for which application threads were stopped: 0.0001119 seconds, Stopping threads took: 0.0000366 seconds
2016-04-17T21:14:01.497-0100: 10.437: Total time for which application threads were stopped: 0.0000974 seconds, Stopping threads took: 0.0000429 seconds
2016-04-17T21:14:01.497-0100: 10.437: Total time for which application threads were stopped: 0.0000840 seconds, Stopping threads took: 0.0000290 seconds
2016-04-17T21:14:01.498-0100: 10.439: Total time for which application threads were stopped: 0.0001480 seconds, Stopping threads took: 0.0000410 seconds
2016-04-17T21:14:01.498-0100: 10.439: Total time for which application threads were stopped: 0.0000778 seconds, Stopping threads took: 0.0000235 seconds
2016-04-17T21:14:01.521-0100: 10.461: Total time for which application threads were stopped: 0.0007879 seconds, Stopping threads took: 0.0000569 seconds
2016-04-17T21:14:01.521-0100: 10.461: Total time for which application threads were stopped: 0.0001239 seconds, Stopping threads took: 0.0000142 seconds
2016-04-17T21:14:01.572-0100: 10.512: Total time for which application threads were stopped: 0.0262511 seconds, Stopping threads took: 0.0260519 seconds
2016-04-17T21:14:01.574-0100: 10.514: Total time for which application threads were stopped: 0.0014065 seconds, Stopping threads took: 0.0012862 seconds
2016-04-17T21:14:01.587-0100: 10.527: Total time for which application threads were stopped: 0.0001986 seconds, Stopping threads took: 0.0000519 seconds
2016-04-17T21:14:01.591-0100: 10.532: Total time for which application threads were stopped: 0.0002601 seconds, Stopping threads took: 0.0000854 seconds
2016-04-17T21:14:01.595-0100: 10.536: Total time for which application threads were stopped: 0.0002065 seconds, Stopping threads took: 0.0000564 seconds
2016-04-17T21:14:01.597-0100: 10.538: Total time for which application threads were stopped: 0.0004506 seconds, Stopping threads took: 0.0000345 seconds
2016-04-17T21:14:01.598-0100: 10.539: Total time for which application threads were stopped: 0.0001300 seconds, Stopping threads took: 0.0000236 seconds
2016-04-17T21:14:01.659-0100: 10.600: Total time for which application threads were stopped: 0.0002082 seconds, Stopping threads took: 0.0000756 seconds
2016-04-17T21:14:01.944-0100: 10.885: Total time for which application threads were stopped: 0.0112309 seconds, Stopping threads took: 0.0110129 seconds
{Heap before GC invocations=6 (full 1):
 par new generation   total 109248K, used 101686K [0x00000007a0000000, 0x00000007a8000000, 0x00000007a8000000)
  eden space 87424K, 100% used [0x00000007a0000000, 0x00000007a5560000, 0x00000007a5560000)
  from space 21824K,  65% used [0x00000007a5560000, 0x00000007a634da50, 0x00000007a6ab0000)
  to   space 21824K,   0% used [0x00000007a6ab0000, 0x00000007a6ab0000, 0x00000007a8000000)
 concurrent mark-sweep generation total 393216K, used 0K [0x00000007a8000000, 0x00000007c0000000, 0x00000007c0000000)
 Metaspace       used 29718K, capacity 30162K, committed 30604K, reserved 1077248K
  class space    used 3519K, capacity 3640K, committed 3728K, reserved 1048576K
2016-04-17T21:14:02.149-0100: 11.089: [GC (Allocation Failure) 2016-04-17T21:14:02.149-0100: 11.089: [ParNew
Desired survivor size 20112992 bytes, new threshold 8 (max 8)
- age   1:    4549360 bytes,    4549360 total
- age   2:     107072 bytes,    4656432 total
- age   3:     252592 bytes,    4909024 total
- age   4:     141256 bytes,    5050280 total
- age   5:     693032 bytes,    5743312 total
- age   6:    1994584 bytes,    7737896 total
- age   7:    6005648 bytes,   13743544 total
: 101686K->16550K(109248K), 0.1196278 secs] 101686K->16550K(502464K), 0.1197412 secs] [Times: user=0.06 sys=0.00, real=0.12 secs] 
Heap after GC invocations=7 (full 1):
 par new generation   total 109248K, used 16550K [0x00000007a0000000, 0x00000007a8000000, 0x00000007a8000000)
  eden space 87424K,   0% used [0x00000007a0000000, 0x00000007a0000000, 0x00000007a5560000)
  from space 21824K,  75% used [0x00000007a6ab0000, 0x00000007a7ad98a0, 0x00000007a8000000)
  to   space 21824K,   0% used [0x00000007a5560000, 0x00000007a5560000, 0x00000007a6ab0000)
 concurrent mark-sweep generation total 393216K, used 0K [0x00000007a8000000, 0x00000007c0000000, 0x00000007c0000000)
 Metaspace       used 29718K, capacity 30162K, committed 30604K, reserved 1077248K
  class space    used 3519K, capacity 3640K, committed 3728K, reserved 1048576K
}
2016-04-17T21:14:02.268-0100: 11.209: Total time for which application threads were stopped: 0.1200751 seconds, Stopping threads took: 0.0000586 seconds
2016-04-17T21:14:02.344-0100: 11.284: Total time for which application threads were stopped: 0.0004579 seconds, Stopping threads took: 0.0002853 seconds
2016-04-17T21:14:02.408-0100: 11.348: Total time for which application threads were stopped: 0.0002680 seconds, Stopping threads took: 0.0000600 seconds
2016-04-17T21:14:02.409-0100: 11.350: Total time for which application threads were stopped: 0.0001733 seconds, Stopping threads took: 0.0000427 seconds
2016-04-17T21:14:02.427-0100: 11.367: Total time for which application threads were stopped: 0.0002241 seconds, Stopping threads took: 0.0000629 seconds
2016-04-17T21:14:02.602-0100: 11.543: Total time for which application threads were stopped: 0.0374653 seconds, Stopping threads took: 0.0372374 seconds
2016-04-17T21:14:02.903-0100: 11.844: Total time for which application threads were stopped: 0.0179946 seconds, Stopping threads took: 0.0177461 seconds
2016-04-17T21:14:02.907-0100: 11.848: Total time for which application threads were stopped: 0.0002848 seconds, Stopping threads took: 0.0000743 seconds
2016-04-17T21:14:02.925-0100: 11.866: Total time for which application threads were stopped: 0.0002344 seconds, Stopping threads took: 0.0000818 seconds
2016-04-17T21:14:02.926-0100: 11.867: Total time for which application threads were stopped: 0.0001813 seconds, Stopping threads took: 0.0000661 seconds
2016-04-17T21:14:02.927-0100: 11.868: Total time for which application threads were stopped: 0.0001303 seconds, Stopping threads took: 0.0000408 seconds
2016-04-17T21:14:02.928-0100: 11.868: Total time for which application threads were stopped: 0.0001177 seconds, Stopping threads took: 0.0000362 seconds
2016-04-17T21:14:02.936-0100: 11.876: Total time for which application threads were stopped: 0.0002331 seconds, Stopping threads took: 0.0000632 seconds
2016-04-17T21:14:02.937-0100: 11.877: Total time for which application threads were stopped: 0.0001776 seconds, Stopping threads took: 0.0000545 seconds
2016-04-17T21:14:02.981-0100: 11.921: Total time for which application threads were stopped: 0.0004455 seconds, Stopping threads took: 0.0002442 seconds
2016-04-17T21:14:03.072-0100: 12.012: Total time for which application threads were stopped: 0.0007924 seconds, Stopping threads took: 0.0000809 seconds
2016-04-17T21:14:03.099-0100: 12.039: Total time for which application threads were stopped: 0.0183811 seconds, Stopping threads took: 0.0181734 seconds
2016-04-17T21:14:03.156-0100: 12.097: Total time for which application threads were stopped: 0.0002117 seconds, Stopping threads took: 0.0000515 seconds
2016-04-17T21:14:03.165-0100: 12.105: Total time for which application threads were stopped: 0.0002093 seconds, Stopping threads took: 0.0000720 seconds
2016-04-17T21:14:03.181-0100: 12.122: Total time for which application threads were stopped: 0.0003576 seconds, Stopping threads took: 0.0001231 seconds
2016-04-17T21:14:03.189-0100: 12.130: Total time for which application threads were stopped: 0.0035594 seconds, Stopping threads took: 0.0000550 seconds
2016-04-17T21:14:03.204-0100: 12.144: Total time for which application threads were stopped: 0.0002191 seconds, Stopping threads took: 0.0000533 seconds
2016-04-17T21:14:03.208-0100: 12.148: Total time for which application threads were stopped: 0.0002441 seconds, Stopping threads took: 0.0000596 seconds
2016-04-17T21:14:03.294-0100: 12.235: Total time for which application threads were stopped: 0.0113433 seconds, Stopping threads took: 0.0111018 seconds
2016-04-17T21:14:03.403-0100: 12.344: Total time for which application threads were stopped: 0.0002162 seconds, Stopping threads took: 0.0000592 seconds
2016-04-17T21:14:03.418-0100: 12.359: Total time for which application threads were stopped: 0.0002787 seconds, Stopping threads took: 0.0000643 seconds
2016-04-17T21:14:03.441-0100: 12.381: Total time for which application threads were stopped: 0.0111812 seconds, Stopping threads took: 0.0109957 seconds
2016-04-17T21:14:03.496-0100: 12.437: Total time for which application threads were stopped: 0.0002039 seconds, Stopping threads took: 0.0000514 seconds
2016-04-17T21:14:03.499-0100: 12.440: Total time for which application threads were stopped: 0.0001663 seconds, Stopping threads took: 0.0000332 seconds
2016-04-17T21:14:03.501-0100: 12.442: Total time for which application threads were stopped: 0.0001833 seconds, Stopping threads took: 0.0000471 seconds
2016-04-17T21:14:03.501-0100: 12.442: Total time for which application threads were stopped: 0.0001400 seconds, Stopping threads took: 0.0000718 seconds
2016-04-17T21:14:03.549-0100: 12.490: Total time for which application threads were stopped: 0.0161964 seconds, Stopping threads took: 0.0160005 seconds
2016-04-17T21:14:03.563-0100: 12.503: Total time for which application threads were stopped: 0.0115557 seconds, Stopping threads took: 0.0113525 seconds
2016-04-17T21:14:03.566-0100: 12.507: Total time for which application threads were stopped: 0.0002559 seconds, Stopping threads took: 0.0001129 seconds
2016-04-17T21:14:03.569-0100: 12.510: Total time for which application threads were stopped: 0.0001938 seconds, Stopping threads took: 0.0000334 seconds
2016-04-17T21:14:03.569-0100: 12.510: Total time for which application threads were stopped: 0.0000704 seconds, Stopping threads took: 0.0000104 seconds
2016-04-17T21:14:03.573-0100: 12.513: Total time for which application threads were stopped: 0.0001845 seconds, Stopping threads took: 0.0000369 seconds
2016-04-17T21:14:03.581-0100: 12.521: Total time for which application threads were stopped: 0.0001982 seconds, Stopping threads took: 0.0000514 seconds
2016-04-17T21:14:03.688-0100: 12.628: Total time for which application threads were stopped: 0.0002074 seconds, Stopping threads took: 0.0000652 seconds
2016-04-17T21:14:04.689-0100: 13.630: Total time for which application threads were stopped: 0.0002024 seconds, Stopping threads took: 0.0000488 seconds
2016-04-17T21:14:05.692-0100: 14.633: Total time for which application threads were stopped: 0.0001953 seconds, Stopping threads took: 0.0000473 seconds
2016-04-17T21:14:06.111-0100: 15.052: Total time for which application threads were stopped: 0.0002586 seconds, Stopping threads took: 0.0000356 seconds
2016-04-17T21:14:06.113-0100: 15.054: Total time for which application threads were stopped: 0.0001820 seconds, Stopping threads took: 0.0000526 seconds
2016-04-17T21:14:07.455-0100: 16.396: Total time for which application threads were stopped: 0.0001891 seconds, Stopping threads took: 0.0000331 seconds
2016-04-17T21:14:07.505-0100: 16.446: Total time for which application threads were stopped: 0.0001882 seconds, Stopping threads took: 0.0000377 seconds
2016-04-17T21:14:07.637-0100: 16.578: Total time for which application threads were stopped: 0.0001996 seconds, Stopping threads took: 0.0000378 seconds
2016-04-17T21:14:07.655-0100: 16.596: Total time for which application threads were stopped: 0.0002173 seconds, Stopping threads took: 0.0000661 seconds
2016-04-17T21:14:08.658-0100: 17.599: Total time for which application threads were stopped: 0.0001766 seconds, Stopping threads took: 0.0000422 seconds
2016-04-17T21:14:09.659-0100: 18.599: Total time for which application threads were stopped: 0.0001908 seconds, Stopping threads took: 0.0000472 seconds
2016-04-17T21:14:10.681-0100: 19.622: Total time for which application threads were stopped: 0.0002030 seconds, Stopping threads took: 0.0000498 seconds
2016-04-17T21:14:11.473-0100: 20.414: Total time for which application threads were stopped: 0.0008311 seconds, Stopping threads took: 0.0000620 seconds
2016-04-17T21:14:11.504-0100: 20.445: Total time for which application threads were stopped: 0.0007131 seconds, Stopping threads took: 0.0000419 seconds
2016-04-17T21:14:11.892-0100: 20.833: Total time for which application threads were stopped: 0.0002238 seconds, Stopping threads took: 0.0000326 seconds
2016-04-17T21:14:11.893-0100: 20.834: Total time for which application threads were stopped: 0.0006778 seconds, Stopping threads took: 0.0005193 seconds
2016-04-17T21:14:12.008-0100: 20.949: Total time for which application threads were stopped: 0.0024441 seconds, Stopping threads took: 0.0000422 seconds
2016-04-17T21:14:12.148-0100: 21.089: Total time for which application threads were stopped: 0.0028451 seconds, Stopping threads took: 0.0008456 seconds
2016-04-17T21:14:12.153-0100: 21.093: Total time for which application threads were stopped: 0.0019913 seconds, Stopping threads took: 0.0000886 seconds
{Heap before GC invocations=7 (full 1):
 par new generation   total 109248K, used 103974K [0x00000007a0000000, 0x00000007a8000000, 0x00000007a8000000)
  eden space 87424K, 100% used [0x00000007a0000000, 0x00000007a5560000, 0x00000007a5560000)
  from space 21824K,  75% used [0x00000007a6ab0000, 0x00000007a7ad98a0, 0x00000007a8000000)
  to   space 21824K,   0% used [0x00000007a5560000, 0x00000007a5560000, 0x00000007a6ab0000)
 concurrent mark-sweep generation total 393216K, used 0K [0x00000007a8000000, 0x00000007c0000000, 0x00000007c0000000)
 Metaspace       used 32988K, capacity 33322K, committed 33676K, reserved 1079296K
  class space    used 3877K, capacity 3966K, committed 3984K, reserved 1048576K
2016-04-17T21:14:12.670-0100: 21.610: [GC (Allocation Failure) 2016-04-17T21:14:12.670-0100: 21.610: [ParNew
Desired survivor size 20112992 bytes, new threshold 8 (max 8)
- age   1:   10557920 bytes,   10557920 total
- age   2:    1841328 bytes,   12399248 total
- age   3:     106944 bytes,   12506192 total
- age   4:     250840 bytes,   12757032 total
- age   5:     136856 bytes,   12893888 total
- age   6:     657976 bytes,   13551864 total
- age   7:    1896296 bytes,   15448160 total
- age   8:    5799952 bytes,   21248112 total
: 103974K->21824K(109248K), 0.1565202 secs] 103974K->23998K(502464K), 0.1567450 secs] [Times: user=0.12 sys=0.01, real=0.15 secs] 
Heap after GC invocations=8 (full 1):
 par new generation   total 109248K, used 21824K [0x00000007a0000000, 0x00000007a8000000, 0x00000007a8000000)
  eden space 87424K,   0% used [0x00000007a0000000, 0x00000007a0000000, 0x00000007a5560000)
  from space 21824K, 100% used [0x00000007a5560000, 0x00000007a6ab0000, 0x00000007a6ab0000)
  to   space 21824K,   0% used [0x00000007a6ab0000, 0x00000007a6ab0000, 0x00000007a8000000)
 concurrent mark-sweep generation total 393216K, used 2174K [0x00000007a8000000, 0x00000007c0000000, 0x00000007c0000000)
 Metaspace       used 32988K, capacity 33322K, committed 33676K, reserved 1079296K
  class space    used 3877K, capacity 3966K, committed 3984K, reserved 1048576K
}
2016-04-17T21:14:12.826-0100: 21.767: Total time for which application threads were stopped: 0.1577401 seconds, Stopping threads took: 0.0001023 seconds
2016-04-17T21:14:13.833-0100: 22.774: Total time for which application threads were stopped: 0.0014552 seconds, Stopping threads took: 0.0001533 seconds
2016-04-17T21:14:14.840-0100: 23.781: Total time for which application threads were stopped: 0.0020467 seconds, Stopping threads took: 0.0002206 seconds
2016-04-17T21:14:15.846-0100: 24.787: Total time for which application threads were stopped: 0.0025833 seconds, Stopping threads took: 0.0002821 seconds
2016-04-17T21:14:16.856-0100: 25.797: Total time for which application threads were stopped: 0.0057218 seconds, Stopping threads took: 0.0002796 seconds
2016-04-17T21:14:17.864-0100: 26.805: Total time for which application threads were stopped: 0.0037032 seconds, Stopping threads took: 0.0004883 seconds
2016-04-17T21:14:18.872-0100: 27.813: Total time for which application threads were stopped: 0.0049980 seconds, Stopping threads took: 0.0004349 seconds
2016-04-17T21:14:19.892-0100: 28.833: Total time for which application threads were stopped: 0.0189702 seconds, Stopping threads took: 0.0103041 seconds
2016-04-17T21:14:20.897-0100: 29.838: Total time for which application threads were stopped: 0.0053051 seconds, Stopping threads took: 0.0004714 seconds
2016-04-17T21:14:21.917-0100: 30.858: Total time for which application threads were stopped: 0.0168444 seconds, Stopping threads took: 0.0094254 seconds
{Heap before GC invocations=8 (full 1):
 par new generation   total 109248K, used 109248K [0x00000007a0000000, 0x00000007a8000000, 0x00000007a8000000)
  eden space 87424K, 100% used [0x00000007a0000000, 0x00000007a5560000, 0x00000007a5560000)
  from space 21824K, 100% used [0x00000007a5560000, 0x00000007a6ab0000, 0x00000007a6ab0000)
  to   space 21824K,   0% used [0x00000007a6ab0000, 0x00000007a6ab0000, 0x00000007a8000000)
 concurrent mark-sweep generation total 393216K, used 2174K [0x00000007a8000000, 0x00000007c0000000, 0x00000007c0000000)
 Metaspace       used 33901K, capacity 34282K, committed 34700K, reserved 1079296K
  class space    used 3878K, capacity 3966K, committed 3984K, reserved 1048576K
2016-04-17T21:14:21.965-0100: 30.906: [GC (Allocation Failure) 2016-04-17T21:14:22.030-0100: 30.973: [ParNew
Desired survivor size 20112992 bytes, new threshold 3 (max 8)
- age   1:   16168008 bytes,   16168008 total
- age   2:    3053616 bytes,   19221624 total
- age   3:    1523496 bytes,   20745120 total
- age   4:      97888 bytes,   20843008 total
- age   5:     162856 bytes,   21005864 total
- age   6:      93856 bytes,   21099720 total
- age   7:     259840 bytes,   21359560 total
- age   8:     981184 bytes,   22340744 total
: 109248K->21824K(109248K), 1.1684467 secs] 111422K->68675K(502464K), 1.2344818 secs] [Times: user=0.37 sys=0.18, real=1.24 secs] 
Heap after GC invocations=9 (full 1):
 par new generation   total 109248K, used 21824K [0x00000007a0000000, 0x00000007a8000000, 0x00000007a8000000)
  eden space 87424K,   0% used [0x00000007a0000000, 0x00000007a0000000, 0x00000007a5560000)
  from space 21824K, 100% used [0x00000007a6ab0000, 0x00000007a8000000, 0x00000007a8000000)
  to   space 21824K,   0% used [0x00000007a5560000, 0x00000007a5560000, 0x00000007a6ab0000)
 concurrent mark-sweep generation total 393216K, used 46851K [0x00000007a8000000, 0x00000007c0000000, 0x00000007c0000000)
 Metaspace       used 33901K, capacity 34282K, committed 34700K, reserved 1079296K
  class space    used 3878K, capacity 3966K, committed 3984K, reserved 1048576K
}
2016-04-17T21:14:23.200-0100: 32.141: Total time for which application threads were stopped: 1.2454025 seconds, Stopping threads took: 0.0042740 seconds
2016-04-17T21:14:23.799-0100: 32.740: Total time for which application threads were stopped: 0.0077916 seconds, Stopping threads took: 0.0005515 seconds
2016-04-17T21:14:23.807-0100: 32.748: Total time for which application threads were stopped: 0.0071818 seconds, Stopping threads took: 0.0005623 seconds
2016-04-17T21:14:23.825-0100: 32.766: Total time for which application threads were stopped: 0.0096897 seconds, Stopping threads took: 0.0017293 seconds
2016-04-17T21:14:23.997-0100: 32.938: Total time for which application threads were stopped: 0.0268397 seconds, Stopping threads took: 0.0076273 seconds
2016-04-17T21:14:24.030-0100: 32.971: Total time for which application threads were stopped: 0.0316680 seconds, Stopping threads took: 0.0109233 seconds
2016-04-17T21:14:24.038-0100: 32.979: Total time for which application threads were stopped: 0.0070906 seconds, Stopping threads took: 0.0003929 seconds
2016-04-17T21:14:24.104-0100: 33.045: Total time for which application threads were stopped: 0.0573162 seconds, Stopping threads took: 0.0118510 seconds
2016-04-17T21:14:24.175-0100: 33.116: Total time for which application threads were stopped: 0.0189986 seconds, Stopping threads took: 0.0045407 seconds
2016-04-17T21:14:24.211-0100: 33.152: Total time for which application threads were stopped: 0.0159098 seconds, Stopping threads took: 0.0005146 seconds
2016-04-17T21:14:24.306-0100: 33.247: Total time for which application threads were stopped: 0.0092734 seconds, Stopping threads took: 0.0005233 seconds
2016-04-17T21:14:24.331-0100: 33.273: Total time for which application threads were stopped: 0.0087182 seconds, Stopping threads took: 0.0005587 seconds
2016-04-17T21:14:24.422-0100: 33.363: Total time for which application threads were stopped: 0.0150850 seconds, Stopping threads took: 0.0066908 seconds
2016-04-17T21:14:24.869-0100: 33.810: Total time for which application threads were stopped: 0.2843574 seconds, Stopping threads took: 0.0079699 seconds
2016-04-17T21:14:25.018-0100: 33.959: Total time for which application threads were stopped: 0.0141591 seconds, Stopping threads took: 0.0044457 seconds
2016-04-17T21:14:25.142-0100: 34.084: Total time for which application threads were stopped: 0.0084499 seconds, Stopping threads took: 0.0005541 seconds
2016-04-17T21:14:25.165-0100: 34.106: Total time for which application threads were stopped: 0.0104958 seconds, Stopping threads took: 0.0006124 seconds
2016-04-17T21:14:25.181-0100: 34.123: Total time for which application threads were stopped: 0.0100292 seconds, Stopping threads took: 0.0005438 seconds
2016-04-17T21:14:25.224-0100: 34.165: Total time for which application threads were stopped: 0.0073319 seconds, Stopping threads took: 0.0006241 seconds
2016-04-17T21:14:25.246-0100: 34.187: Total time for which application threads were stopped: 0.0100516 seconds, Stopping threads took: 0.0005502 seconds
2016-04-17T21:14:25.273-0100: 34.215: Total time for which application threads were stopped: 0.0183341 seconds, Stopping threads took: 0.0005842 seconds
2016-04-17T21:14:25.331-0100: 34.272: Total time for which application threads were stopped: 0.0503394 seconds, Stopping threads took: 0.0006142 seconds
2016-04-17T21:14:25.440-0100: 34.382: Total time for which application threads were stopped: 0.0342513 seconds, Stopping threads took: 0.0216036 seconds
2016-04-17T21:14:25.492-0100: 34.433: Total time for which application threads were stopped: 0.0118420 seconds, Stopping threads took: 0.0006607 seconds
2016-04-17T21:14:25.762-0100: 34.703: Total time for which application threads were stopped: 0.0802300 seconds, Stopping threads took: 0.0733800 seconds
2016-04-17T21:14:25.771-0100: 34.712: Total time for which application threads were stopped: 0.0072035 seconds, Stopping threads took: 0.0005160 seconds
2016-04-17T21:14:25.786-0100: 34.728: Total time for which application threads were stopped: 0.0072056 seconds, Stopping threads took: 0.0005591 seconds
2016-04-17T21:14:25.916-0100: 34.857: Total time for which application threads were stopped: 0.0196567 seconds, Stopping threads took: 0.0127673 seconds
2016-04-17T21:14:25.926-0100: 34.868: Total time for which application threads were stopped: 0.0085326 seconds, Stopping threads took: 0.0006219 seconds
2016-04-17T21:14:25.960-0100: 34.902: Total time for which application threads were stopped: 0.0279065 seconds, Stopping threads took: 0.0006274 seconds
2016-04-17T21:14:26.104-0100: 35.045: Total time for which application threads were stopped: 0.1429077 seconds, Stopping threads took: 0.1208779 seconds
2016-04-17T21:14:26.121-0100: 35.063: Total time for which application threads were stopped: 0.0075714 seconds, Stopping threads took: 0.0005238 seconds
2016-04-17T21:14:26.186-0100: 35.127: Total time for which application threads were stopped: 0.0101153 seconds, Stopping threads took: 0.0005430 seconds
2016-04-17T21:14:26.222-0100: 35.163: Total time for which application threads were stopped: 0.0077698 seconds, Stopping threads took: 0.0006309 seconds
2016-04-17T21:14:26.341-0100: 35.283: Total time for which application threads were stopped: 0.0192537 seconds, Stopping threads took: 0.0120787 seconds
2016-04-17T21:14:26.708-0100: 35.649: Total time for which application threads were stopped: 0.2755444 seconds, Stopping threads took: 0.2287996 seconds
{Heap before GC invocations=9 (full 1):
 par new generation   total 109248K, used 109248K [0x00000007a0000000, 0x00000007a8000000, 0x00000007a8000000)
  eden space 87424K, 100% used [0x00000007a0000000, 0x00000007a5560000, 0x00000007a5560000)
  from space 21824K, 100% used [0x00000007a6ab0000, 0x00000007a8000000, 0x00000007a8000000)
  to   space 21824K,   0% used [0x00000007a5560000, 0x00000007a5560000, 0x00000007a6ab0000)
 concurrent mark-sweep generation total 393216K, used 46851K [0x00000007a8000000, 0x00000007c0000000, 0x00000007c0000000)
 Metaspace       used 34521K, capacity 34964K, committed 35340K, reserved 1081344K
  class space    used 3935K, capacity 4065K, committed 4112K, reserved 1048576K
2016-04-17T21:14:26.806-0100: 35.747: [GC (Allocation Failure) 2016-04-17T21:14:26.806-0100: 35.748: [ParNew
Desired survivor size 20112992 bytes, new threshold 3 (max 8)
- age   1:    7976016 bytes,    7976016 total
- age   2:   12058488 bytes,   20034504 total
- age   3:    1151752 bytes,   21186256 total
: 109248K->21824K(109248K), 0.2214028 secs] 156099K->78441K(502464K), 0.2225530 secs] [Times: user=0.18 sys=0.05, real=0.22 secs] 
Heap after GC invocations=10 (full 1):
 par new generation   total 109248K, used 21824K [0x00000007a0000000, 0x00000007a8000000, 0x00000007a8000000)
  eden space 87424K,   0% used [0x00000007a0000000, 0x00000007a0000000, 0x00000007a5560000)
  from space 21824K, 100% used [0x00000007a5560000, 0x00000007a6ab0000, 0x00000007a6ab0000)
  to   space 21824K,   0% used [0x00000007a6ab0000, 0x00000007a6ab0000, 0x00000007a8000000)
 concurrent mark-sweep generation total 393216K, used 56617K [0x00000007a8000000, 0x00000007c0000000, 0x00000007c0000000)
 Metaspace       used 34521K, capacity 34964K, committed 35340K, reserved 1081344K
  class space    used 3935K, capacity 4065K, committed 4112K, reserved 1048576K
}
2016-04-17T21:14:27.029-0100: 35.970: Total time for which application threads were stopped: 0.2305546 seconds, Stopping threads took: 0.0005447 seconds
2016-04-17T21:14:27.045-0100: 35.986: Total time for which application threads were stopped: 0.0108383 seconds, Stopping threads took: 0.0036754 seconds
2016-04-17T21:14:27.183-0100: 36.125: Total time for which application threads were stopped: 0.0231483 seconds, Stopping threads took: 0.0126637 seconds
2016-04-17T21:14:27.309-0100: 36.250: Total time for which application threads were stopped: 0.0356706 seconds, Stopping threads took: 0.0286407 seconds
2016-04-17T21:14:27.402-0100: 36.343: Total time for which application threads were stopped: 0.0231222 seconds, Stopping threads took: 0.0148704 seconds
2016-04-17T21:14:27.564-0100: 36.505: Total time for which application threads were stopped: 0.0548585 seconds, Stopping threads took: 0.0477298 seconds
2016-04-17T21:14:27.681-0100: 36.622: Total time for which application threads were stopped: 0.0084089 seconds, Stopping threads took: 0.0006296 seconds
{Heap before GC invocations=10 (full 1):
 par new generation   total 109248K, used 109248K [0x00000007a0000000, 0x00000007a8000000, 0x00000007a8000000)
  eden space 87424K, 100% used [0x00000007a0000000, 0x00000007a5560000, 0x00000007a5560000)
  from space 21824K, 100% used [0x00000007a5560000, 0x00000007a6ab0000, 0x00000007a6ab0000)
  to   space 21824K,   0% used [0x00000007a6ab0000, 0x00000007a6ab0000, 0x00000007a8000000)
 concurrent mark-sweep generation total 393216K, used 56617K [0x00000007a8000000, 0x00000007c0000000, 0x00000007c0000000)
 Metaspace       used 34536K, capacity 34970K, committed 35340K, reserved 1081344K
  class space    used 3935K, capacity 4066K, committed 4112K, reserved 1048576K
2016-04-17T21:14:27.738-0100: 36.679: [GC (Allocation Failure) 2016-04-17T21:14:27.738-0100: 36.679: [ParNew
Desired survivor size 20112992 bytes, new threshold 8 (max 8)
- age   1:     352040 bytes,     352040 total
- age   2:    7553224 bytes,    7905264 total
- age   3:   12032856 bytes,   19938120 total
: 109248K->21824K(109248K), 0.1144813 secs] 165865K->79952K(502464K), 0.1162411 secs] [Times: user=0.12 sys=0.01, real=0.12 secs] 
Heap after GC invocations=11 (full 1):
 par new generation   total 109248K, used 21824K [0x00000007a0000000, 0x00000007a8000000, 0x00000007a8000000)
  eden space 87424K,   0% used [0x00000007a0000000, 0x00000007a0000000, 0x00000007a5560000)
  from space 21824K, 100% used [0x00000007a6ab0000, 0x00000007a8000000, 0x00000007a8000000)
  to   space 21824K,   0% used [0x00000007a5560000, 0x00000007a5560000, 0x00000007a6ab0000)
 concurrent mark-sweep generation total 393216K, used 58128K [0x00000007a8000000, 0x00000007c0000000, 0x00000007c0000000)
 Metaspace       used 34536K, capacity 34970K, committed 35340K, reserved 1081344K
  class space    used 3935K, capacity 4066K, committed 4112K, reserved 1048576K
}
2016-04-17T21:14:27.855-0100: 36.796: Total time for which application threads were stopped: 0.1252948 seconds, Stopping threads took: 0.0005859 seconds
2016-04-17T21:14:27.871-0100: 36.812: Total time for which application threads were stopped: 0.0085872 seconds, Stopping threads took: 0.0007353 seconds
2016-04-17T21:14:27.967-0100: 36.908: Total time for which application threads were stopped: 0.0072165 seconds, Stopping threads took: 0.0005669 seconds
2016-04-17T21:14:28.025-0100: 36.967: Total time for which application threads were stopped: 0.0437574 seconds, Stopping threads took: 0.0316675 seconds
2016-04-17T21:14:28.098-0100: 37.039: Total time for which application threads were stopped: 0.0084308 seconds, Stopping threads took: 0.0016189 seconds
2016-04-17T21:14:28.219-0100: 37.160: Total time for which application threads were stopped: 0.0070892 seconds, Stopping threads took: 0.0006195 seconds
2016-04-17T21:14:28.276-0100: 37.217: Total time for which application threads were stopped: 0.0075228 seconds, Stopping threads took: 0.0005227 seconds
2016-04-17T21:14:28.286-0100: 37.227: Total time for which application threads were stopped: 0.0099789 seconds, Stopping threads took: 0.0003471 seconds
2016-04-17T21:14:28.338-0100: 37.280: Total time for which application threads were stopped: 0.0335465 seconds, Stopping threads took: 0.0237340 seconds
2016-04-17T21:14:28.446-0100: 37.387: Total time for which application threads were stopped: 0.0088590 seconds, Stopping threads took: 0.0005553 seconds
2016-04-17T21:14:28.461-0100: 37.402: Total time for which application threads were stopped: 0.0092127 seconds, Stopping threads took: 0.0005637 seconds
2016-04-17T21:14:28.482-0100: 37.423: Total time for which application threads were stopped: 0.0079283 seconds, Stopping threads took: 0.0005151 seconds
2016-04-17T21:14:28.590-0100: 37.531: Total time for which application threads were stopped: 0.0299295 seconds, Stopping threads took: 0.0044008 seconds
2016-04-17T21:14:28.631-0100: 37.573: Total time for which application threads were stopped: 0.0172932 seconds, Stopping threads took: 0.0005485 seconds
2016-04-17T21:14:28.646-0100: 37.587: Total time for which application threads were stopped: 0.0143583 seconds, Stopping threads took: 0.0004884 seconds
2016-04-17T21:14:28.662-0100: 37.603: Total time for which application threads were stopped: 0.0155075 seconds, Stopping threads took: 0.0006603 seconds
2016-04-17T21:14:28.677-0100: 37.619: Total time for which application threads were stopped: 0.0153470 seconds, Stopping threads took: 0.0004444 seconds
2016-04-17T21:14:28.747-0100: 37.689: Total time for which application threads were stopped: 0.0698017 seconds, Stopping threads took: 0.0003392 seconds
2016-04-17T21:14:28.765-0100: 37.707: Total time for which application threads were stopped: 0.0170214 seconds, Stopping threads took: 0.0004739 seconds
2016-04-17T21:14:28.791-0100: 37.732: Total time for which application threads were stopped: 0.0169696 seconds, Stopping threads took: 0.0005894 seconds
2016-04-17T21:14:28.865-0100: 37.807: Total time for which application threads were stopped: 0.0230808 seconds, Stopping threads took: 0.0005195 seconds
2016-04-17T21:14:28.913-0100: 37.855: Total time for which application threads were stopped: 0.0196017 seconds, Stopping threads took: 0.0054189 seconds
2016-04-17T21:14:29.023-0100: 37.967: Total time for which application threads were stopped: 0.0195201 seconds, Stopping threads took: 0.0012743 seconds
2016-04-17T21:14:29.035-0100: 37.976: Total time for which application threads were stopped: 0.0078566 seconds, Stopping threads took: 0.0005404 seconds
2016-04-17T21:14:29.042-0100: 37.984: Total time for which application threads were stopped: 0.0074338 seconds, Stopping threads took: 0.0004171 seconds
2016-04-17T21:14:29.509-0100: 38.450: Total time for which application threads were stopped: 0.4592401 seconds, Stopping threads took: 0.0006630 seconds
2016-04-17T21:14:29.605-0100: 38.546: Total time for which application threads were stopped: 0.0357215 seconds, Stopping threads took: 0.0005712 seconds
2016-04-17T21:14:29.614-0100: 38.555: Total time for which application threads were stopped: 0.0083793 seconds, Stopping threads took: 0.0004995 seconds
2016-04-17T21:14:29.626-0100: 38.568: Total time for which application threads were stopped: 0.0126550 seconds, Stopping threads took: 0.0003945 seconds
2016-04-17T21:14:29.643-0100: 38.584: Total time for which application threads were stopped: 0.0166217 seconds, Stopping threads took: 0.0004079 seconds
2016-04-17T21:14:29.658-0100: 38.599: Total time for which application threads were stopped: 0.0137986 seconds, Stopping threads took: 0.0005380 seconds
2016-04-17T21:14:29.668-0100: 38.609: Total time for which application threads were stopped: 0.0099459 seconds, Stopping threads took: 0.0004462 seconds
2016-04-17T21:14:29.681-0100: 38.623: Total time for which application threads were stopped: 0.0136106 seconds, Stopping threads took: 0.0004584 seconds
2016-04-17T21:14:29.748-0100: 38.690: Total time for which application threads were stopped: 0.0165108 seconds, Stopping threads took: 0.0005519 seconds
2016-04-17T21:14:29.775-0100: 38.716: Total time for which application threads were stopped: 0.0258857 seconds, Stopping threads took: 0.0005108 seconds
2016-04-17T21:14:29.796-0100: 38.738: Total time for which application threads were stopped: 0.0215095 seconds, Stopping threads took: 0.0003582 seconds
2016-04-17T21:14:29.812-0100: 38.753: Total time for which application threads were stopped: 0.0149142 seconds, Stopping threads took: 0.0006100 seconds
2016-04-17T21:14:29.822-0100: 38.763: Total time for which application threads were stopped: 0.0095553 seconds, Stopping threads took: 0.0004161 seconds
2016-04-17T21:14:29.831-0100: 38.772: Total time for which application threads were stopped: 0.0089221 seconds, Stopping threads took: 0.0003855 seconds
2016-04-17T21:14:29.863-0100: 38.804: Total time for which application threads were stopped: 0.0313910 seconds, Stopping threads took: 0.0019919 seconds
2016-04-17T21:14:29.915-0100: 38.857: Total time for which application threads were stopped: 0.0147071 seconds, Stopping threads took: 0.0005200 seconds
2016-04-17T21:14:30.059-0100: 39.000: Total time for which application threads were stopped: 0.1415742 seconds, Stopping threads took: 0.0004918 seconds
2016-04-17T21:14:30.099-0100: 39.041: Total time for which application threads were stopped: 0.0141570 seconds, Stopping threads took: 0.0005857 seconds
2016-04-17T21:14:30.127-0100: 39.069: Total time for which application threads were stopped: 0.0272779 seconds, Stopping threads took: 0.0004476 seconds
2016-04-17T21:14:30.221-0100: 39.162: Total time for which application threads were stopped: 0.0222754 seconds, Stopping threads took: 0.0005746 seconds
2016-04-17T21:14:30.259-0100: 39.201: Total time for which application threads were stopped: 0.0207112 seconds, Stopping threads took: 0.0005267 seconds
2016-04-17T21:14:30.379-0100: 39.320: Total time for which application threads were stopped: 0.0233861 seconds, Stopping threads took: 0.0161893 seconds
2016-04-17T21:14:30.501-0100: 39.443: Total time for which application threads were stopped: 0.0112006 seconds, Stopping threads took: 0.0005959 seconds
{Heap before GC invocations=11 (full 1):
 par new generation   total 109248K, used 109248K [0x00000007a0000000, 0x00000007a8000000, 0x00000007a8000000)
  eden space 87424K, 100% used [0x00000007a0000000, 0x00000007a5560000, 0x00000007a5560000)
  from space 21824K, 100% used [0x00000007a6ab0000, 0x00000007a8000000, 0x00000007a8000000)
  to   space 21824K,   0% used [0x00000007a5560000, 0x00000007a5560000, 0x00000007a6ab0000)
 concurrent mark-sweep generation total 393216K, used 58128K [0x00000007a8000000, 0x00000007c0000000, 0x00000007c0000000)
 Metaspace       used 34776K, capacity 35186K, committed 35596K, reserved 1081344K
  class space    used 3947K, capacity 4070K, committed 4112K, reserved 1048576K
2016-04-17T21:14:31.007-0100: 39.949: [GC (Allocation Failure) 2016-04-17T21:14:31.008-0100: 39.950: [ParNew
Desired survivor size 20112992 bytes, new threshold 4 (max 8)
- age   1:    2737408 bytes,    2737408 total
- age   2:     138816 bytes,    2876224 total
- age   3:    6177112 bytes,    9053336 total
- age   4:   11957888 bytes,   21011224 total
: 109248K->21824K(109248K), 0.1037639 secs] 167376K->80752K(502464K), 0.1052418 secs] [Times: user=0.10 sys=0.01, real=0.11 secs] 
Heap after GC invocations=12 (full 1):
 par new generation   total 109248K, used 21824K [0x00000007a0000000, 0x00000007a8000000, 0x00000007a8000000)
  eden space 87424K,   0% used [0x00000007a0000000, 0x00000007a0000000, 0x00000007a5560000)
  from space 21824K, 100% used [0x00000007a5560000, 0x00000007a6ab0000, 0x00000007a6ab0000)
  to   space 21824K,   0% used [0x00000007a6ab0000, 0x00000007a6ab0000, 0x00000007a8000000)
 concurrent mark-sweep generation total 393216K, used 58928K [0x00000007a8000000, 0x00000007c0000000, 0x00000007c0000000)
 Metaspace       used 34776K, capacity 35186K, committed 35596K, reserved 1081344K
  class space    used 3947K, capacity 4070K, committed 4112K, reserved 1048576K
}
2016-04-17T21:14:31.113-0100: 40.054: Total time for which application threads were stopped: 0.1278340 seconds, Stopping threads took: 0.0162147 seconds
2016-04-17T21:14:31.149-0100: 40.090: Total time for which application threads were stopped: 0.0129062 seconds, Stopping threads took: 0.0007194 seconds
2016-04-17T21:14:32.180-0100: 41.122: Total time for which application threads were stopped: 0.0307288 seconds, Stopping threads took: 0.0269682 seconds
{Heap before GC invocations=12 (full 1):
 par new generation   total 109248K, used 109248K [0x00000007a0000000, 0x00000007a8000000, 0x00000007a8000000)
  eden space 87424K, 100% used [0x00000007a0000000, 0x00000007a5560000, 0x00000007a5560000)
  from space 21824K, 100% used [0x00000007a5560000, 0x00000007a6ab0000, 0x00000007a6ab0000)
  to   space 21824K,   0% used [0x00000007a6ab0000, 0x00000007a6ab0000, 0x00000007a8000000)
 concurrent mark-sweep generation total 393216K, used 58928K [0x00000007a8000000, 0x00000007c0000000, 0x00000007c0000000)
 Metaspace       used 34991K, capacity 35426K, committed 35852K, reserved 1081344K
  class space    used 3951K, capacity 4078K, committed 4112K, reserved 1048576K
2016-04-17T21:14:32.476-0100: 41.417: [GC (Allocation Failure) 2016-04-17T21:14:32.477-0100: 41.418: [ParNew
Desired survivor size 20112992 bytes, new threshold 8 (max 8)
- age   1:    5369976 bytes,    5369976 total
- age   2:    2258336 bytes,    7628312 total
- age   3:     138784 bytes,    7767096 total
- age   4:    6177144 bytes,   13944240 total
: 109248K->20337K(109248K), 0.2369106 secs] 168176K->90513K(502464K), 0.2383215 secs] [Times: user=0.11 sys=0.02, real=0.24 secs] 
Heap after GC invocations=13 (full 1):
 par new generation   total 109248K, used 20337K [0x00000007a0000000, 0x00000007a8000000, 0x00000007a8000000)
  eden space 87424K,   0% used [0x00000007a0000000, 0x00000007a0000000, 0x00000007a5560000)
  from space 21824K,  93% used [0x00000007a6ab0000, 0x00000007a7e8c540, 0x00000007a8000000)
  to   space 21824K,   0% used [0x00000007a5560000, 0x00000007a5560000, 0x00000007a6ab0000)
 concurrent mark-sweep generation total 393216K, used 70175K [0x00000007a8000000, 0x00000007c0000000, 0x00000007c0000000)
 Metaspace       used 34991K, capacity 35426K, committed 35852K, reserved 1081344K
  class space    used 3951K, capacity 4078K, committed 4112K, reserved 1048576K
}
2016-04-17T21:14:32.715-0100: 41.656: Total time for which application threads were stopped: 0.2686247 seconds, Stopping threads took: 0.0222550 seconds
2016-04-17T21:14:32.942-0100: 41.883: Total time for which application threads were stopped: 0.0193816 seconds, Stopping threads took: 0.0156214 seconds
2016-04-17T21:14:32.954-0100: 41.896: Total time for which application threads were stopped: 0.0040559 seconds, Stopping threads took: 0.0006171 seconds
2016-04-17T21:14:33.099-0100: 42.040: Total time for which application threads were stopped: 0.0514726 seconds, Stopping threads took: 0.0387549 seconds
2016-04-17T21:14:33.285-0100: 42.227: Total time for which application threads were stopped: 0.0038716 seconds, Stopping threads took: 0.0009308 seconds
2016-04-17T21:14:33.289-0100: 42.230: Total time for which application threads were stopped: 0.0034106 seconds, Stopping threads took: 0.0004771 seconds
2016-04-17T21:14:33.303-0100: 42.244: Total time for which application threads were stopped: 0.0111218 seconds, Stopping threads took: 0.0007486 seconds
2016-04-17T21:14:33.309-0100: 42.250: Total time for which application threads were stopped: 0.0052750 seconds, Stopping threads took: 0.0004647 seconds
{Heap before GC invocations=13 (full 1):
 par new generation   total 109248K, used 107761K [0x00000007a0000000, 0x00000007a8000000, 0x00000007a8000000)
  eden space 87424K, 100% used [0x00000007a0000000, 0x00000007a5560000, 0x00000007a5560000)
  from space 21824K,  93% used [0x00000007a6ab0000, 0x00000007a7e8c540, 0x00000007a8000000)
  to   space 21824K,   0% used [0x00000007a5560000, 0x00000007a5560000, 0x00000007a6ab0000)
 concurrent mark-sweep generation total 393216K, used 70175K [0x00000007a8000000, 0x00000007c0000000, 0x00000007c0000000)
 Metaspace       used 35156K, capacity 35592K, committed 36108K, reserved 1081344K
  class space    used 3968K, capacity 4111K, committed 4112K, reserved 1048576K
2016-04-17T21:14:33.338-0100: 42.279: [GC (Allocation Failure) 2016-04-17T21:14:33.346-0100: 42.287: [ParNew
Desired survivor size 20112992 bytes, new threshold 8 (max 8)
- age   1:    1706728 bytes,    1706728 total
- age   2:    4920648 bytes,    6627376 total
- age   3:    2246976 bytes,    8874352 total
- age   4:     138784 bytes,    9013136 total
- age   5:    6176952 bytes,   15190088 total
: 107761K->20381K(109248K), 0.1108993 secs] 177937K->90557K(502464K), 0.1191902 secs] [Times: user=0.07 sys=0.00, real=0.12 secs] 
Heap after GC invocations=14 (full 1):
 par new generation   total 109248K, used 20381K [0x00000007a0000000, 0x00000007a8000000, 0x00000007a8000000)
  eden space 87424K,   0% used [0x00000007a0000000, 0x00000007a0000000, 0x00000007a5560000)
  from space 21824K,  93% used [0x00000007a5560000, 0x00000007a69476c0, 0x00000007a6ab0000)
  to   space 21824K,   0% used [0x00000007a6ab0000, 0x00000007a6ab0000, 0x00000007a8000000)
 concurrent mark-sweep generation total 393216K, used 70175K [0x00000007a8000000, 0x00000007c0000000, 0x00000007c0000000)
 Metaspace       used 35156K, capacity 35592K, committed 36108K, reserved 1081344K
  class space    used 3968K, capacity 4111K, committed 4112K, reserved 1048576K
}
2016-04-17T21:14:33.458-0100: 42.399: Total time for which application threads were stopped: 0.1232137 seconds, Stopping threads took: 0.0005337 seconds
2016-04-17T21:14:33.766-0100: 42.707: Total time for which application threads were stopped: 0.0307359 seconds, Stopping threads took: 0.0243698 seconds
2016-04-17T21:14:33.913-0100: 42.854: Total time for which application threads were stopped: 0.0038671 seconds, Stopping threads took: 0.0013521 seconds
2016-04-17T21:14:34.067-0100: 43.008: Total time for which application threads were stopped: 0.0422637 seconds, Stopping threads took: 0.0377561 seconds
{Heap before GC invocations=14 (full 1):
 par new generation   total 109248K, used 107805K [0x00000007a0000000, 0x00000007a8000000, 0x00000007a8000000)
  eden space 87424K, 100% used [0x00000007a0000000, 0x00000007a5560000, 0x00000007a5560000)
  from space 21824K,  93% used [0x00000007a5560000, 0x00000007a69476c0, 0x00000007a6ab0000)
  to   space 21824K,   0% used [0x00000007a6ab0000, 0x00000007a6ab0000, 0x00000007a8000000)
 concurrent mark-sweep generation total 393216K, used 70175K [0x00000007a8000000, 0x00000007c0000000, 0x00000007c0000000)
 Metaspace       used 35169K, capacity 35598K, committed 36108K, reserved 1081344K
  class space    used 3968K, capacity 4112K, committed 4112K, reserved 1048576K
2016-04-17T21:14:34.241-0100: 43.183: [GC (Allocation Failure) 2016-04-17T21:14:34.242-0100: 43.183: [ParNew
Desired survivor size 20112992 bytes, new threshold 8 (max 8)
- age   1:    2034168 bytes,    2034168 total
- age   2:    1063080 bytes,    3097248 total
- age   3:    4920256 bytes,    8017504 total
- age   4:    2246704 bytes,   10264208 total
- age   5:     138784 bytes,   10402992 total
- age   6:    6176168 bytes,   16579160 total
: 107805K->18248K(109248K), 0.1353881 secs] 177981K->88424K(502464K), 0.1361633 secs] [Times: user=0.08 sys=0.00, real=0.13 secs] 
Heap after GC invocations=15 (full 1):
 par new generation   total 109248K, used 18248K [0x00000007a0000000, 0x00000007a8000000, 0x00000007a8000000)
  eden space 87424K,   0% used [0x00000007a0000000, 0x00000007a0000000, 0x00000007a5560000)
  from space 21824K,  83% used [0x00000007a6ab0000, 0x00000007a7c82280, 0x00000007a8000000)
  to   space 21824K,   0% used [0x00000007a5560000, 0x00000007a5560000, 0x00000007a6ab0000)
 concurrent mark-sweep generation total 393216K, used 70175K [0x00000007a8000000, 0x00000007c0000000, 0x00000007c0000000)
 Metaspace       used 35169K, capacity 35598K, committed 36108K, reserved 1081344K
  class space    used 3968K, capacity 4112K, committed 4112K, reserved 1048576K
}
2016-04-17T21:14:34.378-0100: 43.320: Total time for which application threads were stopped: 0.1540117 seconds, Stopping threads took: 0.0144799 seconds
{Heap before GC invocations=15 (full 1):
 par new generation   total 109248K, used 105672K [0x00000007a0000000, 0x00000007a8000000, 0x00000007a8000000)
  eden space 87424K, 100% used [0x00000007a0000000, 0x00000007a5560000, 0x00000007a5560000)
  from space 21824K,  83% used [0x00000007a6ab0000, 0x00000007a7c82280, 0x00000007a8000000)
  to   space 21824K,   0% used [0x00000007a5560000, 0x00000007a5560000, 0x00000007a6ab0000)
 concurrent mark-sweep generation total 393216K, used 70175K [0x00000007a8000000, 0x00000007c0000000, 0x00000007c0000000)
 Metaspace       used 35205K, capacity 35662K, committed 36108K, reserved 1081344K
  class space    used 3969K, capacity 4112K, committed 4112K, reserved 1048576K
2016-04-17T21:14:34.887-0100: 43.828: [GC (Allocation Failure) 2016-04-17T21:14:34.887-0100: 43.829: [ParNew
Desired survivor size 20112992 bytes, new threshold 8 (max 8)
- age   1:     744656 bytes,     744656 total
- age   2:    1363368 bytes,    2108024 total
- age   3:    1062024 bytes,    3170048 total
- age   4:    4231008 bytes,    7401056 total
- age   5:    2246584 bytes,    9647640 total
- age   6:     138784 bytes,    9786424 total
- age   7:    6176168 bytes,   15962592 total
: 105672K->21255K(109248K), 0.0689882 secs] 175848K->91431K(502464K), 0.0697574 secs] [Times: user=0.07 sys=0.00, real=0.07 secs] 
Heap after GC invocations=16 (full 1):
 par new generation   total 109248K, used 21255K [0x00000007a0000000, 0x00000007a8000000, 0x00000007a8000000)
  eden space 87424K,   0% used [0x00000007a0000000, 0x00000007a0000000, 0x00000007a5560000)
  from space 21824K,  97% used [0x00000007a5560000, 0x00000007a6a21f90, 0x00000007a6ab0000)
  to   space 21824K,   0% used [0x00000007a6ab0000, 0x00000007a6ab0000, 0x00000007a8000000)
 concurrent mark-sweep generation total 393216K, used 70175K [0x00000007a8000000, 0x00000007c0000000, 0x00000007c0000000)
 Metaspace       used 35205K, capacity 35662K, committed 36108K, reserved 1081344K
  class space    used 3969K, capacity 4112K, committed 4112K, reserved 1048576K
}
2016-04-17T21:14:34.957-0100: 43.899: Total time for which application threads were stopped: 0.0746512 seconds, Stopping threads took: 0.0005792 seconds
2016-04-17T21:14:35.214-0100: 44.156: Total time for which application threads were stopped: 0.0027432 seconds, Stopping threads took: 0.0004253 seconds
2016-04-17T21:14:35.253-0100: 44.195: Total time for which application threads were stopped: 0.0032409 seconds, Stopping threads took: 0.0003735 seconds
2016-04-17T21:14:35.258-0100: 44.199: Total time for which application threads were stopped: 0.0039176 seconds, Stopping threads took: 0.0017066 seconds
2016-04-17T21:14:35.264-0100: 44.206: Total time for which application threads were stopped: 0.0063488 seconds, Stopping threads took: 0.0041418 seconds
2016-04-17T21:14:35.267-0100: 44.209: Total time for which application threads were stopped: 0.0027539 seconds, Stopping threads took: 0.0005803 seconds
2016-04-17T21:14:35.270-0100: 44.211: Total time for which application threads were stopped: 0.0024503 seconds, Stopping threads took: 0.0003365 seconds
2016-04-17T21:14:35.276-0100: 44.218: Total time for which application threads were stopped: 0.0025723 seconds, Stopping threads took: 0.0003975 seconds
2016-04-17T21:14:35.291-0100: 44.233: Total time for which application threads were stopped: 0.0028422 seconds, Stopping threads took: 0.0005550 seconds
2016-04-17T21:14:35.294-0100: 44.236: Total time for which application threads were stopped: 0.0025580 seconds, Stopping threads took: 0.0003496 seconds
2016-04-17T21:14:35.297-0100: 44.239: Total time for which application threads were stopped: 0.0025189 seconds, Stopping threads took: 0.0003610 seconds
2016-04-17T21:14:35.300-0100: 44.241: Total time for which application threads were stopped: 0.0024006 seconds, Stopping threads took: 0.0002361 seconds
2016-04-17T21:14:35.302-0100: 44.244: Total time for which application threads were stopped: 0.0025198 seconds, Stopping threads took: 0.0002579 seconds
2016-04-17T21:14:35.305-0100: 44.247: Total time for which application threads were stopped: 0.0024991 seconds, Stopping threads took: 0.0003090 seconds
2016-04-17T21:14:35.308-0100: 44.250: Total time for which application threads were stopped: 0.0028009 seconds, Stopping threads took: 0.0003827 seconds
2016-04-17T21:14:35.313-0100: 44.255: Total time for which application threads were stopped: 0.0025542 seconds, Stopping threads took: 0.0004009 seconds
2016-04-17T21:14:35.317-0100: 44.259: Total time for which application threads were stopped: 0.0025715 seconds, Stopping threads took: 0.0003900 seconds
2016-04-17T21:14:35.320-0100: 44.261: Total time for which application threads were stopped: 0.0024360 seconds, Stopping threads took: 0.0003109 seconds
2016-04-17T21:14:35.322-0100: 44.264: Total time for which application threads were stopped: 0.0022658 seconds, Stopping threads took: 0.0002466 seconds
2016-04-17T21:14:35.411-0100: 44.352: Total time for which application threads were stopped: 0.0028408 seconds, Stopping threads took: 0.0005531 seconds
2016-04-17T21:14:35.421-0100: 44.362: Total time for which application threads were stopped: 0.0025740 seconds, Stopping threads took: 0.0003729 seconds
2016-04-17T21:14:35.423-0100: 44.365: Total time for which application threads were stopped: 0.0024809 seconds, Stopping threads took: 0.0003323 seconds
2016-04-17T21:14:35.426-0100: 44.368: Total time for which application threads were stopped: 0.0024935 seconds, Stopping threads took: 0.0002367 seconds
2016-04-17T21:14:35.429-0100: 44.371: Total time for which application threads were stopped: 0.0030800 seconds, Stopping threads took: 0.0003274 seconds
2016-04-17T21:14:35.432-0100: 44.374: Total time for which application threads were stopped: 0.0026142 seconds, Stopping threads took: 0.0002686 seconds
2016-04-17T21:14:35.435-0100: 44.376: Total time for which application threads were stopped: 0.0024436 seconds, Stopping threads took: 0.0002586 seconds
2016-04-17T21:14:35.437-0100: 44.378: Total time for which application threads were stopped: 0.0022641 seconds, Stopping threads took: 0.0002561 seconds
2016-04-17T21:14:35.461-0100: 44.402: Total time for which application threads were stopped: 0.0235135 seconds, Stopping threads took: 0.0002107 seconds
2016-04-17T21:14:35.479-0100: 44.420: Total time for which application threads were stopped: 0.0027195 seconds, Stopping threads took: 0.0004359 seconds
2016-04-17T21:14:35.482-0100: 44.423: Total time for which application threads were stopped: 0.0025173 seconds, Stopping threads took: 0.0003018 seconds
2016-04-17T21:14:35.486-0100: 44.427: Total time for which application threads were stopped: 0.0030651 seconds, Stopping threads took: 0.0003568 seconds
2016-04-17T21:14:35.488-0100: 44.430: Total time for which application threads were stopped: 0.0026224 seconds, Stopping threads took: 0.0003725 seconds
2016-04-17T21:14:35.500-0100: 44.442: Total time for which application threads were stopped: 0.0026458 seconds, Stopping threads took: 0.0004038 seconds
2016-04-17T21:14:35.505-0100: 44.446: Total time for which application threads were stopped: 0.0025175 seconds, Stopping threads took: 0.0003627 seconds
2016-04-17T21:14:35.529-0100: 44.471: Total time for which application threads were stopped: 0.0025778 seconds, Stopping threads took: 0.0004035 seconds
2016-04-17T21:14:35.533-0100: 44.475: Total time for which application threads were stopped: 0.0029687 seconds, Stopping threads took: 0.0003525 seconds
2016-04-17T21:14:35.546-0100: 44.488: Total time for which application threads were stopped: 0.0030196 seconds, Stopping threads took: 0.0003932 seconds
2016-04-17T21:14:35.553-0100: 44.495: Total time for which application threads were stopped: 0.0026356 seconds, Stopping threads took: 0.0004257 seconds
2016-04-17T21:14:35.559-0100: 44.500: Total time for which application threads were stopped: 0.0046163 seconds, Stopping threads took: 0.0002628 seconds
2016-04-17T21:14:37.575-0100: 46.516: Total time for which application threads were stopped: 0.0032029 seconds, Stopping threads took: 0.0010368 seconds
2016-04-17T21:14:39.585-0100: 48.527: Total time for which application threads were stopped: 0.0026213 seconds, Stopping threads took: 0.0004247 seconds
2016-04-17T21:14:46.607-0100: 55.549: Total time for which application threads were stopped: 0.0028829 seconds, Stopping threads took: 0.0004822 seconds
2016-04-17T21:14:50.625-0100: 59.567: Total time for which application threads were stopped: 0.0025994 seconds, Stopping threads took: 0.0004716 seconds
2016-04-17T21:14:51.629-0100: 60.571: Total time for which application threads were stopped: 0.0023361 seconds, Stopping threads took: 0.0003781 seconds
2016-04-17T21:14:53.637-0100: 62.579: Total time for which application threads were stopped: 0.0026215 seconds, Stopping threads took: 0.0003859 seconds
2016-04-17T21:15:02.674-0100: 71.616: Total time for which application threads were stopped: 0.0028340 seconds, Stopping threads took: 0.0004276 seconds
2016-04-17T21:15:03.680-0100: 72.622: Total time for which application threads were stopped: 0.0022378 seconds, Stopping threads took: 0.0003734 seconds
2016-04-17T21:15:04.685-0100: 73.627: Total time for which application threads were stopped: 0.0024345 seconds, Stopping threads took: 0.0003791 seconds
2016-04-17T21:15:11.567-0100: 80.510: Total time for which application threads were stopped: 0.0027020 seconds, Stopping threads took: 0.0004451 seconds
2016-04-17T21:15:11.617-0100: 80.559: Total time for which application threads were stopped: 0.0083189 seconds, Stopping threads took: 0.0003943 seconds
2016-04-17T21:15:11.683-0100: 80.626: Total time for which application threads were stopped: 0.0043901 seconds, Stopping threads took: 0.0003484 seconds
2016-04-17T21:15:11.751-0100: 80.693: Total time for which application threads were stopped: 0.0034032 seconds, Stopping threads took: 0.0003714 seconds
2016-04-17T21:15:11.794-0100: 80.736: Total time for which application threads were stopped: 0.0025353 seconds, Stopping threads took: 0.0004230 seconds
2016-04-17T21:15:11.851-0100: 80.793: Total time for which application threads were stopped: 0.0028062 seconds, Stopping threads took: 0.0003801 seconds
2016-04-17T21:15:11.870-0100: 80.813: Total time for which application threads were stopped: 0.0024697 seconds, Stopping threads took: 0.0003597 seconds
2016-04-17T21:15:11.906-0100: 80.849: Total time for which application threads were stopped: 0.0031508 seconds, Stopping threads took: 0.0003773 seconds
2016-04-17T21:15:11.918-0100: 80.861: Total time for which application threads were stopped: 0.0040156 seconds, Stopping threads took: 0.0014172 seconds
2016-04-17T21:15:11.922-0100: 80.865: Total time for which application threads were stopped: 0.0030925 seconds, Stopping threads took: 0.0006099 seconds
2016-04-17T21:15:11.929-0100: 80.871: Total time for which application threads were stopped: 0.0045052 seconds, Stopping threads took: 0.0003777 seconds
2016-04-17T21:15:11.967-0100: 80.910: Total time for which application threads were stopped: 0.0138353 seconds, Stopping threads took: 0.0003822 seconds
2016-04-17T21:15:11.990-0100: 80.932: Total time for which application threads were stopped: 0.0158922 seconds, Stopping threads took: 0.0006117 seconds
2016-04-17T21:15:12.002-0100: 80.944: Total time for which application threads were stopped: 0.0103613 seconds, Stopping threads took: 0.0032051 seconds
2016-04-17T21:15:12.011-0100: 80.953: Total time for which application threads were stopped: 0.0080124 seconds, Stopping threads took: 0.0003358 seconds
2016-04-17T21:15:12.042-0100: 80.985: Total time for which application threads were stopped: 0.0033362 seconds, Stopping threads took: 0.0012790 seconds
2016-04-17T21:15:12.052-0100: 80.995: Total time for which application threads were stopped: 0.0025751 seconds, Stopping threads took: 0.0003680 seconds
2016-04-17T21:15:12.056-0100: 80.999: Total time for which application threads were stopped: 0.0034907 seconds, Stopping threads took: 0.0003122 seconds
2016-04-17T21:15:12.059-0100: 81.001: Total time for which application threads were stopped: 0.0022327 seconds, Stopping threads took: 0.0002140 seconds
2016-04-17T21:15:12.061-0100: 81.004: Total time for which application threads were stopped: 0.0023285 seconds, Stopping threads took: 0.0001981 seconds
2016-04-17T21:15:12.065-0100: 81.008: Total time for which application threads were stopped: 0.0026885 seconds, Stopping threads took: 0.0006274 seconds
2016-04-17T21:15:12.067-0100: 81.010: Total time for which application threads were stopped: 0.0022527 seconds, Stopping threads took: 0.0002369 seconds
2016-04-17T21:15:12.069-0100: 81.012: Total time for which application threads were stopped: 0.0020490 seconds, Stopping threads took: 0.0002013 seconds
2016-04-17T21:15:12.072-0100: 81.015: Total time for which application threads were stopped: 0.0025927 seconds, Stopping threads took: 0.0005189 seconds
2016-04-17T21:15:13.079-0100: 82.022: Total time for which application threads were stopped: 0.0028298 seconds, Stopping threads took: 0.0004134 seconds
2016-04-17T21:15:14.083-0100: 83.026: Total time for which application threads were stopped: 0.0023285 seconds, Stopping threads took: 0.0003717 seconds
2016-04-17T21:15:21.109-0100: 90.052: Total time for which application threads were stopped: 0.0023434 seconds, Stopping threads took: 0.0003952 seconds
2016-04-17T21:15:22.115-0100: 91.058: Total time for which application threads were stopped: 0.0022170 seconds, Stopping threads took: 0.0003889 seconds
2016-04-17T21:15:23.121-0100: 92.064: Total time for which application threads were stopped: 0.0024859 seconds, Stopping threads took: 0.0004379 seconds
2016-04-17T21:15:24.125-0100: 93.068: Total time for which application threads were stopped: 0.0024520 seconds, Stopping threads took: 0.0004138 seconds
2016-04-17T21:15:24.453-0100: 93.396: Total time for which application threads were stopped: 0.0023502 seconds, Stopping threads took: 0.0003621 seconds
2016-04-17T21:15:24.477-0100: 93.420: Total time for which application threads were stopped: 0.0025904 seconds, Stopping threads took: 0.0003421 seconds
2016-04-17T21:15:24.519-0100: 93.463: Total time for which application threads were stopped: 0.0351860 seconds, Stopping threads took: 0.0003418 seconds
2016-04-17T21:15:24.546-0100: 93.489: Total time for which application threads were stopped: 0.0026830 seconds, Stopping threads took: 0.0003738 seconds
2016-04-17T21:15:24.559-0100: 93.502: Total time for which application threads were stopped: 0.0022657 seconds, Stopping threads took: 0.0003479 seconds
2016-04-17T21:15:24.580-0100: 93.523: Total time for which application threads were stopped: 0.0028099 seconds, Stopping threads took: 0.0005224 seconds
2016-04-17T21:15:24.584-0100: 93.527: Total time for which application threads were stopped: 0.0025690 seconds, Stopping threads took: 0.0003446 seconds
2016-04-17T21:15:24.588-0100: 93.531: Total time for which application threads were stopped: 0.0026902 seconds, Stopping threads took: 0.0004067 seconds
2016-04-17T21:15:24.623-0100: 93.566: Total time for which application threads were stopped: 0.0186975 seconds, Stopping threads took: 0.0135082 seconds
2016-04-17T21:15:24.629-0100: 93.572: Total time for which application threads were stopped: 0.0035785 seconds, Stopping threads took: 0.0003702 seconds
2016-04-17T21:15:24.635-0100: 93.578: Total time for which application threads were stopped: 0.0055368 seconds, Stopping threads took: 0.0002670 seconds
2016-04-17T21:15:24.641-0100: 93.584: Total time for which application threads were stopped: 0.0026765 seconds, Stopping threads took: 0.0004379 seconds
2016-04-17T21:15:24.647-0100: 93.590: Total time for which application threads were stopped: 0.0025174 seconds, Stopping threads took: 0.0005546 seconds
2016-04-17T21:15:24.649-0100: 93.593: Total time for which application threads were stopped: 0.0020835 seconds, Stopping threads took: 0.0002106 seconds
2016-04-17T21:15:24.652-0100: 93.595: Total time for which application threads were stopped: 0.0021663 seconds, Stopping threads took: 0.0001891 seconds
2016-04-17T21:15:24.654-0100: 93.597: Total time for which application threads were stopped: 0.0019693 seconds, Stopping threads took: 0.0002067 seconds
2016-04-17T21:15:24.656-0100: 93.599: Total time for which application threads were stopped: 0.0020787 seconds, Stopping threads took: 0.0002027 seconds
2016-04-17T21:15:24.658-0100: 93.601: Total time for which application threads were stopped: 0.0019521 seconds, Stopping threads took: 0.0001974 seconds
2016-04-17T21:15:24.661-0100: 93.604: Total time for which application threads were stopped: 0.0025362 seconds, Stopping threads took: 0.0001996 seconds
2016-04-17T21:15:24.663-0100: 93.606: Total time for which application threads were stopped: 0.0023671 seconds, Stopping threads took: 0.0003085 seconds
2016-04-17T21:15:24.668-0100: 93.611: Total time for which application threads were stopped: 0.0045605 seconds, Stopping threads took: 0.0002189 seconds
2016-04-17T21:15:25.672-0100: 94.615: Total time for which application threads were stopped: 0.0023906 seconds, Stopping threads took: 0.0003660 seconds
2016-04-17T21:15:34.703-0100: 103.646: Total time for which application threads were stopped: 0.0025532 seconds, Stopping threads took: 0.0004238 seconds
2016-04-17T21:15:48.747-0100: 117.691: Total time for which application threads were stopped: 0.0022901 seconds, Stopping threads took: 0.0003763 seconds
2016-04-17T21:15:52.766-0100: 121.710: Total time for which application threads were stopped: 0.0025948 seconds, Stopping threads took: 0.0005660 seconds
2016-04-17T21:15:54.793-0100: 123.737: Total time for which application threads were stopped: 0.0026683 seconds, Stopping threads took: 0.0004150 seconds
2016-04-17T21:15:56.801-0100: 125.745: Total time for which application threads were stopped: 0.0025379 seconds, Stopping threads took: 0.0003895 seconds
2016-04-17T21:15:58.811-0100: 127.755: Total time for which application threads were stopped: 0.0024392 seconds, Stopping threads took: 0.0003767 seconds
2016-04-17T21:16:10.853-0100: 139.798: Total time for which application threads were stopped: 0.0033978 seconds, Stopping threads took: 0.0005677 seconds
2016-04-17T21:16:11.861-0100: 140.805: Total time for which application threads were stopped: 0.0027835 seconds, Stopping threads took: 0.0007920 seconds
2016-04-17T21:16:13.870-0100: 142.815: Total time for which application threads were stopped: 0.0022327 seconds, Stopping threads took: 0.0003595 seconds
2016-04-17T21:16:24.911-0100: 153.856: Total time for which application threads were stopped: 0.0023938 seconds, Stopping threads took: 0.0004073 seconds
2016-04-17T21:16:25.917-0100: 154.862: Total time for which application threads were stopped: 0.0028001 seconds, Stopping threads took: 0.0004290 seconds
2016-04-17T21:16:54.008-0100: 182.954: Total time for which application threads were stopped: 0.0021225 seconds, Stopping threads took: 0.0003831 seconds
2016-04-17T21:17:06.048-0100: 194.995: Total time for which application threads were stopped: 0.0025568 seconds, Stopping threads took: 0.0004111 seconds
2016-04-17T21:17:20.097-0100: 209.044: Total time for which application threads were stopped: 0.0022524 seconds, Stopping threads took: 0.0003767 seconds
2016-04-17T21:17:58.231-0100: 247.179: Total time for which application threads were stopped: 0.0045536 seconds, Stopping threads took: 0.0007875 seconds
2016-04-17T21:18:26.349-0100: 275.298: Total time for which application threads were stopped: 0.0027774 seconds, Stopping threads took: 0.0006213 seconds
2016-04-17T21:19:17.544-0100: 326.495: Total time for which application threads were stopped: 0.0042664 seconds, Stopping threads took: 0.0006998 seconds
2016-04-17T21:19:17.842-0100: 326.793: Total time for which application threads were stopped: 0.0591234 seconds, Stopping threads took: 0.0005334 seconds
2016-04-17T21:19:17.924-0100: 326.875: Total time for which application threads were stopped: 0.0073579 seconds, Stopping threads took: 0.0050655 seconds
2016-04-17T21:19:18.515-0100: 327.465: Total time for which application threads were stopped: 0.0023568 seconds, Stopping threads took: 0.0003593 seconds
2016-04-17T21:19:19.520-0100: 328.471: Total time for which application threads were stopped: 0.0022681 seconds, Stopping threads took: 0.0003909 seconds
2016-04-17T21:19:20.524-0100: 329.475: Total time for which application threads were stopped: 0.0024153 seconds, Stopping threads took: 0.0003956 seconds
2016-04-17T21:19:22.538-0100: 331.488: Total time for which application threads were stopped: 0.0025543 seconds, Stopping threads took: 0.0003506 seconds
2016-04-17T21:19:22.690-0100: 331.641: Total time for which application threads were stopped: 0.0038810 seconds, Stopping threads took: 0.0006946 seconds
2016-04-17T21:19:22.696-0100: 331.647: Total time for which application threads were stopped: 0.0029734 seconds, Stopping threads took: 0.0004082 seconds
2016-04-17T21:19:22.700-0100: 331.651: Total time for which application threads were stopped: 0.0025535 seconds, Stopping threads took: 0.0004117 seconds
2016-04-17T21:19:22.780-0100: 331.731: Total time for which application threads were stopped: 0.0512245 seconds, Stopping threads took: 0.0492721 seconds
2016-04-17T21:19:22.823-0100: 331.774: Total time for which application threads were stopped: 0.0100584 seconds, Stopping threads took: 0.0003710 seconds
2016-04-17T21:19:22.831-0100: 331.782: Total time for which application threads were stopped: 0.0043058 seconds, Stopping threads took: 0.0004135 seconds
2016-04-17T21:19:22.899-0100: 331.869: Total time for which application threads were stopped: 0.0693761 seconds, Stopping threads took: 0.0004105 seconds
2016-04-17T21:19:22.925-0100: 331.876: Total time for which application threads were stopped: 0.0029955 seconds, Stopping threads took: 0.0008557 seconds
2016-04-17T21:19:22.928-0100: 331.879: Total time for which application threads were stopped: 0.0020289 seconds, Stopping threads took: 0.0002301 seconds
2016-04-17T21:19:22.931-0100: 331.882: Total time for which application threads were stopped: 0.0031388 seconds, Stopping threads took: 0.0002436 seconds
2016-04-17T21:19:22.934-0100: 331.885: Total time for which application threads were stopped: 0.0024675 seconds, Stopping threads took: 0.0003422 seconds
2016-04-17T21:19:22.939-0100: 331.890: Total time for which application threads were stopped: 0.0026493 seconds, Stopping threads took: 0.0006222 seconds
2016-04-17T21:19:22.942-0100: 331.893: Total time for which application threads were stopped: 0.0021292 seconds, Stopping threads took: 0.0002524 seconds
2016-04-17T21:19:22.949-0100: 331.900: Total time for which application threads were stopped: 0.0049558 seconds, Stopping threads took: 0.0004744 seconds
2016-04-17T21:19:22.985-0100: 331.935: Total time for which application threads were stopped: 0.0025419 seconds, Stopping threads took: 0.0004032 seconds
2016-04-17T21:19:23.009-0100: 331.960: Total time for which application threads were stopped: 0.0234848 seconds, Stopping threads took: 0.0003683 seconds
2016-04-17T21:19:23.037-0100: 331.988: Total time for which application threads were stopped: 0.0092105 seconds, Stopping threads took: 0.0004138 seconds
2016-04-17T21:19:23.040-0100: 331.991: Total time for which application threads were stopped: 0.0027457 seconds, Stopping threads took: 0.0002606 seconds
2016-04-17T21:19:23.044-0100: 331.995: Total time for which application threads were stopped: 0.0030496 seconds, Stopping threads took: 0.0003076 seconds
2016-04-17T21:19:23.047-0100: 331.998: Total time for which application threads were stopped: 0.0033141 seconds, Stopping threads took: 0.0002649 seconds
2016-04-17T21:19:23.051-0100: 332.002: Total time for which application threads were stopped: 0.0023095 seconds, Stopping threads took: 0.0003469 seconds
2016-04-17T21:19:23.055-0100: 332.006: Total time for which application threads were stopped: 0.0022146 seconds, Stopping threads took: 0.0003149 seconds
2016-04-17T21:19:23.058-0100: 332.009: Total time for which application threads were stopped: 0.0032933 seconds, Stopping threads took: 0.0002693 seconds
2016-04-17T21:19:23.061-0100: 332.012: Total time for which application threads were stopped: 0.0026716 seconds, Stopping threads took: 0.0002712 seconds
2016-04-17T21:19:23.065-0100: 332.016: Total time for which application threads were stopped: 0.0025360 seconds, Stopping threads took: 0.0003236 seconds
2016-04-17T21:19:23.071-0100: 332.022: Total time for which application threads were stopped: 0.0041205 seconds, Stopping threads took: 0.0019922 seconds
2016-04-17T21:19:23.136-0100: 332.087: Total time for which application threads were stopped: 0.0641406 seconds, Stopping threads took: 0.0005809 seconds
2016-04-17T21:19:23.313-0100: 332.264: Total time for which application threads were stopped: 0.0124990 seconds, Stopping threads took: 0.0104502 seconds
2016-04-17T21:19:23.319-0100: 332.270: Total time for which application threads were stopped: 0.0022635 seconds, Stopping threads took: 0.0002775 seconds
2016-04-17T21:19:24.326-0100: 333.277: Total time for which application threads were stopped: 0.0022506 seconds, Stopping threads took: 0.0003444 seconds
2016-04-17T21:19:24.865-0100: 333.816: Total time for which application threads were stopped: 0.0022664 seconds, Stopping threads took: 0.0003119 seconds
Heap
 par new generation   total 109248K, used 78165K [0x00000007a0000000, 0x00000007a8000000, 0x00000007a8000000)
  eden space 87424K,  65% used [0x00000007a0000000, 0x00000007a3793678, 0x00000007a5560000)
  from space 21824K,  97% used [0x00000007a5560000, 0x00000007a6a21f90, 0x00000007a6ab0000)
  to   space 21824K,   0% used [0x00000007a6ab0000, 0x00000007a6ab0000, 0x00000007a8000000)
 concurrent mark-sweep generation total 393216K, used 70175K [0x00000007a8000000, 0x00000007c0000000, 0x00000007c0000000)
 Metaspace       used 35617K, capacity 36090K, committed 36492K, reserved 1081344K
  class space    used 3996K, capacity 4120K, committed 4240K, reserved 1048576K
