Java HotSpot(TM) 64-Bit Server VM (25.65-b01) for bsd-amd64 JRE (1.8.0_65-b17), built on Oct  6 2015 15:36:46 by "java_re" with gcc 4.2.1 (Based on Apple Inc. build 5658) (LLVM build 2336.11.00)
Memory: 4k page, physical 4194304k(20316k free)

/proc/meminfo:

CommandLine flags: -XX:CMSInitiatingOccupancyFraction=50 -XX:CMSMaxAbortablePrecleanTime=6000 -XX:+CMSParallelRemarkEnabled -XX:+CMSScavengeBeforeRemark -XX:ConcGCThreads=4 -XX:InitialHeapSize=536870912 -XX:MaxHeapSize=536870912 -XX:MaxTenuringThreshold=8 -XX:NewRatio=3 -XX:OldPLABSize=16 -XX:OnOutOfMemoryError=/Users/renzo.verastegui/Desktop/solr-6.0.0/bin/oom_solr.sh 7574 /Users/renzo.verastegui/Desktop/solr-6.0.0/example/cloud/node2/solr/../logs -XX:ParallelGCThreads=4 -XX:+ParallelRefProcEnabled -XX:PretenureSizeThreshold=67108864 -XX:+PrintGC -XX:+PrintGCApplicationStoppedTime -XX:+PrintGCDateStamps -XX:+PrintGCDetails -XX:+PrintGCTimeStamps -XX:+PrintHeapAtGC -XX:+PrintTenuringDistribution -XX:SurvivorRatio=4 -XX:TargetSurvivorRatio=90 -XX:ThreadStackSize=256 -XX:+UseCMSInitiatingOccupancyOnly -XX:+UseCompressedClassPointers -XX:+UseCompressedOops -XX:+UseConcMarkSweepGC -XX:+UseParNewGC 
2016-04-17T21:33:36.770-0100: 0.355: Total time for which application threads were stopped: 0.0001368 seconds, Stopping threads took: 0.0000193 seconds
2016-04-17T21:33:37.084-0100: 0.669: Total time for which application threads were stopped: 0.0001798 seconds, Stopping threads took: 0.0000374 seconds
2016-04-17T21:33:37.940-0100: 1.525: Total time for which application threads were stopped: 0.0005667 seconds, Stopping threads took: 0.0000720 seconds
2016-04-17T21:33:38.080-0100: 1.666: Total time for which application threads were stopped: 0.0002364 seconds, Stopping threads took: 0.0000253 seconds
2016-04-17T21:33:38.138-0100: 1.723: Total time for which application threads were stopped: 0.0002620 seconds, Stopping threads took: 0.0000443 seconds
2016-04-17T21:33:38.778-0100: 2.363: Total time for which application threads were stopped: 0.0003221 seconds, Stopping threads took: 0.0000239 seconds
2016-04-17T21:33:39.769-0100: 3.354: Total time for which application threads were stopped: 0.0004728 seconds, Stopping threads took: 0.0000456 seconds
2016-04-17T21:33:39.771-0100: 3.357: Total time for which application threads were stopped: 0.0003436 seconds, Stopping threads took: 0.0000412 seconds
2016-04-17T21:33:39.779-0100: 3.364: Total time for which application threads were stopped: 0.0003465 seconds, Stopping threads took: 0.0000446 seconds
2016-04-17T21:33:39.793-0100: 3.378: Total time for which application threads were stopped: 0.0003630 seconds, Stopping threads took: 0.0000232 seconds
2016-04-17T21:33:40.588-0100: 4.173: Total time for which application threads were stopped: 0.0007624 seconds, Stopping threads took: 0.0001882 seconds
2016-04-17T21:33:41.531-0100: 5.116: Total time for which application threads were stopped: 0.0005498 seconds, Stopping threads took: 0.0000613 seconds
{Heap before GC invocations=0 (full 0):
 par new generation   total 109248K, used 87424K [0x00000007a0000000, 0x00000007a8000000, 0x00000007a8000000)
  eden space 87424K, 100% used [0x00000007a0000000, 0x00000007a5560000, 0x00000007a5560000)
  from space 21824K,   0% used [0x00000007a5560000, 0x00000007a5560000, 0x00000007a6ab0000)
  to   space 21824K,   0% used [0x00000007a6ab0000, 0x00000007a6ab0000, 0x00000007a8000000)
 concurrent mark-sweep generation total 393216K, used 0K [0x00000007a8000000, 0x00000007c0000000, 0x00000007c0000000)
 Metaspace       used 18411K, capacity 18784K, committed 18944K, reserved 1067008K
  class space    used 2143K, capacity 2247K, committed 2304K, reserved 1048576K
2016-04-17T21:33:41.611-0100: 5.197: [GC (Allocation Failure) 2016-04-17T21:33:41.611-0100: 5.197: [ParNew
Desired survivor size 20112992 bytes, new threshold 8 (max 8)
- age   1:   10883880 bytes,   10883880 total
: 87424K->10741K(109248K), 0.0802552 secs] 87424K->10741K(502464K), 0.0804317 secs] [Times: user=0.04 sys=0.02, real=0.08 secs] 
Heap after GC invocations=1 (full 0):
 par new generation   total 109248K, used 10741K [0x00000007a0000000, 0x00000007a8000000, 0x00000007a8000000)
  eden space 87424K,   0% used [0x00000007a0000000, 0x00000007a0000000, 0x00000007a5560000)
  from space 21824K,  49% used [0x00000007a6ab0000, 0x00000007a752d630, 0x00000007a8000000)
  to   space 21824K,   0% used [0x00000007a5560000, 0x00000007a5560000, 0x00000007a6ab0000)
 concurrent mark-sweep generation total 393216K, used 0K [0x00000007a8000000, 0x00000007c0000000, 0x00000007c0000000)
 Metaspace       used 18411K, capacity 18784K, committed 18944K, reserved 1067008K
  class space    used 2143K, capacity 2247K, committed 2304K, reserved 1048576K
}
2016-04-17T21:33:41.692-0100: 5.277: Total time for which application threads were stopped: 0.0807042 seconds, Stopping threads took: 0.0000253 seconds
2016-04-17T21:33:41.790-0100: 5.375: Total time for which application threads were stopped: 0.0001522 seconds, Stopping threads took: 0.0000450 seconds
2016-04-17T21:33:41.794-0100: 5.379: Total time for which application threads were stopped: 0.0001467 seconds, Stopping threads took: 0.0000542 seconds
2016-04-17T21:33:41.798-0100: 5.383: Total time for which application threads were stopped: 0.0015013 seconds, Stopping threads took: 0.0013156 seconds
2016-04-17T21:33:41.800-0100: 5.385: Total time for which application threads were stopped: 0.0001421 seconds, Stopping threads took: 0.0000220 seconds
2016-04-17T21:33:41.800-0100: 5.385: Total time for which application threads were stopped: 0.0000643 seconds, Stopping threads took: 0.0000080 seconds
2016-04-17T21:33:41.831-0100: 5.416: Total time for which application threads were stopped: 0.0001967 seconds, Stopping threads took: 0.0000692 seconds
2016-04-17T21:33:41.886-0100: 5.472: Total time for which application threads were stopped: 0.0037154 seconds, Stopping threads took: 0.0033422 seconds
2016-04-17T21:33:41.929-0100: 5.514: Total time for which application threads were stopped: 0.0011182 seconds, Stopping threads took: 0.0006834 seconds
2016-04-17T21:33:41.954-0100: 5.539: Total time for which application threads were stopped: 0.0003468 seconds, Stopping threads took: 0.0002016 seconds
2016-04-17T21:33:42.026-0100: 5.612: Total time for which application threads were stopped: 0.0003690 seconds, Stopping threads took: 0.0002099 seconds
2016-04-17T21:33:42.028-0100: 5.613: Total time for which application threads were stopped: 0.0001618 seconds, Stopping threads took: 0.0000301 seconds
2016-04-17T21:33:42.094-0100: 5.679: Total time for which application threads were stopped: 0.0011047 seconds, Stopping threads took: 0.0009074 seconds
2016-04-17T21:33:42.094-0100: 5.679: Total time for which application threads were stopped: 0.0000661 seconds, Stopping threads took: 0.0000121 seconds
2016-04-17T21:33:42.119-0100: 5.704: Total time for which application threads were stopped: 0.0008223 seconds, Stopping threads took: 0.0005240 seconds
2016-04-17T21:33:42.130-0100: 5.716: Total time for which application threads were stopped: 0.0015576 seconds, Stopping threads took: 0.0014476 seconds
2016-04-17T21:33:42.159-0100: 5.744: Total time for which application threads were stopped: 0.0001144 seconds, Stopping threads took: 0.0000307 seconds
2016-04-17T21:33:42.165-0100: 5.750: Total time for which application threads were stopped: 0.0001014 seconds, Stopping threads took: 0.0000273 seconds
2016-04-17T21:33:42.191-0100: 5.776: Total time for which application threads were stopped: 0.0006862 seconds, Stopping threads took: 0.0006040 seconds
2016-04-17T21:33:42.191-0100: 5.777: Total time for which application threads were stopped: 0.0000564 seconds, Stopping threads took: 0.0000104 seconds
2016-04-17T21:33:42.192-0100: 5.778: Total time for which application threads were stopped: 0.0000790 seconds, Stopping threads took: 0.0000155 seconds
2016-04-17T21:33:42.193-0100: 5.778: Total time for which application threads were stopped: 0.0000543 seconds, Stopping threads took: 0.0000085 seconds
2016-04-17T21:33:42.193-0100: 5.778: Total time for which application threads were stopped: 0.0000476 seconds, Stopping threads took: 0.0000079 seconds
2016-04-17T21:33:42.193-0100: 5.778: Total time for which application threads were stopped: 0.0000558 seconds, Stopping threads took: 0.0000088 seconds
2016-04-17T21:33:42.193-0100: 5.778: Total time for which application threads were stopped: 0.0000477 seconds, Stopping threads took: 0.0000081 seconds
2016-04-17T21:33:42.193-0100: 5.778: Total time for which application threads were stopped: 0.0000483 seconds, Stopping threads took: 0.0000080 seconds
2016-04-17T21:33:42.193-0100: 5.778: Total time for which application threads were stopped: 0.0000399 seconds, Stopping threads took: 0.0000079 seconds
2016-04-17T21:33:42.193-0100: 5.778: Total time for which application threads were stopped: 0.0000384 seconds, Stopping threads took: 0.0000078 seconds
2016-04-17T21:33:42.193-0100: 5.779: Total time for which application threads were stopped: 0.0000473 seconds, Stopping threads took: 0.0000078 seconds
2016-04-17T21:33:42.193-0100: 5.779: Total time for which application threads were stopped: 0.0000476 seconds, Stopping threads took: 0.0000079 seconds
2016-04-17T21:33:42.194-0100: 5.779: Total time for which application threads were stopped: 0.0000468 seconds, Stopping threads took: 0.0000078 seconds
2016-04-17T21:33:42.194-0100: 5.779: Total time for which application threads were stopped: 0.0000497 seconds, Stopping threads took: 0.0000083 seconds
2016-04-17T21:33:42.194-0100: 5.779: Total time for which application threads were stopped: 0.0000521 seconds, Stopping threads took: 0.0000088 seconds
2016-04-17T21:33:42.194-0100: 5.779: Total time for which application threads were stopped: 0.0000484 seconds, Stopping threads took: 0.0000080 seconds
2016-04-17T21:33:42.195-0100: 5.780: Total time for which application threads were stopped: 0.0000580 seconds, Stopping threads took: 0.0000089 seconds
2016-04-17T21:33:42.195-0100: 5.780: Total time for which application threads were stopped: 0.0000558 seconds, Stopping threads took: 0.0000080 seconds
2016-04-17T21:33:42.195-0100: 5.780: Total time for which application threads were stopped: 0.0000506 seconds, Stopping threads took: 0.0000082 seconds
2016-04-17T21:33:42.202-0100: 5.788: Total time for which application threads were stopped: 0.0005663 seconds, Stopping threads took: 0.0004267 seconds
2016-04-17T21:33:42.203-0100: 5.788: Total time for which application threads were stopped: 0.0001055 seconds, Stopping threads took: 0.0000256 seconds
2016-04-17T21:33:42.203-0100: 5.788: Total time for which application threads were stopped: 0.0000920 seconds, Stopping threads took: 0.0000230 seconds
2016-04-17T21:33:42.203-0100: 5.788: Total time for which application threads were stopped: 0.0000843 seconds, Stopping threads took: 0.0000262 seconds
2016-04-17T21:33:42.203-0100: 5.789: Total time for which application threads were stopped: 0.0000931 seconds, Stopping threads took: 0.0000304 seconds
2016-04-17T21:33:42.203-0100: 5.789: Total time for which application threads were stopped: 0.0000757 seconds, Stopping threads took: 0.0000190 seconds
2016-04-17T21:33:42.204-0100: 5.789: Total time for which application threads were stopped: 0.0000764 seconds, Stopping threads took: 0.0000232 seconds
2016-04-17T21:33:42.204-0100: 5.789: Total time for which application threads were stopped: 0.0000851 seconds, Stopping threads took: 0.0000259 seconds
2016-04-17T21:33:42.204-0100: 5.789: Total time for which application threads were stopped: 0.0001074 seconds, Stopping threads took: 0.0000447 seconds
2016-04-17T21:33:42.204-0100: 5.789: Total time for which application threads were stopped: 0.0000861 seconds, Stopping threads took: 0.0000271 seconds
2016-04-17T21:33:42.204-0100: 5.790: Total time for which application threads were stopped: 0.0000875 seconds, Stopping threads took: 0.0000294 seconds
2016-04-17T21:33:42.205-0100: 5.790: Total time for which application threads were stopped: 0.0002127 seconds, Stopping threads took: 0.0000275 seconds
2016-04-17T21:33:42.205-0100: 5.790: Total time for which application threads were stopped: 0.0001051 seconds, Stopping threads took: 0.0000349 seconds
2016-04-17T21:33:42.205-0100: 5.790: Total time for which application threads were stopped: 0.0001002 seconds, Stopping threads took: 0.0000362 seconds
2016-04-17T21:33:42.206-0100: 5.791: Total time for which application threads were stopped: 0.0001116 seconds, Stopping threads took: 0.0000320 seconds
2016-04-17T21:33:42.206-0100: 5.791: Total time for which application threads were stopped: 0.0001068 seconds, Stopping threads took: 0.0000354 seconds
2016-04-17T21:33:42.211-0100: 5.796: Total time for which application threads were stopped: 0.0001529 seconds, Stopping threads took: 0.0000603 seconds
2016-04-17T21:33:42.224-0100: 5.810: Total time for which application threads were stopped: 0.0004041 seconds, Stopping threads took: 0.0000509 seconds
2016-04-17T21:33:42.279-0100: 5.864: Total time for which application threads were stopped: 0.0011049 seconds, Stopping threads took: 0.0009652 seconds
2016-04-17T21:33:42.279-0100: 5.864: Total time for which application threads were stopped: 0.0001007 seconds, Stopping threads took: 0.0000289 seconds
2016-04-17T21:33:42.279-0100: 5.865: Total time for which application threads were stopped: 0.0000790 seconds, Stopping threads took: 0.0000295 seconds
2016-04-17T21:33:42.280-0100: 5.865: Total time for which application threads were stopped: 0.0000717 seconds, Stopping threads took: 0.0000253 seconds
2016-04-17T21:33:42.280-0100: 5.865: Total time for which application threads were stopped: 0.0000721 seconds, Stopping threads took: 0.0000231 seconds
2016-04-17T21:33:42.280-0100: 5.865: Total time for which application threads were stopped: 0.0000796 seconds, Stopping threads took: 0.0000197 seconds
2016-04-17T21:33:42.280-0100: 5.865: Total time for which application threads were stopped: 0.0000929 seconds, Stopping threads took: 0.0000253 seconds
2016-04-17T21:33:42.281-0100: 5.866: Total time for which application threads were stopped: 0.0001141 seconds, Stopping threads took: 0.0000347 seconds
2016-04-17T21:33:42.281-0100: 5.866: Total time for which application threads were stopped: 0.0002003 seconds, Stopping threads took: 0.0001398 seconds
2016-04-17T21:33:42.281-0100: 5.866: Total time for which application threads were stopped: 0.0001241 seconds, Stopping threads took: 0.0000804 seconds
2016-04-17T21:33:42.281-0100: 5.867: Total time for which application threads were stopped: 0.0001490 seconds, Stopping threads took: 0.0000759 seconds
2016-04-17T21:33:42.282-0100: 5.867: Total time for which application threads were stopped: 0.0000797 seconds, Stopping threads took: 0.0000220 seconds
2016-04-17T21:33:42.282-0100: 5.867: Total time for which application threads were stopped: 0.0001094 seconds, Stopping threads took: 0.0000347 seconds
2016-04-17T21:33:42.282-0100: 5.868: Total time for which application threads were stopped: 0.0000993 seconds, Stopping threads took: 0.0000451 seconds
2016-04-17T21:33:42.284-0100: 5.869: Total time for which application threads were stopped: 0.0001375 seconds, Stopping threads took: 0.0000469 seconds
2016-04-17T21:33:42.308-0100: 5.893: Total time for which application threads were stopped: 0.0001529 seconds, Stopping threads took: 0.0000536 seconds
2016-04-17T21:33:42.309-0100: 5.895: Total time for which application threads were stopped: 0.0001307 seconds, Stopping threads took: 0.0000445 seconds
2016-04-17T21:33:42.332-0100: 5.918: Total time for which application threads were stopped: 0.0003622 seconds, Stopping threads took: 0.0002554 seconds
2016-04-17T21:33:42.333-0100: 5.918: Total time for which application threads were stopped: 0.0000755 seconds, Stopping threads took: 0.0000264 seconds
2016-04-17T21:33:42.333-0100: 5.918: Total time for which application threads were stopped: 0.0000646 seconds, Stopping threads took: 0.0000090 seconds
2016-04-17T21:33:42.333-0100: 5.919: Total time for which application threads were stopped: 0.0000924 seconds, Stopping threads took: 0.0000323 seconds
2016-04-17T21:33:42.333-0100: 5.919: Total time for which application threads were stopped: 0.0001274 seconds, Stopping threads took: 0.0000250 seconds
2016-04-17T21:33:42.334-0100: 5.919: Total time for which application threads were stopped: 0.0000802 seconds, Stopping threads took: 0.0000327 seconds
2016-04-17T21:33:42.334-0100: 5.919: Total time for which application threads were stopped: 0.0001138 seconds, Stopping threads took: 0.0000601 seconds
2016-04-17T21:33:42.334-0100: 5.919: Total time for which application threads were stopped: 0.0000585 seconds, Stopping threads took: 0.0000079 seconds
2016-04-17T21:33:42.334-0100: 5.919: Total time for which application threads were stopped: 0.0000740 seconds, Stopping threads took: 0.0000243 seconds
2016-04-17T21:33:42.334-0100: 5.920: Total time for which application threads were stopped: 0.0000829 seconds, Stopping threads took: 0.0000281 seconds
2016-04-17T21:33:42.335-0100: 5.920: Total time for which application threads were stopped: 0.0000778 seconds, Stopping threads took: 0.0000374 seconds
2016-04-17T21:33:42.335-0100: 5.920: Total time for which application threads were stopped: 0.0001450 seconds, Stopping threads took: 0.0000948 seconds
2016-04-17T21:33:42.335-0100: 5.921: Total time for which application threads were stopped: 0.0001113 seconds, Stopping threads took: 0.0000383 seconds
2016-04-17T21:33:42.336-0100: 5.921: Total time for which application threads were stopped: 0.0002211 seconds, Stopping threads took: 0.0000383 seconds
2016-04-17T21:33:42.339-0100: 5.924: Total time for which application threads were stopped: 0.0001179 seconds, Stopping threads took: 0.0000262 seconds
2016-04-17T21:33:42.339-0100: 5.925: Total time for which application threads were stopped: 0.0000487 seconds, Stopping threads took: 0.0000084 seconds
2016-04-17T21:33:42.341-0100: 5.926: Total time for which application threads were stopped: 0.0001260 seconds, Stopping threads took: 0.0000474 seconds
2016-04-17T21:33:42.343-0100: 5.929: Total time for which application threads were stopped: 0.0002334 seconds, Stopping threads took: 0.0001256 seconds
2016-04-17T21:33:42.344-0100: 5.929: Total time for which application threads were stopped: 0.0001074 seconds, Stopping threads took: 0.0000290 seconds
2016-04-17T21:33:42.344-0100: 5.930: Total time for which application threads were stopped: 0.0001440 seconds, Stopping threads took: 0.0000779 seconds
2016-04-17T21:33:42.344-0100: 5.930: Total time for which application threads were stopped: 0.0000763 seconds, Stopping threads took: 0.0000185 seconds
2016-04-17T21:33:42.345-0100: 5.930: Total time for which application threads were stopped: 0.0001014 seconds, Stopping threads took: 0.0000304 seconds
2016-04-17T21:33:42.345-0100: 5.930: Total time for which application threads were stopped: 0.0000838 seconds, Stopping threads took: 0.0000259 seconds
2016-04-17T21:33:42.345-0100: 5.931: Total time for which application threads were stopped: 0.0001582 seconds, Stopping threads took: 0.0000832 seconds
2016-04-17T21:33:42.346-0100: 5.931: Total time for which application threads were stopped: 0.0001007 seconds, Stopping threads took: 0.0000274 seconds
2016-04-17T21:33:42.346-0100: 5.931: Total time for which application threads were stopped: 0.0001973 seconds, Stopping threads took: 0.0000289 seconds
2016-04-17T21:33:42.478-0100: 6.063: Total time for which application threads were stopped: 0.0001845 seconds, Stopping threads took: 0.0000537 seconds
2016-04-17T21:33:42.586-0100: 6.172: Total time for which application threads were stopped: 0.0008163 seconds, Stopping threads took: 0.0007021 seconds
2016-04-17T21:33:42.588-0100: 6.173: Total time for which application threads were stopped: 0.0001610 seconds, Stopping threads took: 0.0000580 seconds
2016-04-17T21:33:42.881-0100: 6.466: Total time for which application threads were stopped: 0.0001683 seconds, Stopping threads took: 0.0000513 seconds
2016-04-17T21:33:42.888-0100: 6.473: Total time for which application threads were stopped: 0.0004605 seconds, Stopping threads took: 0.0000482 seconds
2016-04-17T21:33:42.966-0100: 6.551: Total time for which application threads were stopped: 0.0007238 seconds, Stopping threads took: 0.0001930 seconds
2016-04-17T21:33:43.055-0100: 6.641: Total time for which application threads were stopped: 0.0005539 seconds, Stopping threads took: 0.0000488 seconds
2016-04-17T21:33:43.081-0100: 6.666: Total time for which application threads were stopped: 0.0001969 seconds, Stopping threads took: 0.0000610 seconds
{Heap before GC invocations=1 (full 0):
 par new generation   total 109248K, used 98165K [0x00000007a0000000, 0x00000007a8000000, 0x00000007a8000000)
  eden space 87424K, 100% used [0x00000007a0000000, 0x00000007a5560000, 0x00000007a5560000)
  from space 21824K,  49% used [0x00000007a6ab0000, 0x00000007a752d630, 0x00000007a8000000)
  to   space 21824K,   0% used [0x00000007a5560000, 0x00000007a5560000, 0x00000007a6ab0000)
 concurrent mark-sweep generation total 393216K, used 0K [0x00000007a8000000, 0x00000007c0000000, 0x00000007c0000000)
 Metaspace       used 21172K, capacity 21540K, committed 21884K, reserved 1069056K
  class space    used 2471K, capacity 2569K, committed 2608K, reserved 1048576K
2016-04-17T21:33:43.107-0100: 6.692: [GC (Allocation Failure) 2016-04-17T21:33:43.107-0100: 6.692: [ParNew
Desired survivor size 20112992 bytes, new threshold 8 (max 8)
- age   1:    4641920 bytes,    4641920 total
- age   2:    4990016 bytes,    9631936 total
: 98165K->13246K(109248K), 0.0501426 secs] 98165K->13246K(502464K), 0.0502848 secs] [Times: user=0.04 sys=0.01, real=0.05 secs] 
Heap after GC invocations=2 (full 0):
 par new generation   total 109248K, used 13246K [0x00000007a0000000, 0x00000007a8000000, 0x00000007a8000000)
  eden space 87424K,   0% used [0x00000007a0000000, 0x00000007a0000000, 0x00000007a5560000)
  from space 21824K,  60% used [0x00000007a5560000, 0x00000007a624fa40, 0x00000007a6ab0000)
  to   space 21824K,   0% used [0x00000007a6ab0000, 0x00000007a6ab0000, 0x00000007a8000000)
 concurrent mark-sweep generation total 393216K, used 0K [0x00000007a8000000, 0x00000007c0000000, 0x00000007c0000000)
 Metaspace       used 21172K, capacity 21540K, committed 21884K, reserved 1069056K
  class space    used 2471K, capacity 2569K, committed 2608K, reserved 1048576K
}
2016-04-17T21:33:43.157-0100: 6.742: Total time for which application threads were stopped: 0.0575082 seconds, Stopping threads took: 0.0069663 seconds
2016-04-17T21:33:43.157-0100: 6.742: [GC (CMS Initial Mark) [1 CMS-initial-mark: 0K(393216K)] 13290K(502464K), 0.0102680 secs] [Times: user=0.01 sys=0.00, real=0.01 secs] 
2016-04-17T21:33:43.168-0100: 6.753: Total time for which application threads were stopped: 0.0104811 seconds, Stopping threads took: 0.0000559 seconds
2016-04-17T21:33:43.168-0100: 6.753: [CMS-concurrent-mark-start]
2016-04-17T21:33:43.178-0100: 6.764: [CMS-concurrent-mark: 0.011/0.011 secs] [Times: user=0.01 sys=0.00, real=0.01 secs] 
2016-04-17T21:33:43.178-0100: 6.764: [CMS-concurrent-preclean-start]
2016-04-17T21:33:43.180-0100: 6.765: [CMS-concurrent-preclean: 0.001/0.001 secs] [Times: user=0.00 sys=0.00, real=0.01 secs] 
2016-04-17T21:33:43.180-0100: 6.765: [CMS-concurrent-abortable-preclean-start]
2016-04-17T21:33:43.311-0100: 6.897: Total time for which application threads were stopped: 0.0001343 seconds, Stopping threads took: 0.0000306 seconds
2016-04-17T21:33:43.380-0100: 6.965: Total time for which application threads were stopped: 0.0059347 seconds, Stopping threads took: 0.0057294 seconds
2016-04-17T21:33:43.380-0100: 6.966: Total time for which application threads were stopped: 0.0001065 seconds, Stopping threads took: 0.0000420 seconds
2016-04-17T21:33:43.503-0100: 7.088: Total time for which application threads were stopped: 0.0002490 seconds, Stopping threads took: 0.0000956 seconds
2016-04-17T21:33:43.566-0100: 7.151: Total time for which application threads were stopped: 0.0001592 seconds, Stopping threads took: 0.0000490 seconds
2016-04-17T21:33:43.590-0100: 7.175: Total time for which application threads were stopped: 0.0026967 seconds, Stopping threads took: 0.0025012 seconds
2016-04-17T21:33:43.899-0100: 7.484: Total time for which application threads were stopped: 0.0001932 seconds, Stopping threads took: 0.0000333 seconds
{Heap before GC invocations=2 (full 1):
 par new generation   total 109248K, used 100670K [0x00000007a0000000, 0x00000007a8000000, 0x00000007a8000000)
  eden space 87424K, 100% used [0x00000007a0000000, 0x00000007a5560000, 0x00000007a5560000)
  from space 21824K,  60% used [0x00000007a5560000, 0x00000007a624fa40, 0x00000007a6ab0000)
  to   space 21824K,   0% used [0x00000007a6ab0000, 0x00000007a6ab0000, 0x00000007a8000000)
 concurrent mark-sweep generation total 393216K, used 0K [0x00000007a8000000, 0x00000007c0000000, 0x00000007c0000000)
 Metaspace       used 21882K, capacity 22218K, committed 22548K, reserved 1069056K
  class space    used 2554K, capacity 2666K, committed 2736K, reserved 1048576K
2016-04-17T21:33:43.990-0100: 7.575: [GC (Allocation Failure) 2016-04-17T21:33:43.990-0100: 7.575: [ParNew2016-04-17T21:33:44.013-0100: 7.599: [CMS-concurrent-abortable-preclean: 0.536/0.834 secs] [Times: user=0.81 sys=0.03, real=0.83 secs] 

Desired survivor size 20112992 bytes, new threshold 8 (max 8)
- age   1:    2429256 bytes,    2429256 total
- age   2:    1799912 bytes,    4229168 total
- age   3:    4984720 bytes,    9213888 total
: 100670K->10366K(109248K), 0.0265786 secs] 100670K->10366K(502464K), 0.0267258 secs] [Times: user=0.05 sys=0.00, real=0.02 secs] 
Heap after GC invocations=3 (full 1):
 par new generation   total 109248K, used 10366K [0x00000007a0000000, 0x00000007a8000000, 0x00000007a8000000)
  eden space 87424K,   0% used [0x00000007a0000000, 0x00000007a0000000, 0x00000007a5560000)
  from space 21824K,  47% used [0x00000007a6ab0000, 0x00000007a74cf940, 0x00000007a8000000)
  to   space 21824K,   0% used [0x00000007a5560000, 0x00000007a5560000, 0x00000007a6ab0000)
 concurrent mark-sweep generation total 393216K, used 0K [0x00000007a8000000, 0x00000007c0000000, 0x00000007c0000000)
 Metaspace       used 21882K, capacity 22218K, committed 22548K, reserved 1069056K
  class space    used 2554K, capacity 2666K, committed 2736K, reserved 1048576K
}
2016-04-17T21:33:44.017-0100: 7.602: Total time for which application threads were stopped: 0.0276336 seconds, Stopping threads took: 0.0006568 seconds
2016-04-17T21:33:44.022-0100: 7.608: [GC (CMS Final Remark) [YG occupancy: 11427 K (109248 K)]{Heap before GC invocations=3 (full 1):
 par new generation   total 109248K, used 11427K [0x00000007a0000000, 0x00000007a8000000, 0x00000007a8000000)
  eden space 87424K,   1% used [0x00000007a0000000, 0x00000007a0109350, 0x00000007a5560000)
  from space 21824K,  47% used [0x00000007a6ab0000, 0x00000007a74cf940, 0x00000007a8000000)
  to   space 21824K,   0% used [0x00000007a5560000, 0x00000007a5560000, 0x00000007a6ab0000)
 concurrent mark-sweep generation total 393216K, used 0K [0x00000007a8000000, 0x00000007c0000000, 0x00000007c0000000)
 Metaspace       used 21885K, capacity 22218K, committed 22548K, reserved 1069056K
  class space    used 2554K, capacity 2666K, committed 2736K, reserved 1048576K
2016-04-17T21:33:44.022-0100: 7.608: [GC (CMS Final Remark) 2016-04-17T21:33:44.022-0100: 7.608: [ParNew
Desired survivor size 20112992 bytes, new threshold 8 (max 8)
- age   1:      33448 bytes,      33448 total
- age   2:    2347320 bytes,    2380768 total
- age   3:    1799912 bytes,    4180680 total
- age   4:    4984720 bytes,    9165400 total
: 11427K->14077K(109248K), 0.0315074 secs] 11427K->14077K(502464K), 0.0315849 secs] [Times: user=0.05 sys=0.00, real=0.03 secs] 
Heap after GC invocations=4 (full 1):
 par new generation   total 109248K, used 14077K [0x00000007a0000000, 0x00000007a8000000, 0x00000007a8000000)
  eden space 87424K,   0% used [0x00000007a0000000, 0x00000007a0000000, 0x00000007a5560000)
  from space 21824K,  64% used [0x00000007a5560000, 0x00000007a631f5f8, 0x00000007a6ab0000)
  to   space 21824K,   0% used [0x00000007a6ab0000, 0x00000007a6ab0000, 0x00000007a8000000)
 concurrent mark-sweep generation total 393216K, used 0K [0x00000007a8000000, 0x00000007c0000000, 0x00000007c0000000)
 Metaspace       used 21885K, capacity 22218K, committed 22548K, reserved 1069056K
  class space    used 2554K, capacity 2666K, committed 2736K, reserved 1048576K
}
2016-04-17T21:33:44.054-0100: 7.639: [Rescan (parallel) , 0.0124973 secs]2016-04-17T21:33:44.067-0100: 7.652: [weak refs processing, 0.0067811 secs]2016-04-17T21:33:44.073-0100: 7.659: [class unloading, 0.0088967 secs]2016-04-17T21:33:44.082-0100: 7.668: [scrub symbol table, 0.0095635 secs]2016-04-17T21:33:44.092-0100: 7.677: [scrub string table, 0.0027979 secs][1 CMS-remark: 0K(393216K)] 14077K(502464K), 0.0755969 secs] [Times: user=0.09 sys=0.01, real=0.07 secs] 
2016-04-17T21:33:44.098-0100: 7.683: Total time for which application threads were stopped: 0.0758996 seconds, Stopping threads took: 0.0000553 seconds
2016-04-17T21:33:44.098-0100: 7.684: [CMS-concurrent-sweep-start]
2016-04-17T21:33:44.099-0100: 7.684: Total time for which application threads were stopped: 0.0002402 seconds, Stopping threads took: 0.0001590 seconds
2016-04-17T21:33:44.099-0100: 7.684: [CMS-concurrent-sweep: 0.000/0.000 secs] [Times: user=0.00 sys=0.00, real=0.00 secs] 
2016-04-17T21:33:44.099-0100: 7.684: Total time for which application threads were stopped: 0.0000748 seconds, Stopping threads took: 0.0000089 seconds
2016-04-17T21:33:44.099-0100: 7.685: [CMS-concurrent-reset-start]
2016-04-17T21:33:44.108-0100: 7.693: [CMS-concurrent-reset: 0.008/0.008 secs] [Times: user=0.01 sys=0.00, real=0.01 secs] 
{Heap before GC invocations=4 (full 1):
 par new generation   total 109248K, used 101501K [0x00000007a0000000, 0x00000007a8000000, 0x00000007a8000000)
  eden space 87424K, 100% used [0x00000007a0000000, 0x00000007a5560000, 0x00000007a5560000)
  from space 21824K,  64% used [0x00000007a5560000, 0x00000007a631f5f8, 0x00000007a6ab0000)
  to   space 21824K,   0% used [0x00000007a6ab0000, 0x00000007a6ab0000, 0x00000007a8000000)
 concurrent mark-sweep generation total 393216K, used 0K [0x00000007a8000000, 0x00000007c0000000, 0x00000007c0000000)
 Metaspace       used 22617K, capacity 22990K, committed 23188K, reserved 1069056K
  class space    used 2653K, capacity 2768K, committed 2864K, reserved 1048576K
2016-04-17T21:33:44.519-0100: 8.104: [GC (Allocation Failure) 2016-04-17T21:33:44.519-0100: 8.104: [ParNew
Desired survivor size 20112992 bytes, new threshold 8 (max 8)
- age   1:    1566008 bytes,    1566008 total
- age   2:        520 bytes,    1566528 total
- age   3:    1729680 bytes,    3296208 total
- age   4:    1725384 bytes,    5021592 total
- age   5:    4966888 bytes,    9988480 total
: 101501K->11683K(109248K), 0.0283916 secs] 101501K->11683K(502464K), 0.0284971 secs] [Times: user=0.05 sys=0.00, real=0.03 secs] 
Heap after GC invocations=5 (full 1):
 par new generation   total 109248K, used 11683K [0x00000007a0000000, 0x00000007a8000000, 0x00000007a8000000)
  eden space 87424K,   0% used [0x00000007a0000000, 0x00000007a0000000, 0x00000007a5560000)
  from space 21824K,  53% used [0x00000007a6ab0000, 0x00000007a7618f90, 0x00000007a8000000)
  to   space 21824K,   0% used [0x00000007a5560000, 0x00000007a5560000, 0x00000007a6ab0000)
 concurrent mark-sweep generation total 393216K, used 0K [0x00000007a8000000, 0x00000007c0000000, 0x00000007c0000000)
 Metaspace       used 22617K, capacity 22990K, committed 23188K, reserved 1069056K
  class space    used 2653K, capacity 2768K, committed 2864K, reserved 1048576K
}
2016-04-17T21:33:44.547-0100: 8.133: Total time for which application threads were stopped: 0.0288458 seconds, Stopping threads took: 0.0000760 seconds
{Heap before GC invocations=5 (full 1):
 par new generation   total 109248K, used 99107K [0x00000007a0000000, 0x00000007a8000000, 0x00000007a8000000)
  eden space 87424K, 100% used [0x00000007a0000000, 0x00000007a5560000, 0x00000007a5560000)
  from space 21824K,  53% used [0x00000007a6ab0000, 0x00000007a7618f90, 0x00000007a8000000)
  to   space 21824K,   0% used [0x00000007a5560000, 0x00000007a5560000, 0x00000007a6ab0000)
 concurrent mark-sweep generation total 393216K, used 0K [0x00000007a8000000, 0x00000007c0000000, 0x00000007c0000000)
 Metaspace       used 22811K, capacity 23196K, committed 23600K, reserved 1071104K
  class space    used 2678K, capacity 2771K, committed 2864K, reserved 1048576K
2016-04-17T21:33:44.795-0100: 8.380: [GC (Allocation Failure) 2016-04-17T21:33:44.795-0100: 8.380: [ParNew
Desired survivor size 20112992 bytes, new threshold 8 (max 8)
- age   1:     478640 bytes,     478640 total
- age   2:     346392 bytes,     825032 total
- age   3:        520 bytes,     825552 total
- age   4:    1729328 bytes,    2554880 total
- age   5:    1724920 bytes,    4279800 total
- age   6:    4966888 bytes,    9246688 total
: 99107K->12567K(109248K), 0.0276139 secs] 99107K->12567K(502464K), 0.0277470 secs] [Times: user=0.04 sys=0.00, real=0.03 secs] 
Heap after GC invocations=6 (full 1):
 par new generation   total 109248K, used 12567K [0x00000007a0000000, 0x00000007a8000000, 0x00000007a8000000)
  eden space 87424K,   0% used [0x00000007a0000000, 0x00000007a0000000, 0x00000007a5560000)
  from space 21824K,  57% used [0x00000007a5560000, 0x00000007a61a5c00, 0x00000007a6ab0000)
  to   space 21824K,   0% used [0x00000007a6ab0000, 0x00000007a6ab0000, 0x00000007a8000000)
 concurrent mark-sweep generation total 393216K, used 0K [0x00000007a8000000, 0x00000007c0000000, 0x00000007c0000000)
 Metaspace       used 22811K, capacity 23196K, committed 23600K, reserved 1071104K
  class space    used 2678K, capacity 2771K, committed 2864K, reserved 1048576K
}
2016-04-17T21:33:44.823-0100: 8.408: Total time for which application threads were stopped: 0.0280826 seconds, Stopping threads took: 0.0000861 seconds
2016-04-17T21:33:45.083-0100: 8.668: Total time for which application threads were stopped: 0.0002033 seconds, Stopping threads took: 0.0000656 seconds
2016-04-17T21:33:45.178-0100: 8.763: Total time for which application threads were stopped: 0.0005683 seconds, Stopping threads took: 0.0000500 seconds
2016-04-17T21:33:45.388-0100: 8.973: Total time for which application threads were stopped: 0.0017061 seconds, Stopping threads took: 0.0011054 seconds
2016-04-17T21:33:45.813-0100: 9.398: Total time for which application threads were stopped: 0.0003018 seconds, Stopping threads took: 0.0000585 seconds
2016-04-17T21:33:45.985-0100: 9.570: Total time for which application threads were stopped: 0.0003937 seconds, Stopping threads took: 0.0002402 seconds
2016-04-17T21:33:46.035-0100: 9.620: Total time for which application threads were stopped: 0.0011932 seconds, Stopping threads took: 0.0005952 seconds
2016-04-17T21:33:46.047-0100: 9.633: Total time for which application threads were stopped: 0.0002019 seconds, Stopping threads took: 0.0000499 seconds
2016-04-17T21:33:46.049-0100: 9.634: Total time for which application threads were stopped: 0.0001613 seconds, Stopping threads took: 0.0000567 seconds
2016-04-17T21:33:46.052-0100: 9.637: Total time for which application threads were stopped: 0.0001840 seconds, Stopping threads took: 0.0000586 seconds
2016-04-17T21:33:46.056-0100: 9.642: Total time for which application threads were stopped: 0.0005288 seconds, Stopping threads took: 0.0003995 seconds
2016-04-17T21:33:46.061-0100: 9.646: Total time for which application threads were stopped: 0.0002074 seconds, Stopping threads took: 0.0000608 seconds
2016-04-17T21:33:46.064-0100: 9.650: Total time for which application threads were stopped: 0.0005983 seconds, Stopping threads took: 0.0000286 seconds
2016-04-17T21:33:46.081-0100: 9.667: Total time for which application threads were stopped: 0.0002501 seconds, Stopping threads took: 0.0000867 seconds
2016-04-17T21:33:46.105-0100: 9.690: Total time for which application threads were stopped: 0.0001345 seconds, Stopping threads took: 0.0000270 seconds
2016-04-17T21:33:46.108-0100: 9.694: Total time for which application threads were stopped: 0.0012683 seconds, Stopping threads took: 0.0011367 seconds
2016-04-17T21:33:46.113-0100: 9.699: Total time for which application threads were stopped: 0.0002009 seconds, Stopping threads took: 0.0000475 seconds
2016-04-17T21:33:46.116-0100: 9.702: Total time for which application threads were stopped: 0.0001725 seconds, Stopping threads took: 0.0000583 seconds
{Heap before GC invocations=6 (full 1):
 par new generation   total 109248K, used 99991K [0x00000007a0000000, 0x00000007a8000000, 0x00000007a8000000)
  eden space 87424K, 100% used [0x00000007a0000000, 0x00000007a5560000, 0x00000007a5560000)
  from space 21824K,  57% used [0x00000007a5560000, 0x00000007a61a5c00, 0x00000007a6ab0000)
  to   space 21824K,   0% used [0x00000007a6ab0000, 0x00000007a6ab0000, 0x00000007a8000000)
 concurrent mark-sweep generation total 393216K, used 0K [0x00000007a8000000, 0x00000007c0000000, 0x00000007c0000000)
 Metaspace       used 26112K, capacity 26488K, committed 26800K, reserved 1073152K
  class space    used 3085K, capacity 3207K, committed 3248K, reserved 1048576K
2016-04-17T21:33:46.242-0100: 9.828: [GC (Allocation Failure) 2016-04-17T21:33:46.242-0100: 9.828: [ParNew
Desired survivor size 20112992 bytes, new threshold 8 (max 8)
- age   1:    4312552 bytes,    4312552 total
- age   2:     114536 bytes,    4427088 total
- age   3:     338504 bytes,    4765592 total
- age   4:        520 bytes,    4766112 total
- age   5:     241040 bytes,    5007152 total
- age   6:    1718392 bytes,    6725544 total
- age   7:    4964848 bytes,   11690392 total
: 99991K->13701K(109248K), 0.0563600 secs] 99991K->13701K(502464K), 0.0564570 secs] [Times: user=0.05 sys=0.00, real=0.05 secs] 
Heap after GC invocations=7 (full 1):
 par new generation   total 109248K, used 13701K [0x00000007a0000000, 0x00000007a8000000, 0x00000007a8000000)
  eden space 87424K,   0% used [0x00000007a0000000, 0x00000007a0000000, 0x00000007a5560000)
  from space 21824K,  62% used [0x00000007a6ab0000, 0x00000007a7811780, 0x00000007a8000000)
  to   space 21824K,   0% used [0x00000007a5560000, 0x00000007a5560000, 0x00000007a6ab0000)
 concurrent mark-sweep generation total 393216K, used 0K [0x00000007a8000000, 0x00000007c0000000, 0x00000007c0000000)
 Metaspace       used 26112K, capacity 26488K, committed 26800K, reserved 1073152K
  class space    used 3085K, capacity 3207K, committed 3248K, reserved 1048576K
}
2016-04-17T21:33:46.299-0100: 9.884: Total time for which application threads were stopped: 0.0644226 seconds, Stopping threads took: 0.0000495 seconds
2016-04-17T21:33:46.421-0100: 10.006: Total time for which application threads were stopped: 0.0022732 seconds, Stopping threads took: 0.0020842 seconds
2016-04-17T21:33:46.432-0100: 10.017: Total time for which application threads were stopped: 0.0008805 seconds, Stopping threads took: 0.0007183 seconds
2016-04-17T21:33:46.489-0100: 10.074: Total time for which application threads were stopped: 0.0002867 seconds, Stopping threads took: 0.0001349 seconds
2016-04-17T21:33:46.525-0100: 10.111: Total time for which application threads were stopped: 0.0002068 seconds, Stopping threads took: 0.0000536 seconds
2016-04-17T21:33:46.530-0100: 10.115: Total time for which application threads were stopped: 0.0004785 seconds, Stopping threads took: 0.0003103 seconds
2016-04-17T21:33:46.550-0100: 10.136: Total time for which application threads were stopped: 0.0001821 seconds, Stopping threads took: 0.0000521 seconds
2016-04-17T21:33:46.550-0100: 10.136: Total time for which application threads were stopped: 0.0000898 seconds, Stopping threads took: 0.0000270 seconds
2016-04-17T21:33:46.689-0100: 10.274: Total time for which application threads were stopped: 0.0001726 seconds, Stopping threads took: 0.0000555 seconds
2016-04-17T21:33:46.789-0100: 10.375: Total time for which application threads were stopped: 0.0001917 seconds, Stopping threads took: 0.0000603 seconds
2016-04-17T21:33:46.791-0100: 10.376: Total time for which application threads were stopped: 0.0001984 seconds, Stopping threads took: 0.0000774 seconds
2016-04-17T21:33:46.793-0100: 10.379: Total time for which application threads were stopped: 0.0001502 seconds, Stopping threads took: 0.0000483 seconds
2016-04-17T21:33:46.795-0100: 10.380: Total time for which application threads were stopped: 0.0001659 seconds, Stopping threads took: 0.0000548 seconds
2016-04-17T21:33:46.798-0100: 10.384: Total time for which application threads were stopped: 0.0001751 seconds, Stopping threads took: 0.0000283 seconds
2016-04-17T21:33:46.811-0100: 10.397: Total time for which application threads were stopped: 0.0003186 seconds, Stopping threads took: 0.0001683 seconds
2016-04-17T21:33:46.817-0100: 10.402: Total time for which application threads were stopped: 0.0008006 seconds, Stopping threads took: 0.0006484 seconds
2016-04-17T21:33:46.818-0100: 10.403: Total time for which application threads were stopped: 0.0000951 seconds, Stopping threads took: 0.0000168 seconds
2016-04-17T21:33:46.840-0100: 10.426: Total time for which application threads were stopped: 0.0004844 seconds, Stopping threads took: 0.0003298 seconds
2016-04-17T21:33:46.849-0100: 10.435: Total time for which application threads were stopped: 0.0002913 seconds, Stopping threads took: 0.0001534 seconds
2016-04-17T21:33:46.873-0100: 10.459: Total time for which application threads were stopped: 0.0008152 seconds, Stopping threads took: 0.0001404 seconds
2016-04-17T21:33:46.876-0100: 10.461: Total time for which application threads were stopped: 0.0004537 seconds, Stopping threads took: 0.0003166 seconds
2016-04-17T21:33:46.983-0100: 10.568: Total time for which application threads were stopped: 0.0003318 seconds, Stopping threads took: 0.0002144 seconds
2016-04-17T21:33:46.983-0100: 10.568: Total time for which application threads were stopped: 0.0001136 seconds, Stopping threads took: 0.0000077 seconds
2016-04-17T21:33:46.994-0100: 10.579: Total time for which application threads were stopped: 0.0107854 seconds, Stopping threads took: 0.0106481 seconds
2016-04-17T21:33:46.994-0100: 10.579: Total time for which application threads were stopped: 0.0000624 seconds, Stopping threads took: 0.0000131 seconds
2016-04-17T21:33:46.994-0100: 10.579: Total time for which application threads were stopped: 0.0000558 seconds, Stopping threads took: 0.0000083 seconds
2016-04-17T21:33:47.042-0100: 10.627: Total time for which application threads were stopped: 0.0006748 seconds, Stopping threads took: 0.0000620 seconds
2016-04-17T21:33:47.109-0100: 10.694: Total time for which application threads were stopped: 0.0002377 seconds, Stopping threads took: 0.0000834 seconds
2016-04-17T21:33:47.145-0100: 10.731: Total time for which application threads were stopped: 0.0101864 seconds, Stopping threads took: 0.0100234 seconds
2016-04-17T21:33:47.178-0100: 10.763: Total time for which application threads were stopped: 0.0130717 seconds, Stopping threads took: 0.0128845 seconds
2016-04-17T21:33:47.185-0100: 10.771: Total time for which application threads were stopped: 0.0009958 seconds, Stopping threads took: 0.0003902 seconds
2016-04-17T21:33:47.190-0100: 10.775: Total time for which application threads were stopped: 0.0001956 seconds, Stopping threads took: 0.0000548 seconds
2016-04-17T21:33:47.190-0100: 10.775: Total time for which application threads were stopped: 0.0001361 seconds, Stopping threads took: 0.0000725 seconds
2016-04-17T21:33:47.192-0100: 10.777: Total time for which application threads were stopped: 0.0016233 seconds, Stopping threads took: 0.0014673 seconds
2016-04-17T21:33:47.192-0100: 10.778: Total time for which application threads were stopped: 0.0001705 seconds, Stopping threads took: 0.0000830 seconds
2016-04-17T21:33:47.193-0100: 10.778: Total time for which application threads were stopped: 0.0001108 seconds, Stopping threads took: 0.0000331 seconds
2016-04-17T21:33:47.210-0100: 10.795: Total time for which application threads were stopped: 0.0001873 seconds, Stopping threads took: 0.0000592 seconds
2016-04-17T21:33:47.212-0100: 10.798: Total time for which application threads were stopped: 0.0004227 seconds, Stopping threads took: 0.0002633 seconds
2016-04-17T21:33:47.223-0100: 10.808: Total time for which application threads were stopped: 0.0003744 seconds, Stopping threads took: 0.0000502 seconds
2016-04-17T21:33:47.227-0100: 10.812: Total time for which application threads were stopped: 0.0001857 seconds, Stopping threads took: 0.0000325 seconds
2016-04-17T21:33:47.227-0100: 10.813: Total time for which application threads were stopped: 0.0001273 seconds, Stopping threads took: 0.0000363 seconds
2016-04-17T21:33:47.228-0100: 10.813: Total time for which application threads were stopped: 0.0001382 seconds, Stopping threads took: 0.0000619 seconds
2016-04-17T21:33:47.228-0100: 10.813: Total time for which application threads were stopped: 0.0004491 seconds, Stopping threads took: 0.0003536 seconds
2016-04-17T21:33:47.230-0100: 10.815: Total time for which application threads were stopped: 0.0001404 seconds, Stopping threads took: 0.0000289 seconds
2016-04-17T21:33:47.233-0100: 10.819: Total time for which application threads were stopped: 0.0001908 seconds, Stopping threads took: 0.0000501 seconds
2016-04-17T21:33:47.274-0100: 10.860: Total time for which application threads were stopped: 0.0123718 seconds, Stopping threads took: 0.0121855 seconds
2016-04-17T21:33:47.338-0100: 10.924: Total time for which application threads were stopped: 0.0140227 seconds, Stopping threads took: 0.0138378 seconds
2016-04-17T21:33:47.394-0100: 10.979: Total time for which application threads were stopped: 0.0002938 seconds, Stopping threads took: 0.0001347 seconds
2016-04-17T21:33:47.415-0100: 11.001: Total time for which application threads were stopped: 0.0002125 seconds, Stopping threads took: 0.0000707 seconds
2016-04-17T21:33:47.532-0100: 11.117: Total time for which application threads were stopped: 0.0108870 seconds, Stopping threads took: 0.0107334 seconds
2016-04-17T21:33:47.532-0100: 11.117: Total time for which application threads were stopped: 0.0000721 seconds, Stopping threads took: 0.0000149 seconds
2016-04-17T21:33:47.536-0100: 11.121: Total time for which application threads were stopped: 0.0001785 seconds, Stopping threads took: 0.0000653 seconds
2016-04-17T21:33:47.539-0100: 11.124: Total time for which application threads were stopped: 0.0003983 seconds, Stopping threads took: 0.0002747 seconds
2016-04-17T21:33:47.545-0100: 11.131: Total time for which application threads were stopped: 0.0001662 seconds, Stopping threads took: 0.0000517 seconds
2016-04-17T21:33:47.545-0100: 11.131: Total time for which application threads were stopped: 0.0001861 seconds, Stopping threads took: 0.0001314 seconds
2016-04-17T21:33:48.069-0100: 11.654: Total time for which application threads were stopped: 0.0001634 seconds, Stopping threads took: 0.0000394 seconds
2016-04-17T21:33:48.076-0100: 11.661: Total time for which application threads were stopped: 0.0031938 seconds, Stopping threads took: 0.0014637 seconds
2016-04-17T21:33:48.123-0100: 11.708: Total time for which application threads were stopped: 0.0001339 seconds, Stopping threads took: 0.0000315 seconds
2016-04-17T21:33:48.123-0100: 11.708: Total time for which application threads were stopped: 0.0000680 seconds, Stopping threads took: 0.0000100 seconds
2016-04-17T21:33:48.440-0100: 12.025: Total time for which application threads were stopped: 0.0006429 seconds, Stopping threads took: 0.0000498 seconds
2016-04-17T21:33:48.623-0100: 12.208: Total time for which application threads were stopped: 0.0001958 seconds, Stopping threads took: 0.0000551 seconds
2016-04-17T21:33:48.640-0100: 12.225: Total time for which application threads were stopped: 0.0001766 seconds, Stopping threads took: 0.0000322 seconds
2016-04-17T21:33:48.647-0100: 12.232: Total time for which application threads were stopped: 0.0001947 seconds, Stopping threads took: 0.0000630 seconds
2016-04-17T21:33:48.649-0100: 12.234: Total time for which application threads were stopped: 0.0002113 seconds, Stopping threads took: 0.0000898 seconds
2016-04-17T21:33:48.661-0100: 12.246: Total time for which application threads were stopped: 0.0108991 seconds, Stopping threads took: 0.0107545 seconds
2016-04-17T21:33:48.670-0100: 12.255: Total time for which application threads were stopped: 0.0001815 seconds, Stopping threads took: 0.0000539 seconds
2016-04-17T21:33:48.670-0100: 12.255: Total time for which application threads were stopped: 0.0001012 seconds, Stopping threads took: 0.0000304 seconds
{Heap before GC invocations=7 (full 1):
 par new generation   total 109248K, used 101125K [0x00000007a0000000, 0x00000007a8000000, 0x00000007a8000000)
  eden space 87424K, 100% used [0x00000007a0000000, 0x00000007a5560000, 0x00000007a5560000)
  from space 21824K,  62% used [0x00000007a6ab0000, 0x00000007a7811780, 0x00000007a8000000)
  to   space 21824K,   0% used [0x00000007a5560000, 0x00000007a5560000, 0x00000007a6ab0000)
 concurrent mark-sweep generation total 393216K, used 0K [0x00000007a8000000, 0x00000007c0000000, 0x00000007c0000000)
 Metaspace       used 31204K, capacity 31574K, committed 32048K, reserved 1077248K
  class space    used 3692K, capacity 3808K, committed 3888K, reserved 1048576K
2016-04-17T21:33:48.737-0100: 12.322: [GC (Allocation Failure) 2016-04-17T21:33:48.737-0100: 12.322: [ParNew
Desired survivor size 20112992 bytes, new threshold 8 (max 8)
- age   1:    9900168 bytes,    9900168 total
- age   2:    1696184 bytes,   11596352 total
- age   3:     113656 bytes,   11710008 total
- age   4:     314784 bytes,   12024792 total
- age   5:        520 bytes,   12025312 total
- age   6:     233800 bytes,   12259112 total
- age   7:    1636112 bytes,   13895224 total
- age   8:    4905768 bytes,   18800992 total
: 101125K->21824K(109248K), 0.1552276 secs] 101125K->21896K(502464K), 0.1553964 secs] [Times: user=0.11 sys=0.01, real=0.16 secs] 
Heap after GC invocations=8 (full 1):
 par new generation   total 109248K, used 21824K [0x00000007a0000000, 0x00000007a8000000, 0x00000007a8000000)
  eden space 87424K,   0% used [0x00000007a0000000, 0x00000007a0000000, 0x00000007a5560000)
  from space 21824K, 100% used [0x00000007a5560000, 0x00000007a6ab0000, 0x00000007a6ab0000)
  to   space 21824K,   0% used [0x00000007a6ab0000, 0x00000007a6ab0000, 0x00000007a8000000)
 concurrent mark-sweep generation total 393216K, used 72K [0x00000007a8000000, 0x00000007c0000000, 0x00000007c0000000)
 Metaspace       used 31204K, capacity 31574K, committed 32048K, reserved 1077248K
  class space    used 3692K, capacity 3808K, committed 3888K, reserved 1048576K
}
2016-04-17T21:33:48.892-0100: 12.478: Total time for which application threads were stopped: 0.1569894 seconds, Stopping threads took: 0.0012061 seconds
2016-04-17T21:33:48.897-0100: 12.482: Total time for which application threads were stopped: 0.0002697 seconds, Stopping threads took: 0.0000481 seconds
2016-04-17T21:33:48.909-0100: 12.495: Total time for which application threads were stopped: 0.0125119 seconds, Stopping threads took: 0.0122730 seconds
2016-04-17T21:33:48.910-0100: 12.495: Total time for which application threads were stopped: 0.0001459 seconds, Stopping threads took: 0.0000353 seconds
2016-04-17T21:33:48.911-0100: 12.497: Total time for which application threads were stopped: 0.0002000 seconds, Stopping threads took: 0.0000409 seconds
2016-04-17T21:33:49.040-0100: 12.626: Total time for which application threads were stopped: 0.0002828 seconds, Stopping threads took: 0.0001293 seconds
2016-04-17T21:33:49.056-0100: 12.642: Total time for which application threads were stopped: 0.0110717 seconds, Stopping threads took: 0.0108860 seconds
{Heap before GC invocations=8 (full 1):
 par new generation   total 109248K, used 109248K [0x00000007a0000000, 0x00000007a8000000, 0x00000007a8000000)
  eden space 87424K, 100% used [0x00000007a0000000, 0x00000007a5560000, 0x00000007a5560000)
  from space 21824K, 100% used [0x00000007a5560000, 0x00000007a6ab0000, 0x00000007a6ab0000)
  to   space 21824K,   0% used [0x00000007a6ab0000, 0x00000007a6ab0000, 0x00000007a8000000)
 concurrent mark-sweep generation total 393216K, used 72K [0x00000007a8000000, 0x00000007c0000000, 0x00000007c0000000)
 Metaspace       used 31339K, capacity 31798K, committed 32048K, reserved 1077248K
  class space    used 3707K, capacity 3840K, committed 3888K, reserved 1048576K
2016-04-17T21:33:49.613-0100: 13.198: [GC (Allocation Failure) 2016-04-17T21:33:49.613-0100: 13.198: [ParNew
Desired survivor size 20112992 bytes, new threshold 8 (max 8)
- age   1:    1358768 bytes,    1358768 total
- age   2:    5847552 bytes,    7206320 total
- age   3:    1696112 bytes,    8902432 total
- age   4:     113656 bytes,    9016088 total
- age   5:     314752 bytes,    9330840 total
- age   6:        520 bytes,    9331360 total
- age   7:     233800 bytes,    9565160 total
- age   8:    1627752 bytes,   11192912 total
: 109248K->20309K(109248K), 0.1939189 secs] 109320K->25672K(502464K), 0.1940819 secs] [Times: user=0.14 sys=0.02, real=0.19 secs] 
Heap after GC invocations=9 (full 1):
 par new generation   total 109248K, used 20309K [0x00000007a0000000, 0x00000007a8000000, 0x00000007a8000000)
  eden space 87424K,   0% used [0x00000007a0000000, 0x00000007a0000000, 0x00000007a5560000)
  from space 21824K,  93% used [0x00000007a6ab0000, 0x00000007a7e85508, 0x00000007a8000000)
  to   space 21824K,   0% used [0x00000007a5560000, 0x00000007a5560000, 0x00000007a6ab0000)
 concurrent mark-sweep generation total 393216K, used 5362K [0x00000007a8000000, 0x00000007c0000000, 0x00000007c0000000)
 Metaspace       used 31339K, capacity 31798K, committed 32048K, reserved 1077248K
  class space    used 3707K, capacity 3840K, committed 3888K, reserved 1048576K
}
2016-04-17T21:33:49.807-0100: 13.392: Total time for which application threads were stopped: 0.1944924 seconds, Stopping threads took: 0.0000689 seconds
2016-04-17T21:33:49.807-0100: 13.393: Total time for which application threads were stopped: 0.0003162 seconds, Stopping threads took: 0.0001148 seconds
2016-04-17T21:33:50.493-0100: 14.079: Total time for which application threads were stopped: 0.0001958 seconds, Stopping threads took: 0.0000571 seconds
{Heap before GC invocations=9 (full 1):
 par new generation   total 109248K, used 107733K [0x00000007a0000000, 0x00000007a8000000, 0x00000007a8000000)
  eden space 87424K, 100% used [0x00000007a0000000, 0x00000007a5560000, 0x00000007a5560000)
  from space 21824K,  93% used [0x00000007a6ab0000, 0x00000007a7e85508, 0x00000007a8000000)
  to   space 21824K,   0% used [0x00000007a5560000, 0x00000007a5560000, 0x00000007a6ab0000)
 concurrent mark-sweep generation total 393216K, used 5362K [0x00000007a8000000, 0x00000007c0000000, 0x00000007c0000000)
 Metaspace       used 31363K, capacity 31798K, committed 32048K, reserved 1077248K
  class space    used 3707K, capacity 3840K, committed 3888K, reserved 1048576K
2016-04-17T21:33:50.493-0100: 14.079: [GC (Allocation Failure) 2016-04-17T21:33:50.493-0100: 14.079: [ParNew
Desired survivor size 20112992 bytes, new threshold 8 (max 8)
- age   1:     175160 bytes,     175160 total
- age   2:    1007832 bytes,    1182992 total
- age   3:    5845328 bytes,    7028320 total
- age   4:    1696112 bytes,    8724432 total
- age   5:     113656 bytes,    8838088 total
- age   6:     314752 bytes,    9152840 total
- age   7:        520 bytes,    9153360 total
- age   8:     233800 bytes,    9387160 total
: 107733K->10694K(109248K), 0.0948940 secs] 113096K->17662K(502464K), 0.0950000 secs] [Times: user=0.06 sys=0.00, real=0.09 secs] 
Heap after GC invocations=10 (full 1):
 par new generation   total 109248K, used 10694K [0x00000007a0000000, 0x00000007a8000000, 0x00000007a8000000)
  eden space 87424K,   0% used [0x00000007a0000000, 0x00000007a0000000, 0x00000007a5560000)
  from space 21824K,  49% used [0x00000007a5560000, 0x00000007a5fd1b68, 0x00000007a6ab0000)
  to   space 21824K,   0% used [0x00000007a6ab0000, 0x00000007a6ab0000, 0x00000007a8000000)
 concurrent mark-sweep generation total 393216K, used 6967K [0x00000007a8000000, 0x00000007c0000000, 0x00000007c0000000)
 Metaspace       used 31363K, capacity 31798K, committed 32048K, reserved 1077248K
  class space    used 3707K, capacity 3840K, committed 3888K, reserved 1048576K
}
2016-04-17T21:33:50.588-0100: 14.174: Total time for which application threads were stopped: 0.0952568 seconds, Stopping threads took: 0.0000333 seconds
2016-04-17T21:33:50.589-0100: 14.174: Total time for which application threads were stopped: 0.0002674 seconds, Stopping threads took: 0.0001161 seconds
2016-04-17T21:33:51.161-0100: 14.746: Total time for which application threads were stopped: 0.0002012 seconds, Stopping threads took: 0.0000343 seconds
2016-04-17T21:33:51.161-0100: 14.747: Total time for which application threads were stopped: 0.0000616 seconds, Stopping threads took: 0.0000098 seconds
2016-04-17T21:33:51.164-0100: 14.749: Total time for which application threads were stopped: 0.0001518 seconds, Stopping threads took: 0.0000443 seconds
2016-04-17T21:33:51.217-0100: 14.802: Total time for which application threads were stopped: 0.0001958 seconds, Stopping threads took: 0.0000484 seconds
2016-04-17T21:33:51.220-0100: 14.805: Total time for which application threads were stopped: 0.0001552 seconds, Stopping threads took: 0.0000361 seconds
2016-04-17T21:33:51.220-0100: 14.805: Total time for which application threads were stopped: 0.0000615 seconds, Stopping threads took: 0.0000096 seconds
2016-04-17T21:33:51.220-0100: 14.805: Total time for which application threads were stopped: 0.0000583 seconds, Stopping threads took: 0.0000085 seconds
2016-04-17T21:33:51.220-0100: 14.806: Total time for which application threads were stopped: 0.0000814 seconds, Stopping threads took: 0.0000285 seconds
2016-04-17T21:33:51.220-0100: 14.806: Total time for which application threads were stopped: 0.0000603 seconds, Stopping threads took: 0.0000090 seconds
2016-04-17T21:33:51.220-0100: 14.806: Total time for which application threads were stopped: 0.0000578 seconds, Stopping threads took: 0.0000089 seconds
2016-04-17T21:33:51.297-0100: 14.882: Total time for which application threads were stopped: 0.0003053 seconds, Stopping threads took: 0.0000893 seconds
2016-04-17T21:33:51.463-0100: 15.049: Total time for which application threads were stopped: 0.0044270 seconds, Stopping threads took: 0.0042557 seconds
2016-04-17T21:33:51.474-0100: 15.060: Total time for which application threads were stopped: 0.0001537 seconds, Stopping threads took: 0.0000345 seconds
2016-04-17T21:33:51.475-0100: 15.060: Total time for which application threads were stopped: 0.0000613 seconds, Stopping threads took: 0.0000097 seconds
2016-04-17T21:33:51.475-0100: 15.060: Total time for which application threads were stopped: 0.0000599 seconds, Stopping threads took: 0.0000088 seconds
2016-04-17T21:33:51.475-0100: 15.060: Total time for which application threads were stopped: 0.0000574 seconds, Stopping threads took: 0.0000081 seconds
2016-04-17T21:33:51.475-0100: 15.060: Total time for which application threads were stopped: 0.0000802 seconds, Stopping threads took: 0.0000282 seconds
2016-04-17T21:33:51.476-0100: 15.061: Total time for which application threads were stopped: 0.0003112 seconds, Stopping threads took: 0.0002111 seconds
2016-04-17T21:33:51.476-0100: 15.061: Total time for which application threads were stopped: 0.0000831 seconds, Stopping threads took: 0.0000300 seconds
2016-04-17T21:33:51.476-0100: 15.062: Total time for which application threads were stopped: 0.0000780 seconds, Stopping threads took: 0.0000270 seconds
2016-04-17T21:33:51.476-0100: 15.062: Total time for which application threads were stopped: 0.0001037 seconds, Stopping threads took: 0.0000093 seconds
2016-04-17T21:33:51.476-0100: 15.062: Total time for which application threads were stopped: 0.0000649 seconds, Stopping threads took: 0.0000093 seconds
2016-04-17T21:33:51.476-0100: 15.062: Total time for which application threads were stopped: 0.0000613 seconds, Stopping threads took: 0.0000091 seconds
2016-04-17T21:33:51.477-0100: 15.062: Total time for which application threads were stopped: 0.0000570 seconds, Stopping threads took: 0.0000085 seconds
2016-04-17T21:33:51.477-0100: 15.062: Total time for which application threads were stopped: 0.0000572 seconds, Stopping threads took: 0.0000086 seconds
2016-04-17T21:33:51.477-0100: 15.062: Total time for which application threads were stopped: 0.0000569 seconds, Stopping threads took: 0.0000086 seconds
2016-04-17T21:33:51.477-0100: 15.062: Total time for which application threads were stopped: 0.0000571 seconds, Stopping threads took: 0.0000086 seconds
2016-04-17T21:33:51.477-0100: 15.062: Total time for which application threads were stopped: 0.0000572 seconds, Stopping threads took: 0.0000086 seconds
2016-04-17T21:33:51.477-0100: 15.062: Total time for which application threads were stopped: 0.0000574 seconds, Stopping threads took: 0.0000086 seconds
2016-04-17T21:33:51.477-0100: 15.063: Total time for which application threads were stopped: 0.0000573 seconds, Stopping threads took: 0.0000087 seconds
2016-04-17T21:33:51.477-0100: 15.063: Total time for which application threads were stopped: 0.0000576 seconds, Stopping threads took: 0.0000087 seconds
2016-04-17T21:33:51.477-0100: 15.063: Total time for which application threads were stopped: 0.0002644 seconds, Stopping threads took: 0.0000086 seconds
2016-04-17T21:33:51.484-0100: 15.069: Total time for which application threads were stopped: 0.0001642 seconds, Stopping threads took: 0.0000339 seconds
2016-04-17T21:33:51.484-0100: 15.070: Total time for which application threads were stopped: 0.0000839 seconds, Stopping threads took: 0.0000292 seconds
2016-04-17T21:33:51.487-0100: 15.072: Total time for which application threads were stopped: 0.0004257 seconds, Stopping threads took: 0.0002939 seconds
2016-04-17T21:33:51.556-0100: 15.141: Total time for which application threads were stopped: 0.0002297 seconds, Stopping threads took: 0.0000619 seconds
{Heap before GC invocations=10 (full 1):
 par new generation   total 109248K, used 98118K [0x00000007a0000000, 0x00000007a8000000, 0x00000007a8000000)
  eden space 87424K, 100% used [0x00000007a0000000, 0x00000007a5560000, 0x00000007a5560000)
  from space 21824K,  49% used [0x00000007a5560000, 0x00000007a5fd1b68, 0x00000007a6ab0000)
  to   space 21824K,   0% used [0x00000007a6ab0000, 0x00000007a6ab0000, 0x00000007a8000000)
 concurrent mark-sweep generation total 393216K, used 6967K [0x00000007a8000000, 0x00000007c0000000, 0x00000007c0000000)
 Metaspace       used 31541K, capacity 31956K, committed 32304K, reserved 1077248K
  class space    used 3714K, capacity 3845K, committed 3888K, reserved 1048576K
2016-04-17T21:33:52.114-0100: 15.700: [GC (Allocation Failure) 2016-04-17T21:33:52.114-0100: 15.700: [ParNew
Desired survivor size 20112992 bytes, new threshold 8 (max 8)
- age   1:    4223280 bytes,    4223280 total
- age   2:     119736 bytes,    4343016 total
- age   3:     255408 bytes,    4598424 total
- age   4:    4253256 bytes,    8851680 total
- age   5:    1696112 bytes,   10547792 total
- age   6:     113656 bytes,   10661448 total
- age   7:     314752 bytes,   10976200 total
- age   8:        520 bytes,   10976720 total
: 98118K->16806K(109248K), 0.0960451 secs] 105086K->24006K(502464K), 0.0962163 secs] [Times: user=0.06 sys=0.01, real=0.10 secs] 
Heap after GC invocations=11 (full 1):
 par new generation   total 109248K, used 16806K [0x00000007a0000000, 0x00000007a8000000, 0x00000007a8000000)
  eden space 87424K,   0% used [0x00000007a0000000, 0x00000007a0000000, 0x00000007a5560000)
  from space 21824K,  77% used [0x00000007a6ab0000, 0x00000007a7b199c0, 0x00000007a8000000)
  to   space 21824K,   0% used [0x00000007a5560000, 0x00000007a5560000, 0x00000007a6ab0000)
 concurrent mark-sweep generation total 393216K, used 7200K [0x00000007a8000000, 0x00000007c0000000, 0x00000007c0000000)
 Metaspace       used 31541K, capacity 31956K, committed 32304K, reserved 1077248K
  class space    used 3714K, capacity 3845K, committed 3888K, reserved 1048576K
}
2016-04-17T21:33:52.210-0100: 15.796: Total time for which application threads were stopped: 0.0966311 seconds, Stopping threads took: 0.0000709 seconds
2016-04-17T21:33:52.211-0100: 15.796: Total time for which application threads were stopped: 0.0001884 seconds, Stopping threads took: 0.0000440 seconds
{Heap before GC invocations=11 (full 1):
 par new generation   total 109248K, used 104230K [0x00000007a0000000, 0x00000007a8000000, 0x00000007a8000000)
  eden space 87424K, 100% used [0x00000007a0000000, 0x00000007a5560000, 0x00000007a5560000)
  from space 21824K,  77% used [0x00000007a6ab0000, 0x00000007a7b199c0, 0x00000007a8000000)
  to   space 21824K,   0% used [0x00000007a5560000, 0x00000007a5560000, 0x00000007a6ab0000)
 concurrent mark-sweep generation total 393216K, used 7200K [0x00000007a8000000, 0x00000007c0000000, 0x00000007c0000000)
 Metaspace       used 31576K, capacity 31980K, committed 32304K, reserved 1077248K
  class space    used 3717K, capacity 3849K, committed 3888K, reserved 1048576K
2016-04-17T21:33:52.609-0100: 16.195: [GC (Allocation Failure) 2016-04-17T21:33:52.609-0100: 16.195: [ParNew
Desired survivor size 20112992 bytes, new threshold 8 (max 8)
- age   1:     193888 bytes,     193888 total
- age   2:    3595960 bytes,    3789848 total
- age   3:     119736 bytes,    3909584 total
- age   4:     255408 bytes,    4164992 total
- age   5:    4253232 bytes,    8418224 total
- age   6:    1696112 bytes,   10114336 total
- age   7:     113656 bytes,   10227992 total
- age   8:     314648 bytes,   10542640 total
: 104230K->11951K(109248K), 0.0767145 secs] 111430K->19152K(502464K), 0.0768742 secs] [Times: user=0.05 sys=0.00, real=0.08 secs] 
Heap after GC invocations=12 (full 1):
 par new generation   total 109248K, used 11951K [0x00000007a0000000, 0x00000007a8000000, 0x00000007a8000000)
  eden space 87424K,   0% used [0x00000007a0000000, 0x00000007a0000000, 0x00000007a5560000)
  from space 21824K,  54% used [0x00000007a5560000, 0x00000007a610be90, 0x00000007a6ab0000)
  to   space 21824K,   0% used [0x00000007a6ab0000, 0x00000007a6ab0000, 0x00000007a8000000)
 concurrent mark-sweep generation total 393216K, used 7201K [0x00000007a8000000, 0x00000007c0000000, 0x00000007c0000000)
 Metaspace       used 31576K, capacity 31980K, committed 32304K, reserved 1077248K
  class space    used 3717K, capacity 3849K, committed 3888K, reserved 1048576K
}
2016-04-17T21:33:52.686-0100: 16.272: Total time for which application threads were stopped: 0.0772283 seconds, Stopping threads took: 0.0000636 seconds
2016-04-17T21:33:52.701-0100: 16.287: Total time for which application threads were stopped: 0.0110297 seconds, Stopping threads took: 0.0108247 seconds
2016-04-17T21:33:53.075-0100: 16.661: Total time for which application threads were stopped: 0.0002442 seconds, Stopping threads took: 0.0000584 seconds
2016-04-17T21:33:53.075-0100: 16.661: Total time for which application threads were stopped: 0.0000866 seconds, Stopping threads took: 0.0000310 seconds
2016-04-17T21:33:53.112-0100: 16.697: Total time for which application threads were stopped: 0.0005924 seconds, Stopping threads took: 0.0004716 seconds
2016-04-17T21:33:53.178-0100: 16.763: Total time for which application threads were stopped: 0.0001684 seconds, Stopping threads took: 0.0000322 seconds
2016-04-17T21:33:53.179-0100: 16.764: Total time for which application threads were stopped: 0.0001188 seconds, Stopping threads took: 0.0000270 seconds
2016-04-17T21:33:53.179-0100: 16.764: Total time for which application threads were stopped: 0.0000602 seconds, Stopping threads took: 0.0000093 seconds
2016-04-17T21:33:53.179-0100: 16.765: Total time for which application threads were stopped: 0.0000572 seconds, Stopping threads took: 0.0000090 seconds
2016-04-17T21:33:53.179-0100: 16.765: Total time for which application threads were stopped: 0.0000578 seconds, Stopping threads took: 0.0000088 seconds
2016-04-17T21:33:53.179-0100: 16.765: Total time for which application threads were stopped: 0.0000560 seconds, Stopping threads took: 0.0000088 seconds
2016-04-17T21:33:53.179-0100: 16.765: Total time for which application threads were stopped: 0.0000554 seconds, Stopping threads took: 0.0000087 seconds
2016-04-17T21:33:53.195-0100: 16.781: Total time for which application threads were stopped: 0.0002638 seconds, Stopping threads took: 0.0001326 seconds
2016-04-17T21:33:53.200-0100: 16.786: Total time for which application threads were stopped: 0.0001513 seconds, Stopping threads took: 0.0000361 seconds
2016-04-17T21:33:53.200-0100: 16.786: Total time for which application threads were stopped: 0.0000890 seconds, Stopping threads took: 0.0000318 seconds
2016-04-17T21:33:53.203-0100: 16.788: Total time for which application threads were stopped: 0.0002296 seconds, Stopping threads took: 0.0001181 seconds
2016-04-17T21:33:54.205-0100: 17.791: Total time for which application threads were stopped: 0.0002193 seconds, Stopping threads took: 0.0000483 seconds
2016-04-17T21:33:56.052-0100: 19.638: Total time for which application threads were stopped: 0.0001768 seconds, Stopping threads took: 0.0000320 seconds
2016-04-17T21:33:56.062-0100: 19.648: Total time for which application threads were stopped: 0.0001396 seconds, Stopping threads took: 0.0000337 seconds
2016-04-17T21:33:56.063-0100: 19.649: Total time for which application threads were stopped: 0.0001256 seconds, Stopping threads took: 0.0000209 seconds
2016-04-17T21:33:56.067-0100: 19.652: Total time for which application threads were stopped: 0.0001865 seconds, Stopping threads took: 0.0000323 seconds
2016-04-17T21:33:56.101-0100: 19.687: Total time for which application threads were stopped: 0.0007744 seconds, Stopping threads took: 0.0000330 seconds
2016-04-17T21:33:56.116-0100: 19.702: Total time for which application threads were stopped: 0.0002309 seconds, Stopping threads took: 0.0000429 seconds
2016-04-17T21:33:56.213-0100: 19.799: Total time for which application threads were stopped: 0.0001822 seconds, Stopping threads took: 0.0000595 seconds
2016-04-17T21:33:56.214-0100: 19.800: Total time for which application threads were stopped: 0.0001578 seconds, Stopping threads took: 0.0000658 seconds
2016-04-17T21:33:56.216-0100: 19.802: Total time for which application threads were stopped: 0.0001039 seconds, Stopping threads took: 0.0000214 seconds
2016-04-17T21:33:56.216-0100: 19.802: Total time for which application threads were stopped: 0.0000558 seconds, Stopping threads took: 0.0000096 seconds
2016-04-17T21:33:56.216-0100: 19.802: Total time for which application threads were stopped: 0.0000527 seconds, Stopping threads took: 0.0000086 seconds
2016-04-17T21:33:56.216-0100: 19.802: Total time for which application threads were stopped: 0.0000528 seconds, Stopping threads took: 0.0000085 seconds
2016-04-17T21:33:56.216-0100: 19.802: Total time for which application threads were stopped: 0.0000515 seconds, Stopping threads took: 0.0000082 seconds
2016-04-17T21:33:56.216-0100: 19.802: Total time for which application threads were stopped: 0.0000526 seconds, Stopping threads took: 0.0000086 seconds
2016-04-17T21:33:56.216-0100: 19.802: Total time for which application threads were stopped: 0.0000524 seconds, Stopping threads took: 0.0000085 seconds
2016-04-17T21:33:56.217-0100: 19.802: Total time for which application threads were stopped: 0.0000517 seconds, Stopping threads took: 0.0000085 seconds
2016-04-17T21:33:56.217-0100: 19.802: Total time for which application threads were stopped: 0.0000515 seconds, Stopping threads took: 0.0000082 seconds
2016-04-17T21:33:56.217-0100: 19.802: Total time for which application threads were stopped: 0.0000533 seconds, Stopping threads took: 0.0000088 seconds
2016-04-17T21:33:56.217-0100: 19.802: Total time for which application threads were stopped: 0.0000533 seconds, Stopping threads took: 0.0000087 seconds
2016-04-17T21:33:56.217-0100: 19.803: Total time for which application threads were stopped: 0.0002637 seconds, Stopping threads took: 0.0000085 seconds
2016-04-17T21:33:56.232-0100: 19.818: Total time for which application threads were stopped: 0.0001942 seconds, Stopping threads took: 0.0000676 seconds
2016-04-17T21:33:56.233-0100: 19.818: Total time for which application threads were stopped: 0.0001313 seconds, Stopping threads took: 0.0000411 seconds
2016-04-17T21:33:56.234-0100: 19.819: Total time for which application threads were stopped: 0.0001131 seconds, Stopping threads took: 0.0000209 seconds
2016-04-17T21:33:57.237-0100: 20.823: Total time for which application threads were stopped: 0.0002107 seconds, Stopping threads took: 0.0000507 seconds
2016-04-17T21:34:31.340-0100: 54.926: Total time for which application threads were stopped: 0.0003905 seconds, Stopping threads took: 0.0001044 seconds
2016-04-17T21:34:38.358-0100: 61.945: Total time for which application threads were stopped: 0.0001816 seconds, Stopping threads took: 0.0000464 seconds
2016-04-17T21:34:47.231-0100: 70.818: Total time for which application threads were stopped: 0.0001821 seconds, Stopping threads took: 0.0000408 seconds
2016-04-17T21:34:48.233-0100: 71.820: Total time for which application threads were stopped: 0.0001807 seconds, Stopping threads took: 0.0000535 seconds
2016-04-17T21:34:53.248-0100: 76.835: Total time for which application threads were stopped: 0.0003873 seconds, Stopping threads took: 0.0000499 seconds
2016-04-17T21:35:09.296-0100: 92.884: Total time for which application threads were stopped: 0.0001345 seconds, Stopping threads took: 0.0000367 seconds
2016-04-17T21:35:34.265-0100: 117.854: Total time for which application threads were stopped: 0.0002569 seconds, Stopping threads took: 0.0000523 seconds
2016-04-17T21:35:34.307-0100: 117.896: Total time for which application threads were stopped: 0.0105001 seconds, Stopping threads took: 0.0103799 seconds
2016-04-17T21:35:34.428-0100: 118.017: Total time for which application threads were stopped: 0.0001801 seconds, Stopping threads took: 0.0000284 seconds
2016-04-17T21:35:34.429-0100: 118.018: Total time for which application threads were stopped: 0.0002877 seconds, Stopping threads took: 0.0002368 seconds
2016-04-17T21:35:34.432-0100: 118.021: Total time for which application threads were stopped: 0.0001385 seconds, Stopping threads took: 0.0000484 seconds
2016-04-17T21:35:34.437-0100: 118.026: Total time for which application threads were stopped: 0.0001707 seconds, Stopping threads took: 0.0000518 seconds
2016-04-17T21:35:35.441-0100: 119.030: Total time for which application threads were stopped: 0.0001655 seconds, Stopping threads took: 0.0000431 seconds
2016-04-17T21:36:09.535-0100: 153.125: Total time for which application threads were stopped: 0.0001885 seconds, Stopping threads took: 0.0000469 seconds
2016-04-17T21:36:16.550-0100: 160.140: Total time for which application threads were stopped: 0.0001490 seconds, Stopping threads took: 0.0000400 seconds
2016-04-17T21:36:24.564-0100: 168.154: Total time for which application threads were stopped: 0.0001282 seconds, Stopping threads took: 0.0000335 seconds
2016-04-17T21:37:14.729-0100: 218.321: Total time for which application threads were stopped: 0.0002527 seconds, Stopping threads took: 0.0001120 seconds
2016-04-17T21:37:29.786-0100: 233.379: Total time for which application threads were stopped: 0.0002849 seconds, Stopping threads took: 0.0000467 seconds
2016-04-17T21:37:36.805-0100: 240.399: Total time for which application threads were stopped: 0.0001627 seconds, Stopping threads took: 0.0000382 seconds
2016-04-17T21:38:06.889-0100: 270.484: Total time for which application threads were stopped: 0.0003176 seconds, Stopping threads took: 0.0000647 seconds
2016-04-17T21:39:20.102-0100: 343.699: Total time for which application threads were stopped: 0.0007517 seconds, Stopping threads took: 0.0003159 seconds
2016-04-17T21:39:42.186-0100: 365.784: Total time for which application threads were stopped: 0.0001560 seconds, Stopping threads took: 0.0000405 seconds
2016-04-17T21:39:47.208-0100: 370.806: Total time for which application threads were stopped: 0.0001632 seconds, Stopping threads took: 0.0000428 seconds
2016-04-17T21:39:51.896-0100: 375.494: Total time for which application threads were stopped: 0.0001938 seconds, Stopping threads took: 0.0000295 seconds
2016-04-17T21:39:51.954-0100: 375.552: Total time for which application threads were stopped: 0.0005237 seconds, Stopping threads took: 0.0003498 seconds
2016-04-17T21:39:51.975-0100: 375.573: Total time for which application threads were stopped: 0.0002167 seconds, Stopping threads took: 0.0000289 seconds
2016-04-17T21:39:52.023-0100: 375.621: Total time for which application threads were stopped: 0.0001659 seconds, Stopping threads took: 0.0000600 seconds
2016-04-17T21:39:52.024-0100: 375.622: Total time for which application threads were stopped: 0.0000862 seconds, Stopping threads took: 0.0000201 seconds
2016-04-17T21:39:53.958-0100: 377.556: Total time for which application threads were stopped: 0.0001353 seconds, Stopping threads took: 0.0000321 seconds
2016-04-17T21:39:53.965-0100: 377.563: Total time for which application threads were stopped: 0.0017486 seconds, Stopping threads took: 0.0015044 seconds
2016-04-17T21:39:53.971-0100: 377.569: Total time for which application threads were stopped: 0.0001731 seconds, Stopping threads took: 0.0000331 seconds
2016-04-17T21:39:53.973-0100: 377.571: Total time for which application threads were stopped: 0.0002258 seconds, Stopping threads took: 0.0001020 seconds
2016-04-17T21:39:53.974-0100: 377.572: Total time for which application threads were stopped: 0.0001718 seconds, Stopping threads took: 0.0000469 seconds
2016-04-17T21:39:53.980-0100: 377.577: Total time for which application threads were stopped: 0.0001654 seconds, Stopping threads took: 0.0000311 seconds
2016-04-17T21:39:53.986-0100: 377.584: Total time for which application threads were stopped: 0.0023385 seconds, Stopping threads took: 0.0021900 seconds
2016-04-17T21:39:53.986-0100: 377.584: Total time for which application threads were stopped: 0.0000919 seconds, Stopping threads took: 0.0000342 seconds
2016-04-17T21:39:53.987-0100: 377.584: Total time for which application threads were stopped: 0.0002861 seconds, Stopping threads took: 0.0000304 seconds
2016-04-17T21:39:53.988-0100: 377.586: Total time for which application threads were stopped: 0.0001879 seconds, Stopping threads took: 0.0000447 seconds
2016-04-17T21:39:53.989-0100: 377.587: Total time for which application threads were stopped: 0.0000886 seconds, Stopping threads took: 0.0000309 seconds
2016-04-17T21:39:54.009-0100: 377.606: Total time for which application threads were stopped: 0.0001511 seconds, Stopping threads took: 0.0000289 seconds
2016-04-17T21:39:54.009-0100: 377.606: Total time for which application threads were stopped: 0.0000539 seconds, Stopping threads took: 0.0000085 seconds
2016-04-17T21:39:54.037-0100: 377.635: Total time for which application threads were stopped: 0.0002416 seconds, Stopping threads took: 0.0000556 seconds
2016-04-17T21:39:54.043-0100: 377.641: Total time for which application threads were stopped: 0.0001732 seconds, Stopping threads took: 0.0000611 seconds
2016-04-17T21:39:54.079-0100: 377.677: Total time for which application threads were stopped: 0.0001806 seconds, Stopping threads took: 0.0000288 seconds
2016-04-17T21:39:54.080-0100: 377.678: Total time for which application threads were stopped: 0.0001007 seconds, Stopping threads took: 0.0000191 seconds
2016-04-17T21:39:54.120-0100: 377.718: Total time for which application threads were stopped: 0.0240088 seconds, Stopping threads took: 0.0238216 seconds
2016-04-17T21:39:54.121-0100: 377.719: Total time for which application threads were stopped: 0.0001350 seconds, Stopping threads took: 0.0000312 seconds
2016-04-17T21:39:54.121-0100: 377.719: Total time for which application threads were stopped: 0.0000420 seconds, Stopping threads took: 0.0000086 seconds
2016-04-17T21:39:54.122-0100: 377.720: Total time for which application threads were stopped: 0.0001062 seconds, Stopping threads took: 0.0000229 seconds
2016-04-17T21:39:54.122-0100: 377.720: Total time for which application threads were stopped: 0.0000302 seconds, Stopping threads took: 0.0000061 seconds
Heap
 par new generation   total 109248K, used 60016K [0x00000007a0000000, 0x00000007a8000000, 0x00000007a8000000)
  eden space 87424K,  54% used [0x00000007a0000000, 0x00000007a2ef02f0, 0x00000007a5560000)
  from space 21824K,  54% used [0x00000007a5560000, 0x00000007a610be90, 0x00000007a6ab0000)
  to   space 21824K,   0% used [0x00000007a6ab0000, 0x00000007a6ab0000, 0x00000007a8000000)
 concurrent mark-sweep generation total 393216K, used 7201K [0x00000007a8000000, 0x00000007c0000000, 0x00000007c0000000)
 Metaspace       used 32016K, capacity 32464K, committed 32816K, reserved 1079296K
  class space    used 3752K, capacity 3857K, committed 3888K, reserved 1048576K
