Java HotSpot(TM) 64-Bit Server VM (25.65-b01) for bsd-amd64 JRE (1.8.0_65-b17), built on Oct  6 2015 15:36:46 by "java_re" with gcc 4.2.1 (Based on Apple Inc. build 5658) (LLVM build 2336.11.00)
Memory: 4k page, physical 4194304k(19452k free)

/proc/meminfo:

CommandLine flags: -XX:CMSInitiatingOccupancyFraction=50 -XX:CMSMaxAbortablePrecleanTime=6000 -XX:+CMSParallelRemarkEnabled -XX:+CMSScavengeBeforeRemark -XX:ConcGCThreads=4 -XX:InitialHeapSize=536870912 -XX:MaxHeapSize=536870912 -XX:MaxTenuringThreshold=8 -XX:NewRatio=3 -XX:OldPLABSize=16 -XX:OnOutOfMemoryError=/Users/renzo.verastegui/Desktop/solr-6.0.0/bin/oom_solr.sh 7574 /Users/renzo.verastegui/Desktop/solr-6.0.0/example/cloud/node2/solr/../logs -XX:ParallelGCThreads=4 -XX:+ParallelRefProcEnabled -XX:PretenureSizeThreshold=67108864 -XX:+PrintGC -XX:+PrintGCApplicationStoppedTime -XX:+PrintGCDateStamps -XX:+PrintGCDetails -XX:+PrintGCTimeStamps -XX:+PrintHeapAtGC -XX:+PrintTenuringDistribution -XX:SurvivorRatio=4 -XX:TargetSurvivorRatio=90 -XX:ThreadStackSize=256 -XX:+UseCMSInitiatingOccupancyOnly -XX:+UseCompressedClassPointers -XX:+UseCompressedOops -XX:+UseConcMarkSweepGC -XX:+UseParNewGC 
2016-04-17T21:14:00.304-0100: 0.866: Total time for which application threads were stopped: 0.0001818 seconds, Stopping threads took: 0.0000431 seconds
2016-04-17T21:14:00.628-0100: 1.190: Total time for which application threads were stopped: 0.0001915 seconds, Stopping threads took: 0.0000418 seconds
2016-04-17T21:14:01.630-0100: 2.192: Total time for which application threads were stopped: 0.0002240 seconds, Stopping threads took: 0.0001231 seconds
2016-04-17T21:14:02.641-0100: 3.203: Total time for which application threads were stopped: 0.0103082 seconds, Stopping threads took: 0.0102062 seconds
2016-04-17T21:14:02.847-0100: 3.409: Total time for which application threads were stopped: 0.0002006 seconds, Stopping threads took: 0.0000239 seconds
2016-04-17T21:14:03.259-0100: 3.822: Total time for which application threads were stopped: 0.0003658 seconds, Stopping threads took: 0.0001124 seconds
2016-04-17T21:14:03.331-0100: 3.893: Total time for which application threads were stopped: 0.0004023 seconds, Stopping threads took: 0.0001522 seconds
2016-04-17T21:14:03.873-0100: 4.435: Total time for which application threads were stopped: 0.0107933 seconds, Stopping threads took: 0.0105061 seconds
2016-04-17T21:14:04.267-0100: 4.829: Total time for which application threads were stopped: 0.0003295 seconds, Stopping threads took: 0.0000461 seconds
2016-04-17T21:14:04.756-0100: 5.319: Total time for which application threads were stopped: 0.0001939 seconds, Stopping threads took: 0.0000540 seconds
2016-04-17T21:14:04.757-0100: 5.320: Total time for which application threads were stopped: 0.0005783 seconds, Stopping threads took: 0.0004852 seconds
2016-04-17T21:14:04.758-0100: 5.320: Total time for which application threads were stopped: 0.0000845 seconds, Stopping threads took: 0.0000100 seconds
2016-04-17T21:14:04.758-0100: 5.320: Total time for which application threads were stopped: 0.0000991 seconds, Stopping threads took: 0.0000337 seconds
2016-04-17T21:14:04.758-0100: 5.320: Total time for which application threads were stopped: 0.0000915 seconds, Stopping threads took: 0.0000295 seconds
2016-04-17T21:14:04.758-0100: 5.320: Total time for which application threads were stopped: 0.0000916 seconds, Stopping threads took: 0.0000289 seconds
2016-04-17T21:14:04.758-0100: 5.321: Total time for which application threads were stopped: 0.0000919 seconds, Stopping threads took: 0.0000295 seconds
2016-04-17T21:14:04.758-0100: 5.321: Total time for which application threads were stopped: 0.0000674 seconds, Stopping threads took: 0.0000076 seconds
2016-04-17T21:14:04.758-0100: 5.321: Total time for which application threads were stopped: 0.0000918 seconds, Stopping threads took: 0.0000306 seconds
2016-04-17T21:14:04.758-0100: 5.321: Total time for which application threads were stopped: 0.0000902 seconds, Stopping threads took: 0.0000287 seconds
2016-04-17T21:14:04.759-0100: 5.321: Total time for which application threads were stopped: 0.0000900 seconds, Stopping threads took: 0.0000288 seconds
2016-04-17T21:14:04.759-0100: 5.321: Total time for which application threads were stopped: 0.0001123 seconds, Stopping threads took: 0.0000468 seconds
2016-04-17T21:14:04.759-0100: 5.321: Total time for which application threads were stopped: 0.0000686 seconds, Stopping threads took: 0.0000076 seconds
2016-04-17T21:14:04.759-0100: 5.322: Total time for which application threads were stopped: 0.0000677 seconds, Stopping threads took: 0.0000071 seconds
2016-04-17T21:14:04.759-0100: 5.322: Total time for which application threads were stopped: 0.0000946 seconds, Stopping threads took: 0.0000323 seconds
2016-04-17T21:14:04.759-0100: 5.322: Total time for which application threads were stopped: 0.0000949 seconds, Stopping threads took: 0.0000317 seconds
2016-04-17T21:14:04.759-0100: 5.322: Total time for which application threads were stopped: 0.0000892 seconds, Stopping threads took: 0.0000287 seconds
2016-04-17T21:14:04.760-0100: 5.322: Total time for which application threads were stopped: 0.0000902 seconds, Stopping threads took: 0.0000294 seconds
2016-04-17T21:14:04.760-0100: 5.322: Total time for which application threads were stopped: 0.0000670 seconds, Stopping threads took: 0.0000076 seconds
2016-04-17T21:14:04.760-0100: 5.322: Total time for which application threads were stopped: 0.0000898 seconds, Stopping threads took: 0.0000286 seconds
2016-04-17T21:14:04.760-0100: 5.322: Total time for which application threads were stopped: 0.0000899 seconds, Stopping threads took: 0.0000291 seconds
2016-04-17T21:14:04.760-0100: 5.323: Total time for which application threads were stopped: 0.0001879 seconds, Stopping threads took: 0.0000294 seconds
2016-04-17T21:14:04.760-0100: 5.323: Total time for which application threads were stopped: 0.0000812 seconds, Stopping threads took: 0.0000105 seconds
2016-04-17T21:14:04.761-0100: 5.323: Total time for which application threads were stopped: 0.0001104 seconds, Stopping threads took: 0.0000543 seconds
2016-04-17T21:14:04.761-0100: 5.323: Total time for which application threads were stopped: 0.0000854 seconds, Stopping threads took: 0.0000314 seconds
2016-04-17T21:14:04.761-0100: 5.324: Total time for which application threads were stopped: 0.0000651 seconds, Stopping threads took: 0.0000084 seconds
2016-04-17T21:14:04.761-0100: 5.324: Total time for which application threads were stopped: 0.0000623 seconds, Stopping threads took: 0.0000080 seconds
2016-04-17T21:14:04.762-0100: 5.325: Total time for which application threads were stopped: 0.0001031 seconds, Stopping threads took: 0.0000169 seconds
2016-04-17T21:14:04.764-0100: 5.326: Total time for which application threads were stopped: 0.0001023 seconds, Stopping threads took: 0.0000169 seconds
2016-04-17T21:14:04.764-0100: 5.327: Total time for which application threads were stopped: 0.0001225 seconds, Stopping threads took: 0.0000221 seconds
2016-04-17T21:14:04.765-0100: 5.328: Total time for which application threads were stopped: 0.0001102 seconds, Stopping threads took: 0.0000210 seconds
2016-04-17T21:14:04.767-0100: 5.330: Total time for which application threads were stopped: 0.0001284 seconds, Stopping threads took: 0.0000253 seconds
2016-04-17T21:14:04.775-0100: 5.337: Total time for which application threads were stopped: 0.0001362 seconds, Stopping threads took: 0.0000257 seconds
2016-04-17T21:14:04.927-0100: 5.489: Total time for which application threads were stopped: 0.0002306 seconds, Stopping threads took: 0.0000483 seconds
2016-04-17T21:14:04.928-0100: 5.490: Total time for which application threads were stopped: 0.0001362 seconds, Stopping threads took: 0.0000394 seconds
2016-04-17T21:14:04.941-0100: 5.504: Total time for which application threads were stopped: 0.0001734 seconds, Stopping threads took: 0.0000567 seconds
2016-04-17T21:14:04.943-0100: 5.505: Total time for which application threads were stopped: 0.0001402 seconds, Stopping threads took: 0.0000415 seconds
2016-04-17T21:14:04.945-0100: 5.508: Total time for which application threads were stopped: 0.0001999 seconds, Stopping threads took: 0.0000460 seconds
2016-04-17T21:14:04.947-0100: 5.509: Total time for which application threads were stopped: 0.0000996 seconds, Stopping threads took: 0.0000392 seconds
2016-04-17T21:14:04.947-0100: 5.510: Total time for which application threads were stopped: 0.0002821 seconds, Stopping threads took: 0.0002252 seconds
2016-04-17T21:14:04.947-0100: 5.510: Total time for which application threads were stopped: 0.0000675 seconds, Stopping threads took: 0.0000257 seconds
2016-04-17T21:14:04.947-0100: 5.510: Total time for which application threads were stopped: 0.0000438 seconds, Stopping threads took: 0.0000084 seconds
2016-04-17T21:14:04.947-0100: 5.510: Total time for which application threads were stopped: 0.0000616 seconds, Stopping threads took: 0.0000218 seconds
2016-04-17T21:14:04.947-0100: 5.510: Total time for which application threads were stopped: 0.0000746 seconds, Stopping threads took: 0.0000376 seconds
2016-04-17T21:14:04.948-0100: 5.510: Total time for which application threads were stopped: 0.0000595 seconds, Stopping threads took: 0.0000239 seconds
2016-04-17T21:14:04.948-0100: 5.510: Total time for which application threads were stopped: 0.0000435 seconds, Stopping threads took: 0.0000080 seconds
2016-04-17T21:14:04.948-0100: 5.510: Total time for which application threads were stopped: 0.0000579 seconds, Stopping threads took: 0.0000220 seconds
2016-04-17T21:14:04.948-0100: 5.510: Total time for which application threads were stopped: 0.0000440 seconds, Stopping threads took: 0.0000081 seconds
2016-04-17T21:14:04.948-0100: 5.510: Total time for which application threads were stopped: 0.0000599 seconds, Stopping threads took: 0.0000241 seconds
2016-04-17T21:14:04.948-0100: 5.511: Total time for which application threads were stopped: 0.0000445 seconds, Stopping threads took: 0.0000094 seconds
2016-04-17T21:14:04.948-0100: 5.511: Total time for which application threads were stopped: 0.0000615 seconds, Stopping threads took: 0.0000254 seconds
2016-04-17T21:14:04.948-0100: 5.511: Total time for which application threads were stopped: 0.0000543 seconds, Stopping threads took: 0.0000179 seconds
2016-04-17T21:14:04.948-0100: 5.511: Total time for which application threads were stopped: 0.0000596 seconds, Stopping threads took: 0.0000242 seconds
2016-04-17T21:14:04.948-0100: 5.511: Total time for which application threads were stopped: 0.0000466 seconds, Stopping threads took: 0.0000093 seconds
2016-04-17T21:14:04.948-0100: 5.511: Total time for which application threads were stopped: 0.0000607 seconds, Stopping threads took: 0.0000251 seconds
2016-04-17T21:14:04.949-0100: 5.511: Total time for which application threads were stopped: 0.0000571 seconds, Stopping threads took: 0.0000221 seconds
2016-04-17T21:14:04.949-0100: 5.511: Total time for which application threads were stopped: 0.0000573 seconds, Stopping threads took: 0.0000220 seconds
2016-04-17T21:14:04.949-0100: 5.511: Total time for which application threads were stopped: 0.0000417 seconds, Stopping threads took: 0.0000080 seconds
2016-04-17T21:14:04.949-0100: 5.512: Total time for which application threads were stopped: 0.0002130 seconds, Stopping threads took: 0.0000444 seconds
2016-04-17T21:14:04.952-0100: 5.514: Total time for which application threads were stopped: 0.0001054 seconds, Stopping threads took: 0.0000273 seconds
2016-04-17T21:14:04.954-0100: 5.517: Total time for which application threads were stopped: 0.0001000 seconds, Stopping threads took: 0.0000268 seconds
2016-04-17T21:14:04.965-0100: 5.527: Total time for which application threads were stopped: 0.0001647 seconds, Stopping threads took: 0.0000460 seconds
2016-04-17T21:14:04.967-0100: 5.529: Total time for which application threads were stopped: 0.0000888 seconds, Stopping threads took: 0.0000262 seconds
2016-04-17T21:14:04.992-0100: 5.554: Total time for which application threads were stopped: 0.0001718 seconds, Stopping threads took: 0.0000343 seconds
2016-04-17T21:14:04.993-0100: 5.555: Total time for which application threads were stopped: 0.0001429 seconds, Stopping threads took: 0.0000220 seconds
2016-04-17T21:14:04.993-0100: 5.556: Total time for which application threads were stopped: 0.0000713 seconds, Stopping threads took: 0.0000114 seconds
2016-04-17T21:14:05.015-0100: 5.578: Total time for which application threads were stopped: 0.0003202 seconds, Stopping threads took: 0.0002156 seconds
2016-04-17T21:14:05.049-0100: 5.611: Total time for which application threads were stopped: 0.0001027 seconds, Stopping threads took: 0.0000265 seconds
2016-04-17T21:14:05.049-0100: 5.611: Total time for which application threads were stopped: 0.0000411 seconds, Stopping threads took: 0.0000074 seconds
2016-04-17T21:14:05.049-0100: 5.611: Total time for which application threads were stopped: 0.0000400 seconds, Stopping threads took: 0.0000072 seconds
2016-04-17T21:14:05.049-0100: 5.612: Total time for which application threads were stopped: 0.0000401 seconds, Stopping threads took: 0.0000072 seconds
2016-04-17T21:14:05.049-0100: 5.612: Total time for which application threads were stopped: 0.0000394 seconds, Stopping threads took: 0.0000072 seconds
2016-04-17T21:14:05.050-0100: 5.612: Total time for which application threads were stopped: 0.0000435 seconds, Stopping threads took: 0.0000076 seconds
2016-04-17T21:14:05.050-0100: 5.612: Total time for which application threads were stopped: 0.0000389 seconds, Stopping threads took: 0.0000068 seconds
2016-04-17T21:14:05.050-0100: 5.612: Total time for which application threads were stopped: 0.0000394 seconds, Stopping threads took: 0.0000071 seconds
2016-04-17T21:14:05.050-0100: 5.613: Total time for which application threads were stopped: 0.0001646 seconds, Stopping threads took: 0.0000070 seconds
2016-04-17T21:14:05.354-0100: 5.916: Total time for which application threads were stopped: 0.0002208 seconds, Stopping threads took: 0.0000635 seconds
2016-04-17T21:14:05.466-0100: 6.028: Total time for which application threads were stopped: 0.0004892 seconds, Stopping threads took: 0.0000482 seconds
2016-04-17T21:14:05.468-0100: 6.030: Total time for which application threads were stopped: 0.0003482 seconds, Stopping threads took: 0.0000402 seconds
2016-04-17T21:14:05.471-0100: 6.034: Total time for which application threads were stopped: 0.0003401 seconds, Stopping threads took: 0.0000423 seconds
2016-04-17T21:14:05.490-0100: 6.053: Total time for which application threads were stopped: 0.0003597 seconds, Stopping threads took: 0.0000458 seconds
2016-04-17T21:14:05.570-0100: 6.133: Total time for which application threads were stopped: 0.0001336 seconds, Stopping threads took: 0.0000482 seconds
2016-04-17T21:14:05.920-0100: 6.482: Total time for which application threads were stopped: 0.0001483 seconds, Stopping threads took: 0.0000468 seconds
2016-04-17T21:14:05.923-0100: 6.486: Total time for which application threads were stopped: 0.0001701 seconds, Stopping threads took: 0.0000414 seconds
2016-04-17T21:14:05.924-0100: 6.486: Total time for which application threads were stopped: 0.0000680 seconds, Stopping threads took: 0.0000334 seconds
2016-04-17T21:14:05.924-0100: 6.486: Total time for which application threads were stopped: 0.0000347 seconds, Stopping threads took: 0.0000062 seconds
2016-04-17T21:14:05.928-0100: 6.491: Total time for which application threads were stopped: 0.0001023 seconds, Stopping threads took: 0.0000262 seconds
2016-04-17T21:14:05.929-0100: 6.491: Total time for which application threads were stopped: 0.0001035 seconds, Stopping threads took: 0.0000285 seconds
2016-04-17T21:14:05.937-0100: 6.500: Total time for which application threads were stopped: 0.0001397 seconds, Stopping threads took: 0.0000663 seconds
2016-04-17T21:14:05.937-0100: 6.500: Total time for which application threads were stopped: 0.0000904 seconds, Stopping threads took: 0.0000477 seconds
2016-04-17T21:14:05.938-0100: 6.500: Total time for which application threads were stopped: 0.0000827 seconds, Stopping threads took: 0.0000104 seconds
2016-04-17T21:14:05.950-0100: 6.512: Total time for which application threads were stopped: 0.0002156 seconds, Stopping threads took: 0.0000462 seconds
2016-04-17T21:14:05.950-0100: 6.513: Total time for which application threads were stopped: 0.0000968 seconds, Stopping threads took: 0.0000128 seconds
2016-04-17T21:14:05.974-0100: 6.536: Total time for which application threads were stopped: 0.0007445 seconds, Stopping threads took: 0.0006637 seconds
2016-04-17T21:14:05.978-0100: 6.541: Total time for which application threads were stopped: 0.0004624 seconds, Stopping threads took: 0.0003387 seconds
2016-04-17T21:14:05.982-0100: 6.545: Total time for which application threads were stopped: 0.0001788 seconds, Stopping threads took: 0.0001091 seconds
2016-04-17T21:14:05.998-0100: 6.561: Total time for which application threads were stopped: 0.0002518 seconds, Stopping threads took: 0.0000269 seconds
2016-04-17T21:14:06.047-0100: 6.610: Total time for which application threads were stopped: 0.0000991 seconds, Stopping threads took: 0.0000260 seconds
2016-04-17T21:14:06.082-0100: 6.644: Total time for which application threads were stopped: 0.0002549 seconds, Stopping threads took: 0.0000580 seconds
2016-04-17T21:14:07.084-0100: 7.647: Total time for which application threads were stopped: 0.0001335 seconds, Stopping threads took: 0.0000406 seconds
2016-04-17T21:14:07.161-0100: 7.724: Total time for which application threads were stopped: 0.0001561 seconds, Stopping threads took: 0.0000305 seconds
2016-04-17T21:14:07.164-0100: 7.727: Total time for which application threads were stopped: 0.0002514 seconds, Stopping threads took: 0.0001100 seconds
2016-04-17T21:14:07.223-0100: 7.786: Total time for which application threads were stopped: 0.0003991 seconds, Stopping threads took: 0.0000269 seconds
2016-04-17T21:14:07.248-0100: 7.811: Total time for which application threads were stopped: 0.0001247 seconds, Stopping threads took: 0.0000477 seconds
2016-04-17T21:14:07.260-0100: 7.823: Total time for which application threads were stopped: 0.0001218 seconds, Stopping threads took: 0.0000309 seconds
{Heap before GC invocations=0 (full 0):
 par new generation   total 109248K, used 87424K [0x00000007a0000000, 0x00000007a8000000, 0x00000007a8000000)
  eden space 87424K, 100% used [0x00000007a0000000, 0x00000007a5560000, 0x00000007a5560000)
  from space 21824K,   0% used [0x00000007a5560000, 0x00000007a5560000, 0x00000007a6ab0000)
  to   space 21824K,   0% used [0x00000007a6ab0000, 0x00000007a6ab0000, 0x00000007a8000000)
 concurrent mark-sweep generation total 393216K, used 0K [0x00000007a8000000, 0x00000007c0000000, 0x00000007c0000000)
 Metaspace       used 18428K, capacity 18784K, committed 18944K, reserved 1067008K
  class space    used 2144K, capacity 2247K, committed 2304K, reserved 1048576K
2016-04-17T21:14:07.283-0100: 7.846: [GC (Allocation Failure) 2016-04-17T21:14:07.284-0100: 7.846: [ParNew
Desired survivor size 20112992 bytes, new threshold 8 (max 8)
- age   1:   10890792 bytes,   10890792 total
: 87424K->10749K(109248K), 0.0658680 secs] 87424K->10749K(502464K), 0.0660301 secs] [Times: user=0.04 sys=0.02, real=0.06 secs] 
Heap after GC invocations=1 (full 0):
 par new generation   total 109248K, used 10749K [0x00000007a0000000, 0x00000007a8000000, 0x00000007a8000000)
  eden space 87424K,   0% used [0x00000007a0000000, 0x00000007a0000000, 0x00000007a5560000)
  from space 21824K,  49% used [0x00000007a6ab0000, 0x00000007a752f6f8, 0x00000007a8000000)
  to   space 21824K,   0% used [0x00000007a5560000, 0x00000007a5560000, 0x00000007a6ab0000)
 concurrent mark-sweep generation total 393216K, used 0K [0x00000007a8000000, 0x00000007c0000000, 0x00000007c0000000)
 Metaspace       used 18428K, capacity 18784K, committed 18944K, reserved 1067008K
  class space    used 2144K, capacity 2247K, committed 2304K, reserved 1048576K
}
2016-04-17T21:14:07.350-0100: 7.912: Total time for which application threads were stopped: 0.0662913 seconds, Stopping threads took: 0.0000252 seconds
2016-04-17T21:14:07.363-0100: 7.925: Total time for which application threads were stopped: 0.0018603 seconds, Stopping threads took: 0.0016920 seconds
2016-04-17T21:14:07.367-0100: 7.930: Total time for which application threads were stopped: 0.0001707 seconds, Stopping threads took: 0.0000305 seconds
2016-04-17T21:14:07.369-0100: 7.931: Total time for which application threads were stopped: 0.0001310 seconds, Stopping threads took: 0.0000299 seconds
2016-04-17T21:14:07.369-0100: 7.931: Total time for which application threads were stopped: 0.0000709 seconds, Stopping threads took: 0.0000074 seconds
2016-04-17T21:14:07.369-0100: 7.932: Total time for which application threads were stopped: 0.0000706 seconds, Stopping threads took: 0.0000070 seconds
2016-04-17T21:14:07.369-0100: 7.932: Total time for which application threads were stopped: 0.0000701 seconds, Stopping threads took: 0.0000072 seconds
2016-04-17T21:14:07.369-0100: 7.932: Total time for which application threads were stopped: 0.0000701 seconds, Stopping threads took: 0.0000070 seconds
2016-04-17T21:14:07.369-0100: 7.932: Total time for which application threads were stopped: 0.0000690 seconds, Stopping threads took: 0.0000069 seconds
2016-04-17T21:14:07.369-0100: 7.932: Total time for which application threads were stopped: 0.0000697 seconds, Stopping threads took: 0.0000070 seconds
2016-04-17T21:14:07.370-0100: 7.932: Total time for which application threads were stopped: 0.0000688 seconds, Stopping threads took: 0.0000069 seconds
2016-04-17T21:14:07.370-0100: 7.932: Total time for which application threads were stopped: 0.0000700 seconds, Stopping threads took: 0.0000068 seconds
2016-04-17T21:14:07.370-0100: 7.932: Total time for which application threads were stopped: 0.0000688 seconds, Stopping threads took: 0.0000069 seconds
2016-04-17T21:14:07.370-0100: 7.932: Total time for which application threads were stopped: 0.0000693 seconds, Stopping threads took: 0.0000069 seconds
2016-04-17T21:14:07.370-0100: 7.933: Total time for which application threads were stopped: 0.0000687 seconds, Stopping threads took: 0.0000068 seconds
2016-04-17T21:14:07.370-0100: 7.933: Total time for which application threads were stopped: 0.0000690 seconds, Stopping threads took: 0.0000068 seconds
2016-04-17T21:14:07.370-0100: 7.933: Total time for which application threads were stopped: 0.0000696 seconds, Stopping threads took: 0.0000070 seconds
2016-04-17T21:14:07.370-0100: 7.933: Total time for which application threads were stopped: 0.0000698 seconds, Stopping threads took: 0.0000069 seconds
2016-04-17T21:14:07.370-0100: 7.933: Total time for which application threads were stopped: 0.0000696 seconds, Stopping threads took: 0.0000069 seconds
2016-04-17T21:14:07.371-0100: 7.933: Total time for which application threads were stopped: 0.0000693 seconds, Stopping threads took: 0.0000070 seconds
2016-04-17T21:14:07.371-0100: 7.933: Total time for which application threads were stopped: 0.0000696 seconds, Stopping threads took: 0.0000069 seconds
2016-04-17T21:14:07.371-0100: 7.933: Total time for which application threads were stopped: 0.0000691 seconds, Stopping threads took: 0.0000068 seconds
2016-04-17T21:14:07.371-0100: 7.934: Total time for which application threads were stopped: 0.0001692 seconds, Stopping threads took: 0.0000069 seconds
2016-04-17T21:14:07.413-0100: 7.976: Total time for which application threads were stopped: 0.0001724 seconds, Stopping threads took: 0.0000513 seconds
2016-04-17T21:14:07.414-0100: 7.977: Total time for which application threads were stopped: 0.0001300 seconds, Stopping threads took: 0.0000456 seconds
2016-04-17T21:14:07.416-0100: 7.979: Total time for which application threads were stopped: 0.0003633 seconds, Stopping threads took: 0.0002531 seconds
2016-04-17T21:14:07.416-0100: 7.979: Total time for which application threads were stopped: 0.0000768 seconds, Stopping threads took: 0.0000183 seconds
2016-04-17T21:14:07.417-0100: 7.979: Total time for which application threads were stopped: 0.0001083 seconds, Stopping threads took: 0.0000143 seconds
2016-04-17T21:14:07.418-0100: 7.980: Total time for which application threads were stopped: 0.0001351 seconds, Stopping threads took: 0.0000154 seconds
2016-04-17T21:14:07.419-0100: 7.981: Total time for which application threads were stopped: 0.0007116 seconds, Stopping threads took: 0.0006203 seconds
2016-04-17T21:14:07.420-0100: 7.982: Total time for which application threads were stopped: 0.0001665 seconds, Stopping threads took: 0.0000879 seconds
2016-04-17T21:14:07.420-0100: 7.982: Total time for which application threads were stopped: 0.0001393 seconds, Stopping threads took: 0.0000746 seconds
2016-04-17T21:14:07.423-0100: 7.985: Total time for which application threads were stopped: 0.0002856 seconds, Stopping threads took: 0.0001163 seconds
2016-04-17T21:14:07.423-0100: 7.986: Total time for which application threads were stopped: 0.0001222 seconds, Stopping threads took: 0.0000127 seconds
2016-04-17T21:14:07.428-0100: 7.990: Total time for which application threads were stopped: 0.0011010 seconds, Stopping threads took: 0.0009756 seconds
2016-04-17T21:14:07.439-0100: 8.001: Total time for which application threads were stopped: 0.0007591 seconds, Stopping threads took: 0.0006328 seconds
2016-04-17T21:14:07.439-0100: 8.002: Total time for which application threads were stopped: 0.0001109 seconds, Stopping threads took: 0.0000126 seconds
2016-04-17T21:14:07.511-0100: 8.074: Total time for which application threads were stopped: 0.0047454 seconds, Stopping threads took: 0.0046385 seconds
2016-04-17T21:14:07.574-0100: 8.137: Total time for which application threads were stopped: 0.0219407 seconds, Stopping threads took: 0.0217551 seconds
2016-04-17T21:14:07.575-0100: 8.139: Total time for which application threads were stopped: 0.0021290 seconds, Stopping threads took: 0.0000157 seconds
2016-04-17T21:14:07.577-0100: 8.140: Total time for which application threads were stopped: 0.0001698 seconds, Stopping threads took: 0.0000270 seconds
2016-04-17T21:14:07.577-0100: 8.140: Total time for which application threads were stopped: 0.0000842 seconds, Stopping threads took: 0.0000081 seconds
2016-04-17T21:14:07.579-0100: 8.141: Total time for which application threads were stopped: 0.0001477 seconds, Stopping threads took: 0.0000200 seconds
2016-04-17T21:14:07.579-0100: 8.141: Total time for which application threads were stopped: 0.0000894 seconds, Stopping threads took: 0.0000083 seconds
2016-04-17T21:14:07.579-0100: 8.142: Total time for which application threads were stopped: 0.0001058 seconds, Stopping threads took: 0.0000113 seconds
2016-04-17T21:14:07.580-0100: 8.142: Total time for which application threads were stopped: 0.0000820 seconds, Stopping threads took: 0.0000086 seconds
2016-04-17T21:14:07.580-0100: 8.143: Total time for which application threads were stopped: 0.0001028 seconds, Stopping threads took: 0.0000122 seconds
2016-04-17T21:14:07.580-0100: 8.143: Total time for which application threads were stopped: 0.0000776 seconds, Stopping threads took: 0.0000080 seconds
2016-04-17T21:14:07.580-0100: 8.143: Total time for which application threads were stopped: 0.0000738 seconds, Stopping threads took: 0.0000076 seconds
2016-04-17T21:14:07.581-0100: 8.143: Total time for which application threads were stopped: 0.0000711 seconds, Stopping threads took: 0.0000073 seconds
2016-04-17T21:14:07.620-0100: 8.183: Total time for which application threads were stopped: 0.0252686 seconds, Stopping threads took: 0.0250848 seconds
2016-04-17T21:14:07.621-0100: 8.184: Total time for which application threads were stopped: 0.0001219 seconds, Stopping threads took: 0.0000178 seconds
2016-04-17T21:14:07.634-0100: 8.197: Total time for which application threads were stopped: 0.0008673 seconds, Stopping threads took: 0.0002134 seconds
2016-04-17T21:14:07.661-0100: 8.224: Total time for which application threads were stopped: 0.0004447 seconds, Stopping threads took: 0.0003144 seconds
2016-04-17T21:14:07.662-0100: 8.225: Total time for which application threads were stopped: 0.0003220 seconds, Stopping threads took: 0.0002244 seconds
2016-04-17T21:14:07.685-0100: 8.247: Total time for which application threads were stopped: 0.0110190 seconds, Stopping threads took: 0.0108215 seconds
2016-04-17T21:14:07.686-0100: 8.248: Total time for which application threads were stopped: 0.0002206 seconds, Stopping threads took: 0.0000218 seconds
2016-04-17T21:14:07.686-0100: 8.249: Total time for which application threads were stopped: 0.0001416 seconds, Stopping threads took: 0.0000088 seconds
2016-04-17T21:14:07.686-0100: 8.249: Total time for which application threads were stopped: 0.0001742 seconds, Stopping threads took: 0.0000076 seconds
2016-04-17T21:14:07.780-0100: 8.343: Total time for which application threads were stopped: 0.0001624 seconds, Stopping threads took: 0.0000583 seconds
2016-04-17T21:14:07.780-0100: 8.343: Total time for which application threads were stopped: 0.0000577 seconds, Stopping threads took: 0.0000083 seconds
2016-04-17T21:14:07.796-0100: 8.358: Total time for which application threads were stopped: 0.0001442 seconds, Stopping threads took: 0.0000296 seconds
2016-04-17T21:14:07.796-0100: 8.359: Total time for which application threads were stopped: 0.0001414 seconds, Stopping threads took: 0.0000388 seconds
2016-04-17T21:14:07.798-0100: 8.361: Total time for which application threads were stopped: 0.0001465 seconds, Stopping threads took: 0.0000602 seconds
2016-04-17T21:14:07.799-0100: 8.362: Total time for which application threads were stopped: 0.0000680 seconds, Stopping threads took: 0.0000137 seconds
2016-04-17T21:14:07.799-0100: 8.362: Total time for which application threads were stopped: 0.0000691 seconds, Stopping threads took: 0.0000260 seconds
2016-04-17T21:14:07.799-0100: 8.362: Total time for which application threads were stopped: 0.0000435 seconds, Stopping threads took: 0.0000085 seconds
2016-04-17T21:14:07.800-0100: 8.362: Total time for which application threads were stopped: 0.0000706 seconds, Stopping threads took: 0.0000238 seconds
2016-04-17T21:14:07.802-0100: 8.365: Total time for which application threads were stopped: 0.0001013 seconds, Stopping threads took: 0.0000384 seconds
2016-04-17T21:14:07.804-0100: 8.366: Total time for which application threads were stopped: 0.0001137 seconds, Stopping threads took: 0.0000356 seconds
2016-04-17T21:14:07.807-0100: 8.370: Total time for which application threads were stopped: 0.0002523 seconds, Stopping threads took: 0.0000311 seconds
2016-04-17T21:14:07.810-0100: 8.372: Total time for which application threads were stopped: 0.0007153 seconds, Stopping threads took: 0.0005685 seconds
2016-04-17T21:14:07.810-0100: 8.372: Total time for which application threads were stopped: 0.0000868 seconds, Stopping threads took: 0.0000159 seconds
2016-04-17T21:14:07.810-0100: 8.373: Total time for which application threads were stopped: 0.0000844 seconds, Stopping threads took: 0.0000107 seconds
2016-04-17T21:14:07.811-0100: 8.373: Total time for which application threads were stopped: 0.0000626 seconds, Stopping threads took: 0.0000140 seconds
2016-04-17T21:14:07.842-0100: 8.405: Total time for which application threads were stopped: 0.0052105 seconds, Stopping threads took: 0.0050613 seconds
2016-04-17T21:14:07.866-0100: 8.428: Total time for which application threads were stopped: 0.0001439 seconds, Stopping threads took: 0.0000291 seconds
2016-04-17T21:14:07.866-0100: 8.429: Total time for which application threads were stopped: 0.0000802 seconds, Stopping threads took: 0.0000298 seconds
2016-04-17T21:14:07.866-0100: 8.429: Total time for which application threads were stopped: 0.0000615 seconds, Stopping threads took: 0.0000239 seconds
2016-04-17T21:14:07.867-0100: 8.429: Total time for which application threads were stopped: 0.0001297 seconds, Stopping threads took: 0.0000879 seconds
2016-04-17T21:14:07.867-0100: 8.429: Total time for which application threads were stopped: 0.0000643 seconds, Stopping threads took: 0.0000243 seconds
2016-04-17T21:14:07.871-0100: 8.434: Total time for which application threads were stopped: 0.0001904 seconds, Stopping threads took: 0.0000699 seconds
2016-04-17T21:14:07.890-0100: 8.453: Total time for which application threads were stopped: 0.0001484 seconds, Stopping threads took: 0.0000321 seconds
2016-04-17T21:14:07.909-0100: 8.471: Total time for which application threads were stopped: 0.0001183 seconds, Stopping threads took: 0.0000329 seconds
2016-04-17T21:14:07.909-0100: 8.471: Total time for which application threads were stopped: 0.0000439 seconds, Stopping threads took: 0.0000082 seconds
2016-04-17T21:14:07.909-0100: 8.472: Total time for which application threads were stopped: 0.0001224 seconds, Stopping threads took: 0.0000076 seconds
2016-04-17T21:14:07.910-0100: 8.472: Total time for which application threads were stopped: 0.0001281 seconds, Stopping threads took: 0.0000664 seconds
2016-04-17T21:14:07.933-0100: 8.496: Total time for which application threads were stopped: 0.0001127 seconds, Stopping threads took: 0.0000260 seconds
2016-04-17T21:14:07.933-0100: 8.496: Total time for which application threads were stopped: 0.0000586 seconds, Stopping threads took: 0.0000090 seconds
2016-04-17T21:14:07.933-0100: 8.496: Total time for which application threads were stopped: 0.0000570 seconds, Stopping threads took: 0.0000088 seconds
2016-04-17T21:14:07.934-0100: 8.497: Total time for which application threads were stopped: 0.0000493 seconds, Stopping threads took: 0.0000089 seconds
2016-04-17T21:14:07.937-0100: 8.500: Total time for which application threads were stopped: 0.0000897 seconds, Stopping threads took: 0.0000244 seconds
2016-04-17T21:14:07.937-0100: 8.500: Total time for which application threads were stopped: 0.0000661 seconds, Stopping threads took: 0.0000280 seconds
2016-04-17T21:14:07.937-0100: 8.500: Total time for which application threads were stopped: 0.0000430 seconds, Stopping threads took: 0.0000079 seconds
2016-04-17T21:14:07.938-0100: 8.501: Total time for which application threads were stopped: 0.0000951 seconds, Stopping threads took: 0.0000492 seconds
2016-04-17T21:14:07.941-0100: 8.504: Total time for which application threads were stopped: 0.0000928 seconds, Stopping threads took: 0.0000267 seconds
2016-04-17T21:14:07.942-0100: 8.504: Total time for which application threads were stopped: 0.0001281 seconds, Stopping threads took: 0.0000507 seconds
2016-04-17T21:14:07.942-0100: 8.504: Total time for which application threads were stopped: 0.0001001 seconds, Stopping threads took: 0.0000540 seconds
2016-04-17T21:14:07.942-0100: 8.504: Total time for which application threads were stopped: 0.0000726 seconds, Stopping threads took: 0.0000243 seconds
2016-04-17T21:14:07.948-0100: 8.511: Total time for which application threads were stopped: 0.0001662 seconds, Stopping threads took: 0.0000652 seconds
2016-04-17T21:14:07.948-0100: 8.511: Total time for which application threads were stopped: 0.0001602 seconds, Stopping threads took: 0.0001078 seconds
2016-04-17T21:14:07.949-0100: 8.511: Total time for which application threads were stopped: 0.0000725 seconds, Stopping threads took: 0.0000271 seconds
2016-04-17T21:14:07.949-0100: 8.512: Total time for which application threads were stopped: 0.0000939 seconds, Stopping threads took: 0.0000314 seconds
2016-04-17T21:14:07.949-0100: 8.512: Total time for which application threads were stopped: 0.0001244 seconds, Stopping threads took: 0.0000297 seconds
2016-04-17T21:14:07.950-0100: 8.512: Total time for which application threads were stopped: 0.0000807 seconds, Stopping threads took: 0.0000306 seconds
2016-04-17T21:14:07.950-0100: 8.512: Total time for which application threads were stopped: 0.0000727 seconds, Stopping threads took: 0.0000270 seconds
2016-04-17T21:14:07.950-0100: 8.513: Total time for which application threads were stopped: 0.0000749 seconds, Stopping threads took: 0.0000286 seconds
2016-04-17T21:14:07.950-0100: 8.513: Total time for which application threads were stopped: 0.0000734 seconds, Stopping threads took: 0.0000268 seconds
2016-04-17T21:14:07.950-0100: 8.513: Total time for which application threads were stopped: 0.0000762 seconds, Stopping threads took: 0.0000290 seconds
2016-04-17T21:14:07.950-0100: 8.513: Total time for which application threads were stopped: 0.0000705 seconds, Stopping threads took: 0.0000262 seconds
2016-04-17T21:14:07.951-0100: 8.513: Total time for which application threads were stopped: 0.0001930 seconds, Stopping threads took: 0.0000263 seconds
2016-04-17T21:14:07.951-0100: 8.514: Total time for which application threads were stopped: 0.0000967 seconds, Stopping threads took: 0.0000309 seconds
2016-04-17T21:14:07.951-0100: 8.514: Total time for which application threads were stopped: 0.0000750 seconds, Stopping threads took: 0.0000275 seconds
2016-04-17T21:14:07.951-0100: 8.514: Total time for which application threads were stopped: 0.0000785 seconds, Stopping threads took: 0.0000298 seconds
2016-04-17T21:14:07.952-0100: 8.515: Total time for which application threads were stopped: 0.0001153 seconds, Stopping threads took: 0.0000411 seconds
2016-04-17T21:14:07.953-0100: 8.515: Total time for which application threads were stopped: 0.0000774 seconds, Stopping threads took: 0.0000276 seconds
2016-04-17T21:14:07.953-0100: 8.515: Total time for which application threads were stopped: 0.0000703 seconds, Stopping threads took: 0.0000266 seconds
2016-04-17T21:14:07.953-0100: 8.516: Total time for which application threads were stopped: 0.0000816 seconds, Stopping threads took: 0.0000302 seconds
2016-04-17T21:14:07.953-0100: 8.516: Total time for which application threads were stopped: 0.0000717 seconds, Stopping threads took: 0.0000268 seconds
2016-04-17T21:14:07.953-0100: 8.516: Total time for which application threads were stopped: 0.0000703 seconds, Stopping threads took: 0.0000267 seconds
2016-04-17T21:14:08.056-0100: 8.618: Total time for which application threads were stopped: 0.0001564 seconds, Stopping threads took: 0.0000289 seconds
2016-04-17T21:14:08.056-0100: 8.619: Total time for which application threads were stopped: 0.0000757 seconds, Stopping threads took: 0.0000169 seconds
2016-04-17T21:14:08.056-0100: 8.619: Total time for which application threads were stopped: 0.0000611 seconds, Stopping threads took: 0.0000230 seconds
2016-04-17T21:14:08.056-0100: 8.619: Total time for which application threads were stopped: 0.0000597 seconds, Stopping threads took: 0.0000226 seconds
2016-04-17T21:14:08.057-0100: 8.619: Total time for which application threads were stopped: 0.0000608 seconds, Stopping threads took: 0.0000136 seconds
2016-04-17T21:14:08.123-0100: 8.686: Total time for which application threads were stopped: 0.0008141 seconds, Stopping threads took: 0.0006751 seconds
2016-04-17T21:14:08.123-0100: 8.686: Total time for which application threads were stopped: 0.0001046 seconds, Stopping threads took: 0.0000302 seconds
2016-04-17T21:14:08.135-0100: 8.698: Total time for which application threads were stopped: 0.0003509 seconds, Stopping threads took: 0.0002298 seconds
2016-04-17T21:14:08.137-0100: 8.699: Total time for which application threads were stopped: 0.0005315 seconds, Stopping threads took: 0.0004382 seconds
2016-04-17T21:14:08.137-0100: 8.699: Total time for which application threads were stopped: 0.0001038 seconds, Stopping threads took: 0.0000289 seconds
2016-04-17T21:14:08.137-0100: 8.700: Total time for which application threads were stopped: 0.0001334 seconds, Stopping threads took: 0.0000250 seconds
2016-04-17T21:14:08.137-0100: 8.700: Total time for which application threads were stopped: 0.0000883 seconds, Stopping threads took: 0.0000202 seconds
2016-04-17T21:14:08.137-0100: 8.700: Total time for which application threads were stopped: 0.0000796 seconds, Stopping threads took: 0.0000197 seconds
2016-04-17T21:14:08.138-0100: 8.701: Total time for which application threads were stopped: 0.0001467 seconds, Stopping threads took: 0.0000639 seconds
2016-04-17T21:14:08.138-0100: 8.701: Total time for which application threads were stopped: 0.0000814 seconds, Stopping threads took: 0.0000186 seconds
2016-04-17T21:14:08.181-0100: 8.744: Total time for which application threads were stopped: 0.0001392 seconds, Stopping threads took: 0.0000486 seconds
2016-04-17T21:14:08.181-0100: 8.744: Total time for which application threads were stopped: 0.0000692 seconds, Stopping threads took: 0.0000251 seconds
2016-04-17T21:14:08.181-0100: 8.744: Total time for which application threads were stopped: 0.0001624 seconds, Stopping threads took: 0.0000880 seconds
2016-04-17T21:14:08.182-0100: 8.744: Total time for which application threads were stopped: 0.0000787 seconds, Stopping threads took: 0.0000245 seconds
2016-04-17T21:14:08.182-0100: 8.744: Total time for which application threads were stopped: 0.0000722 seconds, Stopping threads took: 0.0000086 seconds
2016-04-17T21:14:08.182-0100: 8.745: Total time for which application threads were stopped: 0.0000654 seconds, Stopping threads took: 0.0000083 seconds
2016-04-17T21:14:08.182-0100: 8.745: Total time for which application threads were stopped: 0.0000590 seconds, Stopping threads took: 0.0000232 seconds
2016-04-17T21:14:08.182-0100: 8.745: Total time for which application threads were stopped: 0.0000653 seconds, Stopping threads took: 0.0000248 seconds
2016-04-17T21:14:08.183-0100: 8.745: Total time for which application threads were stopped: 0.0003366 seconds, Stopping threads took: 0.0002699 seconds
2016-04-17T21:14:08.183-0100: 8.746: Total time for which application threads were stopped: 0.0001546 seconds, Stopping threads took: 0.0001116 seconds
2016-04-17T21:14:08.183-0100: 8.746: Total time for which application threads were stopped: 0.0000991 seconds, Stopping threads took: 0.0000424 seconds
2016-04-17T21:14:08.184-0100: 8.746: Total time for which application threads were stopped: 0.0001946 seconds, Stopping threads took: 0.0000238 seconds
2016-04-17T21:14:08.186-0100: 8.749: Total time for which application threads were stopped: 0.0000893 seconds, Stopping threads took: 0.0000205 seconds
2016-04-17T21:14:08.186-0100: 8.749: Total time for which application threads were stopped: 0.0000433 seconds, Stopping threads took: 0.0000077 seconds
2016-04-17T21:14:08.186-0100: 8.749: Total time for which application threads were stopped: 0.0000647 seconds, Stopping threads took: 0.0000277 seconds
2016-04-17T21:14:08.187-0100: 8.750: Total time for which application threads were stopped: 0.0000998 seconds, Stopping threads took: 0.0000428 seconds
2016-04-17T21:14:08.188-0100: 8.750: Total time for which application threads were stopped: 0.0000796 seconds, Stopping threads took: 0.0000288 seconds
2016-04-17T21:14:08.194-0100: 8.756: Total time for which application threads were stopped: 0.0013816 seconds, Stopping threads took: 0.0012225 seconds
2016-04-17T21:14:08.195-0100: 8.757: Total time for which application threads were stopped: 0.0007703 seconds, Stopping threads took: 0.0006427 seconds
2016-04-17T21:14:08.195-0100: 8.758: Total time for which application threads were stopped: 0.0000852 seconds, Stopping threads took: 0.0000149 seconds
2016-04-17T21:14:08.196-0100: 8.758: Total time for which application threads were stopped: 0.0000988 seconds, Stopping threads took: 0.0000160 seconds
2016-04-17T21:14:08.196-0100: 8.759: Total time for which application threads were stopped: 0.0001404 seconds, Stopping threads took: 0.0000826 seconds
2016-04-17T21:14:08.196-0100: 8.759: Total time for which application threads were stopped: 0.0002208 seconds, Stopping threads took: 0.0000231 seconds
2016-04-17T21:14:08.233-0100: 8.796: Total time for which application threads were stopped: 0.0001197 seconds, Stopping threads took: 0.0000328 seconds
2016-04-17T21:14:08.235-0100: 8.798: Total time for which application threads were stopped: 0.0000857 seconds, Stopping threads took: 0.0000214 seconds
2016-04-17T21:14:08.235-0100: 8.798: Total time for which application threads were stopped: 0.0001749 seconds, Stopping threads took: 0.0000079 seconds
2016-04-17T21:14:08.235-0100: 8.798: Total time for which application threads were stopped: 0.0000509 seconds, Stopping threads took: 0.0000098 seconds
2016-04-17T21:14:08.237-0100: 8.800: Total time for which application threads were stopped: 0.0001217 seconds, Stopping threads took: 0.0000414 seconds
2016-04-17T21:14:08.258-0100: 8.821: Total time for which application threads were stopped: 0.0009608 seconds, Stopping threads took: 0.0006599 seconds
2016-04-17T21:14:08.264-0100: 8.826: Total time for which application threads were stopped: 0.0011394 seconds, Stopping threads took: 0.0010325 seconds
2016-04-17T21:14:08.264-0100: 8.827: Total time for which application threads were stopped: 0.0000655 seconds, Stopping threads took: 0.0000131 seconds
2016-04-17T21:14:08.265-0100: 8.828: Total time for which application threads were stopped: 0.0001180 seconds, Stopping threads took: 0.0000490 seconds
2016-04-17T21:14:08.542-0100: 9.105: Total time for which application threads were stopped: 0.0001898 seconds, Stopping threads took: 0.0000519 seconds
2016-04-17T21:14:08.552-0100: 9.115: Total time for which application threads were stopped: 0.0001305 seconds, Stopping threads took: 0.0000525 seconds
2016-04-17T21:14:08.557-0100: 9.119: Total time for which application threads were stopped: 0.0004340 seconds, Stopping threads took: 0.0000699 seconds
2016-04-17T21:14:08.607-0100: 9.170: Total time for which application threads were stopped: 0.0013123 seconds, Stopping threads took: 0.0008085 seconds
2016-04-17T21:14:08.707-0100: 9.269: Total time for which application threads were stopped: 0.0006185 seconds, Stopping threads took: 0.0000897 seconds
2016-04-17T21:14:08.709-0100: 9.271: Total time for which application threads were stopped: 0.0002424 seconds, Stopping threads took: 0.0001497 seconds
2016-04-17T21:14:08.713-0100: 9.275: Total time for which application threads were stopped: 0.0001970 seconds, Stopping threads took: 0.0000872 seconds
{Heap before GC invocations=1 (full 0):
 par new generation   total 109248K, used 98173K [0x00000007a0000000, 0x00000007a8000000, 0x00000007a8000000)
  eden space 87424K, 100% used [0x00000007a0000000, 0x00000007a5560000, 0x00000007a5560000)
  from space 21824K,  49% used [0x00000007a6ab0000, 0x00000007a752f6f8, 0x00000007a8000000)
  to   space 21824K,   0% used [0x00000007a5560000, 0x00000007a5560000, 0x00000007a6ab0000)
 concurrent mark-sweep generation total 393216K, used 0K [0x00000007a8000000, 0x00000007c0000000, 0x00000007c0000000)
 Metaspace       used 21163K, capacity 21540K, committed 21884K, reserved 1069056K
  class space    used 2472K, capacity 2569K, committed 2684K, reserved 1048576K
2016-04-17T21:14:08.723-0100: 9.286: [GC (Allocation Failure) 2016-04-17T21:14:08.724-0100: 9.286: [ParNew
Desired survivor size 20112992 bytes, new threshold 8 (max 8)
- age   1:    4483176 bytes,    4483176 total
- age   2:    4986952 bytes,    9470128 total
: 98173K->11532K(109248K), 0.0434997 secs] 98173K->11532K(502464K), 0.0436373 secs] [Times: user=0.04 sys=0.01, real=0.04 secs] 
Heap after GC invocations=2 (full 0):
 par new generation   total 109248K, used 11532K [0x00000007a0000000, 0x00000007a8000000, 0x00000007a8000000)
  eden space 87424K,   0% used [0x00000007a0000000, 0x00000007a0000000, 0x00000007a5560000)
  from space 21824K,  52% used [0x00000007a5560000, 0x00000007a60a3008, 0x00000007a6ab0000)
  to   space 21824K,   0% used [0x00000007a6ab0000, 0x00000007a6ab0000, 0x00000007a8000000)
 concurrent mark-sweep generation total 393216K, used 0K [0x00000007a8000000, 0x00000007c0000000, 0x00000007c0000000)
 Metaspace       used 21163K, capacity 21540K, committed 21884K, reserved 1069056K
  class space    used 2472K, capacity 2569K, committed 2684K, reserved 1048576K
}
2016-04-17T21:14:08.767-0100: 9.330: Total time for which application threads were stopped: 0.0444445 seconds, Stopping threads took: 0.0005766 seconds
2016-04-17T21:14:08.790-0100: 9.352: [GC (CMS Initial Mark) [1 CMS-initial-mark: 0K(393216K)] 12706K(502464K), 0.0068704 secs] [Times: user=0.01 sys=0.00, real=0.00 secs] 
2016-04-17T21:14:08.797-0100: 9.359: Total time for which application threads were stopped: 0.0070911 seconds, Stopping threads took: 0.0000643 seconds
2016-04-17T21:14:08.797-0100: 9.359: [CMS-concurrent-mark-start]
2016-04-17T21:14:08.808-0100: 9.371: [CMS-concurrent-mark: 0.011/0.011 secs] [Times: user=0.02 sys=0.00, real=0.01 secs] 
2016-04-17T21:14:08.808-0100: 9.371: [CMS-concurrent-preclean-start]
2016-04-17T21:14:08.809-0100: 9.372: [CMS-concurrent-preclean: 0.001/0.001 secs] [Times: user=0.00 sys=0.00, real=0.00 secs] 
2016-04-17T21:14:08.809-0100: 9.372: [CMS-concurrent-abortable-preclean-start]
2016-04-17T21:14:09.070-0100: 9.632: Total time for which application threads were stopped: 0.0002588 seconds, Stopping threads took: 0.0000486 seconds
2016-04-17T21:14:09.086-0100: 9.648: Total time for which application threads were stopped: 0.0001437 seconds, Stopping threads took: 0.0000681 seconds
2016-04-17T21:14:09.086-0100: 9.648: Total time for which application threads were stopped: 0.0000589 seconds, Stopping threads took: 0.0000101 seconds
2016-04-17T21:14:09.086-0100: 9.649: Total time for which application threads were stopped: 0.0000636 seconds, Stopping threads took: 0.0000262 seconds
2016-04-17T21:14:09.095-0100: 9.657: Total time for which application threads were stopped: 0.0001185 seconds, Stopping threads took: 0.0000332 seconds
2016-04-17T21:14:09.100-0100: 9.663: Total time for which application threads were stopped: 0.0002060 seconds, Stopping threads took: 0.0000793 seconds
2016-04-17T21:14:09.148-0100: 9.711: Total time for which application threads were stopped: 0.0038457 seconds, Stopping threads took: 0.0034634 seconds
2016-04-17T21:14:09.148-0100: 9.711: Total time for which application threads were stopped: 0.0000996 seconds, Stopping threads took: 0.0000323 seconds
2016-04-17T21:14:09.148-0100: 9.711: Total time for which application threads were stopped: 0.0000897 seconds, Stopping threads took: 0.0000263 seconds
2016-04-17T21:14:09.298-0100: 9.860: Total time for which application threads were stopped: 0.0066064 seconds, Stopping threads took: 0.0064516 seconds
2016-04-17T21:14:09.424-0100: 9.987: [CMS-concurrent-abortable-preclean: 0.350/0.615 secs] [Times: user=0.68 sys=0.02, real=0.62 secs] 
2016-04-17T21:14:09.426-0100: 9.988: [GC (CMS Final Remark) [YG occupancy: 81590 K (109248 K)]{Heap before GC invocations=2 (full 1):
 par new generation   total 109248K, used 81590K [0x00000007a0000000, 0x00000007a8000000, 0x00000007a8000000)
  eden space 87424K,  80% used [0x00000007a0000000, 0x00000007a446ab60, 0x00000007a5560000)
  from space 21824K,  52% used [0x00000007a5560000, 0x00000007a60a3008, 0x00000007a6ab0000)
  to   space 21824K,   0% used [0x00000007a6ab0000, 0x00000007a6ab0000, 0x00000007a8000000)
 concurrent mark-sweep generation total 393216K, used 0K [0x00000007a8000000, 0x00000007c0000000, 0x00000007c0000000)
 Metaspace       used 21758K, capacity 22154K, committed 22292K, reserved 1069056K
  class space    used 2539K, capacity 2666K, committed 2684K, reserved 1048576K
2016-04-17T21:14:09.426-0100: 9.988: [GC (CMS Final Remark) 2016-04-17T21:14:09.426-0100: 9.988: [ParNew
Desired survivor size 20112992 bytes, new threshold 8 (max 8)
- age   1:    2299624 bytes,    2299624 total
- age   2:    1761832 bytes,    4061456 total
- age   3:    4978192 bytes,    9039648 total
: 81590K->15021K(109248K), 0.0368478 secs] 81590K->15021K(502464K), 0.0369288 secs] [Times: user=0.05 sys=0.00, real=0.04 secs] 
Heap after GC invocations=3 (full 1):
 par new generation   total 109248K, used 15021K [0x00000007a0000000, 0x00000007a8000000, 0x00000007a8000000)
  eden space 87424K,   0% used [0x00000007a0000000, 0x00000007a0000000, 0x00000007a5560000)
  from space 21824K,  68% used [0x00000007a6ab0000, 0x00000007a795b528, 0x00000007a8000000)
  to   space 21824K,   0% used [0x00000007a5560000, 0x00000007a5560000, 0x00000007a6ab0000)
 concurrent mark-sweep generation total 393216K, used 0K [0x00000007a8000000, 0x00000007c0000000, 0x00000007c0000000)
 Metaspace       used 21758K, capacity 22154K, committed 22292K, reserved 1069056K
  class space    used 2539K, capacity 2666K, committed 2684K, reserved 1048576K
}
2016-04-17T21:14:09.463-0100: 10.025: [Rescan (parallel) , 0.0080476 secs]2016-04-17T21:14:09.471-0100: 10.033: [weak refs processing, 0.0164317 secs]2016-04-17T21:14:09.487-0100: 10.050: [class unloading, 0.0124537 secs]2016-04-17T21:14:09.500-0100: 10.062: [scrub symbol table, 0.0358637 secs]2016-04-17T21:14:09.536-0100: 10.098: [scrub string table, 0.0005204 secs][1 CMS-remark: 0K(393216K)] 15021K(502464K), 0.1124620 secs] [Times: user=0.08 sys=0.00, real=0.11 secs] 
2016-04-17T21:14:09.538-0100: 10.101: Total time for which application threads were stopped: 0.1134917 seconds, Stopping threads took: 0.0008590 seconds
2016-04-17T21:14:09.539-0100: 10.101: [CMS-concurrent-sweep-start]
2016-04-17T21:14:09.539-0100: 10.101: [CMS-concurrent-sweep: 0.000/0.000 secs] [Times: user=0.00 sys=0.00, real=0.00 secs] 
2016-04-17T21:14:09.539-0100: 10.101: [CMS-concurrent-reset-start]
2016-04-17T21:14:09.548-0100: 10.110: [CMS-concurrent-reset: 0.009/0.009 secs] [Times: user=0.00 sys=0.01, real=0.01 secs] 
2016-04-17T21:14:10.046-0100: 10.609: Total time for which application threads were stopped: 0.0002264 seconds, Stopping threads took: 0.0000331 seconds
2016-04-17T21:14:10.047-0100: 10.610: Total time for which application threads were stopped: 0.0001457 seconds, Stopping threads took: 0.0000356 seconds
2016-04-17T21:14:10.048-0100: 10.611: Total time for which application threads were stopped: 0.0001257 seconds, Stopping threads took: 0.0000314 seconds
2016-04-17T21:14:10.066-0100: 10.628: Total time for which application threads were stopped: 0.0001384 seconds, Stopping threads took: 0.0000372 seconds
2016-04-17T21:14:10.070-0100: 10.632: Total time for which application threads were stopped: 0.0001225 seconds, Stopping threads took: 0.0000293 seconds
2016-04-17T21:14:10.070-0100: 10.632: Total time for which application threads were stopped: 0.0000484 seconds, Stopping threads took: 0.0000082 seconds
2016-04-17T21:14:10.070-0100: 10.633: Total time for which application threads were stopped: 0.0000467 seconds, Stopping threads took: 0.0000075 seconds
2016-04-17T21:14:10.070-0100: 10.633: Total time for which application threads were stopped: 0.0000504 seconds, Stopping threads took: 0.0000083 seconds
2016-04-17T21:14:10.070-0100: 10.633: Total time for which application threads were stopped: 0.0000466 seconds, Stopping threads took: 0.0000073 seconds
2016-04-17T21:14:10.070-0100: 10.633: Total time for which application threads were stopped: 0.0000464 seconds, Stopping threads took: 0.0000073 seconds
2016-04-17T21:14:10.070-0100: 10.633: Total time for which application threads were stopped: 0.0000465 seconds, Stopping threads took: 0.0000074 seconds
2016-04-17T21:14:10.083-0100: 10.646: Total time for which application threads were stopped: 0.0001143 seconds, Stopping threads took: 0.0000282 seconds
2016-04-17T21:14:10.084-0100: 10.646: Total time for which application threads were stopped: 0.0000633 seconds, Stopping threads took: 0.0000120 seconds
2016-04-17T21:14:10.085-0100: 10.648: Total time for which application threads were stopped: 0.0001006 seconds, Stopping threads took: 0.0000269 seconds
{Heap before GC invocations=3 (full 1):
 par new generation   total 109248K, used 102445K [0x00000007a0000000, 0x00000007a8000000, 0x00000007a8000000)
  eden space 87424K, 100% used [0x00000007a0000000, 0x00000007a5560000, 0x00000007a5560000)
  from space 21824K,  68% used [0x00000007a6ab0000, 0x00000007a795b528, 0x00000007a8000000)
  to   space 21824K,   0% used [0x00000007a5560000, 0x00000007a5560000, 0x00000007a6ab0000)
 concurrent mark-sweep generation total 393216K, used 0K [0x00000007a8000000, 0x00000007c0000000, 0x00000007c0000000)
 Metaspace       used 22606K, capacity 22990K, committed 23188K, reserved 1069056K
  class space    used 2649K, capacity 2768K, committed 2812K, reserved 1048576K
2016-04-17T21:14:10.196-0100: 10.758: [GC (Allocation Failure) 2016-04-17T21:14:10.196-0100: 10.759: [ParNew
Desired survivor size 20112992 bytes, new threshold 8 (max 8)
- age   1:    1582480 bytes,    1582480 total
- age   2:    1697240 bytes,    3279720 total
- age   3:    1753752 bytes,    5033472 total
- age   4:    4952152 bytes,    9985624 total
: 102445K->11970K(109248K), 0.0434875 secs] 102445K->11970K(502464K), 0.0436110 secs] [Times: user=0.05 sys=0.00, real=0.04 secs] 
Heap after GC invocations=4 (full 1):
 par new generation   total 109248K, used 11970K [0x00000007a0000000, 0x00000007a8000000, 0x00000007a8000000)
  eden space 87424K,   0% used [0x00000007a0000000, 0x00000007a0000000, 0x00000007a5560000)
  from space 21824K,  54% used [0x00000007a5560000, 0x00000007a6110948, 0x00000007a6ab0000)
  to   space 21824K,   0% used [0x00000007a6ab0000, 0x00000007a6ab0000, 0x00000007a8000000)
 concurrent mark-sweep generation total 393216K, used 0K [0x00000007a8000000, 0x00000007c0000000, 0x00000007c0000000)
 Metaspace       used 22606K, capacity 22990K, committed 23188K, reserved 1069056K
  class space    used 2649K, capacity 2768K, committed 2812K, reserved 1048576K
}
2016-04-17T21:14:10.239-0100: 10.802: Total time for which application threads were stopped: 0.0450585 seconds, Stopping threads took: 0.0011015 seconds
2016-04-17T21:14:10.329-0100: 10.892: Total time for which application threads were stopped: 0.0003785 seconds, Stopping threads took: 0.0002413 seconds
2016-04-17T21:14:10.330-0100: 10.892: Total time for which application threads were stopped: 0.0000906 seconds, Stopping threads took: 0.0000245 seconds
2016-04-17T21:14:10.330-0100: 10.892: Total time for which application threads were stopped: 0.0001066 seconds, Stopping threads took: 0.0000513 seconds
2016-04-17T21:14:10.330-0100: 10.893: Total time for which application threads were stopped: 0.0001411 seconds, Stopping threads took: 0.0000823 seconds
2016-04-17T21:14:10.330-0100: 10.893: Total time for which application threads were stopped: 0.0001086 seconds, Stopping threads took: 0.0000533 seconds
2016-04-17T21:14:10.373-0100: 10.936: Total time for which application threads were stopped: 0.0112207 seconds, Stopping threads took: 0.0106711 seconds
2016-04-17T21:14:10.404-0100: 10.967: Total time for which application threads were stopped: 0.0177751 seconds, Stopping threads took: 0.0172619 seconds
2016-04-17T21:14:10.453-0100: 11.016: Total time for which application threads were stopped: 0.0008236 seconds, Stopping threads took: 0.0006962 seconds
2016-04-17T21:14:10.465-0100: 11.028: Total time for which application threads were stopped: 0.0107438 seconds, Stopping threads took: 0.0106202 seconds
2016-04-17T21:14:10.469-0100: 11.032: Total time for which application threads were stopped: 0.0001455 seconds, Stopping threads took: 0.0000513 seconds
2016-04-17T21:14:10.521-0100: 11.084: Total time for which application threads were stopped: 0.0205332 seconds, Stopping threads took: 0.0203717 seconds
{Heap before GC invocations=4 (full 1):
 par new generation   total 109248K, used 99394K [0x00000007a0000000, 0x00000007a8000000, 0x00000007a8000000)
  eden space 87424K, 100% used [0x00000007a0000000, 0x00000007a5560000, 0x00000007a5560000)
  from space 21824K,  54% used [0x00000007a5560000, 0x00000007a6110948, 0x00000007a6ab0000)
  to   space 21824K,   0% used [0x00000007a6ab0000, 0x00000007a6ab0000, 0x00000007a8000000)
 concurrent mark-sweep generation total 393216K, used 0K [0x00000007a8000000, 0x00000007c0000000, 0x00000007c0000000)
 Metaspace       used 23845K, capacity 24166K, committed 24444K, reserved 1071104K
  class space    used 2811K, capacity 2902K, committed 2940K, reserved 1048576K
2016-04-17T21:14:10.673-0100: 11.236: [GC (Allocation Failure) 2016-04-17T21:14:10.673-0100: 11.236: [ParNew
Desired survivor size 20112992 bytes, new threshold 8 (max 8)
- age   1:    1542952 bytes,    1542952 total
- age   2:     361904 bytes,    1904856 total
- age   3:    1696936 bytes,    3601792 total
- age   4:    1747656 bytes,    5349448 total
- age   5:    4947192 bytes,   10296640 total
: 99394K->14703K(109248K), 0.0332451 secs] 99394K->14703K(502464K), 0.0333580 secs] [Times: user=0.05 sys=0.01, real=0.03 secs] 
Heap after GC invocations=5 (full 1):
 par new generation   total 109248K, used 14703K [0x00000007a0000000, 0x00000007a8000000, 0x00000007a8000000)
  eden space 87424K,   0% used [0x00000007a0000000, 0x00000007a0000000, 0x00000007a5560000)
  from space 21824K,  67% used [0x00000007a6ab0000, 0x00000007a790bd20, 0x00000007a8000000)
  to   space 21824K,   0% used [0x00000007a5560000, 0x00000007a5560000, 0x00000007a6ab0000)
 concurrent mark-sweep generation total 393216K, used 0K [0x00000007a8000000, 0x00000007c0000000, 0x00000007c0000000)
 Metaspace       used 23845K, capacity 24166K, committed 24444K, reserved 1071104K
  class space    used 2811K, capacity 2902K, committed 2940K, reserved 1048576K
}
2016-04-17T21:14:10.707-0100: 11.269: Total time for which application threads were stopped: 0.0343009 seconds, Stopping threads took: 0.0006694 seconds
2016-04-17T21:14:10.721-0100: 11.284: Total time for which application threads were stopped: 0.0017999 seconds, Stopping threads took: 0.0012723 seconds
2016-04-17T21:14:10.723-0100: 11.285: Total time for which application threads were stopped: 0.0001475 seconds, Stopping threads took: 0.0000405 seconds
2016-04-17T21:14:10.723-0100: 11.286: Total time for which application threads were stopped: 0.0000646 seconds, Stopping threads took: 0.0000081 seconds
2016-04-17T21:14:10.723-0100: 11.286: Total time for which application threads were stopped: 0.0000765 seconds, Stopping threads took: 0.0000098 seconds
2016-04-17T21:14:10.723-0100: 11.286: Total time for which application threads were stopped: 0.0000627 seconds, Stopping threads took: 0.0000079 seconds
2016-04-17T21:14:10.728-0100: 11.290: Total time for which application threads were stopped: 0.0007716 seconds, Stopping threads took: 0.0006713 seconds
2016-04-17T21:14:10.756-0100: 11.319: Total time for which application threads were stopped: 0.0005913 seconds, Stopping threads took: 0.0004601 seconds
2016-04-17T21:14:10.757-0100: 11.320: Total time for which application threads were stopped: 0.0001217 seconds, Stopping threads took: 0.0000440 seconds
2016-04-17T21:14:10.757-0100: 11.320: Total time for which application threads were stopped: 0.0000677 seconds, Stopping threads took: 0.0000097 seconds
2016-04-17T21:14:10.757-0100: 11.320: Total time for which application threads were stopped: 0.0000798 seconds, Stopping threads took: 0.0000222 seconds
2016-04-17T21:14:10.757-0100: 11.320: Total time for which application threads were stopped: 0.0000985 seconds, Stopping threads took: 0.0000469 seconds
2016-04-17T21:14:10.767-0100: 11.330: Total time for which application threads were stopped: 0.0001357 seconds, Stopping threads took: 0.0000325 seconds
2016-04-17T21:14:10.781-0100: 11.343: Total time for which application threads were stopped: 0.0003894 seconds, Stopping threads took: 0.0002920 seconds
2016-04-17T21:14:10.788-0100: 11.350: Total time for which application threads were stopped: 0.0002043 seconds, Stopping threads took: 0.0001087 seconds
2016-04-17T21:14:10.839-0100: 11.402: Total time for which application threads were stopped: 0.0009104 seconds, Stopping threads took: 0.0007495 seconds
2016-04-17T21:14:10.879-0100: 11.441: Total time for which application threads were stopped: 0.0008495 seconds, Stopping threads took: 0.0007342 seconds
2016-04-17T21:14:10.991-0100: 11.554: Total time for which application threads were stopped: 0.0010947 seconds, Stopping threads took: 0.0009424 seconds
2016-04-17T21:14:10.992-0100: 11.554: Total time for which application threads were stopped: 0.0007084 seconds, Stopping threads took: 0.0006201 seconds
2016-04-17T21:14:10.992-0100: 11.555: Total time for which application threads were stopped: 0.0000794 seconds, Stopping threads took: 0.0000102 seconds
2016-04-17T21:14:10.992-0100: 11.555: Total time for which application threads were stopped: 0.0000775 seconds, Stopping threads took: 0.0000086 seconds
2016-04-17T21:14:10.993-0100: 11.555: Total time for which application threads were stopped: 0.0000970 seconds, Stopping threads took: 0.0000125 seconds
2016-04-17T21:14:11.099-0100: 11.662: Total time for which application threads were stopped: 0.0001841 seconds, Stopping threads took: 0.0000318 seconds
2016-04-17T21:14:11.104-0100: 11.667: Total time for which application threads were stopped: 0.0001506 seconds, Stopping threads took: 0.0000318 seconds
2016-04-17T21:14:11.104-0100: 11.667: Total time for which application threads were stopped: 0.0000713 seconds, Stopping threads took: 0.0000094 seconds
2016-04-17T21:14:11.483-0100: 12.046: Total time for which application threads were stopped: 0.0063079 seconds, Stopping threads took: 0.0056977 seconds
2016-04-17T21:14:11.521-0100: 12.084: Total time for which application threads were stopped: 0.0001800 seconds, Stopping threads took: 0.0000589 seconds
2016-04-17T21:14:11.521-0100: 12.084: Total time for which application threads were stopped: 0.0000717 seconds, Stopping threads took: 0.0000240 seconds
2016-04-17T21:14:11.522-0100: 12.084: Total time for which application threads were stopped: 0.0000566 seconds, Stopping threads took: 0.0000083 seconds
2016-04-17T21:14:11.527-0100: 12.090: Total time for which application threads were stopped: 0.0003009 seconds, Stopping threads took: 0.0001951 seconds
2016-04-17T21:14:11.528-0100: 12.090: Total time for which application threads were stopped: 0.0000838 seconds, Stopping threads took: 0.0000366 seconds
2016-04-17T21:14:11.528-0100: 12.090: Total time for which application threads were stopped: 0.0000567 seconds, Stopping threads took: 0.0000084 seconds
2016-04-17T21:14:11.530-0100: 12.093: Total time for which application threads were stopped: 0.0005949 seconds, Stopping threads took: 0.0004954 seconds
2016-04-17T21:14:11.552-0100: 12.115: Total time for which application threads were stopped: 0.0001710 seconds, Stopping threads took: 0.0000523 seconds
2016-04-17T21:14:11.558-0100: 12.121: Total time for which application threads were stopped: 0.0001813 seconds, Stopping threads took: 0.0000507 seconds
2016-04-17T21:14:11.566-0100: 12.128: Total time for which application threads were stopped: 0.0001357 seconds, Stopping threads took: 0.0000327 seconds
2016-04-17T21:14:11.566-0100: 12.129: Total time for which application threads were stopped: 0.0001400 seconds, Stopping threads took: 0.0000963 seconds
2016-04-17T21:14:11.596-0100: 12.159: Total time for which application threads were stopped: 0.0001692 seconds, Stopping threads took: 0.0000622 seconds
{Heap before GC invocations=5 (full 1):
 par new generation   total 109248K, used 102127K [0x00000007a0000000, 0x00000007a8000000, 0x00000007a8000000)
  eden space 87424K, 100% used [0x00000007a0000000, 0x00000007a5560000, 0x00000007a5560000)
  from space 21824K,  67% used [0x00000007a6ab0000, 0x00000007a790bd20, 0x00000007a8000000)
  to   space 21824K,   0% used [0x00000007a5560000, 0x00000007a5560000, 0x00000007a6ab0000)
 concurrent mark-sweep generation total 393216K, used 0K [0x00000007a8000000, 0x00000007c0000000, 0x00000007c0000000)
 Metaspace       used 26886K, capacity 27300K, committed 27644K, reserved 1073152K
  class space    used 3190K, capacity 3303K, committed 3324K, reserved 1048576K
2016-04-17T21:14:11.677-0100: 12.239: [GC (Allocation Failure) 2016-04-17T21:14:11.677-0100: 12.240: [ParNew
Desired survivor size 20112992 bytes, new threshold 8 (max 8)
- age   1:    3144632 bytes,    3144632 total
- age   2:     513968 bytes,    3658600 total
- age   3:     353904 bytes,    4012504 total
- age   4:    1694656 bytes,    5707160 total
- age   5:    1744584 bytes,    7451744 total
- age   6:    4945216 bytes,   12396960 total
: 102127K->16145K(109248K), 0.0363253 secs] 102127K->16145K(502464K), 0.0367115 secs] [Times: user=0.06 sys=0.00, real=0.04 secs] 
Heap after GC invocations=6 (full 1):
 par new generation   total 109248K, used 16145K [0x00000007a0000000, 0x00000007a8000000, 0x00000007a8000000)
  eden space 87424K,   0% used [0x00000007a0000000, 0x00000007a0000000, 0x00000007a5560000)
  from space 21824K,  73% used [0x00000007a5560000, 0x00000007a6524768, 0x00000007a6ab0000)
  to   space 21824K,   0% used [0x00000007a6ab0000, 0x00000007a6ab0000, 0x00000007a8000000)
 concurrent mark-sweep generation total 393216K, used 0K [0x00000007a8000000, 0x00000007c0000000, 0x00000007c0000000)
 Metaspace       used 26886K, capacity 27300K, committed 27644K, reserved 1073152K
  class space    used 3190K, capacity 3303K, committed 3324K, reserved 1048576K
}
2016-04-17T21:14:11.713-0100: 12.276: Total time for which application threads were stopped: 0.0371434 seconds, Stopping threads took: 0.0001550 seconds
2016-04-17T21:14:11.716-0100: 12.278: Total time for which application threads were stopped: 0.0005494 seconds, Stopping threads took: 0.0000469 seconds
2016-04-17T21:14:11.896-0100: 12.459: Total time for which application threads were stopped: 0.0002408 seconds, Stopping threads took: 0.0000340 seconds
2016-04-17T21:14:11.897-0100: 12.460: Total time for which application threads were stopped: 0.0001527 seconds, Stopping threads took: 0.0000274 seconds
2016-04-17T21:14:11.963-0100: 12.525: Total time for which application threads were stopped: 0.0008894 seconds, Stopping threads took: 0.0000387 seconds
2016-04-17T21:14:12.030-0100: 12.593: Total time for which application threads were stopped: 0.0029010 seconds, Stopping threads took: 0.0002849 seconds
2016-04-17T21:14:12.194-0100: 12.757: Total time for which application threads were stopped: 0.0162629 seconds, Stopping threads took: 0.0141860 seconds
2016-04-17T21:14:12.831-0100: 13.394: Total time for which application threads were stopped: 0.0006638 seconds, Stopping threads took: 0.0001071 seconds
2016-04-17T21:14:13.190-0100: 13.753: Total time for which application threads were stopped: 0.0009053 seconds, Stopping threads took: 0.0001196 seconds
2016-04-17T21:14:13.544-0100: 14.107: Total time for which application threads were stopped: 0.0022902 seconds, Stopping threads took: 0.0001312 seconds
2016-04-17T21:14:13.585-0100: 14.147: Total time for which application threads were stopped: 0.0023973 seconds, Stopping threads took: 0.0001273 seconds
2016-04-17T21:14:13.589-0100: 14.152: Total time for which application threads were stopped: 0.0010762 seconds, Stopping threads took: 0.0001233 seconds
2016-04-17T21:14:13.591-0100: 14.154: Total time for which application threads were stopped: 0.0010248 seconds, Stopping threads took: 0.0000981 seconds
2016-04-17T21:14:13.601-0100: 14.164: Total time for which application threads were stopped: 0.0010584 seconds, Stopping threads took: 0.0001476 seconds
2016-04-17T21:14:13.713-0100: 14.275: Total time for which application threads were stopped: 0.0271940 seconds, Stopping threads took: 0.0261769 seconds
2016-04-17T21:14:13.717-0100: 14.279: Total time for which application threads were stopped: 0.0031737 seconds, Stopping threads took: 0.0015751 seconds
2016-04-17T21:14:13.719-0100: 14.281: Total time for which application threads were stopped: 0.0010502 seconds, Stopping threads took: 0.0000939 seconds
2016-04-17T21:14:13.720-0100: 14.282: Total time for which application threads were stopped: 0.0009020 seconds, Stopping threads took: 0.0000461 seconds
2016-04-17T21:14:13.721-0100: 14.284: Total time for which application threads were stopped: 0.0009506 seconds, Stopping threads took: 0.0000618 seconds
2016-04-17T21:14:13.723-0100: 14.286: Total time for which application threads were stopped: 0.0011578 seconds, Stopping threads took: 0.0000991 seconds
2016-04-17T21:14:13.725-0100: 14.288: Total time for which application threads were stopped: 0.0010268 seconds, Stopping threads took: 0.0000927 seconds
{Heap before GC invocations=6 (full 1):
 par new generation   total 109248K, used 103569K [0x00000007a0000000, 0x00000007a8000000, 0x00000007a8000000)
  eden space 87424K, 100% used [0x00000007a0000000, 0x00000007a5560000, 0x00000007a5560000)
  from space 21824K,  73% used [0x00000007a5560000, 0x00000007a6524768, 0x00000007a6ab0000)
  to   space 21824K,   0% used [0x00000007a6ab0000, 0x00000007a6ab0000, 0x00000007a8000000)
 concurrent mark-sweep generation total 393216K, used 0K [0x00000007a8000000, 0x00000007c0000000, 0x00000007c0000000)
 Metaspace       used 27656K, capacity 28024K, committed 28540K, reserved 1075200K
  class space    used 3262K, capacity 3353K, committed 3452K, reserved 1048576K
2016-04-17T21:14:13.777-0100: 14.340: [GC (Allocation Failure) 2016-04-17T21:14:13.778-0100: 14.341: [ParNew
Desired survivor size 20112992 bytes, new threshold 7 (max 8)
- age   1:   12801656 bytes,   12801656 total
- age   2:     729176 bytes,   13530832 total
- age   3:     513248 bytes,   14044080 total
- age   4:     353904 bytes,   14397984 total
- age   5:     208752 bytes,   14606736 total
- age   6:    1743112 bytes,   16349848 total
- age   7:    4940840 bytes,   21290688 total
: 103569K->21824K(109248K), 0.1430892 secs] 103569K->21839K(502464K), 0.1437204 secs] [Times: user=0.10 sys=0.01, real=0.15 secs] 
Heap after GC invocations=7 (full 1):
 par new generation   total 109248K, used 21824K [0x00000007a0000000, 0x00000007a8000000, 0x00000007a8000000)
  eden space 87424K,   0% used [0x00000007a0000000, 0x00000007a0000000, 0x00000007a5560000)
  from space 21824K, 100% used [0x00000007a6ab0000, 0x00000007a8000000, 0x00000007a8000000)
  to   space 21824K,   0% used [0x00000007a5560000, 0x00000007a5560000, 0x00000007a6ab0000)
 concurrent mark-sweep generation total 393216K, used 15K [0x00000007a8000000, 0x00000007c0000000, 0x00000007c0000000)
 Metaspace       used 27656K, capacity 28024K, committed 28540K, reserved 1075200K
  class space    used 3262K, capacity 3353K, committed 3452K, reserved 1048576K
}
2016-04-17T21:14:13.921-0100: 14.484: Total time for which application threads were stopped: 0.1452274 seconds, Stopping threads took: 0.0001554 seconds
2016-04-17T21:14:14.041-0100: 14.604: Total time for which application threads were stopped: 0.0013477 seconds, Stopping threads took: 0.0001636 seconds
2016-04-17T21:14:14.093-0100: 14.656: Total time for which application threads were stopped: 0.0014578 seconds, Stopping threads took: 0.0001617 seconds
2016-04-17T21:14:14.167-0100: 14.730: Total time for which application threads were stopped: 0.0151497 seconds, Stopping threads took: 0.0138885 seconds
2016-04-17T21:14:14.169-0100: 14.732: Total time for which application threads were stopped: 0.0012881 seconds, Stopping threads took: 0.0001285 seconds
2016-04-17T21:14:14.190-0100: 14.753: Total time for which application threads were stopped: 0.0131994 seconds, Stopping threads took: 0.0120471 seconds
2016-04-17T21:14:14.197-0100: 14.760: Total time for which application threads were stopped: 0.0015082 seconds, Stopping threads took: 0.0001645 seconds
2016-04-17T21:14:14.893-0100: 15.456: Total time for which application threads were stopped: 0.0025610 seconds, Stopping threads took: 0.0002188 seconds
2016-04-17T21:14:15.307-0100: 15.870: Total time for which application threads were stopped: 0.0022694 seconds, Stopping threads took: 0.0002393 seconds
2016-04-17T21:14:15.310-0100: 15.873: Total time for which application threads were stopped: 0.0021884 seconds, Stopping threads took: 0.0002139 seconds
2016-04-17T21:14:16.455-0100: 17.018: Total time for which application threads were stopped: 0.5563589 seconds, Stopping threads took: 0.0274274 seconds
2016-04-17T21:14:16.993-0100: 17.556: Total time for which application threads were stopped: 0.1924272 seconds, Stopping threads took: 0.1891701 seconds
2016-04-17T21:14:17.232-0100: 17.795: Total time for which application threads were stopped: 0.0826663 seconds, Stopping threads took: 0.0048673 seconds
2016-04-17T21:14:17.555-0100: 18.118: Total time for which application threads were stopped: 0.0078585 seconds, Stopping threads took: 0.0003396 seconds
2016-04-17T21:14:17.566-0100: 18.129: Total time for which application threads were stopped: 0.0028795 seconds, Stopping threads took: 0.0003003 seconds
2016-04-17T21:14:17.570-0100: 18.133: Total time for which application threads were stopped: 0.0035862 seconds, Stopping threads took: 0.0009695 seconds
2016-04-17T21:14:17.573-0100: 18.136: Total time for which application threads were stopped: 0.0027743 seconds, Stopping threads took: 0.0001470 seconds
2016-04-17T21:14:17.576-0100: 18.139: Total time for which application threads were stopped: 0.0028847 seconds, Stopping threads took: 0.0002099 seconds
2016-04-17T21:14:17.580-0100: 18.142: Total time for which application threads were stopped: 0.0029911 seconds, Stopping threads took: 0.0001448 seconds
2016-04-17T21:14:17.583-0100: 18.146: Total time for which application threads were stopped: 0.0029198 seconds, Stopping threads took: 0.0001730 seconds
2016-04-17T21:14:17.929-0100: 18.492: Total time for which application threads were stopped: 0.0116406 seconds, Stopping threads took: 0.0003644 seconds
2016-04-17T21:14:18.446-0100: 19.009: Total time for which application threads were stopped: 0.0038488 seconds, Stopping threads took: 0.0005873 seconds
{Heap before GC invocations=7 (full 1):
 par new generation   total 109248K, used 109248K [0x00000007a0000000, 0x00000007a8000000, 0x00000007a8000000)
  eden space 87424K, 100% used [0x00000007a0000000, 0x00000007a5560000, 0x00000007a5560000)
  from space 21824K, 100% used [0x00000007a6ab0000, 0x00000007a8000000, 0x00000007a8000000)
  to   space 21824K,   0% used [0x00000007a5560000, 0x00000007a5560000, 0x00000007a6ab0000)
 concurrent mark-sweep generation total 393216K, used 15K [0x00000007a8000000, 0x00000007c0000000, 0x00000007c0000000)
 Metaspace       used 30297K, capacity 30744K, committed 31100K, reserved 1077248K
  class space    used 3513K, capacity 3641K, committed 3708K, reserved 1048576K
2016-04-17T21:14:19.235-0100: 19.798: [GC (Allocation Failure) 2016-04-17T21:14:19.235-0100: 19.798: [ParNew
Desired survivor size 20112992 bytes, new threshold 2 (max 8)
- age   1:   12615000 bytes,   12615000 total
- age   2:    7516552 bytes,   20131552 total
- age   3:     555312 bytes,   20686864 total
- age   4:     449016 bytes,   21135880 total
- age   5:     277768 bytes,   21413648 total
- age   6:      83424 bytes,   21497072 total
- age   7:     838384 bytes,   22335456 total
: 109248K->21824K(109248K), 0.4837864 secs] 109263K->51705K(502464K), 0.4845441 secs] [Times: user=0.34 sys=0.07, real=0.49 secs] 
Heap after GC invocations=8 (full 1):
 par new generation   total 109248K, used 21824K [0x00000007a0000000, 0x00000007a8000000, 0x00000007a8000000)
  eden space 87424K,   0% used [0x00000007a0000000, 0x00000007a0000000, 0x00000007a5560000)
  from space 21824K, 100% used [0x00000007a5560000, 0x00000007a6ab0000, 0x00000007a6ab0000)
  to   space 21824K,   0% used [0x00000007a6ab0000, 0x00000007a6ab0000, 0x00000007a8000000)
 concurrent mark-sweep generation total 393216K, used 29881K [0x00000007a8000000, 0x00000007c0000000, 0x00000007c0000000)
 Metaspace       used 30297K, capacity 30744K, committed 31100K, reserved 1077248K
  class space    used 3513K, capacity 3641K, committed 3708K, reserved 1048576K
}
2016-04-17T21:14:19.720-0100: 20.283: Total time for which application threads were stopped: 0.5029914 seconds, Stopping threads took: 0.0004478 seconds
2016-04-17T21:14:20.044-0100: 20.607: Total time for which application threads were stopped: 0.1881998 seconds, Stopping threads took: 0.0050263 seconds
2016-04-17T21:14:20.367-0100: 20.930: Total time for which application threads were stopped: 0.0065838 seconds, Stopping threads took: 0.0004123 seconds
2016-04-17T21:14:20.378-0100: 20.941: Total time for which application threads were stopped: 0.0082629 seconds, Stopping threads took: 0.0004432 seconds
2016-04-17T21:14:20.425-0100: 20.988: Total time for which application threads were stopped: 0.0234746 seconds, Stopping threads took: 0.0061783 seconds
2016-04-17T21:14:20.564-0100: 21.127: Total time for which application threads were stopped: 0.0110148 seconds, Stopping threads took: 0.0040048 seconds
2016-04-17T21:14:20.685-0100: 21.248: Total time for which application threads were stopped: 0.0048300 seconds, Stopping threads took: 0.0006798 seconds
2016-04-17T21:14:20.918-0100: 21.481: Total time for which application threads were stopped: 0.0053172 seconds, Stopping threads took: 0.0008871 seconds
2016-04-17T21:14:20.997-0100: 21.560: Total time for which application threads were stopped: 0.0157805 seconds, Stopping threads took: 0.0004631 seconds
2016-04-17T21:14:21.051-0100: 21.614: Total time for which application threads were stopped: 0.0356055 seconds, Stopping threads took: 0.0307881 seconds
2016-04-17T21:14:21.122-0100: 21.685: Total time for which application threads were stopped: 0.0050995 seconds, Stopping threads took: 0.0005019 seconds
2016-04-17T21:14:21.147-0100: 21.710: Total time for which application threads were stopped: 0.0123501 seconds, Stopping threads took: 0.0076932 seconds
2016-04-17T21:14:21.248-0100: 21.811: Total time for which application threads were stopped: 0.0053450 seconds, Stopping threads took: 0.0009143 seconds
2016-04-17T21:14:21.308-0100: 21.871: Total time for which application threads were stopped: 0.0094097 seconds, Stopping threads took: 0.0005682 seconds
2016-04-17T21:14:21.316-0100: 21.879: Total time for which application threads were stopped: 0.0078163 seconds, Stopping threads took: 0.0003201 seconds
2016-04-17T21:14:21.472-0100: 22.035: Total time for which application threads were stopped: 0.0080460 seconds, Stopping threads took: 0.0033651 seconds
2016-04-17T21:14:21.673-0100: 22.236: Total time for which application threads were stopped: 0.0062558 seconds, Stopping threads took: 0.0004875 seconds
2016-04-17T21:14:21.740-0100: 22.303: Total time for which application threads were stopped: 0.0066888 seconds, Stopping threads took: 0.0005136 seconds
2016-04-17T21:14:21.772-0100: 22.335: Total time for which application threads were stopped: 0.0098403 seconds, Stopping threads took: 0.0051588 seconds
2016-04-17T21:14:21.787-0100: 22.350: Total time for which application threads were stopped: 0.0087181 seconds, Stopping threads took: 0.0005845 seconds
2016-04-17T21:14:23.209-0100: 23.773: Total time for which application threads were stopped: 0.0052991 seconds, Stopping threads took: 0.0004761 seconds
2016-04-17T21:14:23.216-0100: 23.779: Total time for which application threads were stopped: 0.0060193 seconds, Stopping threads took: 0.0003942 seconds
2016-04-17T21:14:23.306-0100: 23.869: Total time for which application threads were stopped: 0.0122772 seconds, Stopping threads took: 0.0076520 seconds
2016-04-17T21:14:23.315-0100: 23.878: Total time for which application threads were stopped: 0.0070876 seconds, Stopping threads took: 0.0004582 seconds
2016-04-17T21:14:23.329-0100: 23.892: Total time for which application threads were stopped: 0.0076120 seconds, Stopping threads took: 0.0005113 seconds
2016-04-17T21:14:23.564-0100: 24.127: Total time for which application threads were stopped: 0.0213232 seconds, Stopping threads took: 0.0146494 seconds
2016-04-17T21:14:23.621-0100: 24.184: Total time for which application threads were stopped: 0.0100485 seconds, Stopping threads took: 0.0026744 seconds
2016-04-17T21:14:23.642-0100: 24.205: Total time for which application threads were stopped: 0.0137949 seconds, Stopping threads took: 0.0005009 seconds
2016-04-17T21:14:23.655-0100: 24.219: Total time for which application threads were stopped: 0.0088777 seconds, Stopping threads took: 0.0028555 seconds
2016-04-17T21:14:23.815-0100: 24.378: Total time for which application threads were stopped: 0.0219925 seconds, Stopping threads took: 0.0005879 seconds
2016-04-17T21:14:23.961-0100: 24.525: Total time for which application threads were stopped: 0.0097353 seconds, Stopping threads took: 0.0005051 seconds
2016-04-17T21:14:23.986-0100: 24.549: Total time for which application threads were stopped: 0.0211493 seconds, Stopping threads took: 0.0006918 seconds
2016-04-17T21:14:24.004-0100: 24.567: Total time for which application threads were stopped: 0.0154508 seconds, Stopping threads took: 0.0005950 seconds
2016-04-17T21:14:24.966-0100: 25.529: Total time for which application threads were stopped: 0.0087094 seconds, Stopping threads took: 0.0010567 seconds
2016-04-17T21:14:25.004-0100: 25.567: Total time for which application threads were stopped: 0.0360269 seconds, Stopping threads took: 0.0095955 seconds
2016-04-17T21:14:25.014-0100: 25.577: Total time for which application threads were stopped: 0.0062445 seconds, Stopping threads took: 0.0005174 seconds
2016-04-17T21:14:25.023-0100: 25.586: Total time for which application threads were stopped: 0.0094996 seconds, Stopping threads took: 0.0003543 seconds
2016-04-17T21:14:25.039-0100: 25.602: Total time for which application threads were stopped: 0.0077982 seconds, Stopping threads took: 0.0004983 seconds
2016-04-17T21:14:25.136-0100: 25.699: Total time for which application threads were stopped: 0.0183262 seconds, Stopping threads took: 0.0018082 seconds
2016-04-17T21:14:25.157-0100: 25.721: Total time for which application threads were stopped: 0.0186939 seconds, Stopping threads took: 0.0005317 seconds
2016-04-17T21:14:25.179-0100: 25.742: Total time for which application threads were stopped: 0.0146811 seconds, Stopping threads took: 0.0005559 seconds
2016-04-17T21:14:25.190-0100: 25.753: Total time for which application threads were stopped: 0.0062246 seconds, Stopping threads took: 0.0005132 seconds
2016-04-17T21:14:25.239-0100: 25.802: Total time for which application threads were stopped: 0.0237906 seconds, Stopping threads took: 0.0031653 seconds
2016-04-17T21:14:25.258-0100: 25.822: Total time for which application threads were stopped: 0.0173243 seconds, Stopping threads took: 0.0005579 seconds
2016-04-17T21:14:25.290-0100: 25.854: Total time for which application threads were stopped: 0.0198622 seconds, Stopping threads took: 0.0005362 seconds
2016-04-17T21:14:25.332-0100: 25.895: Total time for which application threads were stopped: 0.0093160 seconds, Stopping threads took: 0.0005494 seconds
2016-04-17T21:14:25.560-0100: 26.123: Total time for which application threads were stopped: 0.1323748 seconds, Stopping threads took: 0.0087849 seconds
2016-04-17T21:14:25.882-0100: 26.445: Total time for which application threads were stopped: 0.0895754 seconds, Stopping threads took: 0.0840555 seconds
2016-04-17T21:14:25.902-0100: 26.465: Total time for which application threads were stopped: 0.0105585 seconds, Stopping threads took: 0.0005533 seconds
{Heap before GC invocations=8 (full 1):
 par new generation   total 109248K, used 109232K [0x00000007a0000000, 0x00000007a8000000, 0x00000007a8000000)
  eden space 87424K,  99% used [0x00000007a0000000, 0x00000007a555c3d8, 0x00000007a5560000)
  from space 21824K, 100% used [0x00000007a5560000, 0x00000007a6ab0000, 0x00000007a6ab0000)
  to   space 21824K,   0% used [0x00000007a6ab0000, 0x00000007a6ab0000, 0x00000007a8000000)
 concurrent mark-sweep generation total 393216K, used 29881K [0x00000007a8000000, 0x00000007c0000000, 0x00000007c0000000)
 Metaspace       used 32167K, capacity 32566K, committed 33148K, reserved 1079296K
  class space    used 3708K, capacity 3840K, committed 3964K, reserved 1048576K
2016-04-17T21:14:26.437-0100: 27.000: [GC (Allocation Failure) 2016-04-17T21:14:26.439-0100: 27.002: [ParNew
Desired survivor size 20112992 bytes, new threshold 2 (max 8)
- age   1:   14354056 bytes,   14354056 total
- age   2:    7989848 bytes,   22343904 total
: 109232K->21824K(109248K), 0.6510164 secs] 139114K->75851K(502464K), 0.6536782 secs] [Times: user=0.24 sys=0.10, real=0.66 secs] 
Heap after GC invocations=9 (full 1):
 par new generation   total 109248K, used 21824K [0x00000007a0000000, 0x00000007a8000000, 0x00000007a8000000)
  eden space 87424K,   0% used [0x00000007a0000000, 0x00000007a0000000, 0x00000007a5560000)
  from space 21824K, 100% used [0x00000007a6ab0000, 0x00000007a8000000, 0x00000007a8000000)
  to   space 21824K,   0% used [0x00000007a5560000, 0x00000007a5560000, 0x00000007a6ab0000)
 concurrent mark-sweep generation total 393216K, used 54027K [0x00000007a8000000, 0x00000007c0000000, 0x00000007c0000000)
 Metaspace       used 32167K, capacity 32566K, committed 33148K, reserved 1079296K
  class space    used 3708K, capacity 3840K, committed 3964K, reserved 1048576K
}
2016-04-17T21:14:27.091-0100: 27.654: Total time for which application threads were stopped: 0.6659431 seconds, Stopping threads took: 0.0005326 seconds
{Heap before GC invocations=9 (full 1):
 par new generation   total 109248K, used 109248K [0x00000007a0000000, 0x00000007a8000000, 0x00000007a8000000)
  eden space 87424K, 100% used [0x00000007a0000000, 0x00000007a5560000, 0x00000007a5560000)
  from space 21824K, 100% used [0x00000007a6ab0000, 0x00000007a8000000, 0x00000007a8000000)
  to   space 21824K,   0% used [0x00000007a5560000, 0x00000007a5560000, 0x00000007a6ab0000)
 concurrent mark-sweep generation total 393216K, used 54027K [0x00000007a8000000, 0x00000007c0000000, 0x00000007c0000000)
 Metaspace       used 32169K, capacity 32566K, committed 33148K, reserved 1079296K
  class space    used 3708K, capacity 3840K, committed 3964K, reserved 1048576K
2016-04-17T21:14:27.592-0100: 28.155: [GC (Allocation Failure) 2016-04-17T21:14:27.592-0100: 28.155: [ParNew
Desired survivor size 20112992 bytes, new threshold 8 (max 8)
- age   1:     420280 bytes,     420280 total
- age   2:   14337272 bytes,   14757552 total
: 109248K->21523K(109248K), 0.0916265 secs] 163275K->83476K(502464K), 0.0923602 secs] [Times: user=0.12 sys=0.01, real=0.09 secs] 
Heap after GC invocations=10 (full 1):
 par new generation   total 109248K, used 21523K [0x00000007a0000000, 0x00000007a8000000, 0x00000007a8000000)
  eden space 87424K,   0% used [0x00000007a0000000, 0x00000007a0000000, 0x00000007a5560000)
  from space 21824K,  98% used [0x00000007a5560000, 0x00000007a6a64d80, 0x00000007a6ab0000)
  to   space 21824K,   0% used [0x00000007a6ab0000, 0x00000007a6ab0000, 0x00000007a8000000)
 concurrent mark-sweep generation total 393216K, used 61953K [0x00000007a8000000, 0x00000007c0000000, 0x00000007c0000000)
 Metaspace       used 32169K, capacity 32566K, committed 33148K, reserved 1079296K
  class space    used 3708K, capacity 3840K, committed 3964K, reserved 1048576K
}
2016-04-17T21:14:27.685-0100: 28.248: Total time for which application threads were stopped: 0.0988366 seconds, Stopping threads took: 0.0005996 seconds
2016-04-17T21:14:28.260-0100: 28.824: Total time for which application threads were stopped: 0.0062812 seconds, Stopping threads took: 0.0005723 seconds
2016-04-17T21:14:28.965-0100: 29.528: Total time for which application threads were stopped: 0.0065393 seconds, Stopping threads took: 0.0005777 seconds
2016-04-17T21:14:28.978-0100: 29.541: Total time for which application threads were stopped: 0.0126848 seconds, Stopping threads took: 0.0003284 seconds
2016-04-17T21:14:28.994-0100: 29.557: Total time for which application threads were stopped: 0.0074500 seconds, Stopping threads took: 0.0005438 seconds
2016-04-17T21:14:29.284-0100: 29.847: Total time for which application threads were stopped: 0.2843652 seconds, Stopping threads took: 0.0005714 seconds
2016-04-17T21:14:29.408-0100: 29.972: Total time for which application threads were stopped: 0.0619893 seconds, Stopping threads took: 0.0120453 seconds
2016-04-17T21:14:29.419-0100: 29.982: Total time for which application threads were stopped: 0.0101065 seconds, Stopping threads took: 0.0004200 seconds
2016-04-17T21:14:29.426-0100: 29.989: Total time for which application threads were stopped: 0.0069295 seconds, Stopping threads took: 0.0003466 seconds
2016-04-17T21:14:29.448-0100: 30.011: Total time for which application threads were stopped: 0.0209283 seconds, Stopping threads took: 0.0004554 seconds
2016-04-17T21:14:29.456-0100: 30.019: Total time for which application threads were stopped: 0.0076275 seconds, Stopping threads took: 0.0004513 seconds
2016-04-17T21:14:29.465-0100: 30.028: Total time for which application threads were stopped: 0.0088461 seconds, Stopping threads took: 0.0003464 seconds
2016-04-17T21:14:29.573-0100: 30.136: Total time for which application threads were stopped: 0.0081180 seconds, Stopping threads took: 0.0020152 seconds
2016-04-17T21:14:29.599-0100: 30.162: Total time for which application threads were stopped: 0.0212682 seconds, Stopping threads took: 0.0005064 seconds
2016-04-17T21:14:29.612-0100: 30.175: Total time for which application threads were stopped: 0.0114253 seconds, Stopping threads took: 0.0004921 seconds
2016-04-17T21:14:29.624-0100: 30.188: Total time for which application threads were stopped: 0.0111623 seconds, Stopping threads took: 0.0006466 seconds
2016-04-17T21:14:29.632-0100: 30.195: Total time for which application threads were stopped: 0.0070243 seconds, Stopping threads took: 0.0014620 seconds
2016-04-17T21:14:29.641-0100: 30.204: Total time for which application threads were stopped: 0.0090696 seconds, Stopping threads took: 0.0003628 seconds
2016-04-17T21:14:29.647-0100: 30.211: Total time for which application threads were stopped: 0.0064405 seconds, Stopping threads took: 0.0004436 seconds
2016-04-17T21:14:29.662-0100: 30.226: Total time for which application threads were stopped: 0.0149819 seconds, Stopping threads took: 0.0003327 seconds
2016-04-17T21:14:29.680-0100: 30.243: Total time for which application threads were stopped: 0.0174334 seconds, Stopping threads took: 0.0010976 seconds
2016-04-17T21:14:29.726-0100: 30.290: Total time for which application threads were stopped: 0.0463636 seconds, Stopping threads took: 0.0141587 seconds
2016-04-17T21:14:29.741-0100: 30.304: Total time for which application threads were stopped: 0.0146082 seconds, Stopping threads took: 0.0003018 seconds
2016-04-17T21:14:29.749-0100: 30.312: Total time for which application threads were stopped: 0.0076442 seconds, Stopping threads took: 0.0003439 seconds
2016-04-17T21:14:29.759-0100: 30.322: Total time for which application threads were stopped: 0.0101832 seconds, Stopping threads took: 0.0003772 seconds
2016-04-17T21:14:29.768-0100: 30.331: Total time for which application threads were stopped: 0.0085610 seconds, Stopping threads took: 0.0003388 seconds
2016-04-17T21:14:29.780-0100: 30.344: Total time for which application threads were stopped: 0.0125730 seconds, Stopping threads took: 0.0004800 seconds
2016-04-17T21:14:29.791-0100: 30.355: Total time for which application threads were stopped: 0.0107733 seconds, Stopping threads took: 0.0003133 seconds
2016-04-17T21:14:29.812-0100: 30.376: Total time for which application threads were stopped: 0.0210583 seconds, Stopping threads took: 0.0003395 seconds
2016-04-17T21:14:29.827-0100: 30.391: Total time for which application threads were stopped: 0.0147881 seconds, Stopping threads took: 0.0007602 seconds
2016-04-17T21:14:29.836-0100: 30.400: Total time for which application threads were stopped: 0.0088774 seconds, Stopping threads took: 0.0005797 seconds
2016-04-17T21:14:29.883-0100: 30.446: Total time for which application threads were stopped: 0.0468686 seconds, Stopping threads took: 0.0003167 seconds
2016-04-17T21:14:30.116-0100: 30.679: Total time for which application threads were stopped: 0.2326544 seconds, Stopping threads took: 0.0003312 seconds
2016-04-17T21:14:30.132-0100: 30.695: Total time for which application threads were stopped: 0.0071946 seconds, Stopping threads took: 0.0005508 seconds
2016-04-17T21:14:30.139-0100: 30.702: Total time for which application threads were stopped: 0.0063930 seconds, Stopping threads took: 0.0006901 seconds
2016-04-17T21:14:30.150-0100: 30.713: Total time for which application threads were stopped: 0.0080211 seconds, Stopping threads took: 0.0006171 seconds
2016-04-17T21:14:30.358-0100: 30.922: Total time for which application threads were stopped: 0.1026910 seconds, Stopping threads took: 0.0014698 seconds
{Heap before GC invocations=10 (full 1):
 par new generation   total 109248K, used 108947K [0x00000007a0000000, 0x00000007a8000000, 0x00000007a8000000)
  eden space 87424K, 100% used [0x00000007a0000000, 0x00000007a5560000, 0x00000007a5560000)
  from space 21824K,  98% used [0x00000007a5560000, 0x00000007a6a64d80, 0x00000007a6ab0000)
  to   space 21824K,   0% used [0x00000007a6ab0000, 0x00000007a6ab0000, 0x00000007a8000000)
 concurrent mark-sweep generation total 393216K, used 61953K [0x00000007a8000000, 0x00000007c0000000, 0x00000007c0000000)
 Metaspace       used 32394K, capacity 32846K, committed 33404K, reserved 1079296K
  class space    used 3715K, capacity 3844K, committed 3964K, reserved 1048576K
2016-04-17T21:14:30.902-0100: 31.465: [GC (Allocation Failure) 2016-04-17T21:14:30.902-0100: 31.465: [ParNew
Desired survivor size 20112992 bytes, new threshold 8 (max 8)
- age   1:    2311944 bytes,    2311944 total
- age   2:      72992 bytes,    2384936 total
- age   3:   13617080 bytes,   16002016 total
: 108947K->21570K(109248K), 0.1773469 secs] 170900K->83524K(502464K), 0.1782043 secs] [Times: user=0.09 sys=0.02, real=0.18 secs] 
Heap after GC invocations=11 (full 1):
 par new generation   total 109248K, used 21570K [0x00000007a0000000, 0x00000007a8000000, 0x00000007a8000000)
  eden space 87424K,   0% used [0x00000007a0000000, 0x00000007a0000000, 0x00000007a5560000)
  from space 21824K,  98% used [0x00000007a6ab0000, 0x00000007a7fc09c0, 0x00000007a8000000)
  to   space 21824K,   0% used [0x00000007a5560000, 0x00000007a5560000, 0x00000007a6ab0000)
 concurrent mark-sweep generation total 393216K, used 61953K [0x00000007a8000000, 0x00000007c0000000, 0x00000007c0000000)
 Metaspace       used 32394K, capacity 32846K, committed 33404K, reserved 1079296K
  class space    used 3715K, capacity 3844K, committed 3964K, reserved 1048576K
}
2016-04-17T21:14:31.080-0100: 31.644: Total time for which application threads were stopped: 0.2585796 seconds, Stopping threads took: 0.0741372 seconds
2016-04-17T21:14:31.091-0100: 31.654: Total time for which application threads were stopped: 0.0096300 seconds, Stopping threads took: 0.0004365 seconds
2016-04-17T21:14:32.121-0100: 32.684: Total time for which application threads were stopped: 0.0177759 seconds, Stopping threads took: 0.0143121 seconds
{Heap before GC invocations=11 (full 1):
 par new generation   total 109248K, used 108994K [0x00000007a0000000, 0x00000007a8000000, 0x00000007a8000000)
  eden space 87424K, 100% used [0x00000007a0000000, 0x00000007a5560000, 0x00000007a5560000)
  from space 21824K,  98% used [0x00000007a6ab0000, 0x00000007a7fc09c0, 0x00000007a8000000)
  to   space 21824K,   0% used [0x00000007a5560000, 0x00000007a5560000, 0x00000007a6ab0000)
 concurrent mark-sweep generation total 393216K, used 61953K [0x00000007a8000000, 0x00000007c0000000, 0x00000007c0000000)
 Metaspace       used 32526K, capacity 32964K, committed 33404K, reserved 1079296K
  class space    used 3720K, capacity 3853K, committed 3964K, reserved 1048576K
2016-04-17T21:14:32.473-0100: 33.037: [GC (Allocation Failure) 2016-04-17T21:14:32.506-0100: 33.069: [ParNew
Desired survivor size 20112992 bytes, new threshold 8 (max 8)
- age   1:    4085232 bytes,    4085232 total
- age   2:    1933608 bytes,    6018840 total
- age   3:      72992 bytes,    6091832 total
- age   4:   12939392 bytes,   19031224 total
: 108994K->21824K(109248K), 0.1120453 secs] 170948K->83777K(502464K), 0.1448949 secs] [Times: user=0.11 sys=0.00, real=0.14 secs] 
Heap after GC invocations=12 (full 1):
 par new generation   total 109248K, used 21824K [0x00000007a0000000, 0x00000007a8000000, 0x00000007a8000000)
  eden space 87424K,   0% used [0x00000007a0000000, 0x00000007a0000000, 0x00000007a5560000)
  from space 21824K, 100% used [0x00000007a5560000, 0x00000007a6ab0000, 0x00000007a6ab0000)
  to   space 21824K,   0% used [0x00000007a6ab0000, 0x00000007a6ab0000, 0x00000007a8000000)
 concurrent mark-sweep generation total 393216K, used 61953K [0x00000007a8000000, 0x00000007c0000000, 0x00000007c0000000)
 Metaspace       used 32526K, capacity 32964K, committed 33404K, reserved 1079296K
  class space    used 3720K, capacity 3853K, committed 3964K, reserved 1048576K
}
2016-04-17T21:14:32.619-0100: 33.183: Total time for which application threads were stopped: 0.1491825 seconds, Stopping threads took: 0.0004658 seconds
2016-04-17T21:14:32.623-0100: 33.186: Total time for which application threads were stopped: 0.0036813 seconds, Stopping threads took: 0.0004509 seconds
2016-04-17T21:14:32.644-0100: 33.208: Total time for which application threads were stopped: 0.0037076 seconds, Stopping threads took: 0.0005330 seconds
2016-04-17T21:14:33.040-0100: 33.603: Total time for which application threads were stopped: 0.1471227 seconds, Stopping threads took: 0.1413755 seconds
2016-04-17T21:14:33.071-0100: 33.634: Total time for which application threads were stopped: 0.0066815 seconds, Stopping threads took: 0.0005696 seconds
2016-04-17T21:14:33.087-0100: 33.650: Total time for which application threads were stopped: 0.0036724 seconds, Stopping threads took: 0.0005733 seconds
2016-04-17T21:14:33.338-0100: 33.901: Total time for which application threads were stopped: 0.0573559 seconds, Stopping threads took: 0.0509239 seconds
2016-04-17T21:14:33.389-0100: 33.952: Total time for which application threads were stopped: 0.0033737 seconds, Stopping threads took: 0.0004966 seconds
{Heap before GC invocations=12 (full 1):
 par new generation   total 109248K, used 109248K [0x00000007a0000000, 0x00000007a8000000, 0x00000007a8000000)
  eden space 87424K, 100% used [0x00000007a0000000, 0x00000007a5560000, 0x00000007a5560000)
  from space 21824K, 100% used [0x00000007a5560000, 0x00000007a6ab0000, 0x00000007a6ab0000)
  to   space 21824K,   0% used [0x00000007a6ab0000, 0x00000007a6ab0000, 0x00000007a8000000)
 concurrent mark-sweep generation total 393216K, used 61953K [0x00000007a8000000, 0x00000007c0000000, 0x00000007c0000000)
 Metaspace       used 32812K, capacity 33230K, committed 33660K, reserved 1079296K
  class space    used 3733K, capacity 3856K, committed 3964K, reserved 1048576K
2016-04-17T21:14:33.765-0100: 34.329: [GC (Allocation Failure) 2016-04-17T21:14:33.766-0100: 34.329: [ParNew
Desired survivor size 20112992 bytes, new threshold 8 (max 8)
- age   1:    2270528 bytes,    2270528 total
- age   2:    3171080 bytes,    5441608 total
- age   3:    1793480 bytes,    7235088 total
- age   4:      68400 bytes,    7303488 total
- age   5:   10405528 bytes,   17709016 total
: 109248K->21824K(109248K), 0.1878946 secs] 171201K->87029K(502464K), 0.1887751 secs] [Times: user=0.09 sys=0.01, real=0.19 secs] 
Heap after GC invocations=13 (full 1):
 par new generation   total 109248K, used 21824K [0x00000007a0000000, 0x00000007a8000000, 0x00000007a8000000)
  eden space 87424K,   0% used [0x00000007a0000000, 0x00000007a0000000, 0x00000007a5560000)
  from space 21824K, 100% used [0x00000007a6ab0000, 0x00000007a8000000, 0x00000007a8000000)
  to   space 21824K,   0% used [0x00000007a5560000, 0x00000007a5560000, 0x00000007a6ab0000)
 concurrent mark-sweep generation total 393216K, used 65205K [0x00000007a8000000, 0x00000007c0000000, 0x00000007c0000000)
 Metaspace       used 32812K, capacity 33230K, committed 33660K, reserved 1079296K
  class space    used 3733K, capacity 3856K, committed 3964K, reserved 1048576K
}
2016-04-17T21:14:33.955-0100: 34.518: Total time for which application threads were stopped: 0.2363024 seconds, Stopping threads took: 0.0444130 seconds
2016-04-17T21:14:34.029-0100: 34.592: Total time for which application threads were stopped: 0.0213589 seconds, Stopping threads took: 0.0003938 seconds
2016-04-17T21:14:34.036-0100: 34.599: Total time for which application threads were stopped: 0.0039207 seconds, Stopping threads took: 0.0003844 seconds
2016-04-17T21:14:34.038-0100: 34.602: Total time for which application threads were stopped: 0.0025861 seconds, Stopping threads took: 0.0002110 seconds
2016-04-17T21:14:34.041-0100: 34.605: Total time for which application threads were stopped: 0.0027783 seconds, Stopping threads took: 0.0002986 seconds
2016-04-17T21:14:34.045-0100: 34.608: Total time for which application threads were stopped: 0.0032824 seconds, Stopping threads took: 0.0003450 seconds
2016-04-17T21:14:34.048-0100: 34.612: Total time for which application threads were stopped: 0.0031005 seconds, Stopping threads took: 0.0003014 seconds
2016-04-17T21:14:34.051-0100: 34.614: Total time for which application threads were stopped: 0.0025665 seconds, Stopping threads took: 0.0002919 seconds
2016-04-17T21:14:34.061-0100: 34.625: Total time for which application threads were stopped: 0.0031619 seconds, Stopping threads took: 0.0004304 seconds
2016-04-17T21:14:34.065-0100: 34.628: Total time for which application threads were stopped: 0.0036016 seconds, Stopping threads took: 0.0002257 seconds
2016-04-17T21:14:34.068-0100: 34.631: Total time for which application threads were stopped: 0.0027060 seconds, Stopping threads took: 0.0003182 seconds
2016-04-17T21:14:34.093-0100: 34.657: Total time for which application threads were stopped: 0.0253936 seconds, Stopping threads took: 0.0002232 seconds
2016-04-17T21:14:34.240-0100: 34.804: Total time for which application threads were stopped: 0.0025285 seconds, Stopping threads took: 0.0003774 seconds
2016-04-17T21:14:34.289-0100: 34.852: Total time for which application threads were stopped: 0.0488073 seconds, Stopping threads took: 0.0003545 seconds
2016-04-17T21:14:34.295-0100: 34.858: Total time for which application threads were stopped: 0.0055309 seconds, Stopping threads took: 0.0002408 seconds
2016-04-17T21:14:34.299-0100: 34.863: Total time for which application threads were stopped: 0.0038192 seconds, Stopping threads took: 0.0016089 seconds
2016-04-17T21:14:34.306-0100: 34.870: Total time for which application threads were stopped: 0.0070583 seconds, Stopping threads took: 0.0002322 seconds
2016-04-17T21:14:34.312-0100: 34.876: Total time for which application threads were stopped: 0.0060396 seconds, Stopping threads took: 0.0002063 seconds
2016-04-17T21:14:34.342-0100: 34.906: Total time for which application threads were stopped: 0.0025146 seconds, Stopping threads took: 0.0003763 seconds
2016-04-17T21:14:34.344-0100: 34.908: Total time for which application threads were stopped: 0.0021838 seconds, Stopping threads took: 0.0002114 seconds
2016-04-17T21:14:34.348-0100: 34.911: Total time for which application threads were stopped: 0.0027537 seconds, Stopping threads took: 0.0002877 seconds
2016-04-17T21:14:34.364-0100: 34.927: Total time for which application threads were stopped: 0.0147840 seconds, Stopping threads took: 0.0003923 seconds
2016-04-17T21:14:34.852-0100: 35.415: Total time for which application threads were stopped: 0.0026563 seconds, Stopping threads took: 0.0004125 seconds
2016-04-17T21:14:35.142-0100: 35.705: Total time for which application threads were stopped: 0.0036295 seconds, Stopping threads took: 0.0003802 seconds
2016-04-17T21:14:35.145-0100: 35.708: Total time for which application threads were stopped: 0.0029246 seconds, Stopping threads took: 0.0002963 seconds
2016-04-17T21:14:35.152-0100: 35.716: Total time for which application threads were stopped: 0.0034393 seconds, Stopping threads took: 0.0005916 seconds
2016-04-17T21:14:35.186-0100: 35.749: Total time for which application threads were stopped: 0.0024147 seconds, Stopping threads took: 0.0003833 seconds
2016-04-17T21:14:35.190-0100: 35.753: Total time for which application threads were stopped: 0.0025065 seconds, Stopping threads took: 0.0003598 seconds
2016-04-17T21:14:35.193-0100: 35.756: Total time for which application threads were stopped: 0.0031585 seconds, Stopping threads took: 0.0002433 seconds
2016-04-17T21:14:35.195-0100: 35.759: Total time for which application threads were stopped: 0.0022514 seconds, Stopping threads took: 0.0003033 seconds
2016-04-17T21:14:35.198-0100: 35.762: Total time for which application threads were stopped: 0.0028484 seconds, Stopping threads took: 0.0002793 seconds
2016-04-17T21:14:35.206-0100: 35.769: Total time for which application threads were stopped: 0.0025960 seconds, Stopping threads took: 0.0004197 seconds
2016-04-17T21:14:35.334-0100: 35.898: Total time for which application threads were stopped: 0.0023170 seconds, Stopping threads took: 0.0003838 seconds
2016-04-17T21:14:35.368-0100: 35.931: Total time for which application threads were stopped: 0.0034661 seconds, Stopping threads took: 0.0003609 seconds
2016-04-17T21:14:35.371-0100: 35.934: Total time for which application threads were stopped: 0.0025498 seconds, Stopping threads took: 0.0003125 seconds
2016-04-17T21:14:35.393-0100: 35.957: Total time for which application threads were stopped: 0.0025232 seconds, Stopping threads took: 0.0003714 seconds
2016-04-17T21:14:37.400-0100: 37.964: Total time for which application threads were stopped: 0.0022574 seconds, Stopping threads took: 0.0003525 seconds
2016-04-17T21:14:39.407-0100: 39.970: Total time for which application threads were stopped: 0.0029267 seconds, Stopping threads took: 0.0004734 seconds
2016-04-17T21:14:47.432-0100: 47.996: Total time for which application threads were stopped: 0.0026752 seconds, Stopping threads took: 0.0005199 seconds
2016-04-17T21:14:48.439-0100: 49.002: Total time for which application threads were stopped: 0.0022281 seconds, Stopping threads took: 0.0004390 seconds
2016-04-17T21:14:51.451-0100: 52.015: Total time for which application threads were stopped: 0.0028443 seconds, Stopping threads took: 0.0007479 seconds
2016-04-17T21:14:57.572-0100: 58.136: Total time for which application threads were stopped: 0.0028643 seconds, Stopping threads took: 0.0005802 seconds
2016-04-17T21:15:00.583-0100: 61.147: Total time for which application threads were stopped: 0.0026419 seconds, Stopping threads took: 0.0004174 seconds
2016-04-17T21:15:02.594-0100: 63.158: Total time for which application threads were stopped: 0.0030919 seconds, Stopping threads took: 0.0004180 seconds
2016-04-17T21:15:04.602-0100: 65.167: Total time for which application threads were stopped: 0.0022126 seconds, Stopping threads took: 0.0004370 seconds
2016-04-17T21:15:05.610-0100: 66.174: Total time for which application threads were stopped: 0.0024076 seconds, Stopping threads took: 0.0003797 seconds
2016-04-17T21:15:11.929-0100: 72.494: Total time for which application threads were stopped: 0.0025844 seconds, Stopping threads took: 0.0003972 seconds
2016-04-17T21:15:11.973-0100: 72.538: Total time for which application threads were stopped: 0.0025471 seconds, Stopping threads took: 0.0003756 seconds
2016-04-17T21:15:11.994-0100: 72.558: Total time for which application threads were stopped: 0.0023559 seconds, Stopping threads took: 0.0003640 seconds
2016-04-17T21:15:12.008-0100: 72.572: Total time for which application threads were stopped: 0.0030775 seconds, Stopping threads took: 0.0011130 seconds
2016-04-17T21:15:12.014-0100: 72.579: Total time for which application threads were stopped: 0.0047158 seconds, Stopping threads took: 0.0003383 seconds
2016-04-17T21:15:12.028-0100: 72.593: Total time for which application threads were stopped: 0.0022477 seconds, Stopping threads took: 0.0004051 seconds
2016-04-17T21:15:13.033-0100: 73.598: Total time for which application threads were stopped: 0.0025757 seconds, Stopping threads took: 0.0004065 seconds
2016-04-17T21:15:16.044-0100: 76.609: Total time for which application threads were stopped: 0.0024463 seconds, Stopping threads took: 0.0004296 seconds
2016-04-17T21:15:21.061-0100: 81.626: Total time for which application threads were stopped: 0.0021000 seconds, Stopping threads took: 0.0003847 seconds
2016-04-17T21:15:22.066-0100: 82.631: Total time for which application threads were stopped: 0.0021337 seconds, Stopping threads took: 0.0004184 seconds
2016-04-17T21:15:23.070-0100: 83.635: Total time for which application threads were stopped: 0.0021059 seconds, Stopping threads took: 0.0003603 seconds
2016-04-17T21:15:24.077-0100: 84.642: Total time for which application threads were stopped: 0.0023152 seconds, Stopping threads took: 0.0004032 seconds
2016-04-17T21:15:24.591-0100: 85.156: Total time for which application threads were stopped: 0.0026539 seconds, Stopping threads took: 0.0005013 seconds
2016-04-17T21:15:24.596-0100: 85.161: Total time for which application threads were stopped: 0.0023602 seconds, Stopping threads took: 0.0003935 seconds
2016-04-17T21:15:24.600-0100: 85.165: Total time for which application threads were stopped: 0.0028809 seconds, Stopping threads took: 0.0003812 seconds
2016-04-17T21:15:24.605-0100: 85.170: Total time for which application threads were stopped: 0.0024562 seconds, Stopping threads took: 0.0003499 seconds
2016-04-17T21:15:25.612-0100: 86.177: Total time for which application threads were stopped: 0.0019870 seconds, Stopping threads took: 0.0003649 seconds
2016-04-17T21:15:30.627-0100: 91.192: Total time for which application threads were stopped: 0.0025294 seconds, Stopping threads took: 0.0003915 seconds
2016-04-17T21:15:31.634-0100: 92.199: Total time for which application threads were stopped: 0.0026511 seconds, Stopping threads took: 0.0003932 seconds
2016-04-17T21:16:10.810-0100: 131.376: Total time for which application threads were stopped: 0.0025865 seconds, Stopping threads took: 0.0005322 seconds
2016-04-17T21:16:11.814-0100: 132.381: Total time for which application threads were stopped: 0.0019886 seconds, Stopping threads took: 0.0003391 seconds
2016-04-17T21:16:12.820-0100: 133.387: Total time for which application threads were stopped: 0.0022291 seconds, Stopping threads took: 0.0003976 seconds
2016-04-17T21:16:13.826-0100: 134.393: Total time for which application threads were stopped: 0.0023271 seconds, Stopping threads took: 0.0003796 seconds
2016-04-17T21:16:15.836-0100: 136.403: Total time for which application threads were stopped: 0.0022404 seconds, Stopping threads took: 0.0003657 seconds
2016-04-17T21:16:30.873-0100: 151.440: Total time for which application threads were stopped: 0.0022600 seconds, Stopping threads took: 0.0003853 seconds
2016-04-17T21:17:36.054-0100: 216.624: Total time for which application threads were stopped: 0.0031246 seconds, Stopping threads took: 0.0007393 seconds
2016-04-17T21:18:11.163-0100: 251.734: Total time for which application threads were stopped: 0.0031725 seconds, Stopping threads took: 0.0007214 seconds
2016-04-17T21:18:21.201-0100: 261.772: Total time for which application threads were stopped: 0.0022209 seconds, Stopping threads took: 0.0003633 seconds
2016-04-17T21:19:15.243-0100: 315.815: Total time for which application threads were stopped: 0.0062202 seconds, Stopping threads took: 0.0023509 seconds
2016-04-17T21:19:15.331-0100: 315.903: Total time for which application threads were stopped: 0.0021187 seconds, Stopping threads took: 0.0003537 seconds
2016-04-17T21:19:15.435-0100: 316.008: Total time for which application threads were stopped: 0.0020503 seconds, Stopping threads took: 0.0003445 seconds
2016-04-17T21:19:15.439-0100: 316.011: Total time for which application threads were stopped: 0.0024438 seconds, Stopping threads took: 0.0006928 seconds
2016-04-17T21:19:17.604-0100: 318.177: Total time for which application threads were stopped: 0.0023473 seconds, Stopping threads took: 0.0003619 seconds
2016-04-17T21:19:17.613-0100: 318.186: Total time for which application threads were stopped: 0.0022541 seconds, Stopping threads took: 0.0004056 seconds
2016-04-17T21:19:17.621-0100: 318.194: Total time for which application threads were stopped: 0.0023135 seconds, Stopping threads took: 0.0003615 seconds
2016-04-17T21:19:17.626-0100: 318.199: Total time for which application threads were stopped: 0.0021633 seconds, Stopping threads took: 0.0003950 seconds
2016-04-17T21:19:17.630-0100: 318.203: Total time for which application threads were stopped: 0.0039981 seconds, Stopping threads took: 0.0002626 seconds
2016-04-17T21:19:17.637-0100: 318.210: Total time for which application threads were stopped: 0.0033142 seconds, Stopping threads took: 0.0014396 seconds
2016-04-17T21:19:17.640-0100: 318.213: Total time for which application threads were stopped: 0.0022638 seconds, Stopping threads took: 0.0003063 seconds
2016-04-17T21:19:17.642-0100: 318.215: Total time for which application threads were stopped: 0.0019659 seconds, Stopping threads took: 0.0003480 seconds
2016-04-17T21:19:17.674-0100: 318.247: Total time for which application threads were stopped: 0.0020810 seconds, Stopping threads took: 0.0003506 seconds
2016-04-17T21:19:17.676-0100: 318.249: Total time for which application threads were stopped: 0.0018518 seconds, Stopping threads took: 0.0002733 seconds
2016-04-17T21:19:17.678-0100: 318.251: Total time for which application threads were stopped: 0.0018292 seconds, Stopping threads took: 0.0002088 seconds
2016-04-17T21:19:17.682-0100: 318.254: Total time for which application threads were stopped: 0.0020243 seconds, Stopping threads took: 0.0003302 seconds
2016-04-17T21:19:17.731-0100: 318.304: Total time for which application threads were stopped: 0.0027211 seconds, Stopping threads took: 0.0003583 seconds
2016-04-17T21:19:17.736-0100: 318.309: Total time for which application threads were stopped: 0.0029757 seconds, Stopping threads took: 0.0007561 seconds
2016-04-17T21:19:17.739-0100: 318.312: Total time for which application threads were stopped: 0.0024909 seconds, Stopping threads took: 0.0002658 seconds
2016-04-17T21:19:17.743-0100: 318.316: Total time for which application threads were stopped: 0.0025961 seconds, Stopping threads took: 0.0003328 seconds
2016-04-17T21:19:17.747-0100: 318.320: Total time for which application threads were stopped: 0.0022619 seconds, Stopping threads took: 0.0003411 seconds
2016-04-17T21:19:17.751-0100: 318.323: Total time for which application threads were stopped: 0.0025725 seconds, Stopping threads took: 0.0003315 seconds
2016-04-17T21:19:17.753-0100: 318.326: Total time for which application threads were stopped: 0.0026401 seconds, Stopping threads took: 0.0002528 seconds
2016-04-17T21:19:17.756-0100: 318.329: Total time for which application threads were stopped: 0.0024337 seconds, Stopping threads took: 0.0002367 seconds
2016-04-17T21:19:17.760-0100: 318.332: Total time for which application threads were stopped: 0.0032963 seconds, Stopping threads took: 0.0002524 seconds
2016-04-17T21:19:17.762-0100: 318.335: Total time for which application threads were stopped: 0.0025966 seconds, Stopping threads took: 0.0002502 seconds
2016-04-17T21:19:17.765-0100: 318.338: Total time for which application threads were stopped: 0.0024546 seconds, Stopping threads took: 0.0002585 seconds
2016-04-17T21:19:17.768-0100: 318.340: Total time for which application threads were stopped: 0.0025347 seconds, Stopping threads took: 0.0002956 seconds
2016-04-17T21:19:17.770-0100: 318.343: Total time for which application threads were stopped: 0.0026073 seconds, Stopping threads took: 0.0002532 seconds
2016-04-17T21:19:17.774-0100: 318.347: Total time for which application threads were stopped: 0.0032891 seconds, Stopping threads took: 0.0005408 seconds
2016-04-17T21:19:17.870-0100: 318.443: Total time for which application threads were stopped: 0.0955908 seconds, Stopping threads took: 0.0004336 seconds
2016-04-17T21:19:18.510-0100: 319.083: Total time for which application threads were stopped: 0.0024372 seconds, Stopping threads took: 0.0005952 seconds
2016-04-17T21:19:18.540-0100: 319.113: Total time for which application threads were stopped: 0.0022408 seconds, Stopping threads took: 0.0003944 seconds
2016-04-17T21:19:20.047-0100: 320.619: Total time for which application threads were stopped: 0.0020533 seconds, Stopping threads took: 0.0003230 seconds
2016-04-17T21:19:20.048-0100: 320.621: Total time for which application threads were stopped: 0.0016260 seconds, Stopping threads took: 0.0001607 seconds
2016-04-17T21:19:20.050-0100: 320.623: Total time for which application threads were stopped: 0.0016453 seconds, Stopping threads took: 0.0002071 seconds
2016-04-17T21:19:20.052-0100: 320.625: Total time for which application threads were stopped: 0.0015407 seconds, Stopping threads took: 0.0001423 seconds
2016-04-17T21:19:20.054-0100: 320.626: Total time for which application threads were stopped: 0.0015283 seconds, Stopping threads took: 0.0001503 seconds
2016-04-17T21:19:20.056-0100: 320.629: Total time for which application threads were stopped: 0.0019807 seconds, Stopping threads took: 0.0001376 seconds
2016-04-17T21:19:20.058-0100: 320.630: Total time for which application threads were stopped: 0.0016619 seconds, Stopping threads took: 0.0001659 seconds
2016-04-17T21:19:20.060-0100: 320.632: Total time for which application threads were stopped: 0.0019524 seconds, Stopping threads took: 0.0001833 seconds
2016-04-17T21:19:20.062-0100: 320.635: Total time for which application threads were stopped: 0.0018652 seconds, Stopping threads took: 0.0001910 seconds
2016-04-17T21:19:20.064-0100: 320.637: Total time for which application threads were stopped: 0.0020643 seconds, Stopping threads took: 0.0001994 seconds
2016-04-17T21:19:20.067-0100: 320.639: Total time for which application threads were stopped: 0.0024105 seconds, Stopping threads took: 0.0001908 seconds
2016-04-17T21:19:20.069-0100: 320.642: Total time for which application threads were stopped: 0.0024303 seconds, Stopping threads took: 0.0002238 seconds
2016-04-17T21:19:20.072-0100: 320.645: Total time for which application threads were stopped: 0.0027662 seconds, Stopping threads took: 0.0002269 seconds
2016-04-17T21:19:20.074-0100: 320.647: Total time for which application threads were stopped: 0.0020728 seconds, Stopping threads took: 0.0002103 seconds
2016-04-17T21:19:20.077-0100: 320.650: Total time for which application threads were stopped: 0.0019637 seconds, Stopping threads took: 0.0003074 seconds
2016-04-17T21:19:20.080-0100: 320.657: Total time for which application threads were stopped: 0.0066957 seconds, Stopping threads took: 0.0001826 seconds
2016-04-17T21:19:20.089-0100: 320.662: Total time for which application threads were stopped: 0.0036897 seconds, Stopping threads took: 0.0004158 seconds
2016-04-17T21:19:20.104-0100: 320.677: Total time for which application threads were stopped: 0.0140373 seconds, Stopping threads took: 0.0003156 seconds
2016-04-17T21:19:20.108-0100: 320.681: Total time for which application threads were stopped: 0.0038829 seconds, Stopping threads took: 0.0002231 seconds
2016-04-17T21:19:20.353-0100: 320.925: Total time for which application threads were stopped: 0.0143502 seconds, Stopping threads took: 0.0142133 seconds
2016-04-17T21:19:20.358-0100: 320.930: Total time for which application threads were stopped: 0.0008678 seconds, Stopping threads took: 0.0000206 seconds
2016-04-17T21:19:20.359-0100: 320.932: Total time for which application threads were stopped: 0.0001370 seconds, Stopping threads took: 0.0000208 seconds
2016-04-17T21:19:20.361-0100: 320.933: Total time for which application threads were stopped: 0.0000939 seconds, Stopping threads took: 0.0000162 seconds
2016-04-17T21:19:20.361-0100: 320.934: Total time for which application threads were stopped: 0.0000322 seconds, Stopping threads took: 0.0000055 seconds
Heap
 par new generation   total 109248K, used 75832K [0x00000007a0000000, 0x00000007a8000000, 0x00000007a8000000)
  eden space 87424K,  61% used [0x00000007a0000000, 0x00000007a34be380, 0x00000007a5560000)
  from space 21824K, 100% used [0x00000007a6ab0000, 0x00000007a8000000, 0x00000007a8000000)
  to   space 21824K,   0% used [0x00000007a5560000, 0x00000007a5560000, 0x00000007a6ab0000)
 concurrent mark-sweep generation total 393216K, used 65205K [0x00000007a8000000, 0x00000007c0000000, 0x00000007c0000000)
 Metaspace       used 33109K, capacity 33550K, committed 33916K, reserved 1079296K
  class space    used 3757K, capacity 3894K, committed 3964K, reserved 1048576K
